SBY 16:16:39 [/Users/Dilan/Projects/fabric-under-pressure/results/raw/b_response_router/formal_rr4_prove] Removing directory '/Users/Dilan/Projects/fabric-under-pressure/results/raw/b_response_router/formal_rr4_prove'.
SBY 16:16:39 [/Users/Dilan/Projects/fabric-under-pressure/results/raw/b_response_router/formal_rr4_prove] Copy '/Users/Dilan/Projects/fabric-under-pressure/formal/../rtl/axi_rr_arbiter_4.sv' to '/Users/Dilan/Projects/fabric-under-pressure/results/raw/b_response_router/formal_rr4_prove/src/axi_rr_arbiter_4.sv'.
SBY 16:16:39 [/Users/Dilan/Projects/fabric-under-pressure/results/raw/b_response_router/formal_rr4_prove] Copy '/Users/Dilan/Projects/fabric-under-pressure/formal/rr_arbiter_4_formal.sv' to '/Users/Dilan/Projects/fabric-under-pressure/results/raw/b_response_router/formal_rr4_prove/src/rr_arbiter_4_formal.sv'.
SBY 16:16:39 [/Users/Dilan/Projects/fabric-under-pressure/results/raw/b_response_router/formal_rr4_prove] engine_0: smtbmc
SBY 16:16:39 [/Users/Dilan/Projects/fabric-under-pressure/results/raw/b_response_router/formal_rr4_prove] base: starting process "cd /Users/Dilan/Projects/fabric-under-pressure/results/raw/b_response_router/formal_rr4_prove/src; yosys -ql ../model/design.log ../model/design.ys"
SBY 16:16:39 [/Users/Dilan/Projects/fabric-under-pressure/results/raw/b_response_router/formal_rr4_prove] base: Warning: Wire rr_arbiter_4_formal.\ACLK is used but has no driver.
SBY 16:16:39 [/Users/Dilan/Projects/fabric-under-pressure/results/raw/b_response_router/formal_rr4_prove] base: finished (returncode=0)
SBY 16:16:39 [/Users/Dilan/Projects/fabric-under-pressure/results/raw/b_response_router/formal_rr4_prove] prep: starting process "cd /Users/Dilan/Projects/fabric-under-pressure/results/raw/b_response_router/formal_rr4_prove/model; yosys -ql design_prep.log design_prep.ys"
SBY 16:16:39 [/Users/Dilan/Projects/fabric-under-pressure/results/raw/b_response_router/formal_rr4_prove] prep: Warning: Wire rr_arbiter_4_formal.\ACLK is used but has no driver.
SBY 16:16:39 [/Users/Dilan/Projects/fabric-under-pressure/results/raw/b_response_router/formal_rr4_prove] prep: finished (returncode=0)
SBY 16:16:39 [/Users/Dilan/Projects/fabric-under-pressure/results/raw/b_response_router/formal_rr4_prove] smt2: starting process "cd /Users/Dilan/Projects/fabric-under-pressure/results/raw/b_response_router/formal_rr4_prove/model; yosys -ql design_smt2.log design_smt2.ys"
SBY 16:16:39 [/Users/Dilan/Projects/fabric-under-pressure/results/raw/b_response_router/formal_rr4_prove] smt2: finished (returncode=0)
SBY 16:16:39 [/Users/Dilan/Projects/fabric-under-pressure/results/raw/b_response_router/formal_rr4_prove] engine_0: starting process "cd /Users/Dilan/Projects/fabric-under-pressure/results/raw/b_response_router/formal_rr4_prove; yosys-smtbmc --presat --unroll --noprogress -t 16  --append 0 --dump-vcd engine_0/trace.vcd --dump-yw engine_0/trace.yw --dump-vlogtb engine_0/trace_tb.v --dump-smtc engine_0/trace.smtc model/design_smt2.smt2"
SBY 16:16:39 [/Users/Dilan/Projects/fabric-under-pressure/results/raw/b_response_router/formal_rr4_prove] engine_0: ##   0:00:00  Solver: yices
SBY 16:16:39 [/Users/Dilan/Projects/fabric-under-pressure/results/raw/b_response_router/formal_rr4_prove] engine_0: ##   0:00:00  Checking assumptions in step 0..
SBY 16:16:39 [/Users/Dilan/Projects/fabric-under-pressure/results/raw/b_response_router/formal_rr4_prove] engine_0: ##   0:00:00  Checking assertions in step 0..
SBY 16:16:39 [/Users/Dilan/Projects/fabric-under-pressure/results/raw/b_response_router/formal_rr4_prove] engine_0: ##   0:00:00  Checking assumptions in step 1..
SBY 16:16:39 [/Users/Dilan/Projects/fabric-under-pressure/results/raw/b_response_router/formal_rr4_prove] engine_0: ##   0:00:00  Checking assertions in step 1..
SBY 16:16:39 [/Users/Dilan/Projects/fabric-under-pressure/results/raw/b_response_router/formal_rr4_prove] engine_0: ##   0:00:00  Checking assumptions in step 2..
SBY 16:16:39 [/Users/Dilan/Projects/fabric-under-pressure/results/raw/b_response_router/formal_rr4_prove] engine_0: ##   0:00:00  Checking assertions in step 2..
SBY 16:16:39 [/Users/Dilan/Projects/fabric-under-pressure/results/raw/b_response_router/formal_rr4_prove] engine_0: ##   0:00:00  Checking assumptions in step 3..
SBY 16:16:39 [/Users/Dilan/Projects/fabric-under-pressure/results/raw/b_response_router/formal_rr4_prove] engine_0: ##   0:00:00  Checking assertions in step 3..
SBY 16:16:39 [/Users/Dilan/Projects/fabric-under-pressure/results/raw/b_response_router/formal_rr4_prove] engine_0: ##   0:00:00  Checking assumptions in step 4..
SBY 16:16:39 [/Users/Dilan/Projects/fabric-under-pressure/results/raw/b_response_router/formal_rr4_prove] engine_0: ##   0:00:00  Checking assertions in step 4..
SBY 16:16:39 [/Users/Dilan/Projects/fabric-under-pressure/results/raw/b_response_router/formal_rr4_prove] engine_0: ##   0:00:00  Checking assumptions in step 5..
SBY 16:16:39 [/Users/Dilan/Projects/fabric-under-pressure/results/raw/b_response_router/formal_rr4_prove] engine_0: ##   0:00:00  Checking assertions in step 5..
SBY 16:16:39 [/Users/Dilan/Projects/fabric-under-pressure/results/raw/b_response_router/formal_rr4_prove] engine_0: ##   0:00:00  Checking assumptions in step 6..
SBY 16:16:39 [/Users/Dilan/Projects/fabric-under-pressure/results/raw/b_response_router/formal_rr4_prove] engine_0: ##   0:00:00  Checking assertions in step 6..
SBY 16:16:39 [/Users/Dilan/Projects/fabric-under-pressure/results/raw/b_response_router/formal_rr4_prove] engine_0: ##   0:00:00  Checking assumptions in step 7..
SBY 16:16:39 [/Users/Dilan/Projects/fabric-under-pressure/results/raw/b_response_router/formal_rr4_prove] engine_0: ##   0:00:00  Checking assertions in step 7..
SBY 16:16:39 [/Users/Dilan/Projects/fabric-under-pressure/results/raw/b_response_router/formal_rr4_prove] engine_0: ##   0:00:00  Checking assumptions in step 8..
SBY 16:16:39 [/Users/Dilan/Projects/fabric-under-pressure/results/raw/b_response_router/formal_rr4_prove] engine_0: ##   0:00:00  Checking assertions in step 8..
SBY 16:16:39 [/Users/Dilan/Projects/fabric-under-pressure/results/raw/b_response_router/formal_rr4_prove] engine_0: ##   0:00:00  Checking assumptions in step 9..
SBY 16:16:39 [/Users/Dilan/Projects/fabric-under-pressure/results/raw/b_response_router/formal_rr4_prove] engine_0: ##   0:00:00  Checking assertions in step 9..
SBY 16:16:39 [/Users/Dilan/Projects/fabric-under-pressure/results/raw/b_response_router/formal_rr4_prove] engine_0: ##   0:00:00  Checking assumptions in step 10..
SBY 16:16:39 [/Users/Dilan/Projects/fabric-under-pressure/results/raw/b_response_router/formal_rr4_prove] engine_0: ##   0:00:00  Checking assertions in step 10..
SBY 16:16:39 [/Users/Dilan/Projects/fabric-under-pressure/results/raw/b_response_router/formal_rr4_prove] engine_0: ##   0:00:00  Checking assumptions in step 11..
SBY 16:16:39 [/Users/Dilan/Projects/fabric-under-pressure/results/raw/b_response_router/formal_rr4_prove] engine_0: ##   0:00:00  Checking assertions in step 11..
SBY 16:16:39 [/Users/Dilan/Projects/fabric-under-pressure/results/raw/b_response_router/formal_rr4_prove] engine_0: ##   0:00:00  Checking assumptions in step 12..
SBY 16:16:39 [/Users/Dilan/Projects/fabric-under-pressure/results/raw/b_response_router/formal_rr4_prove] engine_0: ##   0:00:00  Checking assertions in step 12..
SBY 16:16:39 [/Users/Dilan/Projects/fabric-under-pressure/results/raw/b_response_router/formal_rr4_prove] engine_0: ##   0:00:00  Checking assumptions in step 13..
SBY 16:16:39 [/Users/Dilan/Projects/fabric-under-pressure/results/raw/b_response_router/formal_rr4_prove] engine_0: ##   0:00:00  Checking assertions in step 13..
SBY 16:16:39 [/Users/Dilan/Projects/fabric-under-pressure/results/raw/b_response_router/formal_rr4_prove] engine_0: ##   0:00:00  Checking assumptions in step 14..
SBY 16:16:39 [/Users/Dilan/Projects/fabric-under-pressure/results/raw/b_response_router/formal_rr4_prove] engine_0: ##   0:00:00  Checking assertions in step 14..
SBY 16:16:39 [/Users/Dilan/Projects/fabric-under-pressure/results/raw/b_response_router/formal_rr4_prove] engine_0: ##   0:00:00  Checking assumptions in step 15..
SBY 16:16:39 [/Users/Dilan/Projects/fabric-under-pressure/results/raw/b_response_router/formal_rr4_prove] engine_0: ##   0:00:00  Checking assertions in step 15..
SBY 16:16:39 [/Users/Dilan/Projects/fabric-under-pressure/results/raw/b_response_router/formal_rr4_prove] engine_0: ##   0:00:00  Status: passed
SBY 16:16:39 [/Users/Dilan/Projects/fabric-under-pressure/results/raw/b_response_router/formal_rr4_prove] engine_0: finished (returncode=0)
SBY 16:16:39 [/Users/Dilan/Projects/fabric-under-pressure/results/raw/b_response_router/formal_rr4_prove] engine_0: Status returned by engine: pass
SBY 16:16:39 [/Users/Dilan/Projects/fabric-under-pressure/results/raw/b_response_router/formal_rr4_prove] summary: Elapsed clock time [H:MM:SS (secs)]: 0:00:00 (0)
SBY 16:16:39 [/Users/Dilan/Projects/fabric-under-pressure/results/raw/b_response_router/formal_rr4_prove] summary: Elapsed process time [H:MM:SS (secs)]: 0:00:00 (0)
SBY 16:16:39 [/Users/Dilan/Projects/fabric-under-pressure/results/raw/b_response_router/formal_rr4_prove] summary: engine_0 (smtbmc) returned pass
SBY 16:16:39 [/Users/Dilan/Projects/fabric-under-pressure/results/raw/b_response_router/formal_rr4_prove] summary: engine_0 did not produce any traces
SBY 16:16:39 [/Users/Dilan/Projects/fabric-under-pressure/results/raw/b_response_router/formal_rr4_prove] DONE (PASS, rc=0)
SBY 16:16:39 [/Users/Dilan/Projects/fabric-under-pressure/results/raw/b_response_router/formal_rr4_cover] Removing directory '/Users/Dilan/Projects/fabric-under-pressure/results/raw/b_response_router/formal_rr4_cover'.
SBY 16:16:39 [/Users/Dilan/Projects/fabric-under-pressure/results/raw/b_response_router/formal_rr4_cover] Copy '/Users/Dilan/Projects/fabric-under-pressure/formal/../rtl/axi_rr_arbiter_4.sv' to '/Users/Dilan/Projects/fabric-under-pressure/results/raw/b_response_router/formal_rr4_cover/src/axi_rr_arbiter_4.sv'.
SBY 16:16:39 [/Users/Dilan/Projects/fabric-under-pressure/results/raw/b_response_router/formal_rr4_cover] Copy '/Users/Dilan/Projects/fabric-under-pressure/formal/rr_arbiter_4_formal.sv' to '/Users/Dilan/Projects/fabric-under-pressure/results/raw/b_response_router/formal_rr4_cover/src/rr_arbiter_4_formal.sv'.
SBY 16:16:39 [/Users/Dilan/Projects/fabric-under-pressure/results/raw/b_response_router/formal_rr4_cover] engine_0: smtbmc
SBY 16:16:39 [/Users/Dilan/Projects/fabric-under-pressure/results/raw/b_response_router/formal_rr4_cover] base: starting process "cd /Users/Dilan/Projects/fabric-under-pressure/results/raw/b_response_router/formal_rr4_cover/src; yosys -ql ../model/design.log ../model/design.ys"
SBY 16:16:39 [/Users/Dilan/Projects/fabric-under-pressure/results/raw/b_response_router/formal_rr4_cover] base: Warning: Wire rr_arbiter_4_formal.\ACLK is used but has no driver.
SBY 16:16:39 [/Users/Dilan/Projects/fabric-under-pressure/results/raw/b_response_router/formal_rr4_cover] base: finished (returncode=0)
SBY 16:16:39 [/Users/Dilan/Projects/fabric-under-pressure/results/raw/b_response_router/formal_rr4_cover] prep: starting process "cd /Users/Dilan/Projects/fabric-under-pressure/results/raw/b_response_router/formal_rr4_cover/model; yosys -ql design_prep.log design_prep.ys"
SBY 16:16:39 [/Users/Dilan/Projects/fabric-under-pressure/results/raw/b_response_router/formal_rr4_cover] prep: Warning: Wire rr_arbiter_4_formal.\ACLK is used but has no driver.
SBY 16:16:39 [/Users/Dilan/Projects/fabric-under-pressure/results/raw/b_response_router/formal_rr4_cover] prep: finished (returncode=0)
SBY 16:16:39 [/Users/Dilan/Projects/fabric-under-pressure/results/raw/b_response_router/formal_rr4_cover] smt2: starting process "cd /Users/Dilan/Projects/fabric-under-pressure/results/raw/b_response_router/formal_rr4_cover/model; yosys -ql design_smt2.log design_smt2.ys"
SBY 16:16:39 [/Users/Dilan/Projects/fabric-under-pressure/results/raw/b_response_router/formal_rr4_cover] smt2: finished (returncode=0)
SBY 16:16:39 [/Users/Dilan/Projects/fabric-under-pressure/results/raw/b_response_router/formal_rr4_cover] engine_0: starting process "cd /Users/Dilan/Projects/fabric-under-pressure/results/raw/b_response_router/formal_rr4_cover; yosys-smtbmc --presat --unroll -c --noprogress -t 20  --append 0 --dump-vcd engine_0/trace%.vcd --dump-yw engine_0/trace%.yw --dump-vlogtb engine_0/trace%_tb.v --dump-smtc engine_0/trace%.smtc model/design_smt2.smt2"
SBY 16:16:39 [/Users/Dilan/Projects/fabric-under-pressure/results/raw/b_response_router/formal_rr4_cover] engine_0: ##   0:00:00  Solver: yices
SBY 16:16:39 [/Users/Dilan/Projects/fabric-under-pressure/results/raw/b_response_router/formal_rr4_cover] engine_0: ##   0:00:00  Checking cover reachability in step 0..
SBY 16:16:39 [/Users/Dilan/Projects/fabric-under-pressure/results/raw/b_response_router/formal_rr4_cover] engine_0: ##   0:00:00  Checking cover reachability in step 1..
SBY 16:16:39 [/Users/Dilan/Projects/fabric-under-pressure/results/raw/b_response_router/formal_rr4_cover] engine_0: ##   0:00:00  Checking cover reachability in step 2..
SBY 16:16:39 [/Users/Dilan/Projects/fabric-under-pressure/results/raw/b_response_router/formal_rr4_cover] engine_0: ##   0:00:00  Reached cover statement in step 2 at rr_arbiter_4_formal: rr_arbiter_4_formal.sv:34.5-34.63 (_witness_.check_cover_rr_arbiter_4_formal_sv_34_63)
SBY 16:16:39 [/Users/Dilan/Projects/fabric-under-pressure/results/raw/b_response_router/formal_rr4_cover] engine_0: ##   0:00:00  Writing trace to VCD file: engine_0/trace0.vcd
SBY 16:16:39 [/Users/Dilan/Projects/fabric-under-pressure/results/raw/b_response_router/formal_rr4_cover] engine_0: ##   0:00:00  Writing trace to Verilog testbench: engine_0/trace0_tb.v
SBY 16:16:39 [/Users/Dilan/Projects/fabric-under-pressure/results/raw/b_response_router/formal_rr4_cover] engine_0: ##   0:00:00  Writing trace to constraints file: engine_0/trace0.smtc
SBY 16:16:39 [/Users/Dilan/Projects/fabric-under-pressure/results/raw/b_response_router/formal_rr4_cover] engine_0: ##   0:00:00  Writing trace to Yosys witness file: engine_0/trace0.yw
SBY 16:16:39 [/Users/Dilan/Projects/fabric-under-pressure/results/raw/b_response_router/formal_rr4_cover] engine_0: ##   0:00:00  Checking cover reachability in step 2..
SBY 16:16:39 [/Users/Dilan/Projects/fabric-under-pressure/results/raw/b_response_router/formal_rr4_cover] engine_0: ##   0:00:00  Reached cover statement in step 2 at rr_arbiter_4_formal: rr_arbiter_4_formal.sv:38.5-38.56 (_witness_.check_cover_rr_arbiter_4_formal_sv_38_79)
SBY 16:16:39 [/Users/Dilan/Projects/fabric-under-pressure/results/raw/b_response_router/formal_rr4_cover] engine_0: ##   0:00:00  Writing trace to VCD file: engine_0/trace1.vcd
SBY 16:16:39 [/Users/Dilan/Projects/fabric-under-pressure/results/raw/b_response_router/formal_rr4_cover] engine_0: ##   0:00:00  Writing trace to Verilog testbench: engine_0/trace1_tb.v
SBY 16:16:39 [/Users/Dilan/Projects/fabric-under-pressure/results/raw/b_response_router/formal_rr4_cover] engine_0: ##   0:00:00  Writing trace to constraints file: engine_0/trace1.smtc
SBY 16:16:39 [/Users/Dilan/Projects/fabric-under-pressure/results/raw/b_response_router/formal_rr4_cover] engine_0: ##   0:00:00  Writing trace to Yosys witness file: engine_0/trace1.yw
SBY 16:16:39 [/Users/Dilan/Projects/fabric-under-pressure/results/raw/b_response_router/formal_rr4_cover] engine_0: ##   0:00:00  Checking cover reachability in step 2..
SBY 16:16:39 [/Users/Dilan/Projects/fabric-under-pressure/results/raw/b_response_router/formal_rr4_cover] engine_0: ##   0:00:00  Reached cover statement in step 2 at rr_arbiter_4_formal: rr_arbiter_4_formal.sv:37.5-37.63 (_witness_.check_cover_rr_arbiter_4_formal_sv_37_75)
SBY 16:16:39 [/Users/Dilan/Projects/fabric-under-pressure/results/raw/b_response_router/formal_rr4_cover] engine_0: ##   0:00:00  Writing trace to VCD file: engine_0/trace2.vcd
SBY 16:16:39 [/Users/Dilan/Projects/fabric-under-pressure/results/raw/b_response_router/formal_rr4_cover] engine_0: ##   0:00:00  Writing trace to Verilog testbench: engine_0/trace2_tb.v
SBY 16:16:39 [/Users/Dilan/Projects/fabric-under-pressure/results/raw/b_response_router/formal_rr4_cover] engine_0: ##   0:00:00  Writing trace to constraints file: engine_0/trace2.smtc
SBY 16:16:39 [/Users/Dilan/Projects/fabric-under-pressure/results/raw/b_response_router/formal_rr4_cover] engine_0: ##   0:00:00  Writing trace to Yosys witness file: engine_0/trace2.yw
SBY 16:16:39 [/Users/Dilan/Projects/fabric-under-pressure/results/raw/b_response_router/formal_rr4_cover] engine_0: ##   0:00:00  Checking cover reachability in step 2..
SBY 16:16:39 [/Users/Dilan/Projects/fabric-under-pressure/results/raw/b_response_router/formal_rr4_cover] engine_0: ##   0:00:00  Reached cover statement in step 2 at rr_arbiter_4_formal: rr_arbiter_4_formal.sv:36.5-36.63 (_witness_.check_cover_rr_arbiter_4_formal_sv_36_71)
SBY 16:16:39 [/Users/Dilan/Projects/fabric-under-pressure/results/raw/b_response_router/formal_rr4_cover] engine_0: ##   0:00:00  Writing trace to VCD file: engine_0/trace3.vcd
SBY 16:16:39 [/Users/Dilan/Projects/fabric-under-pressure/results/raw/b_response_router/formal_rr4_cover] engine_0: ##   0:00:00  Writing trace to Verilog testbench: engine_0/trace3_tb.v
SBY 16:16:39 [/Users/Dilan/Projects/fabric-under-pressure/results/raw/b_response_router/formal_rr4_cover] engine_0: ##   0:00:00  Writing trace to constraints file: engine_0/trace3.smtc
SBY 16:16:39 [/Users/Dilan/Projects/fabric-under-pressure/results/raw/b_response_router/formal_rr4_cover] engine_0: ##   0:00:00  Writing trace to Yosys witness file: engine_0/trace3.yw
SBY 16:16:39 [/Users/Dilan/Projects/fabric-under-pressure/results/raw/b_response_router/formal_rr4_cover] engine_0: ##   0:00:00  Checking cover reachability in step 2..
SBY 16:16:39 [/Users/Dilan/Projects/fabric-under-pressure/results/raw/b_response_router/formal_rr4_cover] engine_0: ##   0:00:00  Reached cover statement in step 2 at rr_arbiter_4_formal: rr_arbiter_4_formal.sv:35.5-35.63 (_witness_.check_cover_rr_arbiter_4_formal_sv_35_67)
SBY 16:16:39 [/Users/Dilan/Projects/fabric-under-pressure/results/raw/b_response_router/formal_rr4_cover] engine_0: ##   0:00:00  Writing trace to VCD file: engine_0/trace4.vcd
SBY 16:16:39 [/Users/Dilan/Projects/fabric-under-pressure/results/raw/b_response_router/formal_rr4_cover] engine_0: ##   0:00:00  Writing trace to Verilog testbench: engine_0/trace4_tb.v
SBY 16:16:39 [/Users/Dilan/Projects/fabric-under-pressure/results/raw/b_response_router/formal_rr4_cover] engine_0: ##   0:00:00  Writing trace to constraints file: engine_0/trace4.smtc
SBY 16:16:39 [/Users/Dilan/Projects/fabric-under-pressure/results/raw/b_response_router/formal_rr4_cover] engine_0: ##   0:00:00  Writing trace to Yosys witness file: engine_0/trace4.yw
SBY 16:16:39 [/Users/Dilan/Projects/fabric-under-pressure/results/raw/b_response_router/formal_rr4_cover] engine_0: ##   0:00:00  Checking cover reachability in step 2..
SBY 16:16:39 [/Users/Dilan/Projects/fabric-under-pressure/results/raw/b_response_router/formal_rr4_cover] engine_0: ##   0:00:00  Checking cover reachability in step 3..
SBY 16:16:39 [/Users/Dilan/Projects/fabric-under-pressure/results/raw/b_response_router/formal_rr4_cover] engine_0: ##   0:00:00  Checking cover reachability in step 4..
SBY 16:16:39 [/Users/Dilan/Projects/fabric-under-pressure/results/raw/b_response_router/formal_rr4_cover] engine_0: ##   0:00:00  Reached cover statement in step 4 at rr_arbiter_4_formal: rr_arbiter_4_formal.sv:39.5-40.73 (_witness_.check_cover_rr_arbiter_4_formal_sv_39_83)
SBY 16:16:39 [/Users/Dilan/Projects/fabric-under-pressure/results/raw/b_response_router/formal_rr4_cover] engine_0: ##   0:00:00  Writing trace to VCD file: engine_0/trace5.vcd
SBY 16:16:39 [/Users/Dilan/Projects/fabric-under-pressure/results/raw/b_response_router/formal_rr4_cover] engine_0: ##   0:00:00  Writing trace to Verilog testbench: engine_0/trace5_tb.v
SBY 16:16:39 [/Users/Dilan/Projects/fabric-under-pressure/results/raw/b_response_router/formal_rr4_cover] engine_0: ##   0:00:00  Writing trace to constraints file: engine_0/trace5.smtc
SBY 16:16:39 [/Users/Dilan/Projects/fabric-under-pressure/results/raw/b_response_router/formal_rr4_cover] engine_0: ##   0:00:00  Writing trace to Yosys witness file: engine_0/trace5.yw
SBY 16:16:39 [/Users/Dilan/Projects/fabric-under-pressure/results/raw/b_response_router/formal_rr4_cover] engine_0: ##   0:00:00  Status: passed
SBY 16:16:39 [/Users/Dilan/Projects/fabric-under-pressure/results/raw/b_response_router/formal_rr4_cover] engine_0: finished (returncode=0)
SBY 16:16:39 [/Users/Dilan/Projects/fabric-under-pressure/results/raw/b_response_router/formal_rr4_cover] engine_0: Status returned by engine: pass
SBY 16:16:39 [/Users/Dilan/Projects/fabric-under-pressure/results/raw/b_response_router/formal_rr4_cover] summary: Elapsed clock time [H:MM:SS (secs)]: 0:00:00 (0)
SBY 16:16:39 [/Users/Dilan/Projects/fabric-under-pressure/results/raw/b_response_router/formal_rr4_cover] summary: Elapsed process time [H:MM:SS (secs)]: 0:00:00 (0)
SBY 16:16:39 [/Users/Dilan/Projects/fabric-under-pressure/results/raw/b_response_router/formal_rr4_cover] summary: engine_0 (smtbmc) returned pass
SBY 16:16:39 [/Users/Dilan/Projects/fabric-under-pressure/results/raw/b_response_router/formal_rr4_cover] summary: cover trace: /Users/Dilan/Projects/fabric-under-pressure/results/raw/b_response_router/formal_rr4_cover/engine_0/trace0.vcd
SBY 16:16:39 [/Users/Dilan/Projects/fabric-under-pressure/results/raw/b_response_router/formal_rr4_cover] summary:   reached cover statement rr_arbiter_4_formal._witness_.check_cover_rr_arbiter_4_formal_sv_34_63 at rr_arbiter_4_formal.sv:34.5-34.63 step 2
SBY 16:16:39 [/Users/Dilan/Projects/fabric-under-pressure/results/raw/b_response_router/formal_rr4_cover] summary: cover trace: /Users/Dilan/Projects/fabric-under-pressure/results/raw/b_response_router/formal_rr4_cover/engine_0/trace1.vcd
SBY 16:16:39 [/Users/Dilan/Projects/fabric-under-pressure/results/raw/b_response_router/formal_rr4_cover] summary:   reached cover statement rr_arbiter_4_formal._witness_.check_cover_rr_arbiter_4_formal_sv_38_79 at rr_arbiter_4_formal.sv:38.5-38.56 step 2
SBY 16:16:39 [/Users/Dilan/Projects/fabric-under-pressure/results/raw/b_response_router/formal_rr4_cover] summary: cover trace: /Users/Dilan/Projects/fabric-under-pressure/results/raw/b_response_router/formal_rr4_cover/engine_0/trace2.vcd
SBY 16:16:39 [/Users/Dilan/Projects/fabric-under-pressure/results/raw/b_response_router/formal_rr4_cover] summary:   reached cover statement rr_arbiter_4_formal._witness_.check_cover_rr_arbiter_4_formal_sv_37_75 at rr_arbiter_4_formal.sv:37.5-37.63 step 2
SBY 16:16:39 [/Users/Dilan/Projects/fabric-under-pressure/results/raw/b_response_router/formal_rr4_cover] summary: cover trace: /Users/Dilan/Projects/fabric-under-pressure/results/raw/b_response_router/formal_rr4_cover/engine_0/trace3.vcd
SBY 16:16:39 [/Users/Dilan/Projects/fabric-under-pressure/results/raw/b_response_router/formal_rr4_cover] summary:   reached cover statement rr_arbiter_4_formal._witness_.check_cover_rr_arbiter_4_formal_sv_36_71 at rr_arbiter_4_formal.sv:36.5-36.63 step 2
SBY 16:16:39 [/Users/Dilan/Projects/fabric-under-pressure/results/raw/b_response_router/formal_rr4_cover] summary: cover trace: /Users/Dilan/Projects/fabric-under-pressure/results/raw/b_response_router/formal_rr4_cover/engine_0/trace4.vcd
SBY 16:16:39 [/Users/Dilan/Projects/fabric-under-pressure/results/raw/b_response_router/formal_rr4_cover] summary:   reached cover statement rr_arbiter_4_formal._witness_.check_cover_rr_arbiter_4_formal_sv_35_67 at rr_arbiter_4_formal.sv:35.5-35.63 step 2
SBY 16:16:39 [/Users/Dilan/Projects/fabric-under-pressure/results/raw/b_response_router/formal_rr4_cover] summary: and 1 further trace
SBY 16:16:39 [/Users/Dilan/Projects/fabric-under-pressure/results/raw/b_response_router/formal_rr4_cover] summary: see /Users/Dilan/Projects/fabric-under-pressure/results/raw/b_response_router/formal_rr4_cover/PASS for a complete summary
SBY 16:16:39 [/Users/Dilan/Projects/fabric-under-pressure/results/raw/b_response_router/formal_rr4_cover] DONE (PASS, rc=0)
SBY 16:16:39 [/Users/Dilan/Projects/fabric-under-pressure/results/raw/b_response_router/formal_router_prove] Removing directory '/Users/Dilan/Projects/fabric-under-pressure/results/raw/b_response_router/formal_router_prove'.
SBY 16:16:39 [/Users/Dilan/Projects/fabric-under-pressure/results/raw/b_response_router/formal_router_prove] Copy '/Users/Dilan/Projects/fabric-under-pressure/formal/../rtl/axi_rr_arbiter_4.sv' to '/Users/Dilan/Projects/fabric-under-pressure/results/raw/b_response_router/formal_router_prove/src/axi_rr_arbiter_4.sv'.
SBY 16:16:39 [/Users/Dilan/Projects/fabric-under-pressure/results/raw/b_response_router/formal_router_prove] Copy '/Users/Dilan/Projects/fabric-under-pressure/formal/../rtl/axi_b_response_router.sv' to '/Users/Dilan/Projects/fabric-under-pressure/results/raw/b_response_router/formal_router_prove/src/axi_b_response_router.sv'.
SBY 16:16:39 [/Users/Dilan/Projects/fabric-under-pressure/results/raw/b_response_router/formal_router_prove] Copy '/Users/Dilan/Projects/fabric-under-pressure/formal/axi_b_response_router_formal.sv' to '/Users/Dilan/Projects/fabric-under-pressure/results/raw/b_response_router/formal_router_prove/src/axi_b_response_router_formal.sv'.
SBY 16:16:39 [/Users/Dilan/Projects/fabric-under-pressure/results/raw/b_response_router/formal_router_prove] engine_0: smtbmc
SBY 16:16:39 [/Users/Dilan/Projects/fabric-under-pressure/results/raw/b_response_router/formal_router_prove] base: starting process "cd /Users/Dilan/Projects/fabric-under-pressure/results/raw/b_response_router/formal_router_prove/src; yosys -ql ../model/design.log ../model/design.ys"
SBY 16:16:40 [/Users/Dilan/Projects/fabric-under-pressure/results/raw/b_response_router/formal_router_prove] base: Warning: Wire axi_b_response_router_formal.\ACLK is used but has no driver.
SBY 16:16:40 [/Users/Dilan/Projects/fabric-under-pressure/results/raw/b_response_router/formal_router_prove] base: finished (returncode=0)
SBY 16:16:40 [/Users/Dilan/Projects/fabric-under-pressure/results/raw/b_response_router/formal_router_prove] prep: starting process "cd /Users/Dilan/Projects/fabric-under-pressure/results/raw/b_response_router/formal_router_prove/model; yosys -ql design_prep.log design_prep.ys"
SBY 16:16:40 [/Users/Dilan/Projects/fabric-under-pressure/results/raw/b_response_router/formal_router_prove] prep: Warning: Wire axi_b_response_router_formal.\ACLK is used but has no driver.
SBY 16:16:40 [/Users/Dilan/Projects/fabric-under-pressure/results/raw/b_response_router/formal_router_prove] prep: finished (returncode=0)
SBY 16:16:40 [/Users/Dilan/Projects/fabric-under-pressure/results/raw/b_response_router/formal_router_prove] smt2: starting process "cd /Users/Dilan/Projects/fabric-under-pressure/results/raw/b_response_router/formal_router_prove/model; yosys -ql design_smt2.log design_smt2.ys"
SBY 16:16:40 [/Users/Dilan/Projects/fabric-under-pressure/results/raw/b_response_router/formal_router_prove] smt2: finished (returncode=0)
SBY 16:16:40 [/Users/Dilan/Projects/fabric-under-pressure/results/raw/b_response_router/formal_router_prove] engine_0: starting process "cd /Users/Dilan/Projects/fabric-under-pressure/results/raw/b_response_router/formal_router_prove; yosys-smtbmc --presat --unroll --noprogress -t 20  --append 0 --dump-vcd engine_0/trace.vcd --dump-yw engine_0/trace.yw --dump-vlogtb engine_0/trace_tb.v --dump-smtc engine_0/trace.smtc model/design_smt2.smt2"
SBY 16:16:40 [/Users/Dilan/Projects/fabric-under-pressure/results/raw/b_response_router/formal_router_prove] engine_0: ##   0:00:00  Solver: yices
SBY 16:16:40 [/Users/Dilan/Projects/fabric-under-pressure/results/raw/b_response_router/formal_router_prove] engine_0: ##   0:00:00  Checking assumptions in step 0..
SBY 16:16:40 [/Users/Dilan/Projects/fabric-under-pressure/results/raw/b_response_router/formal_router_prove] engine_0: ##   0:00:00  Checking assertions in step 0..
SBY 16:16:40 [/Users/Dilan/Projects/fabric-under-pressure/results/raw/b_response_router/formal_router_prove] engine_0: ##   0:00:00  Checking assumptions in step 1..
SBY 16:16:40 [/Users/Dilan/Projects/fabric-under-pressure/results/raw/b_response_router/formal_router_prove] engine_0: ##   0:00:00  Checking assertions in step 1..
SBY 16:16:40 [/Users/Dilan/Projects/fabric-under-pressure/results/raw/b_response_router/formal_router_prove] engine_0: ##   0:00:00  Checking assumptions in step 2..
SBY 16:16:40 [/Users/Dilan/Projects/fabric-under-pressure/results/raw/b_response_router/formal_router_prove] engine_0: ##   0:00:00  Checking assertions in step 2..
SBY 16:16:40 [/Users/Dilan/Projects/fabric-under-pressure/results/raw/b_response_router/formal_router_prove] engine_0: ##   0:00:00  Checking assumptions in step 3..
SBY 16:16:40 [/Users/Dilan/Projects/fabric-under-pressure/results/raw/b_response_router/formal_router_prove] engine_0: ##   0:00:00  Checking assertions in step 3..
SBY 16:16:40 [/Users/Dilan/Projects/fabric-under-pressure/results/raw/b_response_router/formal_router_prove] engine_0: ##   0:00:00  Checking assumptions in step 4..
SBY 16:16:40 [/Users/Dilan/Projects/fabric-under-pressure/results/raw/b_response_router/formal_router_prove] engine_0: ##   0:00:00  Checking assertions in step 4..
SBY 16:16:40 [/Users/Dilan/Projects/fabric-under-pressure/results/raw/b_response_router/formal_router_prove] engine_0: ##   0:00:00  Checking assumptions in step 5..
SBY 16:16:40 [/Users/Dilan/Projects/fabric-under-pressure/results/raw/b_response_router/formal_router_prove] engine_0: ##   0:00:00  Checking assertions in step 5..
SBY 16:16:40 [/Users/Dilan/Projects/fabric-under-pressure/results/raw/b_response_router/formal_router_prove] engine_0: ##   0:00:00  Checking assumptions in step 6..
SBY 16:16:40 [/Users/Dilan/Projects/fabric-under-pressure/results/raw/b_response_router/formal_router_prove] engine_0: ##   0:00:00  Checking assertions in step 6..
SBY 16:16:40 [/Users/Dilan/Projects/fabric-under-pressure/results/raw/b_response_router/formal_router_prove] engine_0: ##   0:00:00  Checking assumptions in step 7..
SBY 16:16:40 [/Users/Dilan/Projects/fabric-under-pressure/results/raw/b_response_router/formal_router_prove] engine_0: ##   0:00:00  Checking assertions in step 7..
SBY 16:16:40 [/Users/Dilan/Projects/fabric-under-pressure/results/raw/b_response_router/formal_router_prove] engine_0: ##   0:00:00  Checking assumptions in step 8..
SBY 16:16:40 [/Users/Dilan/Projects/fabric-under-pressure/results/raw/b_response_router/formal_router_prove] engine_0: ##   0:00:00  Checking assertions in step 8..
SBY 16:16:40 [/Users/Dilan/Projects/fabric-under-pressure/results/raw/b_response_router/formal_router_prove] engine_0: ##   0:00:00  Checking assumptions in step 9..
SBY 16:16:40 [/Users/Dilan/Projects/fabric-under-pressure/results/raw/b_response_router/formal_router_prove] engine_0: ##   0:00:00  Checking assertions in step 9..
SBY 16:16:40 [/Users/Dilan/Projects/fabric-under-pressure/results/raw/b_response_router/formal_router_prove] engine_0: ##   0:00:00  Checking assumptions in step 10..
SBY 16:16:40 [/Users/Dilan/Projects/fabric-under-pressure/results/raw/b_response_router/formal_router_prove] engine_0: ##   0:00:00  Checking assertions in step 10..
SBY 16:16:40 [/Users/Dilan/Projects/fabric-under-pressure/results/raw/b_response_router/formal_router_prove] engine_0: ##   0:00:00  Checking assumptions in step 11..
SBY 16:16:40 [/Users/Dilan/Projects/fabric-under-pressure/results/raw/b_response_router/formal_router_prove] engine_0: ##   0:00:00  Checking assertions in step 11..
SBY 16:16:40 [/Users/Dilan/Projects/fabric-under-pressure/results/raw/b_response_router/formal_router_prove] engine_0: ##   0:00:00  Checking assumptions in step 12..
SBY 16:16:40 [/Users/Dilan/Projects/fabric-under-pressure/results/raw/b_response_router/formal_router_prove] engine_0: ##   0:00:00  Checking assertions in step 12..
SBY 16:16:40 [/Users/Dilan/Projects/fabric-under-pressure/results/raw/b_response_router/formal_router_prove] engine_0: ##   0:00:00  Checking assumptions in step 13..
SBY 16:16:40 [/Users/Dilan/Projects/fabric-under-pressure/results/raw/b_response_router/formal_router_prove] engine_0: ##   0:00:00  Checking assertions in step 13..
SBY 16:16:40 [/Users/Dilan/Projects/fabric-under-pressure/results/raw/b_response_router/formal_router_prove] engine_0: ##   0:00:00  Checking assumptions in step 14..
SBY 16:16:40 [/Users/Dilan/Projects/fabric-under-pressure/results/raw/b_response_router/formal_router_prove] engine_0: ##   0:00:00  Checking assertions in step 14..
SBY 16:16:40 [/Users/Dilan/Projects/fabric-under-pressure/results/raw/b_response_router/formal_router_prove] engine_0: ##   0:00:00  Checking assumptions in step 15..
SBY 16:16:40 [/Users/Dilan/Projects/fabric-under-pressure/results/raw/b_response_router/formal_router_prove] engine_0: ##   0:00:00  Checking assertions in step 15..
SBY 16:16:40 [/Users/Dilan/Projects/fabric-under-pressure/results/raw/b_response_router/formal_router_prove] engine_0: ##   0:00:00  Checking assumptions in step 16..
SBY 16:16:40 [/Users/Dilan/Projects/fabric-under-pressure/results/raw/b_response_router/formal_router_prove] engine_0: ##   0:00:00  Checking assertions in step 16..
SBY 16:16:40 [/Users/Dilan/Projects/fabric-under-pressure/results/raw/b_response_router/formal_router_prove] engine_0: ##   0:00:00  Checking assumptions in step 17..
SBY 16:16:40 [/Users/Dilan/Projects/fabric-under-pressure/results/raw/b_response_router/formal_router_prove] engine_0: ##   0:00:00  Checking assertions in step 17..
SBY 16:16:40 [/Users/Dilan/Projects/fabric-under-pressure/results/raw/b_response_router/formal_router_prove] engine_0: ##   0:00:00  Checking assumptions in step 18..
SBY 16:16:40 [/Users/Dilan/Projects/fabric-under-pressure/results/raw/b_response_router/formal_router_prove] engine_0: ##   0:00:00  Checking assertions in step 18..
SBY 16:16:40 [/Users/Dilan/Projects/fabric-under-pressure/results/raw/b_response_router/formal_router_prove] engine_0: ##   0:00:00  Checking assumptions in step 19..
SBY 16:16:40 [/Users/Dilan/Projects/fabric-under-pressure/results/raw/b_response_router/formal_router_prove] engine_0: ##   0:00:00  Checking assertions in step 19..
SBY 16:16:40 [/Users/Dilan/Projects/fabric-under-pressure/results/raw/b_response_router/formal_router_prove] engine_0: ##   0:00:00  Status: passed
SBY 16:16:40 [/Users/Dilan/Projects/fabric-under-pressure/results/raw/b_response_router/formal_router_prove] engine_0: finished (returncode=0)
SBY 16:16:40 [/Users/Dilan/Projects/fabric-under-pressure/results/raw/b_response_router/formal_router_prove] engine_0: Status returned by engine: pass
SBY 16:16:40 [/Users/Dilan/Projects/fabric-under-pressure/results/raw/b_response_router/formal_router_prove] summary: Elapsed clock time [H:MM:SS (secs)]: 0:00:00 (0)
SBY 16:16:40 [/Users/Dilan/Projects/fabric-under-pressure/results/raw/b_response_router/formal_router_prove] summary: Elapsed process time [H:MM:SS (secs)]: 0:00:00 (0)
SBY 16:16:40 [/Users/Dilan/Projects/fabric-under-pressure/results/raw/b_response_router/formal_router_prove] summary: engine_0 (smtbmc) returned pass
SBY 16:16:40 [/Users/Dilan/Projects/fabric-under-pressure/results/raw/b_response_router/formal_router_prove] summary: engine_0 did not produce any traces
SBY 16:16:40 [/Users/Dilan/Projects/fabric-under-pressure/results/raw/b_response_router/formal_router_prove] DONE (PASS, rc=0)
SBY 16:16:40 [/Users/Dilan/Projects/fabric-under-pressure/results/raw/b_response_router/formal_router_cover] Removing directory '/Users/Dilan/Projects/fabric-under-pressure/results/raw/b_response_router/formal_router_cover'.
SBY 16:16:40 [/Users/Dilan/Projects/fabric-under-pressure/results/raw/b_response_router/formal_router_cover] Copy '/Users/Dilan/Projects/fabric-under-pressure/formal/../rtl/axi_rr_arbiter_4.sv' to '/Users/Dilan/Projects/fabric-under-pressure/results/raw/b_response_router/formal_router_cover/src/axi_rr_arbiter_4.sv'.
SBY 16:16:40 [/Users/Dilan/Projects/fabric-under-pressure/results/raw/b_response_router/formal_router_cover] Copy '/Users/Dilan/Projects/fabric-under-pressure/formal/../rtl/axi_b_response_router.sv' to '/Users/Dilan/Projects/fabric-under-pressure/results/raw/b_response_router/formal_router_cover/src/axi_b_response_router.sv'.
SBY 16:16:40 [/Users/Dilan/Projects/fabric-under-pressure/results/raw/b_response_router/formal_router_cover] Copy '/Users/Dilan/Projects/fabric-under-pressure/formal/axi_b_response_router_formal.sv' to '/Users/Dilan/Projects/fabric-under-pressure/results/raw/b_response_router/formal_router_cover/src/axi_b_response_router_formal.sv'.
SBY 16:16:40 [/Users/Dilan/Projects/fabric-under-pressure/results/raw/b_response_router/formal_router_cover] engine_0: smtbmc
SBY 16:16:40 [/Users/Dilan/Projects/fabric-under-pressure/results/raw/b_response_router/formal_router_cover] base: starting process "cd /Users/Dilan/Projects/fabric-under-pressure/results/raw/b_response_router/formal_router_cover/src; yosys -ql ../model/design.log ../model/design.ys"
SBY 16:16:40 [/Users/Dilan/Projects/fabric-under-pressure/results/raw/b_response_router/formal_router_cover] base: Warning: Wire axi_b_response_router_formal.\ACLK is used but has no driver.
SBY 16:16:41 [/Users/Dilan/Projects/fabric-under-pressure/results/raw/b_response_router/formal_router_cover] base: finished (returncode=0)
SBY 16:16:41 [/Users/Dilan/Projects/fabric-under-pressure/results/raw/b_response_router/formal_router_cover] prep: starting process "cd /Users/Dilan/Projects/fabric-under-pressure/results/raw/b_response_router/formal_router_cover/model; yosys -ql design_prep.log design_prep.ys"
SBY 16:16:41 [/Users/Dilan/Projects/fabric-under-pressure/results/raw/b_response_router/formal_router_cover] prep: Warning: Wire axi_b_response_router_formal.\ACLK is used but has no driver.
SBY 16:16:41 [/Users/Dilan/Projects/fabric-under-pressure/results/raw/b_response_router/formal_router_cover] prep: finished (returncode=0)
SBY 16:16:41 [/Users/Dilan/Projects/fabric-under-pressure/results/raw/b_response_router/formal_router_cover] smt2: starting process "cd /Users/Dilan/Projects/fabric-under-pressure/results/raw/b_response_router/formal_router_cover/model; yosys -ql design_smt2.log design_smt2.ys"
SBY 16:16:41 [/Users/Dilan/Projects/fabric-under-pressure/results/raw/b_response_router/formal_router_cover] smt2: finished (returncode=0)
SBY 16:16:41 [/Users/Dilan/Projects/fabric-under-pressure/results/raw/b_response_router/formal_router_cover] engine_0: starting process "cd /Users/Dilan/Projects/fabric-under-pressure/results/raw/b_response_router/formal_router_cover; yosys-smtbmc --presat --unroll -c --noprogress -t 24  --append 0 --dump-vcd engine_0/trace%.vcd --dump-yw engine_0/trace%.yw --dump-vlogtb engine_0/trace%_tb.v --dump-smtc engine_0/trace%.smtc model/design_smt2.smt2"
SBY 16:16:41 [/Users/Dilan/Projects/fabric-under-pressure/results/raw/b_response_router/formal_router_cover] engine_0: ##   0:00:00  Solver: yices
SBY 16:16:41 [/Users/Dilan/Projects/fabric-under-pressure/results/raw/b_response_router/formal_router_cover] engine_0: ##   0:00:00  Checking cover reachability in step 0..
SBY 16:16:41 [/Users/Dilan/Projects/fabric-under-pressure/results/raw/b_response_router/formal_router_cover] engine_0: ##   0:00:00  Checking cover reachability in step 1..
SBY 16:16:41 [/Users/Dilan/Projects/fabric-under-pressure/results/raw/b_response_router/formal_router_cover] engine_0: ##   0:00:00  Reached cover statement in step 1 at axi_b_response_router_formal: axi_b_response_router_formal.sv:70.5-71.37 (_witness_.check_cover_axi_b_response_router_formal_sv_70_137)
SBY 16:16:41 [/Users/Dilan/Projects/fabric-under-pressure/results/raw/b_response_router/formal_router_cover] engine_0: ##   0:00:00  Writing trace to VCD file: engine_0/trace0.vcd
SBY 16:16:41 [/Users/Dilan/Projects/fabric-under-pressure/results/raw/b_response_router/formal_router_cover] engine_0: ##   0:00:00  Writing trace to Verilog testbench: engine_0/trace0_tb.v
SBY 16:16:41 [/Users/Dilan/Projects/fabric-under-pressure/results/raw/b_response_router/formal_router_cover] engine_0: ##   0:00:00  Writing trace to constraints file: engine_0/trace0.smtc
SBY 16:16:41 [/Users/Dilan/Projects/fabric-under-pressure/results/raw/b_response_router/formal_router_cover] engine_0: ##   0:00:00  Writing trace to Yosys witness file: engine_0/trace0.yw
SBY 16:16:41 [/Users/Dilan/Projects/fabric-under-pressure/results/raw/b_response_router/formal_router_cover] engine_0: ##   0:00:00  Checking cover reachability in step 1..
SBY 16:16:41 [/Users/Dilan/Projects/fabric-under-pressure/results/raw/b_response_router/formal_router_cover] engine_0: ##   0:00:00  Checking cover reachability in step 2..
SBY 16:16:41 [/Users/Dilan/Projects/fabric-under-pressure/results/raw/b_response_router/formal_router_cover] engine_0: ##   0:00:00  Reached cover statement in step 2 at axi_b_response_router_formal: axi_b_response_router_formal.sv:67.5-67.40 (_witness_.check_cover_axi_b_response_router_formal_sv_67_128)
SBY 16:16:41 [/Users/Dilan/Projects/fabric-under-pressure/results/raw/b_response_router/formal_router_cover] engine_0: ##   0:00:00  Writing trace to VCD file: engine_0/trace1.vcd
SBY 16:16:41 [/Users/Dilan/Projects/fabric-under-pressure/results/raw/b_response_router/formal_router_cover] engine_0: ##   0:00:00  Writing trace to Verilog testbench: engine_0/trace1_tb.v
SBY 16:16:41 [/Users/Dilan/Projects/fabric-under-pressure/results/raw/b_response_router/formal_router_cover] engine_0: ##   0:00:00  Writing trace to constraints file: engine_0/trace1.smtc
SBY 16:16:41 [/Users/Dilan/Projects/fabric-under-pressure/results/raw/b_response_router/formal_router_cover] engine_0: ##   0:00:00  Writing trace to Yosys witness file: engine_0/trace1.yw
SBY 16:16:41 [/Users/Dilan/Projects/fabric-under-pressure/results/raw/b_response_router/formal_router_cover] engine_0: ##   0:00:00  Checking cover reachability in step 2..
SBY 16:16:41 [/Users/Dilan/Projects/fabric-under-pressure/results/raw/b_response_router/formal_router_cover] engine_0: ##   0:00:00  Reached cover statement in step 2 at axi_b_response_router_formal: axi_b_response_router_formal.sv:66.5-66.40 (_witness_.check_cover_axi_b_response_router_formal_sv_66_126)
SBY 16:16:41 [/Users/Dilan/Projects/fabric-under-pressure/results/raw/b_response_router/formal_router_cover] engine_0: ##   0:00:00  Writing trace to VCD file: engine_0/trace2.vcd
SBY 16:16:41 [/Users/Dilan/Projects/fabric-under-pressure/results/raw/b_response_router/formal_router_cover] engine_0: ##   0:00:00  Writing trace to Verilog testbench: engine_0/trace2_tb.v
SBY 16:16:41 [/Users/Dilan/Projects/fabric-under-pressure/results/raw/b_response_router/formal_router_cover] engine_0: ##   0:00:00  Writing trace to constraints file: engine_0/trace2.smtc
SBY 16:16:41 [/Users/Dilan/Projects/fabric-under-pressure/results/raw/b_response_router/formal_router_cover] engine_0: ##   0:00:00  Writing trace to Yosys witness file: engine_0/trace2.yw
SBY 16:16:41 [/Users/Dilan/Projects/fabric-under-pressure/results/raw/b_response_router/formal_router_cover] engine_0: ##   0:00:00  Checking cover reachability in step 2..
SBY 16:16:41 [/Users/Dilan/Projects/fabric-under-pressure/results/raw/b_response_router/formal_router_cover] engine_0: ##   0:00:00  Reached cover statement in step 2 at axi_b_response_router_formal: axi_b_response_router_formal.sv:65.5-65.40 (_witness_.check_cover_axi_b_response_router_formal_sv_65_124)
SBY 16:16:41 [/Users/Dilan/Projects/fabric-under-pressure/results/raw/b_response_router/formal_router_cover] engine_0: ##   0:00:00  Writing trace to VCD file: engine_0/trace3.vcd
SBY 16:16:41 [/Users/Dilan/Projects/fabric-under-pressure/results/raw/b_response_router/formal_router_cover] engine_0: ##   0:00:00  Writing trace to Verilog testbench: engine_0/trace3_tb.v
SBY 16:16:41 [/Users/Dilan/Projects/fabric-under-pressure/results/raw/b_response_router/formal_router_cover] engine_0: ##   0:00:00  Writing trace to constraints file: engine_0/trace3.smtc
SBY 16:16:41 [/Users/Dilan/Projects/fabric-under-pressure/results/raw/b_response_router/formal_router_cover] engine_0: ##   0:00:00  Writing trace to Yosys witness file: engine_0/trace3.yw
SBY 16:16:41 [/Users/Dilan/Projects/fabric-under-pressure/results/raw/b_response_router/formal_router_cover] engine_0: ##   0:00:00  Checking cover reachability in step 2..
SBY 16:16:41 [/Users/Dilan/Projects/fabric-under-pressure/results/raw/b_response_router/formal_router_cover] engine_0: ##   0:00:00  Reached cover statement in step 2 at axi_b_response_router_formal: axi_b_response_router_formal.sv:64.5-64.40 (_witness_.check_cover_axi_b_response_router_formal_sv_64_122)
SBY 16:16:41 [/Users/Dilan/Projects/fabric-under-pressure/results/raw/b_response_router/formal_router_cover] engine_0: ##   0:00:00  Writing trace to VCD file: engine_0/trace4.vcd
SBY 16:16:41 [/Users/Dilan/Projects/fabric-under-pressure/results/raw/b_response_router/formal_router_cover] engine_0: ##   0:00:00  Writing trace to Verilog testbench: engine_0/trace4_tb.v
SBY 16:16:41 [/Users/Dilan/Projects/fabric-under-pressure/results/raw/b_response_router/formal_router_cover] engine_0: ##   0:00:00  Writing trace to constraints file: engine_0/trace4.smtc
SBY 16:16:41 [/Users/Dilan/Projects/fabric-under-pressure/results/raw/b_response_router/formal_router_cover] engine_0: ##   0:00:00  Writing trace to Yosys witness file: engine_0/trace4.yw
SBY 16:16:41 [/Users/Dilan/Projects/fabric-under-pressure/results/raw/b_response_router/formal_router_cover] engine_0: ##   0:00:00  Checking cover reachability in step 2..
SBY 16:16:41 [/Users/Dilan/Projects/fabric-under-pressure/results/raw/b_response_router/formal_router_cover] engine_0: ##   0:00:00  Checking cover reachability in step 3..
SBY 16:16:41 [/Users/Dilan/Projects/fabric-under-pressure/results/raw/b_response_router/formal_router_cover] engine_0: ##   0:00:00  Reached cover statement in step 3 at axi_b_response_router_formal: axi_b_response_router_formal.sv:68.5-68.63 (_witness_.check_cover_axi_b_response_router_formal_sv_68_130)
SBY 16:16:41 [/Users/Dilan/Projects/fabric-under-pressure/results/raw/b_response_router/formal_router_cover] engine_0: ##   0:00:00  Writing trace to VCD file: engine_0/trace5.vcd
SBY 16:16:41 [/Users/Dilan/Projects/fabric-under-pressure/results/raw/b_response_router/formal_router_cover] engine_0: ##   0:00:00  Writing trace to Verilog testbench: engine_0/trace5_tb.v
SBY 16:16:41 [/Users/Dilan/Projects/fabric-under-pressure/results/raw/b_response_router/formal_router_cover] engine_0: ##   0:00:00  Writing trace to constraints file: engine_0/trace5.smtc
SBY 16:16:41 [/Users/Dilan/Projects/fabric-under-pressure/results/raw/b_response_router/formal_router_cover] engine_0: ##   0:00:00  Writing trace to Yosys witness file: engine_0/trace5.yw
SBY 16:16:41 [/Users/Dilan/Projects/fabric-under-pressure/results/raw/b_response_router/formal_router_cover] engine_0: ##   0:00:00  Checking cover reachability in step 3..
SBY 16:16:41 [/Users/Dilan/Projects/fabric-under-pressure/results/raw/b_response_router/formal_router_cover] engine_0: ##   0:00:00  Reached cover statement in step 3 at axi_b_response_router_formal: axi_b_response_router_formal.sv:69.5-69.48 (_witness_.check_cover_axi_b_response_router_formal_sv_69_134)
SBY 16:16:41 [/Users/Dilan/Projects/fabric-under-pressure/results/raw/b_response_router/formal_router_cover] engine_0: ##   0:00:00  Writing trace to VCD file: engine_0/trace6.vcd
SBY 16:16:41 [/Users/Dilan/Projects/fabric-under-pressure/results/raw/b_response_router/formal_router_cover] engine_0: ##   0:00:00  Writing trace to Verilog testbench: engine_0/trace6_tb.v
SBY 16:16:41 [/Users/Dilan/Projects/fabric-under-pressure/results/raw/b_response_router/formal_router_cover] engine_0: ##   0:00:00  Writing trace to constraints file: engine_0/trace6.smtc
SBY 16:16:41 [/Users/Dilan/Projects/fabric-under-pressure/results/raw/b_response_router/formal_router_cover] engine_0: ##   0:00:00  Writing trace to Yosys witness file: engine_0/trace6.yw
SBY 16:16:41 [/Users/Dilan/Projects/fabric-under-pressure/results/raw/b_response_router/formal_router_cover] engine_0: ##   0:00:00  Status: passed
SBY 16:16:41 [/Users/Dilan/Projects/fabric-under-pressure/results/raw/b_response_router/formal_router_cover] engine_0: finished (returncode=0)
SBY 16:16:41 [/Users/Dilan/Projects/fabric-under-pressure/results/raw/b_response_router/formal_router_cover] engine_0: Status returned by engine: pass
SBY 16:16:41 [/Users/Dilan/Projects/fabric-under-pressure/results/raw/b_response_router/formal_router_cover] summary: Elapsed clock time [H:MM:SS (secs)]: 0:00:00 (0)
SBY 16:16:41 [/Users/Dilan/Projects/fabric-under-pressure/results/raw/b_response_router/formal_router_cover] summary: Elapsed process time [H:MM:SS (secs)]: 0:00:00 (0)
SBY 16:16:41 [/Users/Dilan/Projects/fabric-under-pressure/results/raw/b_response_router/formal_router_cover] summary: engine_0 (smtbmc) returned pass
SBY 16:16:41 [/Users/Dilan/Projects/fabric-under-pressure/results/raw/b_response_router/formal_router_cover] summary: cover trace: /Users/Dilan/Projects/fabric-under-pressure/results/raw/b_response_router/formal_router_cover/engine_0/trace0.vcd
SBY 16:16:41 [/Users/Dilan/Projects/fabric-under-pressure/results/raw/b_response_router/formal_router_cover] summary:   reached cover statement axi_b_response_router_formal._witness_.check_cover_axi_b_response_router_formal_sv_70_137 at axi_b_response_router_formal.sv:70.5-71.37 step 1
SBY 16:16:41 [/Users/Dilan/Projects/fabric-under-pressure/results/raw/b_response_router/formal_router_cover] summary: cover trace: /Users/Dilan/Projects/fabric-under-pressure/results/raw/b_response_router/formal_router_cover/engine_0/trace1.vcd
SBY 16:16:41 [/Users/Dilan/Projects/fabric-under-pressure/results/raw/b_response_router/formal_router_cover] summary:   reached cover statement axi_b_response_router_formal._witness_.check_cover_axi_b_response_router_formal_sv_67_128 at axi_b_response_router_formal.sv:67.5-67.40 step 2
SBY 16:16:41 [/Users/Dilan/Projects/fabric-under-pressure/results/raw/b_response_router/formal_router_cover] summary: cover trace: /Users/Dilan/Projects/fabric-under-pressure/results/raw/b_response_router/formal_router_cover/engine_0/trace2.vcd
SBY 16:16:41 [/Users/Dilan/Projects/fabric-under-pressure/results/raw/b_response_router/formal_router_cover] summary:   reached cover statement axi_b_response_router_formal._witness_.check_cover_axi_b_response_router_formal_sv_66_126 at axi_b_response_router_formal.sv:66.5-66.40 step 2
SBY 16:16:41 [/Users/Dilan/Projects/fabric-under-pressure/results/raw/b_response_router/formal_router_cover] summary: cover trace: /Users/Dilan/Projects/fabric-under-pressure/results/raw/b_response_router/formal_router_cover/engine_0/trace3.vcd
SBY 16:16:41 [/Users/Dilan/Projects/fabric-under-pressure/results/raw/b_response_router/formal_router_cover] summary:   reached cover statement axi_b_response_router_formal._witness_.check_cover_axi_b_response_router_formal_sv_65_124 at axi_b_response_router_formal.sv:65.5-65.40 step 2
SBY 16:16:41 [/Users/Dilan/Projects/fabric-under-pressure/results/raw/b_response_router/formal_router_cover] summary: cover trace: /Users/Dilan/Projects/fabric-under-pressure/results/raw/b_response_router/formal_router_cover/engine_0/trace4.vcd
SBY 16:16:41 [/Users/Dilan/Projects/fabric-under-pressure/results/raw/b_response_router/formal_router_cover] summary:   reached cover statement axi_b_response_router_formal._witness_.check_cover_axi_b_response_router_formal_sv_64_122 at axi_b_response_router_formal.sv:64.5-64.40 step 2
SBY 16:16:41 [/Users/Dilan/Projects/fabric-under-pressure/results/raw/b_response_router/formal_router_cover] summary: and 2 further traces
SBY 16:16:41 [/Users/Dilan/Projects/fabric-under-pressure/results/raw/b_response_router/formal_router_cover] summary: see /Users/Dilan/Projects/fabric-under-pressure/results/raw/b_response_router/formal_router_cover/PASS for a complete summary
SBY 16:16:41 [/Users/Dilan/Projects/fabric-under-pressure/results/raw/b_response_router/formal_router_cover] DONE (PASS, rc=0)
