
-- Running command `read_verilog -sv /Users/Dilan/Projects/fabric-under-pressure/rtl/axi_rr_arbiter_4.sv; synth_ecp5 -top axi_rr_arbiter_4 -json /Users/Dilan/Projects/fabric-under-pressure/results/raw/b_response_router/axi_rr_arbiter_4_ecp5.json; stat' --

1. Executing Verilog-2005 frontend: /Users/Dilan/Projects/fabric-under-pressure/rtl/axi_rr_arbiter_4.sv
Parsing SystemVerilog input from `/Users/Dilan/Projects/fabric-under-pressure/rtl/axi_rr_arbiter_4.sv' to AST representation.
Generating RTLIL representation for module `\axi_rr_arbiter_4'.
Successfully finished Verilog frontend.

2. Executing SYNTH_LATTICE pass.

2.1. Executing Verilog-2005 frontend: /Users/Dilan/eda/fabric-under-pressure/oss-cad-suite/libexec/../share/yosys/lattice/cells_sim_ecp5.v
Parsing Verilog input from `/Users/Dilan/eda/fabric-under-pressure/oss-cad-suite/libexec/../share/yosys/lattice/cells_sim_ecp5.v' to AST representation.
Generating RTLIL representation for module `\LUT4'.
Generating RTLIL representation for module `\$__ABC9_LUT5'.
Generating RTLIL representation for module `\$__ABC9_LUT6'.
Generating RTLIL representation for module `\$__ABC9_LUT7'.
Generating RTLIL representation for module `\L6MUX21'.
Generating RTLIL representation for module `\TRELLIS_RAM16X2'.
Generating RTLIL representation for module `\PFUMX'.
Generating RTLIL representation for module `\TRELLIS_DPR16X4'.
Generating RTLIL representation for module `\DPR16X4C'.
Generating RTLIL representation for module `\LUT2'.
Generating RTLIL representation for module `\TRELLIS_FF'.
Generating RTLIL representation for module `\TRELLIS_IO'.
Generating RTLIL representation for module `\INV'.
Generating RTLIL representation for module `\TRELLIS_COMB'.
Generating RTLIL representation for module `\VLO'.
Generating RTLIL representation for module `\VHI'.
Generating RTLIL representation for module `\FD1P3AX'.
Generating RTLIL representation for module `\FD1P3AY'.
Generating RTLIL representation for module `\FD1P3BX'.
Generating RTLIL representation for module `\FD1P3DX'.
Generating RTLIL representation for module `\FD1P3IX'.
Generating RTLIL representation for module `\FD1P3JX'.
Generating RTLIL representation for module `\FD1S3AX'.
Generating RTLIL representation for module `\FD1S3AY'.
Generating RTLIL representation for module `\FD1S3BX'.
Generating RTLIL representation for module `\FD1S3DX'.
Generating RTLIL representation for module `\FD1S3IX'.
Generating RTLIL representation for module `\FD1S3JX'.
Generating RTLIL representation for module `\IFS1P3BX'.
Generating RTLIL representation for module `\IFS1P3DX'.
Generating RTLIL representation for module `\IFS1P3IX'.
Generating RTLIL representation for module `\IFS1P3JX'.
Generating RTLIL representation for module `\OFS1P3BX'.
Generating RTLIL representation for module `\OFS1P3DX'.
Generating RTLIL representation for module `\OFS1P3IX'.
Generating RTLIL representation for module `\OFS1P3JX'.
Generating RTLIL representation for module `\IB'.
Generating RTLIL representation for module `\IBPU'.
Generating RTLIL representation for module `\IBPD'.
Generating RTLIL representation for module `\OB'.
Generating RTLIL representation for module `\OBZ'.
Generating RTLIL representation for module `\OBZPU'.
Generating RTLIL representation for module `\OBZPD'.
Generating RTLIL representation for module `\OBCO'.
Generating RTLIL representation for module `\BB'.
Generating RTLIL representation for module `\BBPU'.
Generating RTLIL representation for module `\BBPD'.
Generating RTLIL representation for module `\ILVDS'.
Generating RTLIL representation for module `\OLVDS'.
Generating RTLIL representation for module `\CCU2C'.
Generating RTLIL representation for module `\DP16KD'.
Replacing existing blackbox module `\FD1P3AX' at /Users/Dilan/eda/fabric-under-pressure/oss-cad-suite/libexec/../share/yosys/lattice/cells_ff.vh:2.1-2.261.
Generating RTLIL representation for module `\FD1P3AX'.
Replacing existing blackbox module `\FD1P3AY' at /Users/Dilan/eda/fabric-under-pressure/oss-cad-suite/libexec/../share/yosys/lattice/cells_ff.vh:3.1-3.261.
Generating RTLIL representation for module `\FD1P3AY'.
Replacing existing blackbox module `\FD1P3BX' at /Users/Dilan/eda/fabric-under-pressure/oss-cad-suite/libexec/../share/yosys/lattice/cells_ff.vh:4.1-4.261.
Generating RTLIL representation for module `\FD1P3BX'.
Replacing existing blackbox module `\FD1P3DX' at /Users/Dilan/eda/fabric-under-pressure/oss-cad-suite/libexec/../share/yosys/lattice/cells_ff.vh:5.1-5.261.
Generating RTLIL representation for module `\FD1P3DX'.
Replacing existing blackbox module `\FD1P3IX' at /Users/Dilan/eda/fabric-under-pressure/oss-cad-suite/libexec/../share/yosys/lattice/cells_ff.vh:6.1-6.261.
Generating RTLIL representation for module `\FD1P3IX'.
Replacing existing blackbox module `\FD1P3JX' at /Users/Dilan/eda/fabric-under-pressure/oss-cad-suite/libexec/../share/yosys/lattice/cells_ff.vh:7.1-7.261.
Generating RTLIL representation for module `\FD1P3JX'.
Replacing existing blackbox module `\FD1S3AX' at /Users/Dilan/eda/fabric-under-pressure/oss-cad-suite/libexec/../share/yosys/lattice/cells_ff.vh:8.1-8.261.
Generating RTLIL representation for module `\FD1S3AX'.
Replacing existing blackbox module `\FD1S3AY' at /Users/Dilan/eda/fabric-under-pressure/oss-cad-suite/libexec/../share/yosys/lattice/cells_ff.vh:9.1-9.261.
Generating RTLIL representation for module `\FD1S3AY'.
Replacing existing blackbox module `\FD1S3BX' at /Users/Dilan/eda/fabric-under-pressure/oss-cad-suite/libexec/../share/yosys/lattice/cells_ff.vh:10.1-10.261.
Generating RTLIL representation for module `\FD1S3BX'.
Replacing existing blackbox module `\FD1S3DX' at /Users/Dilan/eda/fabric-under-pressure/oss-cad-suite/libexec/../share/yosys/lattice/cells_ff.vh:11.1-11.261.
Generating RTLIL representation for module `\FD1S3DX'.
Replacing existing blackbox module `\FD1S3IX' at /Users/Dilan/eda/fabric-under-pressure/oss-cad-suite/libexec/../share/yosys/lattice/cells_ff.vh:12.1-12.261.
Generating RTLIL representation for module `\FD1S3IX'.
Replacing existing blackbox module `\FD1S3JX' at /Users/Dilan/eda/fabric-under-pressure/oss-cad-suite/libexec/../share/yosys/lattice/cells_ff.vh:13.1-13.261.
Generating RTLIL representation for module `\FD1S3JX'.
Replacing existing blackbox module `\IFS1P3BX' at /Users/Dilan/eda/fabric-under-pressure/oss-cad-suite/libexec/../share/yosys/lattice/cells_ff.vh:26.1-26.301.
Generating RTLIL representation for module `\IFS1P3BX'.
Replacing existing blackbox module `\IFS1P3DX' at /Users/Dilan/eda/fabric-under-pressure/oss-cad-suite/libexec/../share/yosys/lattice/cells_ff.vh:27.1-27.301.
Generating RTLIL representation for module `\IFS1P3DX'.
Replacing existing blackbox module `\IFS1P3IX' at /Users/Dilan/eda/fabric-under-pressure/oss-cad-suite/libexec/../share/yosys/lattice/cells_ff.vh:28.1-28.301.
Generating RTLIL representation for module `\IFS1P3IX'.
Replacing existing blackbox module `\IFS1P3JX' at /Users/Dilan/eda/fabric-under-pressure/oss-cad-suite/libexec/../share/yosys/lattice/cells_ff.vh:29.1-29.301.
Generating RTLIL representation for module `\IFS1P3JX'.
Replacing existing blackbox module `\OFS1P3BX' at /Users/Dilan/eda/fabric-under-pressure/oss-cad-suite/libexec/../share/yosys/lattice/cells_ff.vh:31.1-31.302.
Generating RTLIL representation for module `\OFS1P3BX'.
Replacing existing blackbox module `\OFS1P3DX' at /Users/Dilan/eda/fabric-under-pressure/oss-cad-suite/libexec/../share/yosys/lattice/cells_ff.vh:32.1-32.302.
Generating RTLIL representation for module `\OFS1P3DX'.
Replacing existing blackbox module `\OFS1P3IX' at /Users/Dilan/eda/fabric-under-pressure/oss-cad-suite/libexec/../share/yosys/lattice/cells_ff.vh:33.1-33.302.
Generating RTLIL representation for module `\OFS1P3IX'.
Replacing existing blackbox module `\OFS1P3JX' at /Users/Dilan/eda/fabric-under-pressure/oss-cad-suite/libexec/../share/yosys/lattice/cells_ff.vh:34.1-34.302.
Generating RTLIL representation for module `\OFS1P3JX'.
Replacing existing blackbox module `\IB' at /Users/Dilan/eda/fabric-under-pressure/oss-cad-suite/libexec/../share/yosys/lattice/cells_io.vh:2.1-2.157.
Generating RTLIL representation for module `\IB'.
Replacing existing blackbox module `\IBPU' at /Users/Dilan/eda/fabric-under-pressure/oss-cad-suite/libexec/../share/yosys/lattice/cells_io.vh:3.1-3.157.
Generating RTLIL representation for module `\IBPU'.
Replacing existing blackbox module `\IBPD' at /Users/Dilan/eda/fabric-under-pressure/oss-cad-suite/libexec/../share/yosys/lattice/cells_io.vh:4.1-4.157.
Generating RTLIL representation for module `\IBPD'.
Replacing existing blackbox module `\OB' at /Users/Dilan/eda/fabric-under-pressure/oss-cad-suite/libexec/../share/yosys/lattice/cells_io.vh:5.1-5.157.
Generating RTLIL representation for module `\OB'.
Replacing existing blackbox module `\OBZ' at /Users/Dilan/eda/fabric-under-pressure/oss-cad-suite/libexec/../share/yosys/lattice/cells_io.vh:6.1-6.164.
Generating RTLIL representation for module `\OBZ'.
Replacing existing blackbox module `\OBZPU' at /Users/Dilan/eda/fabric-under-pressure/oss-cad-suite/libexec/../share/yosys/lattice/cells_io.vh:7.1-7.164.
Generating RTLIL representation for module `\OBZPU'.
Replacing existing blackbox module `\OBZPD' at /Users/Dilan/eda/fabric-under-pressure/oss-cad-suite/libexec/../share/yosys/lattice/cells_io.vh:8.1-8.164.
Generating RTLIL representation for module `\OBZPD'.
Replacing existing blackbox module `\OBCO' at /Users/Dilan/eda/fabric-under-pressure/oss-cad-suite/libexec/../share/yosys/lattice/cells_io.vh:9.1-9.90.
Generating RTLIL representation for module `\OBCO'.
Replacing existing blackbox module `\BB' at /Users/Dilan/eda/fabric-under-pressure/oss-cad-suite/libexec/../share/yosys/lattice/cells_io.vh:10.1-10.179.
Generating RTLIL representation for module `\BB'.
Replacing existing blackbox module `\BBPU' at /Users/Dilan/eda/fabric-under-pressure/oss-cad-suite/libexec/../share/yosys/lattice/cells_io.vh:11.1-11.179.
Generating RTLIL representation for module `\BBPU'.
Replacing existing blackbox module `\BBPD' at /Users/Dilan/eda/fabric-under-pressure/oss-cad-suite/libexec/../share/yosys/lattice/cells_io.vh:12.1-12.179.
Generating RTLIL representation for module `\BBPD'.
Replacing existing blackbox module `\ILVDS' at /Users/Dilan/eda/fabric-under-pressure/oss-cad-suite/libexec/../share/yosys/lattice/cells_io.vh:13.1-13.139.
Generating RTLIL representation for module `\ILVDS'.
Replacing existing blackbox module `\OLVDS' at /Users/Dilan/eda/fabric-under-pressure/oss-cad-suite/libexec/../share/yosys/lattice/cells_io.vh:14.1-14.146.
Generating RTLIL representation for module `\OLVDS'.
Successfully finished Verilog frontend.

2.2. Executing Verilog-2005 frontend: /Users/Dilan/eda/fabric-under-pressure/oss-cad-suite/libexec/../share/yosys/lattice/cells_bb_ecp5.v
Parsing Verilog input from `/Users/Dilan/eda/fabric-under-pressure/oss-cad-suite/libexec/../share/yosys/lattice/cells_bb_ecp5.v' to AST representation.
Generating RTLIL representation for module `\GSR'.
Generating RTLIL representation for module `\PUR'.
Generating RTLIL representation for module `\SGSR'.
Generating RTLIL representation for module `\PDPW16KD'.
Generating RTLIL representation for module `\MULT18X18D'.
Generating RTLIL representation for module `\ALU54B'.
Generating RTLIL representation for module `\CLKDIVF'.
Generating RTLIL representation for module `\PCSCLKDIV'.
Generating RTLIL representation for module `\DCSC'.
Generating RTLIL representation for module `\DCCA'.
Generating RTLIL representation for module `\ECLKSYNCB'.
Generating RTLIL representation for module `\ECLKBRIDGECS'.
Generating RTLIL representation for module `\DELAYF'.
Generating RTLIL representation for module `\DELAYG'.
Generating RTLIL representation for module `\USRMCLK'.
Generating RTLIL representation for module `\DQSBUFM'.
Generating RTLIL representation for module `\DDRDLLA'.
Generating RTLIL representation for module `\DLLDELD'.
Generating RTLIL representation for module `\IDDRX1F'.
Generating RTLIL representation for module `\IDDRX2F'.
Generating RTLIL representation for module `\IDDR71B'.
Generating RTLIL representation for module `\IDDRX2DQA'.
Generating RTLIL representation for module `\ODDRX1F'.
Generating RTLIL representation for module `\ODDRX2F'.
Generating RTLIL representation for module `\ODDR71B'.
Generating RTLIL representation for module `\OSHX2A'.
Generating RTLIL representation for module `\TSHX2DQA'.
Generating RTLIL representation for module `\TSHX2DQSA'.
Generating RTLIL representation for module `\ODDRX2DQA'.
Generating RTLIL representation for module `\ODDRX2DQSB'.
Generating RTLIL representation for module `\EHXPLLL'.
Generating RTLIL representation for module `\DTR'.
Generating RTLIL representation for module `\OSCG'.
Generating RTLIL representation for module `\EXTREFB'.
Generating RTLIL representation for module `\JTAGG'.
Generating RTLIL representation for module `\DCUA'.
Successfully finished Verilog frontend.

2.3. Executing HIERARCHY pass (managing design hierarchy).

2.3.1. Analyzing design hierarchy..
Top module:  \axi_rr_arbiter_4

2.3.2. Analyzing design hierarchy..
Top module:  \axi_rr_arbiter_4
Removed 0 unused modules.

2.4. Executing PROC pass (convert processes to netlists).

2.4.1. Executing PROC_CLEAN pass (remove empty switches from decision trees).
Cleaned up 0 empty switches.

2.4.2. Executing PROC_RMDEAD pass (remove dead branches from decision trees).
Marked 1 switch rules as full_case in process $proc$/Users/Dilan/Projects/fabric-under-pressure/rtl/axi_rr_arbiter_4.sv:86$19 in module axi_rr_arbiter_4.
Marked 4 switch rules as full_case in process $proc$/Users/Dilan/Projects/fabric-under-pressure/rtl/axi_rr_arbiter_4.sv:65$4 in module axi_rr_arbiter_4.
Marked 17 switch rules as full_case in process $proc$/Users/Dilan/Projects/fabric-under-pressure/rtl/axi_rr_arbiter_4.sv:33$3 in module axi_rr_arbiter_4.
Removed a total of 0 dead cases.

2.4.3. Executing PROC_PRUNE pass (remove redundant assignments in processes).
Removed 4 redundant assignments.
Promoted 16 assignments to connections.

2.4.4. Executing PROC_INIT pass (extract init attributes).

2.4.5. Executing PROC_ARST pass (detect async resets in processes).
Found async reset \ARESETn in `\axi_rr_arbiter_4.$proc$/Users/Dilan/Projects/fabric-under-pressure/rtl/axi_rr_arbiter_4.sv:86$19'.

2.4.6. Executing PROC_ROM pass (convert switches to ROMs).
Converted 0 switches.
<suppressed ~21 debug messages>

2.4.7. Executing PROC_MUX pass (convert decision trees to multiplexers).
Creating decoders for process `\axi_rr_arbiter_4.$proc$/Users/Dilan/Projects/fabric-under-pressure/rtl/axi_rr_arbiter_4.sv:100$21'.
Creating decoders for process `\axi_rr_arbiter_4.$proc$/Users/Dilan/Projects/fabric-under-pressure/rtl/axi_rr_arbiter_4.sv:86$19'.
     1/4: $0\selected_q[1:0]
     2/4: $0\grant_valid_q[0:0]
     3/4: $0\grant_q[3:0]
     4/4: $0\pointer_q[1:0]
Creating decoders for process `\axi_rr_arbiter_4.$proc$/Users/Dilan/Projects/fabric-under-pressure/rtl/axi_rr_arbiter_4.sv:65$4'.
     1/20: $3\next_pointer$func$/Users/Dilan/Projects/fabric-under-pressure/rtl/axi_rr_arbiter_4.sv:74$2.$result[1:0]$18
     2/20: $3\next_pointer$func$/Users/Dilan/Projects/fabric-under-pressure/rtl/axi_rr_arbiter_4.sv:73$1.$result[1:0]$17
     3/20: $2\selected_d[1:0]
     4/20: $2\grant_valid_d[0:0]
     5/20: $2\grant_d[3:0]
     6/20: $2\selection_pointer[1:0]
     7/20: $2\next_pointer$func$/Users/Dilan/Projects/fabric-under-pressure/rtl/axi_rr_arbiter_4.sv:74$2.$result[1:0]$15
     8/20: $2\next_pointer$func$/Users/Dilan/Projects/fabric-under-pressure/rtl/axi_rr_arbiter_4.sv:74$2.source[1:0]$16
     9/20: $2\pointer_d[1:0]
    10/20: $2\next_pointer$func$/Users/Dilan/Projects/fabric-under-pressure/rtl/axi_rr_arbiter_4.sv:73$1.$result[1:0]$13
    11/20: $2\next_pointer$func$/Users/Dilan/Projects/fabric-under-pressure/rtl/axi_rr_arbiter_4.sv:73$1.source[1:0]$14
    12/20: $1\next_pointer$func$/Users/Dilan/Projects/fabric-under-pressure/rtl/axi_rr_arbiter_4.sv:74$2.source[1:0]$12
    13/20: $1\next_pointer$func$/Users/Dilan/Projects/fabric-under-pressure/rtl/axi_rr_arbiter_4.sv:74$2.$result[1:0]$11
    14/20: $1\next_pointer$func$/Users/Dilan/Projects/fabric-under-pressure/rtl/axi_rr_arbiter_4.sv:73$1.source[1:0]$10
    15/20: $1\next_pointer$func$/Users/Dilan/Projects/fabric-under-pressure/rtl/axi_rr_arbiter_4.sv:73$1.$result[1:0]$9
    16/20: $1\selection_pointer[1:0]
    17/20: $1\selected_d[1:0]
    18/20: $1\grant_valid_d[0:0]
    19/20: $1\grant_d[3:0]
    20/20: $1\pointer_d[1:0]
Creating decoders for process `\axi_rr_arbiter_4.$proc$/Users/Dilan/Projects/fabric-under-pressure/rtl/axi_rr_arbiter_4.sv:33$3'.
     1/51: $17\candidate_valid[0:0]
     2/51: $17\candidate_source[1:0]
     3/51: $17\candidate_grant[3:0]
     4/51: $16\candidate_valid[0:0]
     5/51: $16\candidate_source[1:0]
     6/51: $16\candidate_grant[3:0]
     7/51: $15\candidate_valid[0:0]
     8/51: $15\candidate_source[1:0]
     9/51: $15\candidate_grant[3:0]
    10/51: $14\candidate_valid[0:0]
    11/51: $14\candidate_source[1:0]
    12/51: $14\candidate_grant[3:0]
    13/51: $13\candidate_valid[0:0]
    14/51: $13\candidate_source[1:0]
    15/51: $13\candidate_grant[3:0]
    16/51: $12\candidate_valid[0:0]
    17/51: $12\candidate_source[1:0]
    18/51: $12\candidate_grant[3:0]
    19/51: $11\candidate_valid[0:0]
    20/51: $11\candidate_source[1:0]
    21/51: $11\candidate_grant[3:0]
    22/51: $10\candidate_valid[0:0]
    23/51: $10\candidate_source[1:0]
    24/51: $10\candidate_grant[3:0]
    25/51: $9\candidate_valid[0:0]
    26/51: $9\candidate_source[1:0]
    27/51: $9\candidate_grant[3:0]
    28/51: $8\candidate_valid[0:0]
    29/51: $8\candidate_source[1:0]
    30/51: $8\candidate_grant[3:0]
    31/51: $7\candidate_valid[0:0]
    32/51: $7\candidate_source[1:0]
    33/51: $7\candidate_grant[3:0]
    34/51: $6\candidate_valid[0:0]
    35/51: $6\candidate_source[1:0]
    36/51: $6\candidate_grant[3:0]
    37/51: $5\candidate_valid[0:0]
    38/51: $5\candidate_source[1:0]
    39/51: $5\candidate_grant[3:0]
    40/51: $4\candidate_valid[0:0]
    41/51: $4\candidate_source[1:0]
    42/51: $4\candidate_grant[3:0]
    43/51: $3\candidate_valid[0:0]
    44/51: $3\candidate_source[1:0]
    45/51: $3\candidate_grant[3:0]
    46/51: $2\candidate_valid[0:0]
    47/51: $2\candidate_source[1:0]
    48/51: $2\candidate_grant[3:0]
    49/51: $1\candidate_source[1:0]
    50/51: $1\candidate_valid[0:0]
    51/51: $1\candidate_grant[3:0]

2.4.8. Executing PROC_DLATCH pass (convert process syncs to latches).
No latch inferred for signal `\axi_rr_arbiter_4.\grant' from process `\axi_rr_arbiter_4.$proc$/Users/Dilan/Projects/fabric-under-pressure/rtl/axi_rr_arbiter_4.sv:100$21'.
No latch inferred for signal `\axi_rr_arbiter_4.\grant_valid' from process `\axi_rr_arbiter_4.$proc$/Users/Dilan/Projects/fabric-under-pressure/rtl/axi_rr_arbiter_4.sv:100$21'.
No latch inferred for signal `\axi_rr_arbiter_4.\selected_source' from process `\axi_rr_arbiter_4.$proc$/Users/Dilan/Projects/fabric-under-pressure/rtl/axi_rr_arbiter_4.sv:100$21'.
No latch inferred for signal `\axi_rr_arbiter_4.\pointer' from process `\axi_rr_arbiter_4.$proc$/Users/Dilan/Projects/fabric-under-pressure/rtl/axi_rr_arbiter_4.sv:100$21'.
No latch inferred for signal `\axi_rr_arbiter_4.\pointer_d' from process `\axi_rr_arbiter_4.$proc$/Users/Dilan/Projects/fabric-under-pressure/rtl/axi_rr_arbiter_4.sv:65$4'.
No latch inferred for signal `\axi_rr_arbiter_4.\grant_d' from process `\axi_rr_arbiter_4.$proc$/Users/Dilan/Projects/fabric-under-pressure/rtl/axi_rr_arbiter_4.sv:65$4'.
No latch inferred for signal `\axi_rr_arbiter_4.\grant_valid_d' from process `\axi_rr_arbiter_4.$proc$/Users/Dilan/Projects/fabric-under-pressure/rtl/axi_rr_arbiter_4.sv:65$4'.
No latch inferred for signal `\axi_rr_arbiter_4.\selected_d' from process `\axi_rr_arbiter_4.$proc$/Users/Dilan/Projects/fabric-under-pressure/rtl/axi_rr_arbiter_4.sv:65$4'.
No latch inferred for signal `\axi_rr_arbiter_4.\selection_pointer' from process `\axi_rr_arbiter_4.$proc$/Users/Dilan/Projects/fabric-under-pressure/rtl/axi_rr_arbiter_4.sv:65$4'.
No latch inferred for signal `\axi_rr_arbiter_4.\candidate_grant' from process `\axi_rr_arbiter_4.$proc$/Users/Dilan/Projects/fabric-under-pressure/rtl/axi_rr_arbiter_4.sv:33$3'.
No latch inferred for signal `\axi_rr_arbiter_4.\candidate_valid' from process `\axi_rr_arbiter_4.$proc$/Users/Dilan/Projects/fabric-under-pressure/rtl/axi_rr_arbiter_4.sv:33$3'.
No latch inferred for signal `\axi_rr_arbiter_4.\candidate_source' from process `\axi_rr_arbiter_4.$proc$/Users/Dilan/Projects/fabric-under-pressure/rtl/axi_rr_arbiter_4.sv:33$3'.

2.4.9. Executing PROC_DFF pass (convert process syncs to FFs).
Creating register for signal `\axi_rr_arbiter_4.\pointer_q' using process `\axi_rr_arbiter_4.$proc$/Users/Dilan/Projects/fabric-under-pressure/rtl/axi_rr_arbiter_4.sv:86$19'.
  created $adff cell `$procdff$932' with positive edge clock and positive level reset.
Creating register for signal `\axi_rr_arbiter_4.\grant_q' using process `\axi_rr_arbiter_4.$proc$/Users/Dilan/Projects/fabric-under-pressure/rtl/axi_rr_arbiter_4.sv:86$19'.
  created $adff cell `$procdff$937' with positive edge clock and positive level reset.
Creating register for signal `\axi_rr_arbiter_4.\grant_valid_q' using process `\axi_rr_arbiter_4.$proc$/Users/Dilan/Projects/fabric-under-pressure/rtl/axi_rr_arbiter_4.sv:86$19'.
  created $adff cell `$procdff$942' with positive edge clock and positive level reset.
Creating register for signal `\axi_rr_arbiter_4.\selected_q' using process `\axi_rr_arbiter_4.$proc$/Users/Dilan/Projects/fabric-under-pressure/rtl/axi_rr_arbiter_4.sv:86$19'.
  created $adff cell `$procdff$947' with positive edge clock and positive level reset.

2.4.10. Executing PROC_MEMWR pass (convert process memory writes to cells).

2.4.11. Executing PROC_CLEAN pass (remove empty switches from decision trees).
Removing empty process `axi_rr_arbiter_4.$proc$/Users/Dilan/Projects/fabric-under-pressure/rtl/axi_rr_arbiter_4.sv:100$21'.
Removing empty process `axi_rr_arbiter_4.$proc$/Users/Dilan/Projects/fabric-under-pressure/rtl/axi_rr_arbiter_4.sv:86$19'.
Found and cleaned up 4 empty switches in `\axi_rr_arbiter_4.$proc$/Users/Dilan/Projects/fabric-under-pressure/rtl/axi_rr_arbiter_4.sv:65$4'.
Removing empty process `axi_rr_arbiter_4.$proc$/Users/Dilan/Projects/fabric-under-pressure/rtl/axi_rr_arbiter_4.sv:65$4'.
Found and cleaned up 17 empty switches in `\axi_rr_arbiter_4.$proc$/Users/Dilan/Projects/fabric-under-pressure/rtl/axi_rr_arbiter_4.sv:33$3'.
Removing empty process `axi_rr_arbiter_4.$proc$/Users/Dilan/Projects/fabric-under-pressure/rtl/axi_rr_arbiter_4.sv:33$3'.
Cleaned up 21 empty switches.

2.4.12. Executing OPT_EXPR pass (perform const folding).
Optimizing module axi_rr_arbiter_4.
<suppressed ~37 debug messages>

2.5. Executing CHECK pass (checking for obvious problems).
Checking module axi_rr_arbiter_4...
Found and reported 0 problems.

2.6. Executing FLATTEN pass (flatten design).

2.7. Executing TRIBUF pass.

2.8. Executing DEMINOUT pass (demote inout ports to input or output).

2.9. Executing OPT_EXPR pass (perform const folding).
Optimizing module axi_rr_arbiter_4.

2.10. Executing CHECK pass (checking for obvious problems).
Checking module axi_rr_arbiter_4...
Found and reported 0 problems.

2.11. Executing OPT_CLEAN pass (remove unused cells and wires).
Finding unused cells or wires in module \axi_rr_arbiter_4..
Removed 17 unused cells and 272 unused wires.
<suppressed ~18 debug messages>

2.12. Executing OPT pass (performing simple optimizations).

2.12.1. Executing OPT_EXPR pass (perform const folding).
Optimizing module axi_rr_arbiter_4.

2.12.2. Executing OPT_MERGE pass (detect identical cells).
Finding identical cells in module `\axi_rr_arbiter_4'.
Computing hashes of 282 cells of `\axi_rr_arbiter_4'.
Finding duplicate cells in `\axi_rr_arbiter_4'.
Computing hashes of 201 cells of `\axi_rr_arbiter_4'.
Finding duplicate cells in `\axi_rr_arbiter_4'.
<suppressed ~243 debug messages>
Removed a total of 81 cells.

2.12.3. Executing OPT_MUXTREE pass (detect dead branches in mux trees).
Running muxtree optimizer on module \axi_rr_arbiter_4..
  Creating internal representation of mux trees.
  Evaluating internal representation of mux trees.
      Replacing known input bits on port A of cell $procmux$277: \grant_valid_q -> 1'1
  Analyzing evaluation results.
    dead port 1/2 on $mux $procmux$705.
    dead port 2/2 on $mux $procmux$697.
    dead port 1/2 on $mux $procmux$874.
    dead port 1/2 on $mux $procmux$695.
    dead port 1/2 on $mux $procmux$692.
    dead port 2/2 on $mux $procmux$684.
    dead port 1/2 on $mux $procmux$682.
    dead port 1/2 on $mux $procmux$679.
    dead port 2/2 on $mux $procmux$671.
    dead port 2/2 on $mux $procmux$865.
    dead port 1/2 on $mux $procmux$669.
    dead port 1/2 on $mux $procmux$666.
    dead port 1/2 on $mux $procmux$663.
    dead port 2/2 on $mux $procmux$655.
    dead port 1/2 on $mux $procmux$653.
    dead port 1/2 on $mux $procmux$650.
    dead port 1/2 on $mux $procmux$647.
    dead port 2/2 on $mux $procmux$640.
    dead port 1/2 on $mux $procmux$863.
    dead port 1/2 on $mux $procmux$638.
    dead port 1/2 on $mux $procmux$635.
    dead port 1/2 on $mux $procmux$632.
    dead port 2/2 on $mux $procmux$624.
    dead port 2/2 on $mux $procmux$618.
    dead port 2/2 on $mux $procmux$854.
    dead port 2/2 on $mux $procmux$612.
    dead port 2/2 on $mux $procmux$606.
    dead port 1/2 on $mux $procmux$852.
    dead port 1/2 on $mux $procmux$604.
    dead port 2/2 on $mux $procmux$597.
    dead port 1/2 on $mux $procmux$849.
    dead port 1/2 on $mux $procmux$595.
    dead port 2/2 on $mux $procmux$588.
    dead port 1/2 on $mux $procmux$586.
    dead port 2/2 on $mux $procmux$579.
    dead port 2/2 on $mux $procmux$840.
    dead port 1/2 on $mux $procmux$577.
    dead port 1/2 on $mux $procmux$574.
    dead port 2/2 on $mux $procmux$567.
    dead port 2/2 on $mux $procmux$903.
    dead port 1/2 on $mux $procmux$565.
    dead port 1/2 on $mux $procmux$562.
    dead port 2/2 on $mux $procmux$555.
    dead port 1/2 on $mux $procmux$838.
    dead port 1/2 on $mux $procmux$553.
    dead port 1/2 on $mux $procmux$550.
    dead port 2/2 on $mux $procmux$543.
    dead port 1/2 on $mux $procmux$835.
    dead port 1/2 on $mux $procmux$541.
    dead port 1/2 on $mux $procmux$538.
    dead port 1/2 on $mux $procmux$535.
    dead port 2/2 on $mux $procmux$528.
    dead port 1/2 on $mux $procmux$526.
    dead port 1/2 on $mux $procmux$523.
    dead port 1/2 on $mux $procmux$520.
    dead port 2/2 on $mux $procmux$513.
    dead port 2/2 on $mux $procmux$826.
    dead port 1/2 on $mux $procmux$511.
    dead port 1/2 on $mux $procmux$508.
    dead port 1/2 on $mux $procmux$505.
    dead port 1/2 on $mux $procmux$824.
    dead port 1/4 on $pmux $procmux$496.
    dead port 2/4 on $pmux $procmux$496.
    dead port 3/4 on $pmux $procmux$496.
    dead port 1/2 on $mux $procmux$821.
    dead port 2/2 on $mux $procmux$812.
    dead port 1/4 on $pmux $procmux$488.
    dead port 2/4 on $pmux $procmux$488.
    dead port 3/4 on $pmux $procmux$488.
    dead port 1/2 on $mux $procmux$810.
    dead port 1/2 on $mux $procmux$807.
    dead port 1/4 on $pmux $procmux$480.
    dead port 2/4 on $pmux $procmux$480.
    dead port 3/4 on $pmux $procmux$480.
    dead port 1/2 on $mux $procmux$804.
    dead port 2/2 on $mux $procmux$795.
    dead port 1/4 on $pmux $procmux$472.
    dead port 2/4 on $pmux $procmux$472.
    dead port 3/4 on $pmux $procmux$472.
    dead port 2/2 on $mux $procmux$895.
    dead port 1/2 on $mux $procmux$469.
    dead port 1/2 on $mux $procmux$793.
    dead port 1/2 on $mux $procmux$790.
    dead port 1/4 on $pmux $procmux$461.
    dead port 2/4 on $pmux $procmux$461.
    dead port 3/4 on $pmux $procmux$461.
    dead port 1/2 on $mux $procmux$787.
    dead port 1/2 on $mux $procmux$458.
    dead port 2/2 on $mux $procmux$778.
    dead port 1/4 on $pmux $procmux$450.
    dead port 2/4 on $pmux $procmux$450.
    dead port 3/4 on $pmux $procmux$450.
    dead port 1/2 on $mux $procmux$447.
    dead port 1/2 on $mux $procmux$776.
    dead port 1/2 on $mux $procmux$773.
    dead port 1/4 on $pmux $procmux$439.
    dead port 2/4 on $pmux $procmux$439.
    dead port 3/4 on $pmux $procmux$439.
    dead port 1/2 on $mux $procmux$770.
    dead port 1/2 on $mux $procmux$436.
    dead port 1/2 on $mux $procmux$433.
    dead port 2/2 on $mux $procmux$761.
    dead port 1/4 on $pmux $procmux$425.
    dead port 2/4 on $pmux $procmux$425.
    dead port 3/4 on $pmux $procmux$425.
    dead port 1/2 on $mux $procmux$422.
    dead port 1/2 on $mux $procmux$419.
    dead port 2/2 on $mux $procmux$754.
    dead port 1/4 on $pmux $procmux$411.
    dead port 2/4 on $pmux $procmux$411.
    dead port 3/4 on $pmux $procmux$411.
    dead port 2/2 on $mux $procmux$887.
    dead port 1/2 on $mux $procmux$408.
    dead port 1/2 on $mux $procmux$405.
    dead port 2/2 on $mux $procmux$747.
    dead port 1/4 on $pmux $procmux$397.
    dead port 2/4 on $pmux $procmux$397.
    dead port 3/4 on $pmux $procmux$397.
    dead port 1/2 on $mux $procmux$394.
    dead port 1/2 on $mux $procmux$391.
    dead port 1/2 on $mux $procmux$388.
    dead port 2/2 on $mux $procmux$740.
    dead port 1/4 on $pmux $procmux$380.
    dead port 2/4 on $pmux $procmux$380.
    dead port 3/4 on $pmux $procmux$380.
    dead port 1/2 on $mux $procmux$885.
    dead port 1/2 on $mux $procmux$377.
    dead port 1/2 on $mux $procmux$374.
    dead port 1/2 on $mux $procmux$371.
    dead port 1/2 on $mux $procmux$738.
    dead port 1/4 on $pmux $procmux$363.
    dead port 2/4 on $pmux $procmux$363.
    dead port 3/4 on $pmux $procmux$363.
    dead port 2/2 on $mux $procmux$730.
    dead port 1/2 on $mux $procmux$360.
    dead port 1/2 on $mux $procmux$357.
    dead port 1/2 on $mux $procmux$354.
    dead port 1/2 on $mux $procmux$728.
    dead port 2/2 on $mux $procmux$720.
    dead port 2/2 on $mux $procmux$876.
    dead port 1/2 on $mux $procmux$718.
    dead port 2/2 on $mux $procmux$309.
    dead port 2/2 on $mux $procmux$291.
    dead port 2/2 on $mux $procmux$285.
    dead port 2/2 on $mux $procmux$279.
    dead port 2/2 on $mux $procmux$273.
    dead port 2/2 on $mux $procmux$267.
    dead port 2/2 on $mux $procmux$265.
    dead port 2/2 on $mux $procmux$256.
    dead port 2/2 on $mux $procmux$254.
    dead port 2/2 on $mux $procmux$710.
    dead port 2/2 on $mux $procmux$911.
    dead port 1/2 on $mux $procmux$708.
Removed 153 multiplexer ports.
<suppressed ~539 debug messages>

2.12.4. Executing OPT_REDUCE pass (consolidate $*mux and $reduce_* inputs).
  Optimizing cells in module \axi_rr_arbiter_4.
Performed a total of 0 changes.

2.12.5. Executing OPT_MERGE pass (detect identical cells).
Finding identical cells in module `\axi_rr_arbiter_4'.
Computing hashes of 72 cells of `\axi_rr_arbiter_4'.
Finding duplicate cells in `\axi_rr_arbiter_4'.
Computing hashes of 70 cells of `\axi_rr_arbiter_4'.
Finding duplicate cells in `\axi_rr_arbiter_4'.
Computing hashes of 68 cells of `\axi_rr_arbiter_4'.
Finding duplicate cells in `\axi_rr_arbiter_4'.
Computing hashes of 66 cells of `\axi_rr_arbiter_4'.
Finding duplicate cells in `\axi_rr_arbiter_4'.
<suppressed ~18 debug messages>
Removed a total of 6 cells.

2.12.6. Executing OPT_DFF pass (perform DFF optimizations).

2.12.7. Executing OPT_CLEAN pass (remove unused cells and wires).
Finding unused cells or wires in module \axi_rr_arbiter_4..
Removed 0 unused cells and 215 unused wires.
<suppressed ~1 debug messages>

2.12.8. Executing OPT_EXPR pass (perform const folding).
Optimizing module axi_rr_arbiter_4.

2.12.9. Rerunning OPT passes. (Maybe there is more to do..)

2.12.10. Executing OPT_MUXTREE pass (detect dead branches in mux trees).
Running muxtree optimizer on module \axi_rr_arbiter_4..
  Creating internal representation of mux trees.
  Evaluating internal representation of mux trees.
  Analyzing evaluation results.
Removed 0 multiplexer ports.
<suppressed ~170 debug messages>

2.12.11. Executing OPT_REDUCE pass (consolidate $*mux and $reduce_* inputs).
  Optimizing cells in module \axi_rr_arbiter_4.
Performed a total of 0 changes.

2.12.12. Executing OPT_MERGE pass (detect identical cells).
Finding identical cells in module `\axi_rr_arbiter_4'.
Computing hashes of 66 cells of `\axi_rr_arbiter_4'.
Finding duplicate cells in `\axi_rr_arbiter_4'.
Removed a total of 0 cells.

2.12.13. Executing OPT_DFF pass (perform DFF optimizations).

2.12.14. Executing OPT_CLEAN pass (remove unused cells and wires).
Finding unused cells or wires in module \axi_rr_arbiter_4..

2.12.15. Executing OPT_EXPR pass (perform const folding).
Optimizing module axi_rr_arbiter_4.

2.12.16. Finished fast OPT passes. (There is nothing left to do.)

2.13. Executing FSM pass (extract and optimize FSM).

2.13.1. Executing FSM_DETECT pass (finding FSMs in design).
Not marking axi_rr_arbiter_4.selected_q as FSM state register:
    Register is connected to module port.
    Users of register don't seem to benefit from recoding.
Not marking axi_rr_arbiter_4.grant_q as FSM state register:
    Register is connected to module port.
    Users of register don't seem to benefit from recoding.
Not marking axi_rr_arbiter_4.pointer_q as FSM state register:
    Register is connected to module port.
    Users of register don't seem to benefit from recoding.

2.13.2. Executing FSM_EXTRACT pass (extracting FSM from design).

2.13.3. Executing FSM_OPT pass (simple optimizations of FSMs).

2.13.4. Executing OPT_CLEAN pass (remove unused cells and wires).
Finding unused cells or wires in module \axi_rr_arbiter_4..

2.13.5. Executing FSM_OPT pass (simple optimizations of FSMs).

2.13.6. Executing FSM_RECODE pass (re-assigning FSM state encoding).

2.13.7. Executing FSM_INFO pass (dumping all available information on FSM cells).

2.13.8. Executing FSM_MAP pass (mapping FSMs to basic logic).

2.14. Executing OPT pass (performing simple optimizations).

2.14.1. Executing OPT_EXPR pass (perform const folding).
Optimizing module axi_rr_arbiter_4.

2.14.2. Executing OPT_MERGE pass (detect identical cells).
Finding identical cells in module `\axi_rr_arbiter_4'.
Computing hashes of 66 cells of `\axi_rr_arbiter_4'.
Finding duplicate cells in `\axi_rr_arbiter_4'.
Removed a total of 0 cells.

2.14.3. Executing OPT_MUXTREE pass (detect dead branches in mux trees).
Running muxtree optimizer on module \axi_rr_arbiter_4..
  Creating internal representation of mux trees.
  Evaluating internal representation of mux trees.
  Analyzing evaluation results.
Removed 0 multiplexer ports.
<suppressed ~170 debug messages>

2.14.4. Executing OPT_REDUCE pass (consolidate $*mux and $reduce_* inputs).
  Optimizing cells in module \axi_rr_arbiter_4.
Performed a total of 0 changes.

2.14.5. Executing OPT_MERGE pass (detect identical cells).
Finding identical cells in module `\axi_rr_arbiter_4'.
Computing hashes of 66 cells of `\axi_rr_arbiter_4'.
Finding duplicate cells in `\axi_rr_arbiter_4'.
Removed a total of 0 cells.

2.14.6. Executing OPT_DFF pass (perform DFF optimizations).
Adding EN signal on $procdff$937 ($adff) from module axi_rr_arbiter_4 (D = \grant_d, Q = \grant_q).
Adding EN signal on $procdff$947 ($adff) from module axi_rr_arbiter_4 (D = \selected_d, Q = \selected_q).

2.14.7. Executing OPT_CLEAN pass (remove unused cells and wires).
Finding unused cells or wires in module \axi_rr_arbiter_4..

2.14.8. Executing OPT_EXPR pass (perform const folding).
Optimizing module axi_rr_arbiter_4.

2.14.9. Rerunning OPT passes. (Maybe there is more to do..)

2.14.10. Executing OPT_MUXTREE pass (detect dead branches in mux trees).
Running muxtree optimizer on module \axi_rr_arbiter_4..
  Creating internal representation of mux trees.
  Evaluating internal representation of mux trees.
  Analyzing evaluation results.
Removed 0 multiplexer ports.
<suppressed ~170 debug messages>

2.14.11. Executing OPT_REDUCE pass (consolidate $*mux and $reduce_* inputs).
  Optimizing cells in module \axi_rr_arbiter_4.
Performed a total of 0 changes.

2.14.12. Executing OPT_MERGE pass (detect identical cells).
Finding identical cells in module `\axi_rr_arbiter_4'.
Computing hashes of 68 cells of `\axi_rr_arbiter_4'.
Finding duplicate cells in `\axi_rr_arbiter_4'.
Computing hashes of 67 cells of `\axi_rr_arbiter_4'.
Finding duplicate cells in `\axi_rr_arbiter_4'.
<suppressed ~3 debug messages>
Removed a total of 1 cells.

2.14.13. Executing OPT_DFF pass (perform DFF optimizations).

2.14.14. Executing OPT_CLEAN pass (remove unused cells and wires).
Finding unused cells or wires in module \axi_rr_arbiter_4..
Removed 0 unused cells and 1 unused wires.
<suppressed ~1 debug messages>

2.14.15. Executing OPT_EXPR pass (perform const folding).
Optimizing module axi_rr_arbiter_4.

2.14.16. Rerunning OPT passes. (Maybe there is more to do..)

2.14.17. Executing OPT_MUXTREE pass (detect dead branches in mux trees).
Running muxtree optimizer on module \axi_rr_arbiter_4..
  Creating internal representation of mux trees.
  Evaluating internal representation of mux trees.
  Analyzing evaluation results.
Removed 0 multiplexer ports.
<suppressed ~170 debug messages>

2.14.18. Executing OPT_REDUCE pass (consolidate $*mux and $reduce_* inputs).
  Optimizing cells in module \axi_rr_arbiter_4.
Performed a total of 0 changes.

2.14.19. Executing OPT_MERGE pass (detect identical cells).
Finding identical cells in module `\axi_rr_arbiter_4'.
Computing hashes of 67 cells of `\axi_rr_arbiter_4'.
Finding duplicate cells in `\axi_rr_arbiter_4'.
Removed a total of 0 cells.

2.14.20. Executing OPT_DFF pass (perform DFF optimizations).

2.14.21. Executing OPT_CLEAN pass (remove unused cells and wires).
Finding unused cells or wires in module \axi_rr_arbiter_4..

2.14.22. Executing OPT_EXPR pass (perform const folding).
Optimizing module axi_rr_arbiter_4.

2.14.23. Finished fast OPT passes. (There is nothing left to do.)

2.15. Executing WREDUCE pass (reducing word size of cells).
Removed top 1 bits (of 2) from port B of cell axi_rr_arbiter_4.$procmux$263_CMP0 ($eq).
Removed top 1 bits (of 4) from mux cell axi_rr_arbiter_4.$procmux$385 ($mux).
Removed top 1 bits (of 4) from mux cell axi_rr_arbiter_4.$procmux$430 ($mux).
Removed top 1 bits (of 4) from mux cell axi_rr_arbiter_4.$procmux$466 ($mux).
Removed top 1 bits (of 2) from mux cell axi_rr_arbiter_4.$procmux$517 ($mux).
Removed top 2 bits (of 4) from mux cell axi_rr_arbiter_4.$procmux$532 ($mux).
Removed top 1 bits (of 2) from mux cell axi_rr_arbiter_4.$procmux$559 ($mux).
Removed top 2 bits (of 4) from mux cell axi_rr_arbiter_4.$procmux$571 ($mux).
Removed top 3 bits (of 4) from mux cell axi_rr_arbiter_4.$procmux$660 ($mux).
Removed top 1 bits (of 2) from port B of cell axi_rr_arbiter_4.$procmux$916_CMP0 ($eq).
Removed top 1 bits (of 4) from wire axi_rr_arbiter_4.$17\candidate_grant[3:0].
Removed top 1 bits (of 4) from wire axi_rr_arbiter_4.$16\candidate_grant[3:0].
Removed top 1 bits (of 4) from wire axi_rr_arbiter_4.$15\candidate_grant[3:0].
Removed top 1 bits (of 2) from wire axi_rr_arbiter_4.$13\candidate_source[1:0].
Removed top 2 bits (of 4) from wire axi_rr_arbiter_4.$13\candidate_grant[3:0].
Removed top 1 bits (of 2) from wire axi_rr_arbiter_4.$12\candidate_source[1:0].
Removed top 2 bits (of 4) from wire axi_rr_arbiter_4.$12\candidate_grant[3:0].
Removed top 3 bits (of 4) from wire axi_rr_arbiter_4.$9\candidate_grant[3:0].

2.16. Executing PEEPOPT pass (run peephole optimizers).

2.17. Executing OPT_CLEAN pass (remove unused cells and wires).
Finding unused cells or wires in module \axi_rr_arbiter_4..
Removed 0 unused cells and 8 unused wires.
<suppressed ~1 debug messages>

2.18. Executing SHARE pass (SAT-based resource sharing).

2.19. Executing TECHMAP pass (map to technology primitives).

2.19.1. Executing Verilog-2005 frontend: /Users/Dilan/eda/fabric-under-pressure/oss-cad-suite/libexec/../share/yosys/cmp2lut.v
Parsing Verilog input from `/Users/Dilan/eda/fabric-under-pressure/oss-cad-suite/libexec/../share/yosys/cmp2lut.v' to AST representation.
Generating RTLIL representation for module `\_90_lut_cmp_'.
Successfully finished Verilog frontend.

2.19.2. Continuing TECHMAP pass.
No more expansions possible.
<suppressed ~6 debug messages>

2.20. Executing OPT_EXPR pass (perform const folding).
Optimizing module axi_rr_arbiter_4.

2.21. Executing OPT_CLEAN pass (remove unused cells and wires).
Finding unused cells or wires in module \axi_rr_arbiter_4..

2.22. Executing TECHMAP pass (map to technology primitives).

2.22.1. Executing Verilog-2005 frontend: /Users/Dilan/eda/fabric-under-pressure/oss-cad-suite/libexec/../share/yosys/mul2dsp.v
Parsing Verilog input from `/Users/Dilan/eda/fabric-under-pressure/oss-cad-suite/libexec/../share/yosys/mul2dsp.v' to AST representation.
Generating RTLIL representation for module `\_80_mul'.
Generating RTLIL representation for module `\_90_soft_mul'.
Successfully finished Verilog frontend.

2.22.2. Continuing TECHMAP pass.
No more expansions possible.
<suppressed ~4 debug messages>

2.23. Executing TECHMAP pass (map to technology primitives).

2.23.1. Executing Verilog-2005 frontend: /Users/Dilan/eda/fabric-under-pressure/oss-cad-suite/libexec/../share/yosys/lattice/dsp_map_18x18.v
Parsing Verilog input from `/Users/Dilan/eda/fabric-under-pressure/oss-cad-suite/libexec/../share/yosys/lattice/dsp_map_18x18.v' to AST representation.
Generating RTLIL representation for module `$__MUL18X18'.
Successfully finished Verilog frontend.

2.23.2. Continuing TECHMAP pass.
No more expansions possible.
<suppressed ~3 debug messages>

2.24. Executing ALUMACC pass (create $alu and $macc cells).
Extracting $alu and $macc cells in module axi_rr_arbiter_4:
  created 0 $alu and 0 $macc cells.

2.25. Executing OPT pass (performing simple optimizations).

2.25.1. Executing OPT_EXPR pass (perform const folding).
Optimizing module axi_rr_arbiter_4.

2.25.2. Executing OPT_MERGE pass (detect identical cells).
Finding identical cells in module `\axi_rr_arbiter_4'.
Computing hashes of 67 cells of `\axi_rr_arbiter_4'.
Finding duplicate cells in `\axi_rr_arbiter_4'.
Removed a total of 0 cells.

2.25.3. Executing OPT_MUXTREE pass (detect dead branches in mux trees).
Running muxtree optimizer on module \axi_rr_arbiter_4..
  Creating internal representation of mux trees.
  Evaluating internal representation of mux trees.
  Analyzing evaluation results.
Removed 0 multiplexer ports.
<suppressed ~170 debug messages>

2.25.4. Executing OPT_REDUCE pass (consolidate $*mux and $reduce_* inputs).
  Optimizing cells in module \axi_rr_arbiter_4.
Performed a total of 0 changes.

2.25.5. Executing OPT_MERGE pass (detect identical cells).
Finding identical cells in module `\axi_rr_arbiter_4'.
Computing hashes of 67 cells of `\axi_rr_arbiter_4'.
Finding duplicate cells in `\axi_rr_arbiter_4'.
Computing hashes of 65 cells of `\axi_rr_arbiter_4'.
Finding duplicate cells in `\axi_rr_arbiter_4'.
<suppressed ~6 debug messages>
Removed a total of 2 cells.

2.25.6. Executing OPT_DFF pass (perform DFF optimizations).

2.25.7. Executing OPT_CLEAN pass (remove unused cells and wires).
Finding unused cells or wires in module \axi_rr_arbiter_4..
Removed 0 unused cells and 2 unused wires.
<suppressed ~1 debug messages>

2.25.8. Executing OPT_EXPR pass (perform const folding).
Optimizing module axi_rr_arbiter_4.

2.25.9. Rerunning OPT passes. (Maybe there is more to do..)

2.25.10. Executing OPT_MUXTREE pass (detect dead branches in mux trees).
Running muxtree optimizer on module \axi_rr_arbiter_4..
  Creating internal representation of mux trees.
  Evaluating internal representation of mux trees.
  Analyzing evaluation results.
Removed 0 multiplexer ports.
<suppressed ~174 debug messages>

2.25.11. Executing OPT_REDUCE pass (consolidate $*mux and $reduce_* inputs).
  Optimizing cells in module \axi_rr_arbiter_4.
Performed a total of 0 changes.

2.25.12. Executing OPT_MERGE pass (detect identical cells).
Finding identical cells in module `\axi_rr_arbiter_4'.
Computing hashes of 65 cells of `\axi_rr_arbiter_4'.
Finding duplicate cells in `\axi_rr_arbiter_4'.
Removed a total of 0 cells.

2.25.13. Executing OPT_DFF pass (perform DFF optimizations).

2.25.14. Executing OPT_CLEAN pass (remove unused cells and wires).
Finding unused cells or wires in module \axi_rr_arbiter_4..

2.25.15. Executing OPT_EXPR pass (perform const folding).
Optimizing module axi_rr_arbiter_4.

2.25.16. Finished fast OPT passes. (There is nothing left to do.)

2.26. Executing MEMORY pass.

2.26.1. Executing OPT_MEM pass (optimize memories).
Performed a total of 0 transformations.

2.26.2. Executing OPT_MEM_PRIORITY pass (removing unnecessary memory write priority relations).
Performed a total of 0 transformations.

2.26.3. Executing OPT_MEM_FEEDBACK pass (finding memory read-to-write feedback paths).

2.26.4. Executing MEMORY_BMUX2ROM pass (converting muxes to ROMs).

2.26.5. Executing MEMORY_DFF pass (merging $dff cells to $memrd).

2.26.6. Executing OPT_CLEAN pass (remove unused cells and wires).
Finding unused cells or wires in module \axi_rr_arbiter_4..

2.26.7. Executing MEMORY_SHARE pass (consolidating $memrd/$memwr cells).

2.26.8. Executing OPT_MEM_WIDEN pass (optimize memories where all ports are wide).
Performed a total of 0 transformations.

2.26.9. Executing OPT_CLEAN pass (remove unused cells and wires).
Finding unused cells or wires in module \axi_rr_arbiter_4..

2.26.10. Executing MEMORY_COLLECT pass (generating $mem cells).

2.27. Executing OPT_CLEAN pass (remove unused cells and wires).
Finding unused cells or wires in module \axi_rr_arbiter_4..

2.28. Executing MEMORY_LIBMAP pass (mapping memories to cells).

2.29. Executing TECHMAP pass (map to technology primitives).

2.29.1. Executing Verilog-2005 frontend: /Users/Dilan/eda/fabric-under-pressure/oss-cad-suite/libexec/../share/yosys/lattice/lutrams_map_trellis.v
Parsing Verilog input from `/Users/Dilan/eda/fabric-under-pressure/oss-cad-suite/libexec/../share/yosys/lattice/lutrams_map_trellis.v' to AST representation.
Generating RTLIL representation for module `$__TRELLIS_DPR16X4_'.
Successfully finished Verilog frontend.

2.29.2. Executing Verilog-2005 frontend: /Users/Dilan/eda/fabric-under-pressure/oss-cad-suite/libexec/../share/yosys/lattice/brams_map_16kd.v
Parsing Verilog input from `/Users/Dilan/eda/fabric-under-pressure/oss-cad-suite/libexec/../share/yosys/lattice/brams_map_16kd.v' to AST representation.
Generating RTLIL representation for module `$__DP16KD_'.
Generating RTLIL representation for module `$__PDPW16KD_'.
Successfully finished Verilog frontend.

2.29.3. Continuing TECHMAP pass.
No more expansions possible.
<suppressed ~5 debug messages>

2.30. Executing OPT pass (performing simple optimizations).

2.30.1. Executing OPT_EXPR pass (perform const folding).
Optimizing module axi_rr_arbiter_4.
<suppressed ~8 debug messages>

2.30.2. Executing OPT_MERGE pass (detect identical cells).
Finding identical cells in module `\axi_rr_arbiter_4'.
Computing hashes of 57 cells of `\axi_rr_arbiter_4'.
Finding duplicate cells in `\axi_rr_arbiter_4'.
Removed a total of 0 cells.

2.30.3. Executing OPT_DFF pass (perform DFF optimizations).

2.30.4. Executing OPT_CLEAN pass (remove unused cells and wires).
Finding unused cells or wires in module \axi_rr_arbiter_4..
Removed 0 unused cells and 6 unused wires.
<suppressed ~1 debug messages>

2.30.5. Finished fast OPT passes.

2.31. Executing MEMORY_MAP pass (converting memories to logic and flip-flops).

2.32. Executing OPT pass (performing simple optimizations).

2.32.1. Executing OPT_EXPR pass (perform const folding).
Optimizing module axi_rr_arbiter_4.

2.32.2. Executing OPT_MERGE pass (detect identical cells).
Finding identical cells in module `\axi_rr_arbiter_4'.
Computing hashes of 57 cells of `\axi_rr_arbiter_4'.
Finding duplicate cells in `\axi_rr_arbiter_4'.
Removed a total of 0 cells.

2.32.3. Executing OPT_MUXTREE pass (detect dead branches in mux trees).
Running muxtree optimizer on module \axi_rr_arbiter_4..
  Creating internal representation of mux trees.
  Evaluating internal representation of mux trees.
  Analyzing evaluation results.
Removed 0 multiplexer ports.
<suppressed ~84 debug messages>

2.32.4. Executing OPT_REDUCE pass (consolidate $*mux and $reduce_* inputs).
  Optimizing cells in module \axi_rr_arbiter_4.
    Consolidated identical input bits for $mux cell $procmux$385:
      Old ports: A=3'000, B=3'100, Y=$17\candidate_grant[3:0]
      New ports: A=1'0, B=1'1, Y=$17\candidate_grant[3:0] [2]
      New connections: $17\candidate_grant[3:0] [1:0] = 2'00
    Consolidated identical input bits for $mux cell $procmux$368:
      Old ports: A=2'00, B=2'10, Y=$17\candidate_source[1:0]
      New ports: A=1'0, B=1'1, Y=$17\candidate_source[1:0] [1]
      New connections: $17\candidate_source[1:0] [0] = 1'0
    Consolidated identical input bits for $mux cell $procmux$702:
      Old ports: A={ 3'000 \request [0] }, B=4'1000, Y=$8\candidate_grant[3:0]
      New ports: A={ 1'0 \request [0] }, B=2'10, Y={ $8\candidate_grant[3:0] [3] $8\candidate_grant[3:0] [0] }
      New connections: $8\candidate_grant[3:0] [2:1] = 2'00
    Consolidated identical input bits for $mux cell $procmux$532:
      Old ports: A=2'00, B=2'10, Y=$13\candidate_grant[3:0]
      New ports: A=1'0, B=1'1, Y=$13\candidate_grant[3:0] [1]
      New connections: $13\candidate_grant[3:0] [0] = 1'0
    Consolidated identical input bits for $mux cell $procmux$601:
      Old ports: A={ 2'00 $12\candidate_grant[3:0] }, B=4'1000, Y=$11\candidate_grant[3:0]
      New ports: A={ 1'0 $12\candidate_grant[3:0] }, B=3'100, Y={ $11\candidate_grant[3:0] [3] $11\candidate_grant[3:0] [1:0] }
      New connections: $11\candidate_grant[3:0] [2] = 1'0
    Consolidated identical input bits for $mux cell $procmux$689:
      Old ports: A=2'00, B=2'11, Y=$5\candidate_source[1:0]
      New ports: A=1'0, B=1'1, Y=$5\candidate_source[1:0] [0]
      New connections: $5\candidate_source[1:0] [1] = $5\candidate_source[1:0] [0]
    Consolidated identical input bits for $mux cell $procmux$801:
      Old ports: A=4'0000, B=4'1000, Y=$5\candidate_grant[3:0]
      New ports: A=1'0, B=1'1, Y=$5\candidate_grant[3:0] [3]
      New connections: $5\candidate_grant[3:0] [2:0] = 3'000
  Optimizing cells in module \axi_rr_arbiter_4.
    Consolidated identical input bits for $mux cell $procmux$735:
      Old ports: A=$8\candidate_grant[3:0], B=4'0100, Y=$7\candidate_grant[3:0]
      New ports: A={ $8\candidate_grant[3:0] [3] 1'0 $8\candidate_grant[3:0] [0] }, B=3'010, Y={ $7\candidate_grant[3:0] [3:2] $7\candidate_grant[3:0] [0] }
      New connections: $7\candidate_grant[3:0] [1] = 1'0
    Consolidated identical input bits for $mux cell $procmux$846:
      Old ports: A=$5\candidate_grant[3:0], B=4'0100, Y=$4\candidate_grant[3:0]
      New ports: A={ $5\candidate_grant[3:0] [3] 1'0 }, B=2'01, Y=$4\candidate_grant[3:0] [3:2]
      New connections: $4\candidate_grant[3:0] [1:0] = 2'00
    Consolidated identical input bits for $mux cell $procmux$430:
      Old ports: A=$17\candidate_grant[3:0], B=3'010, Y=$16\candidate_grant[3:0]
      New ports: A={ $17\candidate_grant[3:0] [2] 1'0 }, B=2'01, Y=$16\candidate_grant[3:0] [2:1]
      New connections: $16\candidate_grant[3:0] [0] = 1'0
  Optimizing cells in module \axi_rr_arbiter_4.
    Consolidated identical input bits for $mux cell $procmux$882:
      Old ports: A=$4\candidate_grant[3:0], B=4'0010, Y=$3\candidate_grant[3:0]
      New ports: A={ $4\candidate_grant[3:0] [3:2] 1'0 }, B=3'001, Y=$3\candidate_grant[3:0] [3:1]
      New connections: $3\candidate_grant[3:0] [0] = 1'0
  Optimizing cells in module \axi_rr_arbiter_4.
Performed a total of 11 changes.

2.32.5. Executing OPT_MERGE pass (detect identical cells).
Finding identical cells in module `\axi_rr_arbiter_4'.
Computing hashes of 57 cells of `\axi_rr_arbiter_4'.
Finding duplicate cells in `\axi_rr_arbiter_4'.
Computing hashes of 55 cells of `\axi_rr_arbiter_4'.
Finding duplicate cells in `\axi_rr_arbiter_4'.
Computing hashes of 54 cells of `\axi_rr_arbiter_4'.
Finding duplicate cells in `\axi_rr_arbiter_4'.
<suppressed ~9 debug messages>
Removed a total of 3 cells.

2.32.6. Executing OPT_DFF pass (perform DFF optimizations).

2.32.7. Executing OPT_CLEAN pass (remove unused cells and wires).
Finding unused cells or wires in module \axi_rr_arbiter_4..
Removed 0 unused cells and 3 unused wires.
<suppressed ~1 debug messages>

2.32.8. Executing OPT_EXPR pass (perform const folding).
Optimizing module axi_rr_arbiter_4.
<suppressed ~3 debug messages>

2.32.9. Rerunning OPT passes. (Maybe there is more to do..)

2.32.10. Executing OPT_MUXTREE pass (detect dead branches in mux trees).
Running muxtree optimizer on module \axi_rr_arbiter_4..
  Creating internal representation of mux trees.
  Evaluating internal representation of mux trees.
  Analyzing evaluation results.
Removed 0 multiplexer ports.
<suppressed ~79 debug messages>

2.32.11. Executing OPT_REDUCE pass (consolidate $*mux and $reduce_* inputs).
  Optimizing cells in module \axi_rr_arbiter_4.
Performed a total of 0 changes.

2.32.12. Executing OPT_MERGE pass (detect identical cells).
Finding identical cells in module `\axi_rr_arbiter_4'.
Computing hashes of 51 cells of `\axi_rr_arbiter_4'.
Finding duplicate cells in `\axi_rr_arbiter_4'.
Removed a total of 0 cells.

2.32.13. Executing OPT_DFF pass (perform DFF optimizations).

2.32.14. Executing OPT_CLEAN pass (remove unused cells and wires).
Finding unused cells or wires in module \axi_rr_arbiter_4..
Removed 0 unused cells and 3 unused wires.
<suppressed ~1 debug messages>

2.32.15. Executing OPT_EXPR pass (perform const folding).
Optimizing module axi_rr_arbiter_4.

2.32.16. Rerunning OPT passes. (Maybe there is more to do..)

2.32.17. Executing OPT_MUXTREE pass (detect dead branches in mux trees).
Running muxtree optimizer on module \axi_rr_arbiter_4..
  Creating internal representation of mux trees.
  Evaluating internal representation of mux trees.
  Analyzing evaluation results.
Removed 0 multiplexer ports.
<suppressed ~79 debug messages>

2.32.18. Executing OPT_REDUCE pass (consolidate $*mux and $reduce_* inputs).
  Optimizing cells in module \axi_rr_arbiter_4.
Performed a total of 0 changes.

2.32.19. Executing OPT_MERGE pass (detect identical cells).
Finding identical cells in module `\axi_rr_arbiter_4'.
Computing hashes of 51 cells of `\axi_rr_arbiter_4'.
Finding duplicate cells in `\axi_rr_arbiter_4'.
Removed a total of 0 cells.

2.32.20. Executing OPT_DFF pass (perform DFF optimizations).

2.32.21. Executing OPT_CLEAN pass (remove unused cells and wires).
Finding unused cells or wires in module \axi_rr_arbiter_4..

2.32.22. Executing OPT_EXPR pass (perform const folding).
Optimizing module axi_rr_arbiter_4.

2.32.23. Finished fast OPT passes. (There is nothing left to do.)

2.33. Executing TECHMAP pass (map to technology primitives).

2.33.1. Executing Verilog-2005 frontend: /Users/Dilan/eda/fabric-under-pressure/oss-cad-suite/libexec/../share/yosys/techmap.v
Parsing Verilog input from `/Users/Dilan/eda/fabric-under-pressure/oss-cad-suite/libexec/../share/yosys/techmap.v' to AST representation.
Generating RTLIL representation for module `\_90_simplemap_bool_ops'.
Generating RTLIL representation for module `\_90_simplemap_reduce_ops'.
Generating RTLIL representation for module `\_90_simplemap_logic_ops'.
Generating RTLIL representation for module `\_90_simplemap_compare_ops'.
Generating RTLIL representation for module `\_90_simplemap_various'.
Generating RTLIL representation for module `\_90_simplemap_registers'.
Generating RTLIL representation for module `\_90_shift_ops_shr_shl_sshl_sshr'.
Generating RTLIL representation for module `\_90_shift_shiftx'.
Generating RTLIL representation for module `\_90_fa'.
Generating RTLIL representation for module `\_90_lcu_brent_kung'.
Generating RTLIL representation for module `\_90_alu'.
Generating RTLIL representation for module `\_90_macc'.
Generating RTLIL representation for module `\_90_alumacc'.
Generating RTLIL representation for module `$__div_mod_u'.
Generating RTLIL representation for module `$__div_mod_trunc'.
Generating RTLIL representation for module `\_90_div'.
Generating RTLIL representation for module `\_90_mod'.
Generating RTLIL representation for module `$__div_mod_floor'.
Generating RTLIL representation for module `\_90_divfloor'.
Generating RTLIL representation for module `\_90_modfloor'.
Generating RTLIL representation for module `\_90_pow'.
Generating RTLIL representation for module `\_90_demux'.
Generating RTLIL representation for module `\_90_lut'.
Generating RTLIL representation for module `$connect'.
Generating RTLIL representation for module `$input_port'.
Successfully finished Verilog frontend.

2.33.2. Executing Verilog-2005 frontend: /Users/Dilan/eda/fabric-under-pressure/oss-cad-suite/libexec/../share/yosys/lattice/arith_map_ccu2c.v
Parsing Verilog input from `/Users/Dilan/eda/fabric-under-pressure/oss-cad-suite/libexec/../share/yosys/lattice/arith_map_ccu2c.v' to AST representation.
Generating RTLIL representation for module `\_80_ccu2c_alu'.
Successfully finished Verilog frontend.

2.33.3. Continuing TECHMAP pass.
Using extmapper simplemap for cells of type $ne.
Using extmapper simplemap for cells of type $adffe.
Using extmapper simplemap for cells of type $eq.
Using extmapper simplemap for cells of type $pmux.
Using extmapper simplemap for cells of type $logic_not.
Using extmapper simplemap for cells of type $mux.
Using extmapper simplemap for cells of type $adff.
No more expansions possible.
<suppressed ~128 debug messages>

2.34. Executing OPT pass (performing simple optimizations).

2.34.1. Executing OPT_EXPR pass (perform const folding).
Optimizing module axi_rr_arbiter_4.
<suppressed ~31 debug messages>

2.34.2. Executing OPT_MERGE pass (detect identical cells).
Finding identical cells in module `\axi_rr_arbiter_4'.
Computing hashes of 137 cells of `\axi_rr_arbiter_4'.
Finding duplicate cells in `\axi_rr_arbiter_4'.
Computing hashes of 120 cells of `\axi_rr_arbiter_4'.
Finding duplicate cells in `\axi_rr_arbiter_4'.
Computing hashes of 113 cells of `\axi_rr_arbiter_4'.
Finding duplicate cells in `\axi_rr_arbiter_4'.
<suppressed ~72 debug messages>
Removed a total of 24 cells.

2.34.3. Executing OPT_DFF pass (perform DFF optimizations).

2.34.4. Executing OPT_CLEAN pass (remove unused cells and wires).
Finding unused cells or wires in module \axi_rr_arbiter_4..
Removed 0 unused cells and 30 unused wires.
<suppressed ~1 debug messages>

2.34.5. Finished fast OPT passes.

2.35. Executing OPT_CLEAN pass (remove unused cells and wires).
Finding unused cells or wires in module \axi_rr_arbiter_4..

2.36. Executing DFFLEGALIZE pass (convert FFs and LATCHes to types supported by the target).

2.37. Executing OPT_MERGE pass (detect identical cells).
Finding identical cells in module `\axi_rr_arbiter_4'.
Computing hashes of 122 cells of `\axi_rr_arbiter_4'.
Finding duplicate cells in `\axi_rr_arbiter_4'.
Computing hashes of 114 cells of `\axi_rr_arbiter_4'.
Finding duplicate cells in `\axi_rr_arbiter_4'.
<suppressed ~24 debug messages>
Removed a total of 8 cells.

2.38. Executing TECHMAP pass (map to technology primitives).

2.38.1. Executing Verilog-2005 frontend: /Users/Dilan/eda/fabric-under-pressure/oss-cad-suite/libexec/../share/yosys/lattice/cells_map_trellis.v
Parsing Verilog input from `/Users/Dilan/eda/fabric-under-pressure/oss-cad-suite/libexec/../share/yosys/lattice/cells_map_trellis.v' to AST representation.
Generating RTLIL representation for module `$_DFF_N_'.
Generating RTLIL representation for module `$_DFF_P_'.
Generating RTLIL representation for module `$_DFFE_NN_'.
Generating RTLIL representation for module `$_DFFE_PN_'.
Generating RTLIL representation for module `$_DFFE_NP_'.
Generating RTLIL representation for module `$_DFFE_PP_'.
Generating RTLIL representation for module `$_DFF_NP0_'.
Generating RTLIL representation for module `$_DFF_NP1_'.
Generating RTLIL representation for module `$_DFF_PP0_'.
Generating RTLIL representation for module `$_DFF_PP1_'.
Generating RTLIL representation for module `$_SDFF_NP0_'.
Generating RTLIL representation for module `$_SDFF_NP1_'.
Generating RTLIL representation for module `$_SDFF_PP0_'.
Generating RTLIL representation for module `$_SDFF_PP1_'.
Generating RTLIL representation for module `$_DFFE_NP0P_'.
Generating RTLIL representation for module `$_DFFE_NP1P_'.
Generating RTLIL representation for module `$_DFFE_PP0P_'.
Generating RTLIL representation for module `$_DFFE_PP1P_'.
Generating RTLIL representation for module `$_DFFE_NP0N_'.
Generating RTLIL representation for module `$_DFFE_NP1N_'.
Generating RTLIL representation for module `$_DFFE_PP0N_'.
Generating RTLIL representation for module `$_DFFE_PP1N_'.
Generating RTLIL representation for module `$_SDFFE_NP0P_'.
Generating RTLIL representation for module `$_SDFFE_NP1P_'.
Generating RTLIL representation for module `$_SDFFE_PP0P_'.
Generating RTLIL representation for module `$_SDFFE_PP1P_'.
Generating RTLIL representation for module `$_SDFFE_NP0N_'.
Generating RTLIL representation for module `$_SDFFE_NP1N_'.
Generating RTLIL representation for module `$_SDFFE_PP0N_'.
Generating RTLIL representation for module `$_SDFFE_PP1N_'.
Generating RTLIL representation for module `$_ALDFF_NP_'.
Generating RTLIL representation for module `$_ALDFF_PP_'.
Generating RTLIL representation for module `$_ALDFFE_NPN_'.
Generating RTLIL representation for module `$_ALDFFE_NPP_'.
Generating RTLIL representation for module `$_ALDFFE_PPN_'.
Generating RTLIL representation for module `$_ALDFFE_PPP_'.
Generating RTLIL representation for module `\FD1P3AX'.
Generating RTLIL representation for module `\FD1P3AY'.
Generating RTLIL representation for module `\FD1P3BX'.
Generating RTLIL representation for module `\FD1P3DX'.
Generating RTLIL representation for module `\FD1P3IX'.
Generating RTLIL representation for module `\FD1P3JX'.
Generating RTLIL representation for module `\FD1S3AX'.
Generating RTLIL representation for module `\FD1S3AY'.
Generating RTLIL representation for module `\FD1S3BX'.
Generating RTLIL representation for module `\FD1S3DX'.
Generating RTLIL representation for module `\FD1S3IX'.
Generating RTLIL representation for module `\FD1S3JX'.
Generating RTLIL representation for module `\IFS1P3BX'.
Generating RTLIL representation for module `\IFS1P3DX'.
Generating RTLIL representation for module `\IFS1P3IX'.
Generating RTLIL representation for module `\IFS1P3JX'.
Generating RTLIL representation for module `\OFS1P3BX'.
Generating RTLIL representation for module `\OFS1P3DX'.
Generating RTLIL representation for module `\OFS1P3IX'.
Generating RTLIL representation for module `\OFS1P3JX'.
Generating RTLIL representation for module `\IB'.
Generating RTLIL representation for module `\IBPU'.
Generating RTLIL representation for module `\IBPD'.
Generating RTLIL representation for module `\OB'.
Generating RTLIL representation for module `\OBZ'.
Generating RTLIL representation for module `\OBZPU'.
Generating RTLIL representation for module `\OBZPD'.
Generating RTLIL representation for module `\OBCO'.
Generating RTLIL representation for module `\BB'.
Generating RTLIL representation for module `\BBPU'.
Generating RTLIL representation for module `\BBPD'.
Generating RTLIL representation for module `\ILVDS'.
Generating RTLIL representation for module `\OLVDS'.
Successfully finished Verilog frontend.

2.38.2. Continuing TECHMAP pass.
Using template $_DFF_PP0_ for cells of type $_DFF_PP0_.
Using template $_DFFE_PP0P_ for cells of type $_DFFE_PP0P_.
No more expansions possible.
<suppressed ~80 debug messages>

2.39. Executing OPT_EXPR pass (perform const folding).
Optimizing module axi_rr_arbiter_4.

2.40. Executing SIMPLEMAP pass (map simple cells to gate primitives).

2.41. Executing LATTICE_GSR pass (implement FF init values).
Handling GSR in axi_rr_arbiter_4.

2.42. Executing ATTRMVCP pass (move or copy attributes).

2.43. Executing OPT_CLEAN pass (remove unused cells and wires).
Finding unused cells or wires in module \axi_rr_arbiter_4..
Removed 0 unused cells and 59 unused wires.
<suppressed ~1 debug messages>

2.44. Executing CHECK pass (checking for obvious problems).
Checking module axi_rr_arbiter_4...
Found and reported 0 problems.

2.45. Executing TECHMAP pass (map to technology primitives).

2.45.1. Executing Verilog-2005 frontend: /Users/Dilan/eda/fabric-under-pressure/oss-cad-suite/libexec/../share/yosys/lattice/latches_map.v
Parsing Verilog input from `/Users/Dilan/eda/fabric-under-pressure/oss-cad-suite/libexec/../share/yosys/lattice/latches_map.v' to AST representation.
Generating RTLIL representation for module `$_DLATCH_N_'.
Generating RTLIL representation for module `$_DLATCH_P_'.
Successfully finished Verilog frontend.

2.45.2. Continuing TECHMAP pass.
No more expansions possible.
<suppressed ~4 debug messages>

2.46. Executing ABC9 pass.

2.46.1. Executing ABC9_OPS pass (helper functions for ABC9).

2.46.2. Executing ABC9_OPS pass (helper functions for ABC9).

2.46.3. Executing PROC pass (convert processes to netlists).

2.46.3.1. Executing PROC_CLEAN pass (remove empty switches from decision trees).
Cleaned up 0 empty switches.

2.46.3.2. Executing PROC_RMDEAD pass (remove dead branches from decision trees).
Marked 1 switch rules as full_case in process $proc$/Users/Dilan/eda/fabric-under-pressure/oss-cad-suite/libexec/../share/yosys/lattice/common_sim.vh:282$1467 in module $paramod$37e41664cab9052a9b41c89036e0524f666a0fee\TRELLIS_FF.
Removed a total of 0 dead cases.

2.46.3.3. Executing PROC_PRUNE pass (remove redundant assignments in processes).
Removed 0 redundant assignments.
Promoted 1 assignment to connection.

2.46.3.4. Executing PROC_INIT pass (extract init attributes).
Found init rule in `$paramod$37e41664cab9052a9b41c89036e0524f666a0fee\TRELLIS_FF.$proc$/Users/Dilan/eda/fabric-under-pressure/oss-cad-suite/libexec/../share/yosys/lattice/common_sim.vh:278$1468'.
  Set init value: \Q = 1'0

2.46.3.5. Executing PROC_ARST pass (detect async resets in processes).
Found async reset \muxlsr in `$paramod$37e41664cab9052a9b41c89036e0524f666a0fee\TRELLIS_FF.$proc$/Users/Dilan/eda/fabric-under-pressure/oss-cad-suite/libexec/../share/yosys/lattice/common_sim.vh:282$1467'.

2.46.3.6. Executing PROC_ROM pass (convert switches to ROMs).
Converted 0 switches.
<suppressed ~1 debug messages>

2.46.3.7. Executing PROC_MUX pass (convert decision trees to multiplexers).
Creating decoders for process `$paramod$37e41664cab9052a9b41c89036e0524f666a0fee\TRELLIS_FF.$proc$/Users/Dilan/eda/fabric-under-pressure/oss-cad-suite/libexec/../share/yosys/lattice/common_sim.vh:278$1468'.
Creating decoders for process `$paramod$37e41664cab9052a9b41c89036e0524f666a0fee\TRELLIS_FF.$proc$/Users/Dilan/eda/fabric-under-pressure/oss-cad-suite/libexec/../share/yosys/lattice/common_sim.vh:282$1467'.
     1/1: $0\Q[0:0]

2.46.3.8. Executing PROC_DLATCH pass (convert process syncs to latches).

2.46.3.9. Executing PROC_DFF pass (convert process syncs to FFs).
Creating register for signal `$paramod$37e41664cab9052a9b41c89036e0524f666a0fee\TRELLIS_FF.\Q' using process `$paramod$37e41664cab9052a9b41c89036e0524f666a0fee\TRELLIS_FF.$proc$/Users/Dilan/eda/fabric-under-pressure/oss-cad-suite/libexec/../share/yosys/lattice/common_sim.vh:282$1467'.
  created $adff cell `$procdff$1473' with positive edge clock and positive level reset.

2.46.3.10. Executing PROC_MEMWR pass (convert process memory writes to cells).

2.46.3.11. Executing PROC_CLEAN pass (remove empty switches from decision trees).
Removing empty process `$paramod$37e41664cab9052a9b41c89036e0524f666a0fee\TRELLIS_FF.$proc$/Users/Dilan/eda/fabric-under-pressure/oss-cad-suite/libexec/../share/yosys/lattice/common_sim.vh:278$1468'.
Found and cleaned up 1 empty switch in `$paramod$37e41664cab9052a9b41c89036e0524f666a0fee\TRELLIS_FF.$proc$/Users/Dilan/eda/fabric-under-pressure/oss-cad-suite/libexec/../share/yosys/lattice/common_sim.vh:282$1467'.
Removing empty process `$paramod$37e41664cab9052a9b41c89036e0524f666a0fee\TRELLIS_FF.$proc$/Users/Dilan/eda/fabric-under-pressure/oss-cad-suite/libexec/../share/yosys/lattice/common_sim.vh:282$1467'.
Cleaned up 1 empty switch.

2.46.4. Executing PROC pass (convert processes to netlists).

2.46.4.1. Executing PROC_CLEAN pass (remove empty switches from decision trees).
Cleaned up 0 empty switches.

2.46.4.2. Executing PROC_RMDEAD pass (remove dead branches from decision trees).
Marked 1 switch rules as full_case in process $proc$/Users/Dilan/eda/fabric-under-pressure/oss-cad-suite/libexec/../share/yosys/lattice/common_sim.vh:282$1481 in module $paramod$68581f66a8fa831820fa7633bd24ba569ae9d7e3\TRELLIS_FF.
Removed a total of 0 dead cases.

2.46.4.3. Executing PROC_PRUNE pass (remove redundant assignments in processes).
Removed 0 redundant assignments.
Promoted 1 assignment to connection.

2.46.4.4. Executing PROC_INIT pass (extract init attributes).
Found init rule in `$paramod$68581f66a8fa831820fa7633bd24ba569ae9d7e3\TRELLIS_FF.$proc$/Users/Dilan/eda/fabric-under-pressure/oss-cad-suite/libexec/../share/yosys/lattice/common_sim.vh:278$1482'.
  Set init value: \Q = 1'0

2.46.4.5. Executing PROC_ARST pass (detect async resets in processes).
Found async reset \muxlsr in `$paramod$68581f66a8fa831820fa7633bd24ba569ae9d7e3\TRELLIS_FF.$proc$/Users/Dilan/eda/fabric-under-pressure/oss-cad-suite/libexec/../share/yosys/lattice/common_sim.vh:282$1481'.

2.46.4.6. Executing PROC_ROM pass (convert switches to ROMs).
Converted 0 switches.
<suppressed ~1 debug messages>

2.46.4.7. Executing PROC_MUX pass (convert decision trees to multiplexers).
Creating decoders for process `$paramod$68581f66a8fa831820fa7633bd24ba569ae9d7e3\TRELLIS_FF.$proc$/Users/Dilan/eda/fabric-under-pressure/oss-cad-suite/libexec/../share/yosys/lattice/common_sim.vh:278$1482'.
Creating decoders for process `$paramod$68581f66a8fa831820fa7633bd24ba569ae9d7e3\TRELLIS_FF.$proc$/Users/Dilan/eda/fabric-under-pressure/oss-cad-suite/libexec/../share/yosys/lattice/common_sim.vh:282$1481'.
     1/1: $0\Q[0:0]

2.46.4.8. Executing PROC_DLATCH pass (convert process syncs to latches).

2.46.4.9. Executing PROC_DFF pass (convert process syncs to FFs).
Creating register for signal `$paramod$68581f66a8fa831820fa7633bd24ba569ae9d7e3\TRELLIS_FF.\Q' using process `$paramod$68581f66a8fa831820fa7633bd24ba569ae9d7e3\TRELLIS_FF.$proc$/Users/Dilan/eda/fabric-under-pressure/oss-cad-suite/libexec/../share/yosys/lattice/common_sim.vh:282$1481'.
  created $adff cell `$procdff$1487' with positive edge clock and positive level reset.

2.46.4.10. Executing PROC_MEMWR pass (convert process memory writes to cells).

2.46.4.11. Executing PROC_CLEAN pass (remove empty switches from decision trees).
Removing empty process `$paramod$68581f66a8fa831820fa7633bd24ba569ae9d7e3\TRELLIS_FF.$proc$/Users/Dilan/eda/fabric-under-pressure/oss-cad-suite/libexec/../share/yosys/lattice/common_sim.vh:278$1482'.
Found and cleaned up 1 empty switch in `$paramod$68581f66a8fa831820fa7633bd24ba569ae9d7e3\TRELLIS_FF.$proc$/Users/Dilan/eda/fabric-under-pressure/oss-cad-suite/libexec/../share/yosys/lattice/common_sim.vh:282$1481'.
Removing empty process `$paramod$68581f66a8fa831820fa7633bd24ba569ae9d7e3\TRELLIS_FF.$proc$/Users/Dilan/eda/fabric-under-pressure/oss-cad-suite/libexec/../share/yosys/lattice/common_sim.vh:282$1481'.
Cleaned up 1 empty switch.

2.46.5. Executing SCC pass (detecting logic loops).
Found 0 SCCs in module axi_rr_arbiter_4.
Found 0 SCCs.

2.46.6. Executing ABC9_OPS pass (helper functions for ABC9).

2.46.7. Executing TECHMAP pass (map to technology primitives).

2.46.7.1. Executing Verilog-2005 frontend: /Users/Dilan/eda/fabric-under-pressure/oss-cad-suite/libexec/../share/yosys/techmap.v
Parsing Verilog input from `/Users/Dilan/eda/fabric-under-pressure/oss-cad-suite/libexec/../share/yosys/techmap.v' to AST representation.
Generating RTLIL representation for module `\_90_simplemap_bool_ops'.
Generating RTLIL representation for module `\_90_simplemap_reduce_ops'.
Generating RTLIL representation for module `\_90_simplemap_logic_ops'.
Generating RTLIL representation for module `\_90_simplemap_compare_ops'.
Generating RTLIL representation for module `\_90_simplemap_various'.
Generating RTLIL representation for module `\_90_simplemap_registers'.
Generating RTLIL representation for module `\_90_shift_ops_shr_shl_sshl_sshr'.
Generating RTLIL representation for module `\_90_shift_shiftx'.
Generating RTLIL representation for module `\_90_fa'.
Generating RTLIL representation for module `\_90_lcu_brent_kung'.
Generating RTLIL representation for module `\_90_alu'.
Generating RTLIL representation for module `\_90_macc'.
Generating RTLIL representation for module `\_90_alumacc'.
Generating RTLIL representation for module `$__div_mod_u'.
Generating RTLIL representation for module `$__div_mod_trunc'.
Generating RTLIL representation for module `\_90_div'.
Generating RTLIL representation for module `\_90_mod'.
Generating RTLIL representation for module `$__div_mod_floor'.
Generating RTLIL representation for module `\_90_divfloor'.
Generating RTLIL representation for module `\_90_modfloor'.
Generating RTLIL representation for module `\_90_pow'.
Generating RTLIL representation for module `\_90_demux'.
Generating RTLIL representation for module `\_90_lut'.
Generating RTLIL representation for module `$connect'.
Generating RTLIL representation for module `$input_port'.
Successfully finished Verilog frontend.

2.46.7.2. Continuing TECHMAP pass.
No more expansions possible.
<suppressed ~169 debug messages>

2.46.8. Executing OPT pass (performing simple optimizations).

2.46.8.1. Executing OPT_EXPR pass (perform const folding).
Optimizing module $paramod$37e41664cab9052a9b41c89036e0524f666a0fee\TRELLIS_FF.
Optimizing module $paramod$68581f66a8fa831820fa7633bd24ba569ae9d7e3\TRELLIS_FF.

2.46.8.2. Executing OPT_MERGE pass (detect identical cells).
Finding identical cells in module `$paramod$37e41664cab9052a9b41c89036e0524f666a0fee\TRELLIS_FF'.
Computing hashes of 2 cells of `$paramod$37e41664cab9052a9b41c89036e0524f666a0fee\TRELLIS_FF'.
Finding duplicate cells in `$paramod$37e41664cab9052a9b41c89036e0524f666a0fee\TRELLIS_FF'.
Finding identical cells in module `$paramod$68581f66a8fa831820fa7633bd24ba569ae9d7e3\TRELLIS_FF'.
Computing hashes of 2 cells of `$paramod$68581f66a8fa831820fa7633bd24ba569ae9d7e3\TRELLIS_FF'.
Finding duplicate cells in `$paramod$68581f66a8fa831820fa7633bd24ba569ae9d7e3\TRELLIS_FF'.
Removed a total of 0 cells.

2.46.8.3. Executing OPT_MUXTREE pass (detect dead branches in mux trees).
Running muxtree optimizer on module $paramod$37e41664cab9052a9b41c89036e0524f666a0fee\TRELLIS_FF..
  Creating internal representation of mux trees.
  No muxes found in this module.
Running muxtree optimizer on module $paramod$68581f66a8fa831820fa7633bd24ba569ae9d7e3\TRELLIS_FF..
  Creating internal representation of mux trees.
  No muxes found in this module.
Removed 0 multiplexer ports.

2.46.8.4. Executing OPT_REDUCE pass (consolidate $*mux and $reduce_* inputs).
  Optimizing cells in module $paramod$37e41664cab9052a9b41c89036e0524f666a0fee\TRELLIS_FF.
  Optimizing cells in module $paramod$68581f66a8fa831820fa7633bd24ba569ae9d7e3\TRELLIS_FF.
Performed a total of 0 changes.

2.46.8.5. Executing OPT_MERGE pass (detect identical cells).
Finding identical cells in module `$paramod$37e41664cab9052a9b41c89036e0524f666a0fee\TRELLIS_FF'.
Computing hashes of 2 cells of `$paramod$37e41664cab9052a9b41c89036e0524f666a0fee\TRELLIS_FF'.
Finding duplicate cells in `$paramod$37e41664cab9052a9b41c89036e0524f666a0fee\TRELLIS_FF'.
Finding identical cells in module `$paramod$68581f66a8fa831820fa7633bd24ba569ae9d7e3\TRELLIS_FF'.
Computing hashes of 2 cells of `$paramod$68581f66a8fa831820fa7633bd24ba569ae9d7e3\TRELLIS_FF'.
Finding duplicate cells in `$paramod$68581f66a8fa831820fa7633bd24ba569ae9d7e3\TRELLIS_FF'.
Removed a total of 0 cells.

2.46.8.6. Executing OPT_DFF pass (perform DFF optimizations).

2.46.8.7. Executing OPT_CLEAN pass (remove unused cells and wires).
Finding unused cells or wires in module $paramod$37e41664cab9052a9b41c89036e0524f666a0fee\TRELLIS_FF..
Finding unused cells or wires in module $paramod$68581f66a8fa831820fa7633bd24ba569ae9d7e3\TRELLIS_FF..

2.46.8.8. Executing OPT_EXPR pass (perform const folding).
Optimizing module $paramod$37e41664cab9052a9b41c89036e0524f666a0fee\TRELLIS_FF.
Optimizing module $paramod$68581f66a8fa831820fa7633bd24ba569ae9d7e3\TRELLIS_FF.

2.46.8.9. Finished fast OPT passes. (There is nothing left to do.)

2.46.9. Executing TECHMAP pass (map to technology primitives).

2.46.9.1. Executing Verilog-2005 frontend: /Users/Dilan/eda/fabric-under-pressure/oss-cad-suite/libexec/../share/yosys/abc9_map.v
Parsing Verilog input from `/Users/Dilan/eda/fabric-under-pressure/oss-cad-suite/libexec/../share/yosys/abc9_map.v' to AST representation.
Successfully finished Verilog frontend.

2.46.9.2. Continuing TECHMAP pass.
Using template $paramod$68581f66a8fa831820fa7633bd24ba569ae9d7e3\TRELLIS_FF for cells of type $paramod$68581f66a8fa831820fa7633bd24ba569ae9d7e3\TRELLIS_FF.
Using template $paramod$37e41664cab9052a9b41c89036e0524f666a0fee\TRELLIS_FF for cells of type $paramod$37e41664cab9052a9b41c89036e0524f666a0fee\TRELLIS_FF.
No more expansions possible.
<suppressed ~13 debug messages>

2.46.10. Executing Verilog-2005 frontend: /Users/Dilan/eda/fabric-under-pressure/oss-cad-suite/libexec/../share/yosys/abc9_model.v
Parsing Verilog input from `/Users/Dilan/eda/fabric-under-pressure/oss-cad-suite/libexec/../share/yosys/abc9_model.v' to AST representation.
Generating RTLIL representation for module `$__ABC9_DELAY'.
Generating RTLIL representation for module `$__ABC9_SCC_BREAKER'.
Generating RTLIL representation for module `$__DFF_N__$abc9_flop'.
Generating RTLIL representation for module `$__DFF_P__$abc9_flop'.
Successfully finished Verilog frontend.

2.46.11. Executing ABC9_OPS pass (helper functions for ABC9).
<suppressed ~2 debug messages>

2.46.12. Executing ABC9_OPS pass (helper functions for ABC9).

2.46.13. Executing ABC9_OPS pass (helper functions for ABC9).
<suppressed ~2 debug messages>

2.46.14. Executing TECHMAP pass (map to technology primitives).

2.46.14.1. Executing Verilog-2005 frontend: /Users/Dilan/eda/fabric-under-pressure/oss-cad-suite/libexec/../share/yosys/techmap.v
Parsing Verilog input from `/Users/Dilan/eda/fabric-under-pressure/oss-cad-suite/libexec/../share/yosys/techmap.v' to AST representation.
Generating RTLIL representation for module `\_90_simplemap_bool_ops'.
Generating RTLIL representation for module `\_90_simplemap_reduce_ops'.
Generating RTLIL representation for module `\_90_simplemap_logic_ops'.
Generating RTLIL representation for module `\_90_simplemap_compare_ops'.
Generating RTLIL representation for module `\_90_simplemap_various'.
Generating RTLIL representation for module `\_90_simplemap_registers'.
Generating RTLIL representation for module `\_90_shift_ops_shr_shl_sshl_sshr'.
Generating RTLIL representation for module `\_90_shift_shiftx'.
Generating RTLIL representation for module `\_90_fa'.
Generating RTLIL representation for module `\_90_lcu_brent_kung'.
Generating RTLIL representation for module `\_90_alu'.
Generating RTLIL representation for module `\_90_macc'.
Generating RTLIL representation for module `\_90_alumacc'.
Generating RTLIL representation for module `$__div_mod_u'.
Generating RTLIL representation for module `$__div_mod_trunc'.
Generating RTLIL representation for module `\_90_div'.
Generating RTLIL representation for module `\_90_mod'.
Generating RTLIL representation for module `$__div_mod_floor'.
Generating RTLIL representation for module `\_90_divfloor'.
Generating RTLIL representation for module `\_90_modfloor'.
Generating RTLIL representation for module `\_90_pow'.
Generating RTLIL representation for module `\_90_demux'.
Generating RTLIL representation for module `\_90_lut'.
Generating RTLIL representation for module `$connect'.
Generating RTLIL representation for module `$input_port'.
Successfully finished Verilog frontend.

2.46.14.2. Continuing TECHMAP pass.
No more expansions possible.
<suppressed ~173 debug messages>

2.46.15. Executing OPT pass (performing simple optimizations).

2.46.15.1. Executing OPT_EXPR pass (perform const folding).
Optimizing module axi_rr_arbiter_4.

2.46.15.2. Executing OPT_MERGE pass (detect identical cells).
Finding identical cells in module `\axi_rr_arbiter_4'.
Computing hashes of 0 cells of `\axi_rr_arbiter_4'.
Finding duplicate cells in `\axi_rr_arbiter_4'.
Removed a total of 0 cells.

2.46.15.3. Executing OPT_MUXTREE pass (detect dead branches in mux trees).
Running muxtree optimizer on module \axi_rr_arbiter_4..
  Creating internal representation of mux trees.
  No muxes found in this module.
Removed 0 multiplexer ports.

2.46.15.4. Executing OPT_REDUCE pass (consolidate $*mux and $reduce_* inputs).
  Optimizing cells in module \axi_rr_arbiter_4.
Performed a total of 0 changes.

2.46.15.5. Executing OPT_MERGE pass (detect identical cells).
Finding identical cells in module `\axi_rr_arbiter_4'.
Computing hashes of 0 cells of `\axi_rr_arbiter_4'.
Finding duplicate cells in `\axi_rr_arbiter_4'.
Removed a total of 0 cells.

2.46.15.6. Executing OPT_DFF pass (perform DFF optimizations).

2.46.15.7. Executing OPT_CLEAN pass (remove unused cells and wires).
Finding unused cells or wires in module \axi_rr_arbiter_4..

2.46.15.8. Executing OPT_EXPR pass (perform const folding).
Optimizing module axi_rr_arbiter_4.

2.46.15.9. Finished fast OPT passes. (There is nothing left to do.)

2.46.16. Executing AIGMAP pass (map logic to AIG).
Module axi_rr_arbiter_4: replaced 72 cells with 426 new cells, skipped 51 cells.
  replaced 2 cell types:
      46 $_MUX_
      26 $_OR_
  not replaced 6 cell types:
      21 $_AND_
      12 $_NOT_
       6 $paramod$37e41664cab9052a9b41c89036e0524f666a0fee\TRELLIS_FF
       3 $paramod$68581f66a8fa831820fa7633bd24ba569ae9d7e3\TRELLIS_FF
       6 $paramod$37e41664cab9052a9b41c89036e0524f666a0fee\TRELLIS_FF_$abc9_byp
       3 $paramod$68581f66a8fa831820fa7633bd24ba569ae9d7e3\TRELLIS_FF_$abc9_byp

2.46.16.1. Executing ABC9_OPS pass (helper functions for ABC9).

2.46.16.2. Executing ABC9_OPS pass (helper functions for ABC9).
Warning: Feature 'write_xaiger2' is experimental.

2.46.16.3. Executing XAIGER2 backend.
<suppressed ~46 debug messages>
Extracted 159 AND gates and 0 wires from module `axi_rr_arbiter_4' to a netlist network with 25 inputs and 60 outputs.

2.46.16.4. Executing ABC9_EXE pass (technology mapping using ABC9).

2.46.16.5. Executing ABC9.
Running ABC command: "<yosys-exe-dir>/yosys-abc" -s -f <abc-temp-dir>/abc.script 2>&1
ABC: ======== ABC command line "source <abc-temp-dir>/abc.script"
ABC: + read_lut <abc-temp-dir>/input.lut
ABC: + read_box <abc-temp-dir>/input.box
ABC: + &read <abc-temp-dir>/input.xaig
ABC: + &ps
ABC: <abc-temp-dir>/input : i/o =     16/     42  and =     125  lev =   18 (2.07)  mem = 0.00 MB  box = 9  bb = 9
ABC: + &scorr
ABC: Warning: The network is combinational.
ABC: + &sweep
ABC: + &dc2
ABC: + &dch -f -r
ABC: + &ps
ABC: <abc-temp-dir>/input : i/o =     16/     42  and =      80  lev =    9 (1.12)  mem = 0.00 MB  ch =   11  box = 9  bb = 9
ABC: cst =       0  cls =     11  lit =      11  unused =      83  proof =     0
ABC: + &if -W 300 -v
ABC: K = 7. Memory (bytes): Truth =    0. Cut =   76. Obj =  156. Set =  780. CutMin = no
ABC: Node =      80.  Ch =    11.  Total mem =    0.03 MB. Peak cut mem =    0.01 MB.
ABC: P:  Del = 1615.00.  Ar =      89.0.  Edge =      114.  Cut =      813.  T =     0.00 sec
ABC: P:  Del = 1615.00.  Ar =      89.0.  Edge =      114.  Cut =      812.  T =     0.00 sec
ABC: P:  Del = 1615.00.  Ar =      82.0.  Edge =      119.  Cut =     1810.  T =     0.00 sec
ABC: F:  Del = 1612.00.  Ar =      46.0.  Edge =       81.  Cut =      538.  T =     0.00 sec
ABC: A:  Del = 1612.00.  Ar =      46.0.  Edge =       78.  Cut =      770.  T =     0.00 sec
ABC: A:  Del = 1612.00.  Ar =      45.0.  Edge =       77.  Cut =      939.  T =     0.00 sec
ABC: Total time =     0.00 sec
ABC: + &write -n <abc-temp-dir>/output.aig
ABC: + &mfs
ABC: + &ps -l
ABC: <abc-temp-dir>/input : i/o =     16/     42  and =      66  lev =    9 (1.13)  mem = 0.00 MB  box = 9  bb = 9
ABC: Mapping (K=6)  :  lut =     14  edge =      59  lev =    3 (0.48)  levB =    4  mem = 0.00 MB
ABC: LUT = 14 : 2=3 21.4 %  3=1 7.1 %  4=4 28.6 %  5=2 14.3 %  6=4 28.6 %  Ave = 4.21
ABC: + &write -n <abc-temp-dir>/output.aig
ABC: + &verify
ABC: Networks are equivalent.  Time =     0.01 sec
ABC: + time
ABC: elapse: 0.02 seconds, total: 0.02 seconds

2.46.16.6. Executing AIGER frontend.
<suppressed ~10 debug messages>
Removed 111 unused cells and 174 unused wires.

2.46.16.7. Executing ABC_OPS_REINTEGRATE pass (reintegrate ABC mapped design into module).
ABC RESULTS:              $lut cells:       15
ABC RESULTS:   $paramod$37e41664cab9052a9b41c89036e0524f666a0fee\TRELLIS_FF_$abc9_byp cells:        6
ABC RESULTS:   $paramod$68581f66a8fa831820fa7633bd24ba569ae9d7e3\TRELLIS_FF_$abc9_byp cells:        3
ABC RESULTS:           input signals:       13
ABC RESULTS:          output signals:        4
<suppressed ~116 debug messages>
Removing temp directory.

2.46.17. Executing TECHMAP pass (map to technology primitives).

2.46.17.1. Executing Verilog-2005 frontend: /Users/Dilan/eda/fabric-under-pressure/oss-cad-suite/libexec/../share/yosys/abc9_unmap.v
Parsing Verilog input from `/Users/Dilan/eda/fabric-under-pressure/oss-cad-suite/libexec/../share/yosys/abc9_unmap.v' to AST representation.
Generating RTLIL representation for module `$__DFF_x__$abc9_flop'.
Generating RTLIL representation for module `$__ABC9_SCC_BREAKER'.
Successfully finished Verilog frontend.

2.46.17.2. Continuing TECHMAP pass.
Using template $paramod$68581f66a8fa831820fa7633bd24ba569ae9d7e3\TRELLIS_FF for cells of type $paramod$68581f66a8fa831820fa7633bd24ba569ae9d7e3\TRELLIS_FF.
Using template $paramod$37e41664cab9052a9b41c89036e0524f666a0fee\TRELLIS_FF for cells of type $paramod$37e41664cab9052a9b41c89036e0524f666a0fee\TRELLIS_FF.
Using template $paramod$68581f66a8fa831820fa7633bd24ba569ae9d7e3\TRELLIS_FF_$abc9_byp for cells of type $paramod$68581f66a8fa831820fa7633bd24ba569ae9d7e3\TRELLIS_FF_$abc9_byp.
Using template $paramod$37e41664cab9052a9b41c89036e0524f666a0fee\TRELLIS_FF_$abc9_byp for cells of type $paramod$37e41664cab9052a9b41c89036e0524f666a0fee\TRELLIS_FF_$abc9_byp.
No more expansions possible.
<suppressed ~27 debug messages>
Removed 2 unused cells and 188 unused wires.

2.47. Executing TECHMAP pass (map to technology primitives).

2.47.1. Executing Verilog-2005 frontend: /Users/Dilan/eda/fabric-under-pressure/oss-cad-suite/libexec/../share/yosys/lattice/cells_map_trellis.v
Parsing Verilog input from `/Users/Dilan/eda/fabric-under-pressure/oss-cad-suite/libexec/../share/yosys/lattice/cells_map_trellis.v' to AST representation.
Generating RTLIL representation for module `$_DFF_N_'.
Generating RTLIL representation for module `$_DFF_P_'.
Generating RTLIL representation for module `$_DFFE_NN_'.
Generating RTLIL representation for module `$_DFFE_PN_'.
Generating RTLIL representation for module `$_DFFE_NP_'.
Generating RTLIL representation for module `$_DFFE_PP_'.
Generating RTLIL representation for module `$_DFF_NP0_'.
Generating RTLIL representation for module `$_DFF_NP1_'.
Generating RTLIL representation for module `$_DFF_PP0_'.
Generating RTLIL representation for module `$_DFF_PP1_'.
Generating RTLIL representation for module `$_SDFF_NP0_'.
Generating RTLIL representation for module `$_SDFF_NP1_'.
Generating RTLIL representation for module `$_SDFF_PP0_'.
Generating RTLIL representation for module `$_SDFF_PP1_'.
Generating RTLIL representation for module `$_DFFE_NP0P_'.
Generating RTLIL representation for module `$_DFFE_NP1P_'.
Generating RTLIL representation for module `$_DFFE_PP0P_'.
Generating RTLIL representation for module `$_DFFE_PP1P_'.
Generating RTLIL representation for module `$_DFFE_NP0N_'.
Generating RTLIL representation for module `$_DFFE_NP1N_'.
Generating RTLIL representation for module `$_DFFE_PP0N_'.
Generating RTLIL representation for module `$_DFFE_PP1N_'.
Generating RTLIL representation for module `$_SDFFE_NP0P_'.
Generating RTLIL representation for module `$_SDFFE_NP1P_'.
Generating RTLIL representation for module `$_SDFFE_PP0P_'.
Generating RTLIL representation for module `$_SDFFE_PP1P_'.
Generating RTLIL representation for module `$_SDFFE_NP0N_'.
Generating RTLIL representation for module `$_SDFFE_NP1N_'.
Generating RTLIL representation for module `$_SDFFE_PP0N_'.
Generating RTLIL representation for module `$_SDFFE_PP1N_'.
Generating RTLIL representation for module `$_ALDFF_NP_'.
Generating RTLIL representation for module `$_ALDFF_PP_'.
Generating RTLIL representation for module `$_ALDFFE_NPN_'.
Generating RTLIL representation for module `$_ALDFFE_NPP_'.
Generating RTLIL representation for module `$_ALDFFE_PPN_'.
Generating RTLIL representation for module `$_ALDFFE_PPP_'.
Generating RTLIL representation for module `\FD1P3AX'.
Generating RTLIL representation for module `\FD1P3AY'.
Generating RTLIL representation for module `\FD1P3BX'.
Generating RTLIL representation for module `\FD1P3DX'.
Generating RTLIL representation for module `\FD1P3IX'.
Generating RTLIL representation for module `\FD1P3JX'.
Generating RTLIL representation for module `\FD1S3AX'.
Generating RTLIL representation for module `\FD1S3AY'.
Generating RTLIL representation for module `\FD1S3BX'.
Generating RTLIL representation for module `\FD1S3DX'.
Generating RTLIL representation for module `\FD1S3IX'.
Generating RTLIL representation for module `\FD1S3JX'.
Generating RTLIL representation for module `\IFS1P3BX'.
Generating RTLIL representation for module `\IFS1P3DX'.
Generating RTLIL representation for module `\IFS1P3IX'.
Generating RTLIL representation for module `\IFS1P3JX'.
Generating RTLIL representation for module `\OFS1P3BX'.
Generating RTLIL representation for module `\OFS1P3DX'.
Generating RTLIL representation for module `\OFS1P3IX'.
Generating RTLIL representation for module `\OFS1P3JX'.
Generating RTLIL representation for module `\IB'.
Generating RTLIL representation for module `\IBPU'.
Generating RTLIL representation for module `\IBPD'.
Generating RTLIL representation for module `\OB'.
Generating RTLIL representation for module `\OBZ'.
Generating RTLIL representation for module `\OBZPU'.
Generating RTLIL representation for module `\OBZPD'.
Generating RTLIL representation for module `\OBCO'.
Generating RTLIL representation for module `\BB'.
Generating RTLIL representation for module `\BBPU'.
Generating RTLIL representation for module `\BBPD'.
Generating RTLIL representation for module `\ILVDS'.
Generating RTLIL representation for module `\OLVDS'.
Generating RTLIL representation for module `$lut'.
Successfully finished Verilog frontend.

2.47.2. Continuing TECHMAP pass.
Using template $paramod$lut\WIDTH=32'00000000000000000000000000000010\LUT=4'1101 for cells of type $lut.
Using template $paramod$lut\WIDTH=32'00000000000000000000000000000010\LUT=4'0001 for cells of type $lut.
Using template $paramod$fe9a0158d0352193457c4f5b6282ac86d35fb3ee$lut for cells of type $lut.
Using template $paramod$lut\WIDTH=32'00000000000000000000000000000010\LUT=4'1000 for cells of type $lut.
Using template $paramod$fedd391a449986d2e33f6a45ba54951e3a4843dc$lut for cells of type $lut.
Using template $paramod$6abd4533a68961e9a1a4d52738c80d6a8dd9e130$lut for cells of type $lut.
Using template $paramod$31f0a66a4b242b524303bfb4ac95c05ad74158f8$lut for cells of type $lut.
Using template $paramod$7afef00ad909a78454eb95f5cdaf54295c0b64fe$lut for cells of type $lut.
Using template $paramod$lut\WIDTH=32'00000000000000000000000000000011\LUT=8'01010001 for cells of type $lut.
Using template $paramod$65527d34ce8e97018cc95e547a19ea973ec55058$lut for cells of type $lut.
Using template $paramod$43b1938f98331ebc73c4d3c1e011cae026a2b9b9$lut for cells of type $lut.
Using template $paramod$8444862cfde2e4a052f715896fc98cb7e7ace36d$lut for cells of type $lut.
Using template $paramod$d9f7ae8f089de185d06bca86c50b213a99a8e061$lut for cells of type $lut.
Using template $paramod$22016ad225758a633c699dd98ec66d78e44cd0a3$lut for cells of type $lut.
Using template $paramod$lut\WIDTH=32'00000000000000000000000000000001\LUT=2'01 for cells of type $lut.
No more expansions possible.
<suppressed ~252 debug messages>

2.48. Executing OPT_LUT_INS pass (discard unused LUT inputs).
Optimizing LUTs in axi_rr_arbiter_4.
  Optimizing lut $abc$4499$lut$aiger$o50.genblk1.genblk1.genblk1.genblk1.genblk1.genblk1.lut3 (4 -> 3)
  Optimizing lut $abc$4499$lut$aiger$o43.genblk1.genblk1.genblk1.genblk1.genblk1.genblk1.lut1 (4 -> 2)
  Optimizing lut $abc$4499$lut$aiger$o43.genblk1.genblk1.genblk1.genblk1.genblk1.genblk1.lut2 (4 -> 1)
  Optimizing lut $abc$4499$lut$aiger$o32.genblk1.genblk1.genblk1.genblk1.genblk1.genblk1.lut2 (4 -> 3)
  Optimizing lut $abc$4499$lut$aiger$o32.genblk1.genblk1.genblk1.genblk1.genblk1.genblk1.lut3 (4 -> 2)
  Optimizing lut $abc$4499$lut$aiger$o28.genblk1.genblk1.genblk1.genblk1.genblk1.genblk1.lut1 (4 -> 2)
  Optimizing lut $abc$4499$lut$aiger$o28.genblk1.genblk1.genblk1.genblk1.genblk1.genblk1.lut2 (4 -> 1)
  Optimizing lut $abc$4499$lut$aiger$o28.genblk1.genblk1.genblk1.genblk1.genblk1.genblk1.lut0 (4 -> 3)
  Optimizing lut $abc$4499$lut$aiger$o43.genblk1.genblk1.genblk1.genblk1.genblk1.genblk1.lut0 (4 -> 3)
  Optimizing lut $abc$4499$lut$aiger$o50.genblk1.genblk1.genblk1.genblk1.genblk1.genblk1.lut1 (4 -> 3)
  Optimizing lut $abc$4499$lut$aiger$o32.genblk1.genblk1.genblk1.genblk1.genblk1.genblk1.lut0 (4 -> 1)
Removed 0 unused cells and 32 unused wires.

2.49. Executing AUTONAME pass.
Renamed 93 objects in module axi_rr_arbiter_4.
<suppressed ~93 debug messages>

2.50. Executing HIERARCHY pass (managing design hierarchy).
Attribute `top' found on module `axi_rr_arbiter_4'. Setting top module to axi_rr_arbiter_4.

2.50.1. Analyzing design hierarchy..
Top module:  \axi_rr_arbiter_4

2.50.2. Analyzing design hierarchy..
Top module:  \axi_rr_arbiter_4
Removed 0 unused modules.

2.51. Printing statistics.

=== axi_rr_arbiter_4 ===

        +----------Local Count, excluding submodules.
        |
       49 wires
       76 wire bits
       49 public wires
       76 public wire bits
        8 ports
       16 port bits
       52 submodules
        4   L6MUX21
       29   LUT4
       10   PFUMX
        9   TRELLIS_FF

=== design hierarchy ===

        +----------Count including submodules.
        |
        - axi_rr_arbiter_4

        +----------Count including submodules.
        |
       49 wires
       76 wire bits
       49 public wires
       76 public wire bits
        8 ports
       16 port bits
        - memories
        - memory bits
        - processes
        - cells
       52 submodules
        4   L6MUX21
       29   LUT4
       10   PFUMX
        9   TRELLIS_FF

2.52. Executing CHECK pass (checking for obvious problems).
Checking module axi_rr_arbiter_4...
Found and reported 0 problems.

2.53. Executing JSON backend.

3. Printing statistics.

=== axi_rr_arbiter_4 ===

        +----------Local Count, excluding submodules.
        |
       49 wires
       76 wire bits
       49 public wires
       76 public wire bits
        8 ports
       16 port bits
       52 cells
        4   L6MUX21
       29   LUT4
       10   PFUMX
        9   TRELLIS_FF

Warnings: 1 unique messages, 1 total
Warnings: 1 experimental features used (not excluded with -x).
End of script. Logfile hash: 696dda9f42, time: 0.44s, user: 0.38s, system: 0.03s, MEM: 31.53 MB peak
Yosys 0.69+75 (git sha1 f0b945f63-dirty, Release, Clang /usr/local/osxcross/target/bin/aarch64-apple-darwin25.5-clang++ 21.1.8)
Time spent: 65% 21x read_verilog (0 sec), 9% 1x abc9_exe (0 sec), ...
