SBY 13:32:52 [/Users/Dilan/Projects/fabric-under-pressure/results/raw/aw_w_composition/formal_prove] Removing directory '/Users/Dilan/Projects/fabric-under-pressure/results/raw/aw_w_composition/formal_prove'.
SBY 13:32:52 [/Users/Dilan/Projects/fabric-under-pressure/results/raw/aw_w_composition/formal_prove] Copy '/Users/Dilan/Projects/fabric-under-pressure/formal/../rtl/axi_outstanding_tracker.sv' to '/Users/Dilan/Projects/fabric-under-pressure/results/raw/aw_w_composition/formal_prove/src/axi_outstanding_tracker.sv'.
SBY 13:32:52 [/Users/Dilan/Projects/fabric-under-pressure/results/raw/aw_w_composition/formal_prove] Copy '/Users/Dilan/Projects/fabric-under-pressure/formal/../rtl/axi_write_owner.sv' to '/Users/Dilan/Projects/fabric-under-pressure/results/raw/aw_w_composition/formal_prove/src/axi_write_owner.sv'.
SBY 13:32:52 [/Users/Dilan/Projects/fabric-under-pressure/results/raw/aw_w_composition/formal_prove] Copy '/Users/Dilan/Projects/fabric-under-pressure/formal/../rtl/axi_write_state_bank.sv' to '/Users/Dilan/Projects/fabric-under-pressure/results/raw/aw_w_composition/formal_prove/src/axi_write_state_bank.sv'.
SBY 13:32:52 [/Users/Dilan/Projects/fabric-under-pressure/results/raw/aw_w_composition/formal_prove] Copy '/Users/Dilan/Projects/fabric-under-pressure/formal/../rtl/axi_rr_arbiter_3.sv' to '/Users/Dilan/Projects/fabric-under-pressure/results/raw/aw_w_composition/formal_prove/src/axi_rr_arbiter_3.sv'.
SBY 13:32:52 [/Users/Dilan/Projects/fabric-under-pressure/results/raw/aw_w_composition/formal_prove] Copy '/Users/Dilan/Projects/fabric-under-pressure/formal/../rtl/axi_aw_target_scheduler_a.sv' to '/Users/Dilan/Projects/fabric-under-pressure/results/raw/aw_w_composition/formal_prove/src/axi_aw_target_scheduler_a.sv'.
SBY 13:32:52 [/Users/Dilan/Projects/fabric-under-pressure/results/raw/aw_w_composition/formal_prove] Copy '/Users/Dilan/Projects/fabric-under-pressure/formal/../rtl/axi_aw_target_path_a.sv' to '/Users/Dilan/Projects/fabric-under-pressure/results/raw/aw_w_composition/formal_prove/src/axi_aw_target_path_a.sv'.
SBY 13:32:52 [/Users/Dilan/Projects/fabric-under-pressure/results/raw/aw_w_composition/formal_prove] Copy '/Users/Dilan/Projects/fabric-under-pressure/formal/../rtl/axi_w_target_path.sv' to '/Users/Dilan/Projects/fabric-under-pressure/results/raw/aw_w_composition/formal_prove/src/axi_w_target_path.sv'.
SBY 13:32:52 [/Users/Dilan/Projects/fabric-under-pressure/results/raw/aw_w_composition/formal_prove] Copy '/Users/Dilan/Projects/fabric-under-pressure/formal/axi_aw_w_state_composition_formal.sv' to '/Users/Dilan/Projects/fabric-under-pressure/results/raw/aw_w_composition/formal_prove/src/axi_aw_w_state_composition_formal.sv'.
SBY 13:32:52 [/Users/Dilan/Projects/fabric-under-pressure/results/raw/aw_w_composition/formal_prove] engine_0: smtbmc
SBY 13:32:52 [/Users/Dilan/Projects/fabric-under-pressure/results/raw/aw_w_composition/formal_prove] base: starting process "cd /Users/Dilan/Projects/fabric-under-pressure/results/raw/aw_w_composition/formal_prove/src; yosys -ql ../model/design.log ../model/design.ys"
SBY 13:32:52 [/Users/Dilan/Projects/fabric-under-pressure/results/raw/aw_w_composition/formal_prove] base: Warning: Replacing memory \len_table with list of registers. See axi_outstanding_tracker.sv:66
SBY 13:32:52 [/Users/Dilan/Projects/fabric-under-pressure/results/raw/aw_w_composition/formal_prove] base: Warning: Replacing memory \target_table with list of registers. See axi_outstanding_tracker.sv:65
SBY 13:32:52 [/Users/Dilan/Projects/fabric-under-pressure/results/raw/aw_w_composition/formal_prove] base: Warning: Resizing cell port axi_aw_w_state_composition_formal.bank.b_complete_id from 3 bits to 12 bits.
SBY 13:32:52 [/Users/Dilan/Projects/fabric-under-pressure/results/raw/aw_w_composition/formal_prove] base: finished (returncode=0)
SBY 13:32:52 [/Users/Dilan/Projects/fabric-under-pressure/results/raw/aw_w_composition/formal_prove] prep: starting process "cd /Users/Dilan/Projects/fabric-under-pressure/results/raw/aw_w_composition/formal_prove/model; yosys -ql design_prep.log design_prep.ys"
SBY 13:32:52 [/Users/Dilan/Projects/fabric-under-pressure/results/raw/aw_w_composition/formal_prove] prep: finished (returncode=0)
SBY 13:32:52 [/Users/Dilan/Projects/fabric-under-pressure/results/raw/aw_w_composition/formal_prove] smt2: starting process "cd /Users/Dilan/Projects/fabric-under-pressure/results/raw/aw_w_composition/formal_prove/model; yosys -ql design_smt2.log design_smt2.ys"
SBY 13:32:52 [/Users/Dilan/Projects/fabric-under-pressure/results/raw/aw_w_composition/formal_prove] smt2: finished (returncode=0)
SBY 13:32:52 [/Users/Dilan/Projects/fabric-under-pressure/results/raw/aw_w_composition/formal_prove] engine_0: starting process "cd /Users/Dilan/Projects/fabric-under-pressure/results/raw/aw_w_composition/formal_prove; yosys-smtbmc --presat --unroll --noprogress -t 24  --append 0 --dump-vcd engine_0/trace.vcd --dump-yw engine_0/trace.yw --dump-vlogtb engine_0/trace_tb.v --dump-smtc engine_0/trace.smtc model/design_smt2.smt2"
SBY 13:32:52 [/Users/Dilan/Projects/fabric-under-pressure/results/raw/aw_w_composition/formal_prove] engine_0: ##   0:00:00  Solver: yices
SBY 13:32:52 [/Users/Dilan/Projects/fabric-under-pressure/results/raw/aw_w_composition/formal_prove] engine_0: ##   0:00:00  Checking assumptions in step 0..
SBY 13:32:52 [/Users/Dilan/Projects/fabric-under-pressure/results/raw/aw_w_composition/formal_prove] engine_0: ##   0:00:00  Checking assertions in step 0..
SBY 13:32:52 [/Users/Dilan/Projects/fabric-under-pressure/results/raw/aw_w_composition/formal_prove] engine_0: ##   0:00:00  Checking assumptions in step 1..
SBY 13:32:52 [/Users/Dilan/Projects/fabric-under-pressure/results/raw/aw_w_composition/formal_prove] engine_0: ##   0:00:00  Checking assertions in step 1..
SBY 13:32:52 [/Users/Dilan/Projects/fabric-under-pressure/results/raw/aw_w_composition/formal_prove] engine_0: ##   0:00:00  Checking assumptions in step 2..
SBY 13:32:52 [/Users/Dilan/Projects/fabric-under-pressure/results/raw/aw_w_composition/formal_prove] engine_0: ##   0:00:00  Checking assertions in step 2..
SBY 13:32:52 [/Users/Dilan/Projects/fabric-under-pressure/results/raw/aw_w_composition/formal_prove] engine_0: ##   0:00:00  Checking assumptions in step 3..
SBY 13:32:52 [/Users/Dilan/Projects/fabric-under-pressure/results/raw/aw_w_composition/formal_prove] engine_0: ##   0:00:00  Checking assertions in step 3..
SBY 13:32:52 [/Users/Dilan/Projects/fabric-under-pressure/results/raw/aw_w_composition/formal_prove] engine_0: ##   0:00:00  Checking assumptions in step 4..
SBY 13:32:52 [/Users/Dilan/Projects/fabric-under-pressure/results/raw/aw_w_composition/formal_prove] engine_0: ##   0:00:00  Checking assertions in step 4..
SBY 13:32:52 [/Users/Dilan/Projects/fabric-under-pressure/results/raw/aw_w_composition/formal_prove] engine_0: ##   0:00:00  Checking assumptions in step 5..
SBY 13:32:52 [/Users/Dilan/Projects/fabric-under-pressure/results/raw/aw_w_composition/formal_prove] engine_0: ##   0:00:00  Checking assertions in step 5..
SBY 13:32:52 [/Users/Dilan/Projects/fabric-under-pressure/results/raw/aw_w_composition/formal_prove] engine_0: ##   0:00:00  Checking assumptions in step 6..
SBY 13:32:52 [/Users/Dilan/Projects/fabric-under-pressure/results/raw/aw_w_composition/formal_prove] engine_0: ##   0:00:00  Checking assertions in step 6..
SBY 13:32:52 [/Users/Dilan/Projects/fabric-under-pressure/results/raw/aw_w_composition/formal_prove] engine_0: ##   0:00:00  Checking assumptions in step 7..
SBY 13:32:52 [/Users/Dilan/Projects/fabric-under-pressure/results/raw/aw_w_composition/formal_prove] engine_0: ##   0:00:00  Checking assertions in step 7..
SBY 13:32:52 [/Users/Dilan/Projects/fabric-under-pressure/results/raw/aw_w_composition/formal_prove] engine_0: ##   0:00:00  Checking assumptions in step 8..
SBY 13:32:52 [/Users/Dilan/Projects/fabric-under-pressure/results/raw/aw_w_composition/formal_prove] engine_0: ##   0:00:00  Checking assertions in step 8..
SBY 13:32:53 [/Users/Dilan/Projects/fabric-under-pressure/results/raw/aw_w_composition/formal_prove] engine_0: ##   0:00:00  Checking assumptions in step 9..
SBY 13:32:53 [/Users/Dilan/Projects/fabric-under-pressure/results/raw/aw_w_composition/formal_prove] engine_0: ##   0:00:00  Checking assertions in step 9..
SBY 13:32:53 [/Users/Dilan/Projects/fabric-under-pressure/results/raw/aw_w_composition/formal_prove] engine_0: ##   0:00:00  Checking assumptions in step 10..
SBY 13:32:53 [/Users/Dilan/Projects/fabric-under-pressure/results/raw/aw_w_composition/formal_prove] engine_0: ##   0:00:00  Checking assertions in step 10..
SBY 13:32:53 [/Users/Dilan/Projects/fabric-under-pressure/results/raw/aw_w_composition/formal_prove] engine_0: ##   0:00:00  Checking assumptions in step 11..
SBY 13:32:53 [/Users/Dilan/Projects/fabric-under-pressure/results/raw/aw_w_composition/formal_prove] engine_0: ##   0:00:00  Checking assertions in step 11..
SBY 13:32:53 [/Users/Dilan/Projects/fabric-under-pressure/results/raw/aw_w_composition/formal_prove] engine_0: ##   0:00:00  Checking assumptions in step 12..
SBY 13:32:53 [/Users/Dilan/Projects/fabric-under-pressure/results/raw/aw_w_composition/formal_prove] engine_0: ##   0:00:00  Checking assertions in step 12..
SBY 13:32:53 [/Users/Dilan/Projects/fabric-under-pressure/results/raw/aw_w_composition/formal_prove] engine_0: ##   0:00:00  Checking assumptions in step 13..
SBY 13:32:53 [/Users/Dilan/Projects/fabric-under-pressure/results/raw/aw_w_composition/formal_prove] engine_0: ##   0:00:00  Checking assertions in step 13..
SBY 13:32:53 [/Users/Dilan/Projects/fabric-under-pressure/results/raw/aw_w_composition/formal_prove] engine_0: ##   0:00:01  Checking assumptions in step 14..
SBY 13:32:53 [/Users/Dilan/Projects/fabric-under-pressure/results/raw/aw_w_composition/formal_prove] engine_0: ##   0:00:01  Checking assertions in step 14..
SBY 13:32:53 [/Users/Dilan/Projects/fabric-under-pressure/results/raw/aw_w_composition/formal_prove] engine_0: ##   0:00:01  Checking assumptions in step 15..
SBY 13:32:53 [/Users/Dilan/Projects/fabric-under-pressure/results/raw/aw_w_composition/formal_prove] engine_0: ##   0:00:01  Checking assertions in step 15..
SBY 13:32:54 [/Users/Dilan/Projects/fabric-under-pressure/results/raw/aw_w_composition/formal_prove] engine_0: ##   0:00:01  Checking assumptions in step 16..
SBY 13:32:54 [/Users/Dilan/Projects/fabric-under-pressure/results/raw/aw_w_composition/formal_prove] engine_0: ##   0:00:01  Checking assertions in step 16..
SBY 13:32:54 [/Users/Dilan/Projects/fabric-under-pressure/results/raw/aw_w_composition/formal_prove] engine_0: ##   0:00:01  Checking assumptions in step 17..
SBY 13:32:54 [/Users/Dilan/Projects/fabric-under-pressure/results/raw/aw_w_composition/formal_prove] engine_0: ##   0:00:01  Checking assertions in step 17..
SBY 13:32:54 [/Users/Dilan/Projects/fabric-under-pressure/results/raw/aw_w_composition/formal_prove] engine_0: ##   0:00:02  Checking assumptions in step 18..
SBY 13:32:54 [/Users/Dilan/Projects/fabric-under-pressure/results/raw/aw_w_composition/formal_prove] engine_0: ##   0:00:02  Checking assertions in step 18..
SBY 13:32:54 [/Users/Dilan/Projects/fabric-under-pressure/results/raw/aw_w_composition/formal_prove] engine_0: ##   0:00:02  Checking assumptions in step 19..
SBY 13:32:54 [/Users/Dilan/Projects/fabric-under-pressure/results/raw/aw_w_composition/formal_prove] engine_0: ##   0:00:02  Checking assertions in step 19..
SBY 13:32:55 [/Users/Dilan/Projects/fabric-under-pressure/results/raw/aw_w_composition/formal_prove] engine_0: ##   0:00:02  Checking assumptions in step 20..
SBY 13:32:55 [/Users/Dilan/Projects/fabric-under-pressure/results/raw/aw_w_composition/formal_prove] engine_0: ##   0:00:02  Checking assertions in step 20..
SBY 13:32:55 [/Users/Dilan/Projects/fabric-under-pressure/results/raw/aw_w_composition/formal_prove] engine_0: ##   0:00:02  Checking assumptions in step 21..
SBY 13:32:55 [/Users/Dilan/Projects/fabric-under-pressure/results/raw/aw_w_composition/formal_prove] engine_0: ##   0:00:02  Checking assertions in step 21..
SBY 13:32:55 [/Users/Dilan/Projects/fabric-under-pressure/results/raw/aw_w_composition/formal_prove] engine_0: ##   0:00:03  Checking assumptions in step 22..
SBY 13:32:55 [/Users/Dilan/Projects/fabric-under-pressure/results/raw/aw_w_composition/formal_prove] engine_0: ##   0:00:03  Checking assertions in step 22..
SBY 13:32:55 [/Users/Dilan/Projects/fabric-under-pressure/results/raw/aw_w_composition/formal_prove] engine_0: ##   0:00:03  Checking assumptions in step 23..
SBY 13:32:55 [/Users/Dilan/Projects/fabric-under-pressure/results/raw/aw_w_composition/formal_prove] engine_0: ##   0:00:03  Checking assertions in step 23..
SBY 13:32:56 [/Users/Dilan/Projects/fabric-under-pressure/results/raw/aw_w_composition/formal_prove] engine_0: ##   0:00:03  Status: passed
SBY 13:32:56 [/Users/Dilan/Projects/fabric-under-pressure/results/raw/aw_w_composition/formal_prove] engine_0: finished (returncode=0)
SBY 13:32:56 [/Users/Dilan/Projects/fabric-under-pressure/results/raw/aw_w_composition/formal_prove] engine_0: Status returned by engine: pass
SBY 13:32:56 [/Users/Dilan/Projects/fabric-under-pressure/results/raw/aw_w_composition/formal_prove] summary: Elapsed clock time [H:MM:SS (secs)]: 0:00:03 (3)
SBY 13:32:56 [/Users/Dilan/Projects/fabric-under-pressure/results/raw/aw_w_composition/formal_prove] summary: Elapsed process time [H:MM:SS (secs)]: 0:00:04 (4)
SBY 13:32:56 [/Users/Dilan/Projects/fabric-under-pressure/results/raw/aw_w_composition/formal_prove] summary: engine_0 (smtbmc) returned pass
SBY 13:32:56 [/Users/Dilan/Projects/fabric-under-pressure/results/raw/aw_w_composition/formal_prove] summary: engine_0 did not produce any traces
SBY 13:32:56 [/Users/Dilan/Projects/fabric-under-pressure/results/raw/aw_w_composition/formal_prove] DONE (PASS, rc=0)
SBY 13:32:56 [/Users/Dilan/Projects/fabric-under-pressure/results/raw/aw_w_composition/formal_cover] Removing directory '/Users/Dilan/Projects/fabric-under-pressure/results/raw/aw_w_composition/formal_cover'.
SBY 13:32:56 [/Users/Dilan/Projects/fabric-under-pressure/results/raw/aw_w_composition/formal_cover] Copy '/Users/Dilan/Projects/fabric-under-pressure/formal/../rtl/axi_outstanding_tracker.sv' to '/Users/Dilan/Projects/fabric-under-pressure/results/raw/aw_w_composition/formal_cover/src/axi_outstanding_tracker.sv'.
SBY 13:32:56 [/Users/Dilan/Projects/fabric-under-pressure/results/raw/aw_w_composition/formal_cover] Copy '/Users/Dilan/Projects/fabric-under-pressure/formal/../rtl/axi_write_owner.sv' to '/Users/Dilan/Projects/fabric-under-pressure/results/raw/aw_w_composition/formal_cover/src/axi_write_owner.sv'.
SBY 13:32:56 [/Users/Dilan/Projects/fabric-under-pressure/results/raw/aw_w_composition/formal_cover] Copy '/Users/Dilan/Projects/fabric-under-pressure/formal/../rtl/axi_write_state_bank.sv' to '/Users/Dilan/Projects/fabric-under-pressure/results/raw/aw_w_composition/formal_cover/src/axi_write_state_bank.sv'.
SBY 13:32:56 [/Users/Dilan/Projects/fabric-under-pressure/results/raw/aw_w_composition/formal_cover] Copy '/Users/Dilan/Projects/fabric-under-pressure/formal/../rtl/axi_rr_arbiter_3.sv' to '/Users/Dilan/Projects/fabric-under-pressure/results/raw/aw_w_composition/formal_cover/src/axi_rr_arbiter_3.sv'.
SBY 13:32:56 [/Users/Dilan/Projects/fabric-under-pressure/results/raw/aw_w_composition/formal_cover] Copy '/Users/Dilan/Projects/fabric-under-pressure/formal/../rtl/axi_aw_target_scheduler_a.sv' to '/Users/Dilan/Projects/fabric-under-pressure/results/raw/aw_w_composition/formal_cover/src/axi_aw_target_scheduler_a.sv'.
SBY 13:32:56 [/Users/Dilan/Projects/fabric-under-pressure/results/raw/aw_w_composition/formal_cover] Copy '/Users/Dilan/Projects/fabric-under-pressure/formal/../rtl/axi_aw_target_path_a.sv' to '/Users/Dilan/Projects/fabric-under-pressure/results/raw/aw_w_composition/formal_cover/src/axi_aw_target_path_a.sv'.
SBY 13:32:56 [/Users/Dilan/Projects/fabric-under-pressure/results/raw/aw_w_composition/formal_cover] Copy '/Users/Dilan/Projects/fabric-under-pressure/formal/../rtl/axi_w_target_path.sv' to '/Users/Dilan/Projects/fabric-under-pressure/results/raw/aw_w_composition/formal_cover/src/axi_w_target_path.sv'.
SBY 13:32:56 [/Users/Dilan/Projects/fabric-under-pressure/results/raw/aw_w_composition/formal_cover] Copy '/Users/Dilan/Projects/fabric-under-pressure/formal/axi_aw_w_state_composition_formal.sv' to '/Users/Dilan/Projects/fabric-under-pressure/results/raw/aw_w_composition/formal_cover/src/axi_aw_w_state_composition_formal.sv'.
SBY 13:32:56 [/Users/Dilan/Projects/fabric-under-pressure/results/raw/aw_w_composition/formal_cover] engine_0: smtbmc
SBY 13:32:56 [/Users/Dilan/Projects/fabric-under-pressure/results/raw/aw_w_composition/formal_cover] base: starting process "cd /Users/Dilan/Projects/fabric-under-pressure/results/raw/aw_w_composition/formal_cover/src; yosys -ql ../model/design.log ../model/design.ys"
SBY 13:32:56 [/Users/Dilan/Projects/fabric-under-pressure/results/raw/aw_w_composition/formal_cover] base: Warning: Replacing memory \len_table with list of registers. See axi_outstanding_tracker.sv:66
SBY 13:32:56 [/Users/Dilan/Projects/fabric-under-pressure/results/raw/aw_w_composition/formal_cover] base: Warning: Replacing memory \target_table with list of registers. See axi_outstanding_tracker.sv:65
SBY 13:32:56 [/Users/Dilan/Projects/fabric-under-pressure/results/raw/aw_w_composition/formal_cover] base: Warning: Resizing cell port axi_aw_w_state_composition_formal.bank.b_complete_id from 3 bits to 12 bits.
SBY 13:32:56 [/Users/Dilan/Projects/fabric-under-pressure/results/raw/aw_w_composition/formal_cover] base: finished (returncode=0)
SBY 13:32:56 [/Users/Dilan/Projects/fabric-under-pressure/results/raw/aw_w_composition/formal_cover] prep: starting process "cd /Users/Dilan/Projects/fabric-under-pressure/results/raw/aw_w_composition/formal_cover/model; yosys -ql design_prep.log design_prep.ys"
SBY 13:32:56 [/Users/Dilan/Projects/fabric-under-pressure/results/raw/aw_w_composition/formal_cover] prep: finished (returncode=0)
SBY 13:32:56 [/Users/Dilan/Projects/fabric-under-pressure/results/raw/aw_w_composition/formal_cover] smt2: starting process "cd /Users/Dilan/Projects/fabric-under-pressure/results/raw/aw_w_composition/formal_cover/model; yosys -ql design_smt2.log design_smt2.ys"
SBY 13:32:56 [/Users/Dilan/Projects/fabric-under-pressure/results/raw/aw_w_composition/formal_cover] smt2: finished (returncode=0)
SBY 13:32:56 [/Users/Dilan/Projects/fabric-under-pressure/results/raw/aw_w_composition/formal_cover] engine_0: starting process "cd /Users/Dilan/Projects/fabric-under-pressure/results/raw/aw_w_composition/formal_cover; yosys-smtbmc --presat --unroll -c --noprogress -t 32  --append 0 --dump-vcd engine_0/trace%.vcd --dump-yw engine_0/trace%.yw --dump-vlogtb engine_0/trace%_tb.v --dump-smtc engine_0/trace%.smtc model/design_smt2.smt2"
SBY 13:32:56 [/Users/Dilan/Projects/fabric-under-pressure/results/raw/aw_w_composition/formal_cover] engine_0: ##   0:00:00  Solver: yices
SBY 13:32:56 [/Users/Dilan/Projects/fabric-under-pressure/results/raw/aw_w_composition/formal_cover] engine_0: ##   0:00:00  Checking cover reachability in step 0..
SBY 13:32:56 [/Users/Dilan/Projects/fabric-under-pressure/results/raw/aw_w_composition/formal_cover] engine_0: ##   0:00:00  Checking cover reachability in step 1..
SBY 13:32:56 [/Users/Dilan/Projects/fabric-under-pressure/results/raw/aw_w_composition/formal_cover] engine_0: ##   0:00:00  Checking cover reachability in step 2..
SBY 13:32:56 [/Users/Dilan/Projects/fabric-under-pressure/results/raw/aw_w_composition/formal_cover] engine_0: ##   0:00:00  Checking cover reachability in step 3..
SBY 13:32:56 [/Users/Dilan/Projects/fabric-under-pressure/results/raw/aw_w_composition/formal_cover] engine_0: ##   0:00:00  Reached cover statement in step 3 at axi_aw_w_state_composition_formal: axi_aw_w_state_composition_formal.sv:120.5-120.84 (_witness_.check_cover_axi_aw_w_state_composition_formal_sv_120_235)
SBY 13:32:56 [/Users/Dilan/Projects/fabric-under-pressure/results/raw/aw_w_composition/formal_cover] engine_0: ##   0:00:00  Writing trace to VCD file: engine_0/trace0.vcd
SBY 13:32:56 [/Users/Dilan/Projects/fabric-under-pressure/results/raw/aw_w_composition/formal_cover] engine_0: ##   0:00:00  Writing trace to Verilog testbench: engine_0/trace0_tb.v
SBY 13:32:56 [/Users/Dilan/Projects/fabric-under-pressure/results/raw/aw_w_composition/formal_cover] engine_0: ##   0:00:00  Writing trace to constraints file: engine_0/trace0.smtc
SBY 13:32:56 [/Users/Dilan/Projects/fabric-under-pressure/results/raw/aw_w_composition/formal_cover] engine_0: ##   0:00:00  Writing trace to Yosys witness file: engine_0/trace0.yw
SBY 13:32:56 [/Users/Dilan/Projects/fabric-under-pressure/results/raw/aw_w_composition/formal_cover] engine_0: ##   0:00:00  Checking cover reachability in step 3..
SBY 13:32:56 [/Users/Dilan/Projects/fabric-under-pressure/results/raw/aw_w_composition/formal_cover] engine_0: ##   0:00:00  Checking cover reachability in step 4..
SBY 13:32:56 [/Users/Dilan/Projects/fabric-under-pressure/results/raw/aw_w_composition/formal_cover] engine_0: ##   0:00:00  Checking cover reachability in step 5..
SBY 13:32:56 [/Users/Dilan/Projects/fabric-under-pressure/results/raw/aw_w_composition/formal_cover] engine_0: ##   0:00:00  Reached cover statement in step 5 at axi_aw_w_state_composition_formal: axi_aw_w_state_composition_formal.sv:121.5-121.55 (_witness_.check_cover_axi_aw_w_state_composition_formal_sv_121_240)
SBY 13:32:56 [/Users/Dilan/Projects/fabric-under-pressure/results/raw/aw_w_composition/formal_cover] engine_0: ##   0:00:00  Writing trace to VCD file: engine_0/trace1.vcd
SBY 13:32:57 [/Users/Dilan/Projects/fabric-under-pressure/results/raw/aw_w_composition/formal_cover] engine_0: ##   0:00:00  Writing trace to Verilog testbench: engine_0/trace1_tb.v
SBY 13:32:57 [/Users/Dilan/Projects/fabric-under-pressure/results/raw/aw_w_composition/formal_cover] engine_0: ##   0:00:00  Writing trace to constraints file: engine_0/trace1.smtc
SBY 13:32:57 [/Users/Dilan/Projects/fabric-under-pressure/results/raw/aw_w_composition/formal_cover] engine_0: ##   0:00:00  Writing trace to Yosys witness file: engine_0/trace1.yw
SBY 13:32:57 [/Users/Dilan/Projects/fabric-under-pressure/results/raw/aw_w_composition/formal_cover] engine_0: ##   0:00:00  Checking cover reachability in step 5..
SBY 13:32:57 [/Users/Dilan/Projects/fabric-under-pressure/results/raw/aw_w_composition/formal_cover] engine_0: ##   0:00:00  Reached cover statement in step 5 at axi_aw_w_state_composition_formal: axi_aw_w_state_composition_formal.sv:122.5-122.72 (_witness_.check_cover_axi_aw_w_state_composition_formal_sv_122_244)
SBY 13:32:57 [/Users/Dilan/Projects/fabric-under-pressure/results/raw/aw_w_composition/formal_cover] engine_0: ##   0:00:00  Writing trace to VCD file: engine_0/trace2.vcd
SBY 13:32:57 [/Users/Dilan/Projects/fabric-under-pressure/results/raw/aw_w_composition/formal_cover] engine_0: ##   0:00:00  Writing trace to Verilog testbench: engine_0/trace2_tb.v
SBY 13:32:57 [/Users/Dilan/Projects/fabric-under-pressure/results/raw/aw_w_composition/formal_cover] engine_0: ##   0:00:00  Writing trace to constraints file: engine_0/trace2.smtc
SBY 13:32:57 [/Users/Dilan/Projects/fabric-under-pressure/results/raw/aw_w_composition/formal_cover] engine_0: ##   0:00:00  Writing trace to Yosys witness file: engine_0/trace2.yw
SBY 13:32:57 [/Users/Dilan/Projects/fabric-under-pressure/results/raw/aw_w_composition/formal_cover] engine_0: ##   0:00:00  Checking cover reachability in step 5..
SBY 13:32:57 [/Users/Dilan/Projects/fabric-under-pressure/results/raw/aw_w_composition/formal_cover] engine_0: ##   0:00:00  Reached cover statement in step 5 at axi_aw_w_state_composition_formal: axi_aw_w_state_composition_formal.sv:123.5-123.52 (_witness_.check_cover_axi_aw_w_state_composition_formal_sv_123_250)
SBY 13:32:57 [/Users/Dilan/Projects/fabric-under-pressure/results/raw/aw_w_composition/formal_cover] engine_0: ##   0:00:00  Writing trace to VCD file: engine_0/trace3.vcd
SBY 13:32:57 [/Users/Dilan/Projects/fabric-under-pressure/results/raw/aw_w_composition/formal_cover] engine_0: ##   0:00:00  Writing trace to Verilog testbench: engine_0/trace3_tb.v
SBY 13:32:57 [/Users/Dilan/Projects/fabric-under-pressure/results/raw/aw_w_composition/formal_cover] engine_0: ##   0:00:00  Writing trace to constraints file: engine_0/trace3.smtc
SBY 13:32:57 [/Users/Dilan/Projects/fabric-under-pressure/results/raw/aw_w_composition/formal_cover] engine_0: ##   0:00:00  Writing trace to Yosys witness file: engine_0/trace3.yw
SBY 13:32:57 [/Users/Dilan/Projects/fabric-under-pressure/results/raw/aw_w_composition/formal_cover] engine_0: ##   0:00:00  Checking cover reachability in step 5..
SBY 13:32:57 [/Users/Dilan/Projects/fabric-under-pressure/results/raw/aw_w_composition/formal_cover] engine_0: ##   0:00:00  Checking cover reachability in step 6..
SBY 13:32:57 [/Users/Dilan/Projects/fabric-under-pressure/results/raw/aw_w_composition/formal_cover] engine_0: ##   0:00:01  Reached cover statement in step 6 at axi_aw_w_state_composition_formal: axi_aw_w_state_composition_formal.sv:124.5-124.88 (_witness_.check_cover_axi_aw_w_state_composition_formal_sv_124_253)
SBY 13:32:57 [/Users/Dilan/Projects/fabric-under-pressure/results/raw/aw_w_composition/formal_cover] engine_0: ##   0:00:01  Writing trace to VCD file: engine_0/trace4.vcd
SBY 13:32:57 [/Users/Dilan/Projects/fabric-under-pressure/results/raw/aw_w_composition/formal_cover] engine_0: ##   0:00:01  Writing trace to Verilog testbench: engine_0/trace4_tb.v
SBY 13:32:57 [/Users/Dilan/Projects/fabric-under-pressure/results/raw/aw_w_composition/formal_cover] engine_0: ##   0:00:01  Writing trace to constraints file: engine_0/trace4.smtc
SBY 13:32:57 [/Users/Dilan/Projects/fabric-under-pressure/results/raw/aw_w_composition/formal_cover] engine_0: ##   0:00:01  Writing trace to Yosys witness file: engine_0/trace4.yw
SBY 13:32:57 [/Users/Dilan/Projects/fabric-under-pressure/results/raw/aw_w_composition/formal_cover] engine_0: ##   0:00:01  Status: passed
SBY 13:32:57 [/Users/Dilan/Projects/fabric-under-pressure/results/raw/aw_w_composition/formal_cover] engine_0: finished (returncode=0)
SBY 13:32:57 [/Users/Dilan/Projects/fabric-under-pressure/results/raw/aw_w_composition/formal_cover] engine_0: Status returned by engine: pass
SBY 13:32:57 [/Users/Dilan/Projects/fabric-under-pressure/results/raw/aw_w_composition/formal_cover] summary: Elapsed clock time [H:MM:SS (secs)]: 0:00:01 (1)
SBY 13:32:57 [/Users/Dilan/Projects/fabric-under-pressure/results/raw/aw_w_composition/formal_cover] summary: Elapsed process time [H:MM:SS (secs)]: 0:00:01 (1)
SBY 13:32:57 [/Users/Dilan/Projects/fabric-under-pressure/results/raw/aw_w_composition/formal_cover] summary: engine_0 (smtbmc) returned pass
SBY 13:32:57 [/Users/Dilan/Projects/fabric-under-pressure/results/raw/aw_w_composition/formal_cover] summary: cover trace: /Users/Dilan/Projects/fabric-under-pressure/results/raw/aw_w_composition/formal_cover/engine_0/trace0.vcd
SBY 13:32:57 [/Users/Dilan/Projects/fabric-under-pressure/results/raw/aw_w_composition/formal_cover] summary:   reached cover statement axi_aw_w_state_composition_formal._witness_.check_cover_axi_aw_w_state_composition_formal_sv_120_235 at axi_aw_w_state_composition_formal.sv:120.5-120.84 step 3
SBY 13:32:57 [/Users/Dilan/Projects/fabric-under-pressure/results/raw/aw_w_composition/formal_cover] summary: cover trace: /Users/Dilan/Projects/fabric-under-pressure/results/raw/aw_w_composition/formal_cover/engine_0/trace1.vcd
SBY 13:32:57 [/Users/Dilan/Projects/fabric-under-pressure/results/raw/aw_w_composition/formal_cover] summary:   reached cover statement axi_aw_w_state_composition_formal._witness_.check_cover_axi_aw_w_state_composition_formal_sv_121_240 at axi_aw_w_state_composition_formal.sv:121.5-121.55 step 5
SBY 13:32:57 [/Users/Dilan/Projects/fabric-under-pressure/results/raw/aw_w_composition/formal_cover] summary: cover trace: /Users/Dilan/Projects/fabric-under-pressure/results/raw/aw_w_composition/formal_cover/engine_0/trace2.vcd
SBY 13:32:57 [/Users/Dilan/Projects/fabric-under-pressure/results/raw/aw_w_composition/formal_cover] summary:   reached cover statement axi_aw_w_state_composition_formal._witness_.check_cover_axi_aw_w_state_composition_formal_sv_122_244 at axi_aw_w_state_composition_formal.sv:122.5-122.72 step 5
SBY 13:32:57 [/Users/Dilan/Projects/fabric-under-pressure/results/raw/aw_w_composition/formal_cover] summary: cover trace: /Users/Dilan/Projects/fabric-under-pressure/results/raw/aw_w_composition/formal_cover/engine_0/trace3.vcd
SBY 13:32:57 [/Users/Dilan/Projects/fabric-under-pressure/results/raw/aw_w_composition/formal_cover] summary:   reached cover statement axi_aw_w_state_composition_formal._witness_.check_cover_axi_aw_w_state_composition_formal_sv_123_250 at axi_aw_w_state_composition_formal.sv:123.5-123.52 step 5
SBY 13:32:57 [/Users/Dilan/Projects/fabric-under-pressure/results/raw/aw_w_composition/formal_cover] summary: cover trace: /Users/Dilan/Projects/fabric-under-pressure/results/raw/aw_w_composition/formal_cover/engine_0/trace4.vcd
SBY 13:32:57 [/Users/Dilan/Projects/fabric-under-pressure/results/raw/aw_w_composition/formal_cover] summary:   reached cover statement axi_aw_w_state_composition_formal._witness_.check_cover_axi_aw_w_state_composition_formal_sv_124_253 at axi_aw_w_state_composition_formal.sv:124.5-124.88 step 6
SBY 13:32:57 [/Users/Dilan/Projects/fabric-under-pressure/results/raw/aw_w_composition/formal_cover] DONE (PASS, rc=0)
