- V e r i l a t i o n   R e p o r t: Verilator 5.053 devel rev v5.052-119-g014c9820d (mod)
- Verilator: Built from 0.033 MB sources in 3 modules, into 0.062 MB in 6 C++ files needing 0.000 MB
- Verilator: Walltime 0.008 s (elab=0.000, cvt=0.004, bld=0.000); cpu 0.008 s on 1 threads; allocated 9.828 MB
g++  -I.  -MMD -I/Users/runner/eda/oss-cad-suite/share/verilator/include -I/Users/runner/eda/oss-cad-suite/share/verilator/include/vltstd -DVERILATOR=1 -DVM_COVERAGE=0 -DVM_SC=0 -DVM_TIMING=0 -DVM_TRACE=0 -DVM_TRACE_FST=0 -DVM_TRACE_VCD=0 -DVM_TRACE_SAIF=0 -DVM_VPI=1 -faligned-new -fbracket-depth=4096 -fcf-protection=none -Xclang -fno-pch-timestamp -Qunused-arguments  -Wno-c++11-narrowing -Wno-constant-logical-operand -Wno-int-in-bool-context -Wno-non-pod-varargs -Wno-parentheses-equality -Wno-shadow -Wno-sign-compare  -Wno-tautological-compare -Wno-uninitialized -Wno-unnecessary-virtual-specifier -Wno-unused-but-set-parameter -Wno-unused-but-set-variable -Wno-unused-parameter -Wno-unused-variable -Wno-vla-cxx-extension  -DVM_PREFIX_INCLUDE="<Vtop.h>" -DVM_PREFIX_INCLUDE_DPI="<Vtop__Dpi.h>"     -Os  -c -o verilator.o /Users/runner/work/fabric-under-pressure/fabric-under-pressure/.venv/lib/python3.11/site-packages/cocotb/share/lib/verilator/verilator.cpp
g++ -Os  -I.  -MMD -I/Users/runner/eda/oss-cad-suite/share/verilator/include -I/Users/runner/eda/oss-cad-suite/share/verilator/include/vltstd -DVERILATOR=1 -DVM_COVERAGE=0 -DVM_SC=0 -DVM_TIMING=0 -DVM_TRACE=0 -DVM_TRACE_FST=0 -DVM_TRACE_VCD=0 -DVM_TRACE_SAIF=0 -DVM_VPI=1 -faligned-new -fbracket-depth=4096 -fcf-protection=none -Xclang -fno-pch-timestamp -Qunused-arguments  -Wno-c++11-narrowing -Wno-constant-logical-operand -Wno-int-in-bool-context -Wno-non-pod-varargs -Wno-parentheses-equality -Wno-shadow -Wno-sign-compare  -Wno-tautological-compare -Wno-uninitialized -Wno-unnecessary-virtual-specifier -Wno-unused-but-set-parameter -Wno-unused-but-set-variable -Wno-unused-parameter -Wno-unused-variable -Wno-vla-cxx-extension  -DVM_PREFIX_INCLUDE="<Vtop.h>" -DVM_PREFIX_INCLUDE_DPI="<Vtop__Dpi.h>"     -c -o verilated.o /Users/runner/eda/oss-cad-suite/share/verilator/include/verilated.cpp
g++ -Os  -I.  -MMD -I/Users/runner/eda/oss-cad-suite/share/verilator/include -I/Users/runner/eda/oss-cad-suite/share/verilator/include/vltstd -DVERILATOR=1 -DVM_COVERAGE=0 -DVM_SC=0 -DVM_TIMING=0 -DVM_TRACE=0 -DVM_TRACE_FST=0 -DVM_TRACE_VCD=0 -DVM_TRACE_SAIF=0 -DVM_VPI=1 -faligned-new -fbracket-depth=4096 -fcf-protection=none -Xclang -fno-pch-timestamp -Qunused-arguments  -Wno-c++11-narrowing -Wno-constant-logical-operand -Wno-int-in-bool-context -Wno-non-pod-varargs -Wno-parentheses-equality -Wno-shadow -Wno-sign-compare  -Wno-tautological-compare -Wno-uninitialized -Wno-unnecessary-virtual-specifier -Wno-unused-but-set-parameter -Wno-unused-but-set-variable -Wno-unused-parameter -Wno-unused-variable -Wno-vla-cxx-extension  -DVM_PREFIX_INCLUDE="<Vtop.h>" -DVM_PREFIX_INCLUDE_DPI="<Vtop__Dpi.h>"     -c -o verilated_dpi.o /Users/runner/eda/oss-cad-suite/share/verilator/include/verilated_dpi.cpp
warning: warning: unknown warning option '-Wno-unnecessary-virtual-specifier'; did you mean '-Wno-duplicate-decl-specifier'? [-Wunknown-warning-option]unknown warning option '-Wno-unnecessary-virtual-specifier'; did you mean '-Wno-duplicate-decl-specifier'? [-Wunknown-warning-option]

warning: unknown warning option '-Wno-unnecessary-virtual-specifier'; did you mean '-Wno-duplicate-decl-specifier'? [-Wunknown-warning-option]
warning: warning: unknown warning option '-Wno-vla-cxx-extension'; did you mean '-Wno-vla-extension'? [-Wunknown-warning-option]unknown warning option '-Wno-vla-cxx-extension'; did you mean '-Wno-vla-extension'? [-Wunknown-warning-option]

warning: unknown warning option '-Wno-vla-cxx-extension'; did you mean '-Wno-vla-extension'? [-Wunknown-warning-option]
In file included from /Users/runner/eda/oss-cad-suite/share/verilator/include/verilated_dpi.cpp:30:
/Users/runner/eda/oss-cad-suite/share/verilator/include/verilatedos.h:296:3: error: "Verilator requires a C++14 or newer compiler"
# error "Verilator requires a C++14 or newer compiler"
  ^
In file included from /Users/runner/eda/oss-cad-suite/share/verilator/include/verilated.cpp:51:
/Users/runner/eda/oss-cad-suite/share/verilator/include/verilatedos.h:296:3: error: "Verilator requires a C++14 or newer compiler"
# error "Verilator requires a C++14 or newer compiler"
  ^
/Users/runner/eda/oss-cad-suite/share/verilator/include/verilatedos.h:396:19: warning: alias declarations are a C++11 extension [-Wc++11-extensions]
using vluint8_t = uint8_t;  ///< 8-bit unsigned type (backward compatibility)
                  ^
/Users/runner/eda/oss-cad-suite/share/verilator/include/verilatedos.h:397:20: warning: alias declarations are a C++11 extension [-Wc++11-extensions]
/Users/runner/eda/oss-cad-suite/share/verilator/include/verilatedos.husing vluint16_t = uint16_t;  ///< 16-bit unsigned type (backward compatibility):
396                   ^:
19: warning: alias declarations are a C++11 extension [-Wc++11-extensions]
/Users/runner/eda/oss-cad-suite/share/verilator/include/verilatedos.h:398:20: warning: alias declarations are a C++11 extension [-Wc++11-extensions]
using vluint8_t = uint8_t;  ///< 8-bit unsigned type (backward compatibility)
                  ^
using vluint32_t = uint32_t;  ///< 32-bit unsigned type (backward compatibility)
                   ^
/Users/runner/eda/oss-cad-suite/share/verilator/include/verilatedos.h:/Users/runner/eda/oss-cad-suite/share/verilator/include/verilatedos.h399::39720::20 :warning:  alias declarations are a C++11 extension [-Wc++11-extensions]warning:
alias declarations are a C++11 extension [-Wc++11-extensions]
using vluint64_t = uint64_t;  ///< 64-bit unsigned type (backward compatibility)
                   ^using vluint16_t = uint16_t;  ///< 16-bit unsigned type (backward compatibility)
                   ^
/Users/runner/eda/oss-cad-suite/share/verilator/include/verilatedos.h:398:20: warning: alias declarations are a C++11 extension [-Wc++11-extensions]
using vluint32_t = uint32_t;  ///< 32-bit unsigned type (backward compatibility)
                   ^
/Users/runner/eda/oss-cad-suite/share/verilator/include/verilatedos.h:399:20: warning: alias declarations are a C++11 extension [-Wc++11-extensions]
using vluint64_t = uint64_t;  ///< 64-bit unsigned type (backward compatibility)

                   ^
/Users/runner/eda/oss-cad-suite/share/verilator/include/verilatedos.h:400/Users/runner/eda/oss-cad-suite/share/verilator/include/verilatedos.h::19400:: 19warning: :alias declarations are a C++11 extension [-Wc++11-extensions]
warning: alias declarations are a C++11 extension [-Wc++11-extensions]
using vlsint8_t = int8_t;  ///< 8-bit signed type (backward compatibility)
                  ^using vlsint8_t = int8_t;  ///< 8-bit signed type (backward compatibility)

                  ^
/Users/runner/eda/oss-cad-suite/share/verilator/include/verilatedos.h:401/Users/runner/eda/oss-cad-suite/share/verilator/include/verilatedos.h::20401:: 20warning: :alias declarations are a C++11 extension [-Wc++11-extensions]
warning: alias declarations are a C++11 extension [-Wc++11-extensions]
using vlsint16_t = int16_t;  ///< 16-bit signed type (backward compatibility)
                   ^using vlsint16_t = int16_t;  ///< 16-bit signed type (backward compatibility)

                   ^
/Users/runner/eda/oss-cad-suite/share/verilator/include/verilatedos.h:/Users/runner/eda/oss-cad-suite/share/verilator/include/verilatedos.h:402:20: warning: alias declarations are a C++11 extension [-Wc++11-extensions]
402:20: warning: alias declarations are a C++11 extension [-Wc++11-extensions]
using vlsint32_t = int32_t;  ///< 32-bit signed type (backward compatibility)
using vlsint32_t = int32_t;  ///< 32-bit signed type (backward compatibility)
                   ^
/Users/runner/eda/oss-cad-suite/share/verilator/include/verilatedos.h                   ^
/Users/runner/eda/oss-cad-suite/share/verilator/include/verilatedos.h:403:20: warning: alias declarations are a C++11 extension [-Wc++11-extensions]
:403:20: warning: alias declarations are a C++11 extension [-Wc++11-extensions]
using vlsint64_t = int64_t;  ///< 64-bit signed type (backward compatibility)
                   ^
using vlsint64_t = int64_t;  ///< 64-bit signed type (backward compatibility)
                   ^
In file included from /Users/runner/work/fabric-under-pressure/fabric-under-pressure/.venv/lib/python3.11/site-packages/cocotb/share/lib/verilator/verilator.cpp:11:
In file included from ./Vtop.h:11:
In file included from /Users/runner/eda/oss-cad-suite/share/verilator/include/verilated.h:43:
/Users/runner/eda/oss-cad-suite/share/verilator/include/verilatedos.h:296:3: error: "Verilator requires a C++14 or newer compiler"
# error "Verilator requires a C++14 or newer compiler"
  ^
/Users/runner/eda/oss-cad-suite/share/verilator/include/verilatedos.h:701:20: warning: 'final' keyword is a C++11 extension [-Wc++11-extensions]
class DeltaCpuTime final {
                   ^
/Users/runner/eda/oss-cad-suite/share/verilator/include/verilatedos.h:702:12: error: function definition does not declare parameters
    double m_start{};  // Time constructed at
           ^
/Users/runner/eda/oss-cad-suite/share/verilator/include/verilatedos.h:396:19: warning: alias declarations are a C++11 extension [-Wc++11-extensions]
using vluint8_t = uint8_t;  ///< 8-bit unsigned type (backward compatibility)
                  ^
/Users/runner/eda/oss-cad-suite/share/verilator/include/verilatedos.h:397:20: warning: alias declarations are a C++11 extension [-Wc++11-extensions]
using vluint16_t = uint16_t;  ///< 16-bit unsigned type (backward compatibility)
                   ^
/Users/runner/eda/oss-cad-suite/share/verilator/include/verilatedos.h:398:20: warning: alias declarations are a C++11 extension [-Wc++11-extensions]
using vluint32_t = uint32_t;  ///< 32-bit unsigned type (backward compatibility)
                   ^
/Users/runner/eda/oss-cad-suite/share/verilator/include/verilatedos.h:399:20: warning: alias declarations are a C++11 extension [-Wc++11-extensions]
using vluint64_t = uint64_t;  ///< 64-bit unsigned type (backward compatibility)
                   ^
/Users/runner/eda/oss-cad-suite/share/verilator/include/verilatedos.h:400:19: warning: alias declarations are a C++11 extension [-Wc++11-extensions]
using vlsint8_t = int8_t;  ///< 8-bit signed type (backward compatibility)
                  ^
/Users/runner/eda/oss-cad-suite/share/verilator/include/verilatedos.h:401:20: warning: alias declarations are a C++11 extension [-Wc++11-extensions]
using vlsint16_t = int16_t;  ///< 16-bit signed type (backward compatibility)
                   ^
/Users/runner/eda/oss-cad-suite/share/verilator/include/verilatedos.h:402:20: warning: alias declarations are a C++11 extension [-Wc++11-extensions]
using vlsint32_t = int32_t;  ///< 32-bit signed type (backward compatibility)
                   ^
/Users/runner/eda/oss-cad-suite/share/verilator/include/verilatedos.h:403:20: warning: alias declarations are a C++11 extension [-Wc++11-extensions]
using vlsint64_t = int64_t;  ///< 64-bit signed type (backward compatibility)
                   ^
/Users/runner/eda/oss-cad-suite/share/verilator/include/verilatedos.h:701:20: warning: 'final' keyword is a C++11 extension [-Wc++11-extensions]
class DeltaCpuTime final {
                   ^
/Users/runner/eda/oss-cad-suite/share/verilator/include/verilatedos.h:702:12: error: function definition does not declare parameters
    double m_start{};  // Time constructed at
           ^
/Users/runner/eda/oss-cad-suite/share/verilator/include/verilatedos.h:710:31: error: use of undeclared identifier 'm_start'
    void start() VL_MT_SAFE { m_start = gettime(); }  // Start timer; record current time
                              ^
/Users/runner/eda/oss-cad-suite/share/verilator/include/verilatedos.h:710:31: error: use of undeclared identifier 'm_start'
    void start() VL_MT_SAFE { m_start = gettime(); }  // Start timer; record current time
                              ^
/Users/runner/eda/oss-cad-suite/share/verilator/include/verilatedos.h:712:17: error: use of undeclared identifier 'm_start'
        return (m_start == 0.0) ? 0.0 : gettime() - m_start;
                ^
/Users/runner/eda/oss-cad-suite/share/verilator/include/verilatedos.h:712:17: error: use of undeclared identifier 'm_start'
        return (m_start == 0.0) ? 0.0 : gettime() - m_start;
                ^
/Users/runner/eda/oss-cad-suite/share/verilator/include/verilatedos.h:712:53: error: use of undeclared identifier 'm_start'
        return (m_start == 0.0) ? 0.0 : gettime() - m_start;
                                                    ^
/Users/runner/eda/oss-cad-suite/share/verilator/include/verilatedos.h:716:21: warning: 'final' keyword is a C++11 extension [-Wc++11-extensions]
class DeltaWallTime final {
                    ^
/Users/runner/eda/oss-cad-suite/share/verilator/include/verilatedos.h:717:12: error: function definition does not declare parameters
    double m_start{};  // Time constructed at
           ^
/Users/runner/eda/oss-cad-suite/share/verilator/include/verilatedos.h:712:53: error: use of undeclared identifier 'm_start'
        return (m_start == 0.0) ? 0.0 : gettime() - m_start;
                                                    ^
/Users/runner/eda/oss-cad-suite/share/verilator/include/verilatedos.h:716:21: warning: 'final' keyword is a C++11 extension [-Wc++11-extensions]
class DeltaWallTime final {
                    ^
/Users/runner/eda/oss-cad-suite/share/verilator/include/verilatedos.h:717:12: error: function definition does not declare parameters
    double m_start{};  // Time constructed at
           ^
/Users/runner/eda/oss-cad-suite/share/verilator/include/verilatedos.h:701:20: warning: 'final' keyword is a C++11 extension [-Wc++11-extensions]
class DeltaCpuTime final {
                   ^
/Users/runner/eda/oss-cad-suite/share/verilator/include/verilatedos.h:702:12: error: function definition does not declare parameters
    double m_start{};  // Time constructed at
           ^
/Users/runner/eda/oss-cad-suite/share/verilator/include/verilatedos.h:725:31: error: use of undeclared identifier 'm_start'
    void start() VL_MT_SAFE { m_start = gettime(); }  // Start timer; record current time
                              ^
/Users/runner/eda/oss-cad-suite/share/verilator/include/verilatedos.h:725:31: error: use of undeclared identifier 'm_start'
    void start() VL_MT_SAFE { m_start = gettime(); }  // Start timer; record current time
                              ^
/Users/runner/eda/oss-cad-suite/share/verilator/include/verilatedos.h:710:31: error: use of undeclared identifier 'm_start'
    void start() VL_MT_SAFE { m_start = gettime(); }  // Start timer; record current time
                              ^
/Users/runner/eda/oss-cad-suite/share/verilator/include/verilatedos.h:727:17: error: use of undeclared identifier 'm_start'
        return (m_start == 0.0) ? 0.0 : gettime() - m_start;
                ^
/Users/runner/eda/oss-cad-suite/share/verilator/include/verilatedos.h:727:17: error: use of undeclared identifier 'm_start'
        return (m_start == 0.0) ? 0.0 : gettime() - m_start;
                ^
/Users/runner/eda/oss-cad-suite/share/verilator/include/verilatedos.h:712:17: error: use of undeclared identifier 'm_start'
        return (m_start == 0.0) ? 0.0 : gettime() - m_start;
                ^
/Users/runner/eda/oss-cad-suite/share/verilator/include/verilatedos.h:/Users/runner/eda/oss-cad-suite/share/verilator/include/verilatedos.h:727:53: error: use of undeclared identifier 'm_start'
        return (m_start == 0.0) ? 0.0 : gettime() - m_start;
                                                    ^
727:53: error: use of undeclared identifier 'm_start'
        return (m_start == 0.0) ? 0.0 : gettime() - m_start;
                                                    ^
/Users/runner/eda/oss-cad-suite/share/verilator/include/verilatedos.h/Users/runner/eda/oss-cad-suite/share/verilator/include/verilatedos.h::733733::4343::  warning: warning: 'final' keyword is a C++11 extension [-Wc++11-extensions]'final' keyword is a C++11 extension [-Wc++11-extensions]

class VL_CAPABILITY("mutex") MtScopeMutex final {class VL_CAPABILITY("mutex") MtScopeMutex final {
                                          ^

                                          ^
/Users/runner/eda/oss-cad-suite/share/verilator/include/verilatedos.h:748:24: warning: 'final' keyword is a C++11 extension [-Wc++11-extensions]
struct reverse_wrapper final {
                       ^
/Users/runner/eda/oss-cad-suite/share/verilator/include/verilatedos.h:748:24: warning: 'final' keyword is a C++11 extension [-Wc++11-extensions]
struct reverse_wrapper final {
                       ^
/Users/runner/eda/oss-cad-suite/share/verilator/include/verilatedos.h:753:5: warning: 'auto' type specifier is a C++11 extension [-Wc++11-extensions]
    auto begin() -> decltype(m_v.rbegin()) { return m_v.rbegin(); }
    ^
/Users/runner/eda/oss-cad-suite/share/verilator/include/verilatedos.h:753:5: warning: /Users/runner/eda/oss-cad-suite/share/verilator/include/verilatedos.h'auto' type specifier is a C++11 extension [-Wc++11-extensions]:
753:5: error: 'auto' not allowed in function return type
    auto begin() -> decltype(m_v.rbegin()) { return m_v.rbegin(); }
    ^
    auto begin() -> decltype(m_v.rbegin()) { return m_v.rbegin(); }
    ^~~~
/Users/runner/eda/oss-cad-suite/share/verilator/include/verilatedos.h:753:5: error: 'auto' not allowed in function return type
    auto begin() -> decltype(m_v.rbegin()) { return m_v.rbegin(); }
    ^~~~
/Users/runner/eda/oss-cad-suite/share/verilator/include/verilatedos.h:712:53: error: use of undeclared identifier 'm_start'
        return (m_start == 0.0) ? 0.0 : gettime() - m_start;
                                                    ^
/Users/runner/eda/oss-cad-suite/share/verilator/include/verilatedos.h/Users/runner/eda/oss-cad-suite/share/verilator/include/verilatedos.h::753753::1717::  error: error: expected ';' at end of declaration listexpected ';' at end of declaration list

    auto begin() -> decltype(m_v.rbegin()) { return m_v.rbegin(); }
                ^
                ;
/Users/runner/eda/oss-cad-suite/share/verilator/include/verilatedos.h:716:21: warning: 'final' keyword is a C++11 extension [-Wc++11-extensions]
class DeltaWallTime final {
    auto begin() -> decltype(m_v.rbegin()) { return m_v.rbegin(); }
                ^
                ;
                    ^
/Users/runner/eda/oss-cad-suite/share/verilator/include/verilatedos.h:717:12: error: function definition does not declare parameters
    double m_start{};  // Time constructed at
           ^
/Users/runner/eda/oss-cad-suite/share/verilator/include/verilatedos.h:725:31: error: use of undeclared identifier 'm_start'
    void start() VL_MT_SAFE { m_start = gettime(); }  // Start timer; record current time
                              ^
/Users/runner/eda/oss-cad-suite/share/verilator/include/verilatedos.h:775:8: error: unknown type name 'constexpr'
inline constexpr size_t roundUpToMultipleOf(size_t value) {
       ^
/Users/runner/eda/oss-cad-suite/share/verilator/include/verilatedos.h:775:18: warning: variable templates are a C++14 extension [-Wc++14-extensions]
inline constexpr size_t roundUpToMultipleOf(size_t value) {
                 ^
/Users/runner/eda/oss-cad-suite/share/verilator/include/verilatedos.h:775:1: warning: inline variables are a C++17 extension [-Wc++17-extensions]
inline constexpr size_t roundUpToMultipleOf(size_t value) {
^
/Users/runner/eda/oss-cad-suite/share/verilator/include/verilatedos.h:775:24: error: expected ';' at end of declaration
inline constexpr size_t roundUpToMultipleOf(size_t value) {
                       ^
                       ;
/Users/runner/eda/oss-cad-suite/share/verilator/include/verilatedos.h:775:8: error: unknown type name 'constexpr'
inline constexpr size_t roundUpToMultipleOf(size_t value) {
       ^
/Users/runner/eda/oss-cad-suite/share/verilator/include/verilatedos.h:775:18: warning: variable templates are a C++14 extension [-Wc++14-extensions]
inline constexpr size_t roundUpToMultipleOf(size_t value) {
                 ^
/Users/runner/eda/oss-cad-suite/share/verilator/include/verilatedos.h:775:1: warning: inline variables are a C++17 extension [-Wc++17-extensions]
inline constexpr size_t roundUpToMultipleOf(size_t value) {
^
/Users/runner/eda/oss-cad-suite/share/verilator/include/verilatedos.h:775:24: error: expected ';' at end of declaration
inline constexpr size_t roundUpToMultipleOf(size_t value) {
                       ^
                       ;
/Users/runner/eda/oss-cad-suite/share/verilator/include/verilatedos.h:727:17: error: use of undeclared identifier 'm_start'
        return (m_start == 0.0) ? 0.0 : gettime() - m_start;
                ^
/Users/runner/eda/oss-cad-suite/share/verilator/include/verilatedos.h:775:45: error: unknown type name 'size_t'
inline constexpr size_t roundUpToMultipleOf(size_t value) {
                                            ^
/Users/runner/eda/oss-cad-suite/share/verilator/include/verilatedos.h:775:45: error: unknown type name 'size_t'
inline constexpr size_t roundUpToMultipleOf(size_t value) {
                                            ^
/Users/runner/eda/oss-cad-suite/share/verilator/include/verilatedos.h:775:25: error: a type specifier is required for all declarations
inline constexpr size_t roundUpToMultipleOf(size_t value) {
                        ^
/Users/runner/eda/oss-cad-suite/share/verilator/include/verilatedos.h:775:25: error: a type specifier is required for all declarations
inline constexpr size_t roundUpToMultipleOf(size_t value) {
                        ^
/Users/runner/eda/oss-cad-suite/share/verilator/include/verilatedos.h/Users/runner/eda/oss-cad-suite/share/verilator/include/verilatedos.h::776776::2020::  error: use of undeclared identifier 'N'
    static_assert((N & (N - 1)) == 0, "'N' must be a power of 2");
                   ^
error: use of undeclared identifier 'N'
    static_assert((N & (N - 1)) == 0, "'N' must be a power of 2");
                   ^
/Users/runner/eda/oss-cad-suite/share/verilator/include/verilatedos.h:727:53: error: use of undeclared identifier 'm_start'
        return (m_start == 0.0) ? 0.0 : gettime() - m_start;
                                                    ^
/Users/runner/eda/oss-cad-suite/share/verilator/include/verilatedos.h:733:43: warning: 'final' keyword is a C++11 extension [-Wc++11-extensions]
class VL_CAPABILITY("mutex") MtScopeMutex final {
                                          ^
/Users/runner/eda/oss-cad-suite/share/verilator/include/verilatedos.h:748:24: warning: 'final' keyword is a C++11 extension [-Wc++11-extensions]
struct reverse_wrapper final {
                       ^
/Users/runner/eda/oss-cad-suite/share/verilator/include/verilatedos.h:753:5: warning: 'auto' type specifier is a C++11 extension [-Wc++11-extensions]
    auto begin() -> decltype(m_v.rbegin()) { return m_v.rbegin(); }
    ^
/Users/runner/eda/oss-cad-suite/share/verilator/include/verilatedos.h:753:5: error: 'auto' not allowed in function return type
    auto begin() -> decltype(m_v.rbegin()) { return m_v.rbegin(); }
    ^~~~
/Users/runner/eda/oss-cad-suite/share/verilator/include/verilatedos.h:753:17: error: expected ';' at end of declaration list
    auto begin() -> decltype(m_v.rbegin()) { return m_v.rbegin(); }
                ^
                ;
/Users/runner/eda/oss-cad-suite/share/verilator/include/verilatedos.h:776:25: error: use of undeclared identifier 'N'
    static_assert((N & (N - 1)) == 0, "'N' must be a power of 2");
                        ^
/Users/runner/eda/oss-cad-suite/share/verilator/include/verilatedos.h:776:25: error: use of undeclared identifier 'N'
    static_assert((N & (N - 1)) == 0, "'N' must be a power of 2");
                        ^
/Users/runner/eda/oss-cad-suite/share/verilator/include/verilatedos.h:775:8: error: unknown type name 'constexpr'
inline constexpr size_t roundUpToMultipleOf(size_t value) {
       ^
/Users/runner/eda/oss-cad-suite/share/verilator/include/verilatedos.h:775:18: warning: variable templates are a C++14 extension [-Wc++14-extensions]
inline constexpr size_t roundUpToMultipleOf(size_t value) {
                 ^
/Users/runner/eda/oss-cad-suite/share/verilator/include/verilatedos.h:775:1: warning: inline variables are a C++17 extension [-Wc++17-extensions]
inline constexpr size_t roundUpToMultipleOf(size_t value) {
^
/Users/runner/eda/oss-cad-suite/share/verilator/include/verilatedos.h:775:24: error: expected ';' at end of declaration
inline constexpr size_t roundUpToMultipleOf(size_t value) {
                       ^
                       ;
/Users/runner/eda/oss-cad-suite/share/verilator/include/verilatedos.h:777:32: error: use of undeclared identifier 'N'
    return (value + N - 1) & ~(N - 1);
                               ^
/Users/runner/eda/oss-cad-suite/share/verilator/include/verilatedos.h:777:21: error: use of undeclared identifier 'N'
    return (value + N - 1) & ~(N - 1);
                    ^
/Users/runner/eda/oss-cad-suite/share/verilator/include/verilatedos.h:777:32: error: use of undeclared identifier 'N'
    return (value + N - 1) & ~(N - 1);
                               ^
/Users/runner/eda/oss-cad-suite/share/verilator/include/verilatedos.h:777:21: error: use of undeclared identifier 'N'
    return (value + N - 1) & ~(N - 1);
                    ^
/Users/runner/eda/oss-cad-suite/share/verilator/include/verilatedos.h:775:45: error: unknown type name 'size_t'
inline constexpr size_t roundUpToMultipleOf(size_t value) {
                                            ^
/Users/runner/eda/oss-cad-suite/share/verilator/include/verilatedos.h:775:25: error: a type specifier is required for all declarations
inline constexpr size_t roundUpToMultipleOf(size_t value) {
                        ^
/Users/runner/eda/oss-cad-suite/share/verilator/include/verilatedos.h:776:20: error: use of undeclared identifier 'N'
    static_assert((N & (N - 1)) == 0, "'N' must be a power of 2");
                   ^
/Users/runner/eda/oss-cad-suite/share/verilator/include/verilatedos.h:776:25: error: use of undeclared identifier 'N'
    static_assert((N & (N - 1)) == 0, "'N' must be a power of 2");
                        ^
/Users/runner/eda/oss-cad-suite/share/verilator/include/verilatedos.h:777:32: error: use of undeclared identifier 'N'
    return (value + N - 1) & ~(N - 1);
                               ^
/Users/runner/eda/oss-cad-suite/share/verilator/include/verilatedos.h:777:21: error: use of undeclared identifier 'N'
    return (value + N - 1) & ~(N - 1);
                    ^
fatal error: too many errors emitted, stopping now [-ferror-limit=]
fatal error: too many errors emitted, stopping now [-ferror-limit=]
fatal error: too many errors emitted, stopping now [-ferror-limit=]
17 warnings and 20 errors generated.
make: *** [verilator.o] Error 1
make: *** Waiting for unfinished jobs....
17 warnings and 20 errors generated.
make: *** [verilated_dpi.o] Error 1
17 warnings and 20 errors generated.
make: *** [verilated.o] Error 1
Traceback (most recent call last):
  File "<stdin>", line 7, in <module>
  File "/Users/runner/work/fabric-under-pressure/fabric-under-pressure/.venv/lib/python3.11/site-packages/cocotb_tools/runner.py", line 471, in build
    self._execute(cmds, cwd=self.cwd)
  File "/Users/runner/work/fabric-under-pressure/fabric-under-pressure/.venv/lib/python3.11/site-packages/cocotb_tools/runner.py", line 723, in _execute
    self._execute_cmds(cmds, cwd)
  File "/Users/runner/work/fabric-under-pressure/fabric-under-pressure/.venv/lib/python3.11/site-packages/cocotb_tools/runner.py", line 744, in _execute_cmds
    raise RuntimeError(
RuntimeError: Command failed with return code: 2
