git_commit=083dc5d791d667c87d424177dfd3e722c9ceda3e
architecture=A
seed=0xA3F30003
plan=results/raw/gate3_random/plans/seed_A3F30003.json
configuration=96 planned operations plus four-entry pressure prologue and 10000 idle qualification cycles
verilator=Verilator 5.053 devel rev v5.052-119-g014c9820d (mod)
%Warning-UNOPTFLAT: /Users/Dilan/Projects/fabric-under-pressure/rtl/axi_fabric_a.sv:109:15: Signal unoptimizable: Circular combinational logic: 'axi_fabric_a.aw_valid_t'
  109 |   logic [3:0] aw_valid_t;
      |               ^~~~~~~~~~
                    ... For warning description see https://verilator.org/warn/UNOPTFLAT?v=5.053
                    ... Use "/* verilator lint_off UNOPTFLAT */" and lint_on around source to disable this message.
                    /Users/Dilan/Projects/fabric-under-pressure/rtl/axi_fabric_a.sv:109:15:      Example path: axi_fabric_a.aw_valid_t
                    /Users/Dilan/Projects/fabric-under-pressure/rtl/axi_fabric_a.sv:286:3:      Example path: ALWAYS
                    /Users/Dilan/Projects/fabric-under-pressure/rtl/axi_fabric_a.sv:117:15:      Example path: axi_fabric_a.aw_target_ready_t
                    /Users/Dilan/Projects/fabric-under-pressure/rtl/axi_aw_target_path_a.sv:30:22:      Example path: ASSIGNW
                    /Users/Dilan/Projects/fabric-under-pressure/rtl/axi_aw_target_path_a.sv:30:22:      Example path: axi_fabric_a.gen_paths[3].u_aw.target_awready
                    /Users/Dilan/Projects/fabric-under-pressure/rtl/axi_aw_target_path_a.sv:197:3:      Example path: ALWAYS
                    /Users/Dilan/Projects/fabric-under-pressure/rtl/axi_aw_target_path_a.sv:41:22:      Example path: axi_fabric_a.gen_paths[3].u_aw.target_awvalid
                    /Users/Dilan/Projects/fabric-under-pressure/rtl/axi_fabric_a.sv:225:10:      Example path: ASSIGNW
                    /Users/Dilan/Projects/fabric-under-pressure/rtl/axi_fabric_a.sv:109:15:      Example path: axi_fabric_a.aw_valid_t
%Warning-UNOPTFLAT: /Users/Dilan/Projects/fabric-under-pressure/rtl/axi_fabric_a.sv:120:15: Signal unoptimizable: Circular combinational logic: 'axi_fabric_a.w_valid_t'
  120 |   logic [3:0] w_valid_t, w_last_t, w_target_ready_t, w_target_fire_t;
      |               ^~~~~~~~~
                    /Users/Dilan/Projects/fabric-under-pressure/rtl/axi_fabric_a.sv:120:15:      Example path: axi_fabric_a.w_valid_t
                    /Users/Dilan/Projects/fabric-under-pressure/rtl/axi_fabric_a.sv:286:3:      Example path: ALWAYS
                    /Users/Dilan/Projects/fabric-under-pressure/rtl/axi_fabric_a.sv:117:15:      Example path: axi_fabric_a.aw_target_ready_t
                    /Users/Dilan/Projects/fabric-under-pressure/rtl/axi_aw_target_path_a.sv:30:22:      Example path: ASSIGNW
                    /Users/Dilan/Projects/fabric-under-pressure/rtl/axi_aw_target_path_a.sv:30:22:      Example path: axi_fabric_a.gen_paths[3].u_aw.target_awready
                    /Users/Dilan/Projects/fabric-under-pressure/rtl/axi_aw_target_path_a.sv:197:3:      Example path: ALWAYS
                    /Users/Dilan/Projects/fabric-under-pressure/rtl/axi_aw_target_path_a.sv:41:22:      Example path: axi_fabric_a.gen_paths[3].u_aw.target_awvalid
                    /Users/Dilan/Projects/fabric-under-pressure/rtl/axi_fabric_a.sv:225:10:      Example path: ASSIGNW
                    /Users/Dilan/Projects/fabric-under-pressure/rtl/axi_fabric_a.sv:109:15:      Example path: axi_fabric_a.aw_valid_t
                    /Users/Dilan/Projects/fabric-under-pressure/rtl/axi_fabric_a.sv:286:3:      Example path: ALWAYS
%Warning-UNOPTFLAT: /Users/Dilan/Projects/fabric-under-pressure/rtl/axi_fabric_a.sv:130:15: Signal unoptimizable: Circular combinational logic: 'axi_fabric_a.ar_valid_t'
  130 |   logic [3:0] ar_valid_t;
      |               ^~~~~~~~~~
                    /Users/Dilan/Projects/fabric-under-pressure/rtl/axi_fabric_a.sv:130:15:      Example path: axi_fabric_a.ar_valid_t
                    /Users/Dilan/Projects/fabric-under-pressure/rtl/axi_fabric_a.sv:286:3:      Example path: ALWAYS
                    /Users/Dilan/Projects/fabric-under-pressure/rtl/axi_fabric_a.sv:117:15:      Example path: axi_fabric_a.aw_target_ready_t
                    /Users/Dilan/Projects/fabric-under-pressure/rtl/axi_aw_target_path_a.sv:30:22:      Example path: ASSIGNW
                    /Users/Dilan/Projects/fabric-under-pressure/rtl/axi_aw_target_path_a.sv:30:22:      Example path: axi_fabric_a.gen_paths[3].u_aw.target_awready
                    /Users/Dilan/Projects/fabric-under-pressure/rtl/axi_aw_target_path_a.sv:197:3:      Example path: ALWAYS
                    /Users/Dilan/Projects/fabric-under-pressure/rtl/axi_aw_target_path_a.sv:41:22:      Example path: axi_fabric_a.gen_paths[3].u_aw.target_awvalid
                    /Users/Dilan/Projects/fabric-under-pressure/rtl/axi_fabric_a.sv:225:10:      Example path: ASSIGNW
                    /Users/Dilan/Projects/fabric-under-pressure/rtl/axi_fabric_a.sv:109:15:      Example path: axi_fabric_a.aw_valid_t
                    /Users/Dilan/Projects/fabric-under-pressure/rtl/axi_fabric_a.sv:286:3:      Example path: ALWAYS
%Warning-UNOPTFLAT: /Users/Dilan/Projects/fabric-under-pressure/rtl/axi_write_state_bank.sv:52:13: Signal unoptimizable: Circular combinational logic: 'axi_fabric_a.write_state.gen_manager_state[0].outstanding_allowed_lane'
   52 |       logic outstanding_allowed_lane;
      |             ^~~~~~~~~~~~~~~~~~~~~~~~
                    /Users/Dilan/Projects/fabric-under-pressure/rtl/axi_write_state_bank.sv:52:13:      Example path: axi_fabric_a.write_state.gen_manager_state[0].outstanding_allowed_lane
                    /Users/Dilan/Projects/fabric-under-pressure/rtl/axi_write_state_bank.sv:110:7:      Example path: ALWAYS
                    /Users/Dilan/Projects/fabric-under-pressure/rtl/axi_write_state_bank.sv:37:42:      Example path: axi_fabric_a.write_state.commit_fire
                    /Users/Dilan/Projects/fabric-under-pressure/rtl/axi_outstanding_tracker.sv:8:23:      Example path: ASSIGNW
                    /Users/Dilan/Projects/fabric-under-pressure/rtl/axi_outstanding_tracker.sv:8:23:      Example path: axi_fabric_a.write_state.gen_manager_state[2].u_outstanding.allocate_fire
                    /Users/Dilan/Projects/fabric-under-pressure/rtl/axi_outstanding_tracker.sv:34:3:      Example path: ALWAYS
                    /Users/Dilan/Projects/fabric-under-pressure/rtl/axi_outstanding_tracker.sv:18:23:      Example path: axi_fabric_a.write_state.gen_manager_state[2].u_outstanding.allocate_allowed
                    /Users/Dilan/Projects/fabric-under-pressure/rtl/axi_outstanding_tracker.sv:18:23:      Example path: ASSIGNW
                    /Users/Dilan/Projects/fabric-under-pressure/rtl/axi_write_state_bank.sv:52:13:      Example path: axi_fabric_a.write_state.gen_manager_state[2].outstanding_allowed_lane
                    /Users/Dilan/Projects/fabric-under-pressure/rtl/axi_write_state_bank.sv:110:7:      Example path: ALWAYS
                    /Users/Dilan/Projects/fabric-under-pressure/rtl/axi_write_state_bank.sv:37:42:      Example path: axi_fabric_a.write_state.commit_fire
%Warning-UNOPTFLAT: /Users/Dilan/Projects/fabric-under-pressure/rtl/axi_read_state_bank.sv:28:13: Signal unoptimizable: Circular combinational logic: 'axi_fabric_a.read_state.gen_read_state[0].allowed_lane'
   28 |       logic allowed_lane;
      |             ^~~~~~~~~~~~
                    /Users/Dilan/Projects/fabric-under-pressure/rtl/axi_read_state_bank.sv:28:13:      Example path: axi_fabric_a.read_state.gen_read_state[0].allowed_lane
                    /Users/Dilan/Projects/fabric-under-pressure/rtl/axi_read_state_bank.sv:52:7:      Example path: ALWAYS
                    /Users/Dilan/Projects/fabric-under-pressure/rtl/axi_read_state_bank.sv:20:42:      Example path: axi_fabric_a.read_state.commit_fire
                    /Users/Dilan/Projects/fabric-under-pressure/rtl/axi_outstanding_tracker.sv:8:23:      Example path: ASSIGNW
                    /Users/Dilan/Projects/fabric-under-pressure/rtl/axi_outstanding_tracker.sv:8:23:      Example path: axi_fabric_a.read_state.gen_read_state[2].u_tracker.allocate_fire
                    /Users/Dilan/Projects/fabric-under-pressure/rtl/axi_outstanding_tracker.sv:34:3:      Example path: ALWAYS
                    /Users/Dilan/Projects/fabric-under-pressure/rtl/axi_outstanding_tracker.sv:18:23:      Example path: axi_fabric_a.read_state.gen_read_state[2].u_tracker.allocate_allowed
                    /Users/Dilan/Projects/fabric-under-pressure/rtl/axi_outstanding_tracker.sv:18:23:      Example path: ASSIGNW
                    /Users/Dilan/Projects/fabric-under-pressure/rtl/axi_read_state_bank.sv:28:13:      Example path: axi_fabric_a.read_state.gen_read_state[2].allowed_lane
                    /Users/Dilan/Projects/fabric-under-pressure/rtl/axi_read_state_bank.sv:52:7:      Example path: ALWAYS
                    /Users/Dilan/Projects/fabric-under-pressure/rtl/axi_read_state_bank.sv:20:42:      Example path: axi_fabric_a.read_state.commit_fire
%Warning-UNOPTFLAT: /Users/Dilan/Projects/fabric-under-pressure/rtl/axi_s3_error_target.sv:21:33: Signal unoptimizable: Circular combinational logic: 'axi_fabric_a.s3.awvalid'
   21 |   input  logic                  awvalid,
      |                                 ^~~~~~~
                    /Users/Dilan/Projects/fabric-under-pressure/rtl/axi_s3_error_target.sv:21:33:      Example path: axi_fabric_a.s3.awvalid
                    /Users/Dilan/Projects/fabric-under-pressure/rtl/axi_s3_error_target.sv:78:3:      Example path: ALWAYS
                    /Users/Dilan/Projects/fabric-under-pressure/rtl/axi_s3_error_target.sv:22:33:      Example path: axi_fabric_a.s3.awready
                    /Users/Dilan/Projects/fabric-under-pressure/rtl/axi_s3_error_target.sv:22:33:      Example path: ASSIGNW
                    /Users/Dilan/Projects/fabric-under-pressure/rtl/axi_fabric_a.sv:188:9:      Example path: axi_fabric_a.s3_awready
                    /Users/Dilan/Projects/fabric-under-pressure/rtl/axi_fabric_a.sv:286:3:      Example path: ALWAYS
                    /Users/Dilan/Projects/fabric-under-pressure/rtl/axi_fabric_a.sv:117:15:      Example path: axi_fabric_a.aw_target_ready_t
                    /Users/Dilan/Projects/fabric-under-pressure/rtl/axi_aw_target_path_a.sv:30:22:      Example path: ASSIGNW
                    /Users/Dilan/Projects/fabric-under-pressure/rtl/axi_aw_target_path_a.sv:30:22:      Example path: axi_fabric_a.gen_paths[3].u_aw.target_awready
                    /Users/Dilan/Projects/fabric-under-pressure/rtl/axi_aw_target_path_a.sv:197:3:      Example path: ALWAYS
                    /Users/Dilan/Projects/fabric-under-pressure/rtl/axi_aw_target_path_a.sv:41:22:      Example path: axi_fabric_a.gen_paths[3].u_aw.target_awvalid
                    /Users/Dilan/Projects/fabric-under-pressure/rtl/axi_fabric_a.sv:225:10:      Example path: ASSIGNW
                    /Users/Dilan/Projects/fabric-under-pressure/rtl/axi_fabric_a.sv:109:15:      Example path: axi_fabric_a.aw_valid_t
                    /Users/Dilan/Projects/fabric-under-pressure/rtl/axi_fabric_a.sv:286:3:      Example path: ALWAYS
%Warning-UNOPTFLAT: /Users/Dilan/Projects/fabric-under-pressure/rtl/axi_s3_error_target.sv:27:33: Signal unoptimizable: Circular combinational logic: 'axi_fabric_a.s3.wvalid'
   27 |   input  logic                  wvalid,
      |                                 ^~~~~~
                    /Users/Dilan/Projects/fabric-under-pressure/rtl/axi_s3_error_target.sv:27:33:      Example path: axi_fabric_a.s3.wvalid
                    /Users/Dilan/Projects/fabric-under-pressure/rtl/axi_s3_error_target.sv:78:3:      Example path: ALWAYS
                    /Users/Dilan/Projects/fabric-under-pressure/rtl/axi_s3_error_target.sv:22:33:      Example path: axi_fabric_a.s3.awready
                    /Users/Dilan/Projects/fabric-under-pressure/rtl/axi_s3_error_target.sv:22:33:      Example path: ASSIGNW
                    /Users/Dilan/Projects/fabric-under-pressure/rtl/axi_fabric_a.sv:188:9:      Example path: axi_fabric_a.s3_awready
                    /Users/Dilan/Projects/fabric-under-pressure/rtl/axi_fabric_a.sv:286:3:      Example path: ALWAYS
                    /Users/Dilan/Projects/fabric-under-pressure/rtl/axi_fabric_a.sv:117:15:      Example path: axi_fabric_a.aw_target_ready_t
                    /Users/Dilan/Projects/fabric-under-pressure/rtl/axi_aw_target_path_a.sv:30:22:      Example path: ASSIGNW
                    /Users/Dilan/Projects/fabric-under-pressure/rtl/axi_aw_target_path_a.sv:30:22:      Example path: axi_fabric_a.gen_paths[3].u_aw.target_awready
                    /Users/Dilan/Projects/fabric-under-pressure/rtl/axi_aw_target_path_a.sv:197:3:      Example path: ALWAYS
                    /Users/Dilan/Projects/fabric-under-pressure/rtl/axi_aw_target_path_a.sv:41:22:      Example path: axi_fabric_a.gen_paths[3].u_aw.target_awvalid
                    /Users/Dilan/Projects/fabric-under-pressure/rtl/axi_fabric_a.sv:225:10:      Example path: ASSIGNW
                    /Users/Dilan/Projects/fabric-under-pressure/rtl/axi_fabric_a.sv:109:15:      Example path: axi_fabric_a.aw_valid_t
                    /Users/Dilan/Projects/fabric-under-pressure/rtl/axi_fabric_a.sv:286:3:      Example path: ALWAYS
%Warning-UNOPTFLAT: /Users/Dilan/Projects/fabric-under-pressure/rtl/axi_s3_error_target.sv:53:33: Signal unoptimizable: Circular combinational logic: 'axi_fabric_a.s3.rready'
   53 |   input  logic                  rready,
      |                                 ^~~~~~
                    /Users/Dilan/Projects/fabric-under-pressure/rtl/axi_s3_error_target.sv:53:33:      Example path: axi_fabric_a.s3.rready
                    /Users/Dilan/Projects/fabric-under-pressure/rtl/axi_s3_error_target.sv:78:3:      Example path: ALWAYS
                    /Users/Dilan/Projects/fabric-under-pressure/rtl/axi_s3_error_target.sv:46:33:      Example path: axi_fabric_a.s3.arready
                    /Users/Dilan/Projects/fabric-under-pressure/rtl/axi_s3_error_target.sv:46:33:      Example path: ASSIGNW
                    /Users/Dilan/Projects/fabric-under-pressure/rtl/axi_fabric_a.sv:194:65:      Example path: axi_fabric_a.s3_arready
                    /Users/Dilan/Projects/fabric-under-pressure/rtl/axi_fabric_a.sv:286:3:      Example path: ALWAYS
                    /Users/Dilan/Projects/fabric-under-pressure/rtl/axi_fabric_a.sv:117:15:      Example path: axi_fabric_a.aw_target_ready_t
                    /Users/Dilan/Projects/fabric-under-pressure/rtl/axi_aw_target_path_a.sv:30:22:      Example path: ASSIGNW
                    /Users/Dilan/Projects/fabric-under-pressure/rtl/axi_aw_target_path_a.sv:30:22:      Example path: axi_fabric_a.gen_paths[3].u_aw.target_awready
                    /Users/Dilan/Projects/fabric-under-pressure/rtl/axi_aw_target_path_a.sv:197:3:      Example path: ALWAYS
                    /Users/Dilan/Projects/fabric-under-pressure/rtl/axi_aw_target_path_a.sv:41:22:      Example path: axi_fabric_a.gen_paths[3].u_aw.target_awvalid
                    /Users/Dilan/Projects/fabric-under-pressure/rtl/axi_fabric_a.sv:225:10:      Example path: ASSIGNW
                    /Users/Dilan/Projects/fabric-under-pressure/rtl/axi_fabric_a.sv:109:15:      Example path: axi_fabric_a.aw_valid_t
                    /Users/Dilan/Projects/fabric-under-pressure/rtl/axi_fabric_a.sv:286:3:      Example path: ALWAYS
%Warning-UNOPTFLAT: /Users/Dilan/Projects/fabric-under-pressure/rtl/axi_fabric_a.sv:140:15: Signal unoptimizable: Circular combinational logic: 'axi_fabric_a.outstanding_w_allowed'
  140 |   logic [2:0] outstanding_w_allowed, owner_active, state_allowed;
      |               ^~~~~~~~~~~~~~~~~~~~~
                    /Users/Dilan/Projects/fabric-under-pressure/rtl/axi_fabric_a.sv:140:15:      Example path: axi_fabric_a.outstanding_w_allowed
                    /Users/Dilan/Projects/fabric-under-pressure/rtl/axi_aw_target_path_a.sv:24:22:      Example path: ASSIGNW
                    /Users/Dilan/Projects/fabric-under-pressure/rtl/axi_aw_target_path_a.sv:24:22:      Example path: axi_fabric_a.gen_paths[3].u_aw.outstanding_allowed
                    /Users/Dilan/Projects/fabric-under-pressure/rtl/axi_aw_target_scheduler_a.sv:13:22:      Example path: ASSIGNW
                    /Users/Dilan/Projects/fabric-under-pressure/rtl/axi_aw_target_scheduler_a.sv:13:22:      Example path: axi_fabric_a.gen_paths[3].u_aw.u_scheduler.outstanding_allowed
                    /Users/Dilan/Projects/fabric-under-pressure/rtl/axi_aw_target_scheduler_a.sv:35:3:      Example path: ALWAYS
                    /Users/Dilan/Projects/fabric-under-pressure/rtl/axi_aw_target_scheduler_a.sv:23:22:      Example path: axi_fabric_a.gen_paths[3].u_aw.u_scheduler.target_owner_busy
                    /Users/Dilan/Projects/fabric-under-pressure/rtl/axi_aw_target_scheduler_a.sv:23:22:      Example path: ASSIGNW
                    /Users/Dilan/Projects/fabric-under-pressure/rtl/axi_aw_target_path_a.sv:74:15:      Example path: axi_fabric_a.gen_paths[3].u_aw.target_owner_busy
                    /Users/Dilan/Projects/fabric-under-pressure/rtl/axi_aw_target_path_a.sv:197:3:      Example path: ALWAYS
                    /Users/Dilan/Projects/fabric-under-pressure/rtl/axi_aw_target_path_a.sv:33:22:      Example path: axi_fabric_a.gen_paths[3].u_aw.manager_aw_fire
                    /Users/Dilan/Projects/fabric-under-pressure/rtl/axi_fabric_a.sv:223:82:      Example path: ASSIGNW
                    /Users/Dilan/Projects/fabric-under-pressure/rtl/axi_fabric_a.sv:104:32:      Example path: axi_fabric_a.aw_fire_t
                    /Users/Dilan/Projects/fabric-under-pressure/rtl/axi_fabric_a.sv:266:3:      Example path: ALWAYS
                    /Users/Dilan/Projects/fabric-under-pressure/rtl/axi_fabric_a.sv:152:15:      Example path: axi_fabric_a.aw_state_fire
                    /Users/Dilan/Projects/fabric-under-pressure/rtl/axi_write_state_bank.sv:14:42:      Example path: ASSIGNW
                    /Users/Dilan/Projects/fabric-under-pressure/rtl/axi_write_state_bank.sv:14:42:      Example path: axi_fabric_a.write_state.aw_admit_fire
                    /Users/Dilan/Projects/fabric-under-pressure/rtl/axi_write_state_bank.sv:110:7:      Example path: ALWAYS
                    /Users/Dilan/Projects/fabric-under-pressure/rtl/axi_write_state_bank.sv:37:42:      Example path: axi_fabric_a.write_state.commit_fire
                    /Users/Dilan/Projects/fabric-under-pressure/rtl/axi_outstanding_tracker.sv:8:23:      Example path: ASSIGNW
                    /Users/Dilan/Projects/fabric-under-pressure/rtl/axi_outstanding_tracker.sv:8:23:      Example path: axi_fabric_a.write_state.gen_manager_state[2].u_outstanding.allocate_fire
                    /Users/Dilan/Projects/fabric-under-pressure/rtl/axi_outstanding_tracker.sv:34:3:      Example path: ALWAYS
                    /Users/Dilan/Projects/fabric-under-pressure/rtl/axi_outstanding_tracker.sv:18:23:      Example path: axi_fabric_a.write_state.gen_manager_state[2].u_outstanding.allocate_allowed
                    /Users/Dilan/Projects/fabric-under-pressure/rtl/axi_outstanding_tracker.sv:18:23:      Example path: ASSIGNW
                    /Users/Dilan/Projects/fabric-under-pressure/rtl/axi_write_state_bank.sv:52:13:      Example path: axi_fabric_a.write_state.gen_manager_state[2].outstanding_allowed_lane
                    /Users/Dilan/Projects/fabric-under-pressure/rtl/axi_write_state_bank.sv:110:7:      Example path: ALWAYS
                    /Users/Dilan/Projects/fabric-under-pressure/rtl/axi_write_state_bank.sv:37:42:      Example path: axi_fabric_a.write_state.commit_fire
%Warning-UNOPTFLAT: /Users/Dilan/Projects/fabric-under-pressure/rtl/axi_fabric_a.sv:148:15: Signal unoptimizable: Circular combinational logic: 'axi_fabric_a.outstanding_r_allowed'
  148 |   logic [2:0] outstanding_r_allowed;
      |               ^~~~~~~~~~~~~~~~~~~~~
                    /Users/Dilan/Projects/fabric-under-pressure/rtl/axi_fabric_a.sv:148:15:      Example path: axi_fabric_a.outstanding_r_allowed
                    /Users/Dilan/Projects/fabric-under-pressure/rtl/axi_ar_target_path_a.sv:22:22:      Example path: ASSIGNW
                    /Users/Dilan/Projects/fabric-under-pressure/rtl/axi_ar_target_path_a.sv:22:22:      Example path: axi_fabric_a.gen_paths[3].u_ar.outstanding_allowed
                    /Users/Dilan/Projects/fabric-under-pressure/rtl/axi_ar_target_scheduler_a.sv:9:22:      Example path: ASSIGNW
                    /Users/Dilan/Projects/fabric-under-pressure/rtl/axi_ar_target_scheduler_a.sv:9:22:      Example path: axi_fabric_a.gen_paths[3].u_ar.u_scheduler.outstanding_allowed
                    /Users/Dilan/Projects/fabric-under-pressure/rtl/axi_ar_target_scheduler_a.sv:23:3:      Example path: ALWAYS
                    /Users/Dilan/Projects/fabric-under-pressure/rtl/axi_ar_target_scheduler_a.sv:11:22:      Example path: axi_fabric_a.gen_paths[3].u_ar.u_scheduler.raw_eligible
                    /Users/Dilan/Projects/fabric-under-pressure/rtl/axi_ar_target_scheduler_a.sv:11:22:      Example path: ASSIGNW
                    /Users/Dilan/Projects/fabric-under-pressure/rtl/axi_ar_target_path_a.sv:63:15:      Example path: axi_fabric_a.gen_paths[3].u_ar.raw_eligible
                    /Users/Dilan/Projects/fabric-under-pressure/rtl/axi_ar_target_path_a.sv:145:3:      Example path: ALWAYS
                    /Users/Dilan/Projects/fabric-under-pressure/rtl/axi_ar_target_path_a.sv:25:22:      Example path: axi_fabric_a.gen_paths[3].u_ar.manager_ar_fire
                    /Users/Dilan/Projects/fabric-under-pressure/rtl/axi_fabric_a.sv:230:82:      Example path: ASSIGNW
                    /Users/Dilan/Projects/fabric-under-pressure/rtl/axi_fabric_a.sv:125:32:      Example path: axi_fabric_a.ar_fire_t
                    /Users/Dilan/Projects/fabric-under-pressure/rtl/axi_fabric_a.sv:266:3:      Example path: ALWAYS
                    /Users/Dilan/Projects/fabric-under-pressure/rtl/axi_fabric_a.sv:152:15:      Example path: axi_fabric_a.aw_state_fire
                    /Users/Dilan/Projects/fabric-under-pressure/rtl/axi_write_state_bank.sv:14:42:      Example path: ASSIGNW
                    /Users/Dilan/Projects/fabric-under-pressure/rtl/axi_write_state_bank.sv:14:42:      Example path: axi_fabric_a.write_state.aw_admit_fire
                    /Users/Dilan/Projects/fabric-under-pressure/rtl/axi_write_state_bank.sv:110:7:      Example path: ALWAYS
                    /Users/Dilan/Projects/fabric-under-pressure/rtl/axi_write_state_bank.sv:37:42:      Example path: axi_fabric_a.write_state.commit_fire
                    /Users/Dilan/Projects/fabric-under-pressure/rtl/axi_outstanding_tracker.sv:8:23:      Example path: ASSIGNW
                    /Users/Dilan/Projects/fabric-under-pressure/rtl/axi_outstanding_tracker.sv:8:23:      Example path: axi_fabric_a.write_state.gen_manager_state[2].u_outstanding.allocate_fire
                    /Users/Dilan/Projects/fabric-under-pressure/rtl/axi_outstanding_tracker.sv:34:3:      Example path: ALWAYS
                    /Users/Dilan/Projects/fabric-under-pressure/rtl/axi_outstanding_tracker.sv:18:23:      Example path: axi_fabric_a.write_state.gen_manager_state[2].u_outstanding.allocate_allowed
                    /Users/Dilan/Projects/fabric-under-pressure/rtl/axi_outstanding_tracker.sv:18:23:      Example path: ASSIGNW
                    /Users/Dilan/Projects/fabric-under-pressure/rtl/axi_write_state_bank.sv:52:13:      Example path: axi_fabric_a.write_state.gen_manager_state[2].outstanding_allowed_lane
                    /Users/Dilan/Projects/fabric-under-pressure/rtl/axi_write_state_bank.sv:110:7:      Example path: ALWAYS
                    /Users/Dilan/Projects/fabric-under-pressure/rtl/axi_write_state_bank.sv:37:42:      Example path: axi_fabric_a.write_state.commit_fire
- V e r i l a t i o n   R e p o r t: Verilator 5.053 devel rev v5.052-119-g014c9820d (mod)
- Verilator: Built from 0.923 MB sources in 20 modules, into 3.341 MB in 10 C++ files needing 0.000 MB
- Verilator: Walltime 0.198 s (elab=0.011, cvt=0.153, bld=0.000); cpu 0.197 s on 1 threads; allocated 46.453 MB
g++  -std=c++17 -I.  -MMD -I/Users/Dilan/eda/fabric-under-pressure/oss-cad-suite/share/verilator/include -I/Users/Dilan/eda/fabric-under-pressure/oss-cad-suite/share/verilator/include/vltstd -DVERILATOR=1 -DVM_COVERAGE=0 -DVM_SC=0 -DVM_TIMING=0 -DVM_TRACE=0 -DVM_TRACE_FST=0 -DVM_TRACE_VCD=0 -DVM_TRACE_SAIF=0 -DVM_VPI=1 -faligned-new -fbracket-depth=4096 -fcf-protection=none -Xclang -fno-pch-timestamp -Qunused-arguments  -Wno-c++11-narrowing -Wno-constant-logical-operand -Wno-int-in-bool-context -Wno-non-pod-varargs -Wno-parentheses-equality -Wno-shadow -Wno-sign-compare  -Wno-tautological-compare -Wno-uninitialized -Wno-unnecessary-virtual-specifier -Wno-unused-but-set-parameter -Wno-unused-but-set-variable -Wno-unused-parameter -Wno-unused-variable -Wno-vla-cxx-extension  -DVM_PREFIX_INCLUDE="<Vtop.h>" -DVM_PREFIX_INCLUDE_DPI="<Vtop__Dpi.h>"     -Os  -c -o verilator.o /Users/Dilan/eda/fabric-under-pressure/oss-cad-suite/lib/python3.11/site-packages/cocotb-2.1.0.dev0+41564633-py3.11-darwin-aarch64.egg/cocotb/share/lib/verilator/verilator.cpp
g++ -Os  -std=c++17 -I.  -MMD -I/Users/Dilan/eda/fabric-under-pressure/oss-cad-suite/share/verilator/include -I/Users/Dilan/eda/fabric-under-pressure/oss-cad-suite/share/verilator/include/vltstd -DVERILATOR=1 -DVM_COVERAGE=0 -DVM_SC=0 -DVM_TIMING=0 -DVM_TRACE=0 -DVM_TRACE_FST=0 -DVM_TRACE_VCD=0 -DVM_TRACE_SAIF=0 -DVM_VPI=1 -faligned-new -fbracket-depth=4096 -fcf-protection=none -Xclang -fno-pch-timestamp -Qunused-arguments  -Wno-c++11-narrowing -Wno-constant-logical-operand -Wno-int-in-bool-context -Wno-non-pod-varargs -Wno-parentheses-equality -Wno-shadow -Wno-sign-compare  -Wno-tautological-compare -Wno-uninitialized -Wno-unnecessary-virtual-specifier -Wno-unused-but-set-parameter -Wno-unused-but-set-variable -Wno-unused-parameter -Wno-unused-variable -Wno-vla-cxx-extension  -DVM_PREFIX_INCLUDE="<Vtop.h>" -DVM_PREFIX_INCLUDE_DPI="<Vtop__Dpi.h>"     -c -o verilated.o /Users/Dilan/eda/fabric-under-pressure/oss-cad-suite/share/verilator/include/verilated.cpp
g++ -Os  -std=c++17 -I.  -MMD -I/Users/Dilan/eda/fabric-under-pressure/oss-cad-suite/share/verilator/include -I/Users/Dilan/eda/fabric-under-pressure/oss-cad-suite/share/verilator/include/vltstd -DVERILATOR=1 -DVM_COVERAGE=0 -DVM_SC=0 -DVM_TIMING=0 -DVM_TRACE=0 -DVM_TRACE_FST=0 -DVM_TRACE_VCD=0 -DVM_TRACE_SAIF=0 -DVM_VPI=1 -faligned-new -fbracket-depth=4096 -fcf-protection=none -Xclang -fno-pch-timestamp -Qunused-arguments  -Wno-c++11-narrowing -Wno-constant-logical-operand -Wno-int-in-bool-context -Wno-non-pod-varargs -Wno-parentheses-equality -Wno-shadow -Wno-sign-compare  -Wno-tautological-compare -Wno-uninitialized -Wno-unnecessary-virtual-specifier -Wno-unused-but-set-parameter -Wno-unused-but-set-variable -Wno-unused-parameter -Wno-unused-variable -Wno-vla-cxx-extension  -DVM_PREFIX_INCLUDE="<Vtop.h>" -DVM_PREFIX_INCLUDE_DPI="<Vtop__Dpi.h>"     -c -o verilated_dpi.o /Users/Dilan/eda/fabric-under-pressure/oss-cad-suite/share/verilator/include/verilated_dpi.cpp
g++ -Os  -std=c++17 -I.  -MMD -I/Users/Dilan/eda/fabric-under-pressure/oss-cad-suite/share/verilator/include -I/Users/Dilan/eda/fabric-under-pressure/oss-cad-suite/share/verilator/include/vltstd -DVERILATOR=1 -DVM_COVERAGE=0 -DVM_SC=0 -DVM_TIMING=0 -DVM_TRACE=0 -DVM_TRACE_FST=0 -DVM_TRACE_VCD=0 -DVM_TRACE_SAIF=0 -DVM_VPI=1 -faligned-new -fbracket-depth=4096 -fcf-protection=none -Xclang -fno-pch-timestamp -Qunused-arguments  -Wno-c++11-narrowing -Wno-constant-logical-operand -Wno-int-in-bool-context -Wno-non-pod-varargs -Wno-parentheses-equality -Wno-shadow -Wno-sign-compare  -Wno-tautological-compare -Wno-uninitialized -Wno-unnecessary-virtual-specifier -Wno-unused-but-set-parameter -Wno-unused-but-set-variable -Wno-unused-parameter -Wno-unused-variable -Wno-vla-cxx-extension  -DVM_PREFIX_INCLUDE="<Vtop.h>" -DVM_PREFIX_INCLUDE_DPI="<Vtop__Dpi.h>"     -c -o verilated_vpi.o /Users/Dilan/eda/fabric-under-pressure/oss-cad-suite/share/verilator/include/verilated_vpi.cpp
g++ -Os  -std=c++17 -I.  -MMD -I/Users/Dilan/eda/fabric-under-pressure/oss-cad-suite/share/verilator/include -I/Users/Dilan/eda/fabric-under-pressure/oss-cad-suite/share/verilator/include/vltstd -DVERILATOR=1 -DVM_COVERAGE=0 -DVM_SC=0 -DVM_TIMING=0 -DVM_TRACE=0 -DVM_TRACE_FST=0 -DVM_TRACE_VCD=0 -DVM_TRACE_SAIF=0 -DVM_VPI=1 -faligned-new -fbracket-depth=4096 -fcf-protection=none -Xclang -fno-pch-timestamp -Qunused-arguments  -Wno-c++11-narrowing -Wno-constant-logical-operand -Wno-int-in-bool-context -Wno-non-pod-varargs -Wno-parentheses-equality -Wno-shadow -Wno-sign-compare  -Wno-tautological-compare -Wno-uninitialized -Wno-unnecessary-virtual-specifier -Wno-unused-but-set-parameter -Wno-unused-but-set-variable -Wno-unused-parameter -Wno-unused-variable -Wno-vla-cxx-extension  -DVM_PREFIX_INCLUDE="<Vtop.h>" -DVM_PREFIX_INCLUDE_DPI="<Vtop__Dpi.h>"     -c -o verilated_threads.o /Users/Dilan/eda/fabric-under-pressure/oss-cad-suite/share/verilator/include/verilated_threads.cpp
g++ -Os  -std=c++17 -I.  -MMD -I/Users/Dilan/eda/fabric-under-pressure/oss-cad-suite/share/verilator/include -I/Users/Dilan/eda/fabric-under-pressure/oss-cad-suite/share/verilator/include/vltstd -DVERILATOR=1 -DVM_COVERAGE=0 -DVM_SC=0 -DVM_TIMING=0 -DVM_TRACE=0 -DVM_TRACE_FST=0 -DVM_TRACE_VCD=0 -DVM_TRACE_SAIF=0 -DVM_VPI=1 -faligned-new -fbracket-depth=4096 -fcf-protection=none -Xclang -fno-pch-timestamp -Qunused-arguments  -Wno-c++11-narrowing -Wno-constant-logical-operand -Wno-int-in-bool-context -Wno-non-pod-varargs -Wno-parentheses-equality -Wno-shadow -Wno-sign-compare  -Wno-tautological-compare -Wno-uninitialized -Wno-unnecessary-virtual-specifier -Wno-unused-but-set-parameter -Wno-unused-but-set-variable -Wno-unused-parameter -Wno-unused-variable -Wno-vla-cxx-extension  -DVM_PREFIX_INCLUDE="<Vtop.h>" -DVM_PREFIX_INCLUDE_DPI="<Vtop__Dpi.h>"     -c -x c++-header Vtop__pch.h -o Vtop__pch.h.fast.gch
g++   -std=c++17 -I.  -MMD -I/Users/Dilan/eda/fabric-under-pressure/oss-cad-suite/share/verilator/include -I/Users/Dilan/eda/fabric-under-pressure/oss-cad-suite/share/verilator/include/vltstd -DVERILATOR=1 -DVM_COVERAGE=0 -DVM_SC=0 -DVM_TIMING=0 -DVM_TRACE=0 -DVM_TRACE_FST=0 -DVM_TRACE_VCD=0 -DVM_TRACE_SAIF=0 -DVM_VPI=1 -faligned-new -fbracket-depth=4096 -fcf-protection=none -Xclang -fno-pch-timestamp -Qunused-arguments  -Wno-c++11-narrowing -Wno-constant-logical-operand -Wno-int-in-bool-context -Wno-non-pod-varargs -Wno-parentheses-equality -Wno-shadow -Wno-sign-compare  -Wno-tautological-compare -Wno-uninitialized -Wno-unnecessary-virtual-specifier -Wno-unused-but-set-parameter -Wno-unused-but-set-variable -Wno-unused-parameter -Wno-unused-variable -Wno-vla-cxx-extension  -DVM_PREFIX_INCLUDE="<Vtop.h>" -DVM_PREFIX_INCLUDE_DPI="<Vtop__Dpi.h>"     -c -x c++-header Vtop__pch.h -o Vtop__pch.h.slow.gch
g++ -Os  -std=c++17 -I.  -MMD -I/Users/Dilan/eda/fabric-under-pressure/oss-cad-suite/share/verilator/include -I/Users/Dilan/eda/fabric-under-pressure/oss-cad-suite/share/verilator/include/vltstd -DVERILATOR=1 -DVM_COVERAGE=0 -DVM_SC=0 -DVM_TIMING=0 -DVM_TRACE=0 -DVM_TRACE_FST=0 -DVM_TRACE_VCD=0 -DVM_TRACE_SAIF=0 -DVM_VPI=1 -faligned-new -fbracket-depth=4096 -fcf-protection=none -Xclang -fno-pch-timestamp -Qunused-arguments  -Wno-c++11-narrowing -Wno-constant-logical-operand -Wno-int-in-bool-context -Wno-non-pod-varargs -Wno-parentheses-equality -Wno-shadow -Wno-sign-compare  -Wno-tautological-compare -Wno-uninitialized -Wno-unnecessary-virtual-specifier -Wno-unused-but-set-parameter -Wno-unused-but-set-variable -Wno-unused-parameter -Wno-unused-variable -Wno-vla-cxx-extension  -DVM_PREFIX_INCLUDE="<Vtop.h>" -DVM_PREFIX_INCLUDE_DPI="<Vtop__Dpi.h>"     -include-pch Vtop__pch.h.fast.gch -c Vtop.cpp
g++ -Os  -std=c++17 -I.  -MMD -I/Users/Dilan/eda/fabric-under-pressure/oss-cad-suite/share/verilator/include -I/Users/Dilan/eda/fabric-under-pressure/oss-cad-suite/share/verilator/include/vltstd -DVERILATOR=1 -DVM_COVERAGE=0 -DVM_SC=0 -DVM_TIMING=0 -DVM_TRACE=0 -DVM_TRACE_FST=0 -DVM_TRACE_VCD=0 -DVM_TRACE_SAIF=0 -DVM_VPI=1 -faligned-new -fbracket-depth=4096 -fcf-protection=none -Xclang -fno-pch-timestamp -Qunused-arguments  -Wno-c++11-narrowing -Wno-constant-logical-operand -Wno-int-in-bool-context -Wno-non-pod-varargs -Wno-parentheses-equality -Wno-shadow -Wno-sign-compare  -Wno-tautological-compare -Wno-uninitialized -Wno-unnecessary-virtual-specifier -Wno-unused-but-set-parameter -Wno-unused-but-set-variable -Wno-unused-parameter -Wno-unused-variable -Wno-vla-cxx-extension  -DVM_PREFIX_INCLUDE="<Vtop.h>" -DVM_PREFIX_INCLUDE_DPI="<Vtop__Dpi.h>"     -include-pch Vtop__pch.h.fast.gch -c Vtop___024root__0.cpp
g++ -Os  -std=c++17 -I.  -MMD -I/Users/Dilan/eda/fabric-under-pressure/oss-cad-suite/share/verilator/include -I/Users/Dilan/eda/fabric-under-pressure/oss-cad-suite/share/verilator/include/vltstd -DVERILATOR=1 -DVM_COVERAGE=0 -DVM_SC=0 -DVM_TIMING=0 -DVM_TRACE=0 -DVM_TRACE_FST=0 -DVM_TRACE_VCD=0 -DVM_TRACE_SAIF=0 -DVM_VPI=1 -faligned-new -fbracket-depth=4096 -fcf-protection=none -Xclang -fno-pch-timestamp -Qunused-arguments  -Wno-c++11-narrowing -Wno-constant-logical-operand -Wno-int-in-bool-context -Wno-non-pod-varargs -Wno-parentheses-equality -Wno-shadow -Wno-sign-compare  -Wno-tautological-compare -Wno-uninitialized -Wno-unnecessary-virtual-specifier -Wno-unused-but-set-parameter -Wno-unused-but-set-variable -Wno-unused-parameter -Wno-unused-variable -Wno-vla-cxx-extension  -DVM_PREFIX_INCLUDE="<Vtop.h>" -DVM_PREFIX_INCLUDE_DPI="<Vtop__Dpi.h>"     -include-pch Vtop__pch.h.fast.gch -c Vtop___024root__1.cpp
g++ -Os  -std=c++17 -I.  -MMD -I/Users/Dilan/eda/fabric-under-pressure/oss-cad-suite/share/verilator/include -I/Users/Dilan/eda/fabric-under-pressure/oss-cad-suite/share/verilator/include/vltstd -DVERILATOR=1 -DVM_COVERAGE=0 -DVM_SC=0 -DVM_TIMING=0 -DVM_TRACE=0 -DVM_TRACE_FST=0 -DVM_TRACE_VCD=0 -DVM_TRACE_SAIF=0 -DVM_VPI=1 -faligned-new -fbracket-depth=4096 -fcf-protection=none -Xclang -fno-pch-timestamp -Qunused-arguments  -Wno-c++11-narrowing -Wno-constant-logical-operand -Wno-int-in-bool-context -Wno-non-pod-varargs -Wno-parentheses-equality -Wno-shadow -Wno-sign-compare  -Wno-tautological-compare -Wno-uninitialized -Wno-unnecessary-virtual-specifier -Wno-unused-but-set-parameter -Wno-unused-but-set-variable -Wno-unused-parameter -Wno-unused-variable -Wno-vla-cxx-extension  -DVM_PREFIX_INCLUDE="<Vtop.h>" -DVM_PREFIX_INCLUDE_DPI="<Vtop__Dpi.h>"     -include-pch Vtop__pch.h.fast.gch -c Vtop___024root__2.cpp
g++ -Os  -std=c++17 -I.  -MMD -I/Users/Dilan/eda/fabric-under-pressure/oss-cad-suite/share/verilator/include -I/Users/Dilan/eda/fabric-under-pressure/oss-cad-suite/share/verilator/include/vltstd -DVERILATOR=1 -DVM_COVERAGE=0 -DVM_SC=0 -DVM_TIMING=0 -DVM_TRACE=0 -DVM_TRACE_FST=0 -DVM_TRACE_VCD=0 -DVM_TRACE_SAIF=0 -DVM_VPI=1 -faligned-new -fbracket-depth=4096 -fcf-protection=none -Xclang -fno-pch-timestamp -Qunused-arguments  -Wno-c++11-narrowing -Wno-constant-logical-operand -Wno-int-in-bool-context -Wno-non-pod-varargs -Wno-parentheses-equality -Wno-shadow -Wno-sign-compare  -Wno-tautological-compare -Wno-uninitialized -Wno-unnecessary-virtual-specifier -Wno-unused-but-set-parameter -Wno-unused-but-set-variable -Wno-unused-parameter -Wno-unused-variable -Wno-vla-cxx-extension  -DVM_PREFIX_INCLUDE="<Vtop.h>" -DVM_PREFIX_INCLUDE_DPI="<Vtop__Dpi.h>"     -include-pch Vtop__pch.h.fast.gch -c Vtop__Dpi.cpp
g++   -std=c++17 -I.  -MMD -I/Users/Dilan/eda/fabric-under-pressure/oss-cad-suite/share/verilator/include -I/Users/Dilan/eda/fabric-under-pressure/oss-cad-suite/share/verilator/include/vltstd -DVERILATOR=1 -DVM_COVERAGE=0 -DVM_SC=0 -DVM_TIMING=0 -DVM_TRACE=0 -DVM_TRACE_FST=0 -DVM_TRACE_VCD=0 -DVM_TRACE_SAIF=0 -DVM_VPI=1 -faligned-new -fbracket-depth=4096 -fcf-protection=none -Xclang -fno-pch-timestamp -Qunused-arguments  -Wno-c++11-narrowing -Wno-constant-logical-operand -Wno-int-in-bool-context -Wno-non-pod-varargs -Wno-parentheses-equality -Wno-shadow -Wno-sign-compare  -Wno-tautological-compare -Wno-uninitialized -Wno-unnecessary-virtual-specifier -Wno-unused-but-set-parameter -Wno-unused-but-set-variable -Wno-unused-parameter -Wno-unused-variable -Wno-vla-cxx-extension  -DVM_PREFIX_INCLUDE="<Vtop.h>" -DVM_PREFIX_INCLUDE_DPI="<Vtop__Dpi.h>"     -include-pch Vtop__pch.h.slow.gch -c Vtop__ConstPool__0__Slow.cpp
g++   -std=c++17 -I.  -MMD -I/Users/Dilan/eda/fabric-under-pressure/oss-cad-suite/share/verilator/include -I/Users/Dilan/eda/fabric-under-pressure/oss-cad-suite/share/verilator/include/vltstd -DVERILATOR=1 -DVM_COVERAGE=0 -DVM_SC=0 -DVM_TIMING=0 -DVM_TRACE=0 -DVM_TRACE_FST=0 -DVM_TRACE_VCD=0 -DVM_TRACE_SAIF=0 -DVM_VPI=1 -faligned-new -fbracket-depth=4096 -fcf-protection=none -Xclang -fno-pch-timestamp -Qunused-arguments  -Wno-c++11-narrowing -Wno-constant-logical-operand -Wno-int-in-bool-context -Wno-non-pod-varargs -Wno-parentheses-equality -Wno-shadow -Wno-sign-compare  -Wno-tautological-compare -Wno-uninitialized -Wno-unnecessary-virtual-specifier -Wno-unused-but-set-parameter -Wno-unused-but-set-variable -Wno-unused-parameter -Wno-unused-variable -Wno-vla-cxx-extension  -DVM_PREFIX_INCLUDE="<Vtop.h>" -DVM_PREFIX_INCLUDE_DPI="<Vtop__Dpi.h>"     -include-pch Vtop__pch.h.slow.gch -c Vtop___024root__Slow.cpp
g++   -std=c++17 -I.  -MMD -I/Users/Dilan/eda/fabric-under-pressure/oss-cad-suite/share/verilator/include -I/Users/Dilan/eda/fabric-under-pressure/oss-cad-suite/share/verilator/include/vltstd -DVERILATOR=1 -DVM_COVERAGE=0 -DVM_SC=0 -DVM_TIMING=0 -DVM_TRACE=0 -DVM_TRACE_FST=0 -DVM_TRACE_VCD=0 -DVM_TRACE_SAIF=0 -DVM_VPI=1 -faligned-new -fbracket-depth=4096 -fcf-protection=none -Xclang -fno-pch-timestamp -Qunused-arguments  -Wno-c++11-narrowing -Wno-constant-logical-operand -Wno-int-in-bool-context -Wno-non-pod-varargs -Wno-parentheses-equality -Wno-shadow -Wno-sign-compare  -Wno-tautological-compare -Wno-uninitialized -Wno-unnecessary-virtual-specifier -Wno-unused-but-set-parameter -Wno-unused-but-set-variable -Wno-unused-parameter -Wno-unused-variable -Wno-vla-cxx-extension  -DVM_PREFIX_INCLUDE="<Vtop.h>" -DVM_PREFIX_INCLUDE_DPI="<Vtop__Dpi.h>"     -include-pch Vtop__pch.h.slow.gch -c Vtop___024root__0__Slow.cpp
g++   -std=c++17 -I.  -MMD -I/Users/Dilan/eda/fabric-under-pressure/oss-cad-suite/share/verilator/include -I/Users/Dilan/eda/fabric-under-pressure/oss-cad-suite/share/verilator/include/vltstd -DVERILATOR=1 -DVM_COVERAGE=0 -DVM_SC=0 -DVM_TIMING=0 -DVM_TRACE=0 -DVM_TRACE_FST=0 -DVM_TRACE_VCD=0 -DVM_TRACE_SAIF=0 -DVM_VPI=1 -faligned-new -fbracket-depth=4096 -fcf-protection=none -Xclang -fno-pch-timestamp -Qunused-arguments  -Wno-c++11-narrowing -Wno-constant-logical-operand -Wno-int-in-bool-context -Wno-non-pod-varargs -Wno-parentheses-equality -Wno-shadow -Wno-sign-compare  -Wno-tautological-compare -Wno-uninitialized -Wno-unnecessary-virtual-specifier -Wno-unused-but-set-parameter -Wno-unused-but-set-variable -Wno-unused-parameter -Wno-unused-variable -Wno-vla-cxx-extension  -DVM_PREFIX_INCLUDE="<Vtop.h>" -DVM_PREFIX_INCLUDE_DPI="<Vtop__Dpi.h>"     -include-pch Vtop__pch.h.slow.gch -c Vtop_fabric_addr_map_pkg__Slow.cpp
g++   -std=c++17 -I.  -MMD -I/Users/Dilan/eda/fabric-under-pressure/oss-cad-suite/share/verilator/include -I/Users/Dilan/eda/fabric-under-pressure/oss-cad-suite/share/verilator/include/vltstd -DVERILATOR=1 -DVM_COVERAGE=0 -DVM_SC=0 -DVM_TIMING=0 -DVM_TRACE=0 -DVM_TRACE_FST=0 -DVM_TRACE_VCD=0 -DVM_TRACE_SAIF=0 -DVM_VPI=1 -faligned-new -fbracket-depth=4096 -fcf-protection=none -Xclang -fno-pch-timestamp -Qunused-arguments  -Wno-c++11-narrowing -Wno-constant-logical-operand -Wno-int-in-bool-context -Wno-non-pod-varargs -Wno-parentheses-equality -Wno-shadow -Wno-sign-compare  -Wno-tautological-compare -Wno-uninitialized -Wno-unnecessary-virtual-specifier -Wno-unused-but-set-parameter -Wno-unused-but-set-variable -Wno-unused-parameter -Wno-unused-variable -Wno-vla-cxx-extension  -DVM_PREFIX_INCLUDE="<Vtop.h>" -DVM_PREFIX_INCLUDE_DPI="<Vtop__Dpi.h>"     -include-pch Vtop__pch.h.slow.gch -c Vtop__Syms__Slow.cpp
g++  -Wl,-U,__Z15vl_time_stamp64v,-U,__Z13sc_time_stampv,-U,_vlog_startup_routines   -rdynamic verilator.o verilated.o verilated_dpi.o verilated_vpi.o verilated_threads.o Vtop__ALL.a   -Wl,-rpath,/Users/Dilan/eda/fabric-under-pressure/oss-cad-suite/lib/python3.11/site-packages/cocotb-2.1.0.dev0+41564633-py3.11-darwin-aarch64.egg/cocotb/libs -L/Users/Dilan/eda/fabric-under-pressure/oss-cad-suite/lib/python3.11/site-packages/cocotb-2.1.0.dev0+41564633-py3.11-darwin-aarch64.egg/cocotb/libs -lcocotbvpi_verilator  -pthread -lpthread -ldl   -o axi_fabric_a
rm Vtop__ALL.verilator_deplist.tmp
     -.--ns INFO     gpi                                ../gpi/GpiCommon.cpp:217  in gpi_load_users                  Running entry func 'initialize' from loaded library '/Users/Dilan/eda/fabric-under-pressure/oss-cad-suite/lib/python3.11/site-packages/cocotb-2.1.0.dev0+41564633-py3.11-darwin-aarch64.egg/cocotb/libs/libcocotb.so'
     -.--ns INFO     gpi                                ..mbed/gpi_embed.cpp:97   in initialize                      Using Python 3.11.6 interpreter at /Users/Dilan/eda/fabric-under-pressure/oss-cad-suite/bin/tabbypy3
     0.00ns INFO     cocotb                             Running on Verilator version 5.053 devel
     0.00ns INFO     cocotb                             Seeding Python random module with supplied seed 2750611459
     0.00ns INFO     cocotb                             Initialized cocotb v2.1.0.dev0+41564633 from /Users/Dilan/eda/fabric-under-pressure/oss-cad-suite/lib/python3.11/site-packages/cocotb-2.1.0.dev0+41564633-py3.11-darwin-aarch64.egg/cocotb
     0.00ns INFO     cocotb                             Running tests
     0.00ns INFO     cocotb.regression                  running test_axi_fabric_a_random.fabric_a_random_qualification (1/1)
     0.00ns WARNING  ..st fabric_a_random_qualification [Errno 2] No such file or directory: 'results/raw/gate3_random/plans/seed_A3F30003.json'
                                                        Traceback (most recent call last):
                                                          File "/Users/Dilan/Projects/fabric-under-pressure/tb/cocotb/test_axi_fabric_a_random.py", line 113, in fabric_a_random_qualification
                                                            plan = json.loads(plan_path.read_text(encoding="utf-8"))
                                                                              ^^^^^^^^^^^^^^^^^^^^^^^^^^^^^^^^^^^^^
                                                          File "/Users/Dilan/eda/fabric-under-pressure/oss-cad-suite/lib/python3.11/pathlib.py", line 1058, in read_text
                                                            with self.open(mode='r', encoding=encoding, errors=errors) as f:
                                                                 ^^^^^^^^^^^^^^^^^^^^^^^^^^^^^^^^^^^^^^^^^^^^^^^^^^^^^
                                                          File "/Users/Dilan/eda/fabric-under-pressure/oss-cad-suite/lib/python3.11/pathlib.py", line 1044, in open
                                                            return io.open(self, mode, buffering, encoding, errors, newline)
                                                                   ^^^^^^^^^^^^^^^^^^^^^^^^^^^^^^^^^^^^^^^^^^^^^^^^^^^^^^^^^
                                                        FileNotFoundError: [Errno 2] No such file or directory: 'results/raw/gate3_random/plans/seed_A3F30003.json'
     0.00ns WARNING  cocotb.regression                  test_axi_fabric_a_random.fabric_a_random_qualification failed
     0.00ns INFO     cocotb.regression                  ****************************************************************************************************************
                                                        ** TEST                                                    STATUS  SIM TIME (ns)  REAL TIME (s)  RATIO (ns/s) **
                                                        ****************************************************************************************************************
                                                        ** test_axi_fabric_a_random.fabric_a_random_qualification   FAIL           0.00           0.00          0.00  **
                                                        ****************************************************************************************************************
                                                        ** TESTS=1 PASS=0 FAIL=1 SKIP=0                                            0.00           0.01          0.00  **
                                                        ****************************************************************************************************************
- :0: Verilog $finish
