SBY 23:29:40 [/Users/Dilan/Projects/fabric-under-pressure/results/raw/ar_target_path/formal_ar_prove] Removing directory '/Users/Dilan/Projects/fabric-under-pressure/results/raw/ar_target_path/formal_ar_prove'.
SBY 23:29:40 [/Users/Dilan/Projects/fabric-under-pressure/results/raw/ar_target_path/formal_ar_prove] Copy '/Users/Dilan/Projects/fabric-under-pressure/formal/../rtl/axi_rr_arbiter_3.sv' to '/Users/Dilan/Projects/fabric-under-pressure/results/raw/ar_target_path/formal_ar_prove/src/axi_rr_arbiter_3.sv'.
SBY 23:29:40 [/Users/Dilan/Projects/fabric-under-pressure/results/raw/ar_target_path/formal_ar_prove] Copy '/Users/Dilan/Projects/fabric-under-pressure/formal/../rtl/axi_ar_target_scheduler_a.sv' to '/Users/Dilan/Projects/fabric-under-pressure/results/raw/ar_target_path/formal_ar_prove/src/axi_ar_target_scheduler_a.sv'.
SBY 23:29:40 [/Users/Dilan/Projects/fabric-under-pressure/results/raw/ar_target_path/formal_ar_prove] Copy '/Users/Dilan/Projects/fabric-under-pressure/formal/../rtl/axi_ar_target_path_a.sv' to '/Users/Dilan/Projects/fabric-under-pressure/results/raw/ar_target_path/formal_ar_prove/src/axi_ar_target_path_a.sv'.
SBY 23:29:40 [/Users/Dilan/Projects/fabric-under-pressure/results/raw/ar_target_path/formal_ar_prove] Copy '/Users/Dilan/Projects/fabric-under-pressure/formal/axi_ar_target_path_formal.sv' to '/Users/Dilan/Projects/fabric-under-pressure/results/raw/ar_target_path/formal_ar_prove/src/axi_ar_target_path_formal.sv'.
SBY 23:29:40 [/Users/Dilan/Projects/fabric-under-pressure/results/raw/ar_target_path/formal_ar_prove] engine_0: smtbmc
SBY 23:29:40 [/Users/Dilan/Projects/fabric-under-pressure/results/raw/ar_target_path/formal_ar_prove] base: starting process "cd /Users/Dilan/Projects/fabric-under-pressure/results/raw/ar_target_path/formal_ar_prove/src; yosys -ql ../model/design.log ../model/design.ys"
SBY 23:29:40 [/Users/Dilan/Projects/fabric-under-pressure/results/raw/ar_target_path/formal_ar_prove] base: finished (returncode=0)
SBY 23:29:40 [/Users/Dilan/Projects/fabric-under-pressure/results/raw/ar_target_path/formal_ar_prove] prep: starting process "cd /Users/Dilan/Projects/fabric-under-pressure/results/raw/ar_target_path/formal_ar_prove/model; yosys -ql design_prep.log design_prep.ys"
SBY 23:29:40 [/Users/Dilan/Projects/fabric-under-pressure/results/raw/ar_target_path/formal_ar_prove] prep: finished (returncode=0)
SBY 23:29:40 [/Users/Dilan/Projects/fabric-under-pressure/results/raw/ar_target_path/formal_ar_prove] smt2: starting process "cd /Users/Dilan/Projects/fabric-under-pressure/results/raw/ar_target_path/formal_ar_prove/model; yosys -ql design_smt2.log design_smt2.ys"
SBY 23:29:40 [/Users/Dilan/Projects/fabric-under-pressure/results/raw/ar_target_path/formal_ar_prove] smt2: finished (returncode=0)
SBY 23:29:40 [/Users/Dilan/Projects/fabric-under-pressure/results/raw/ar_target_path/formal_ar_prove] engine_0: starting process "cd /Users/Dilan/Projects/fabric-under-pressure/results/raw/ar_target_path/formal_ar_prove; yosys-smtbmc --presat --unroll --noprogress -t 20  --append 0 --dump-vcd engine_0/trace.vcd --dump-yw engine_0/trace.yw --dump-vlogtb engine_0/trace_tb.v --dump-smtc engine_0/trace.smtc model/design_smt2.smt2"
SBY 23:29:40 [/Users/Dilan/Projects/fabric-under-pressure/results/raw/ar_target_path/formal_ar_prove] engine_0: ##   0:00:00  Solver: yices
SBY 23:29:40 [/Users/Dilan/Projects/fabric-under-pressure/results/raw/ar_target_path/formal_ar_prove] engine_0: ##   0:00:00  Checking assumptions in step 0..
SBY 23:29:40 [/Users/Dilan/Projects/fabric-under-pressure/results/raw/ar_target_path/formal_ar_prove] engine_0: ##   0:00:00  Checking assertions in step 0..
SBY 23:29:40 [/Users/Dilan/Projects/fabric-under-pressure/results/raw/ar_target_path/formal_ar_prove] engine_0: ##   0:00:00  Checking assumptions in step 1..
SBY 23:29:40 [/Users/Dilan/Projects/fabric-under-pressure/results/raw/ar_target_path/formal_ar_prove] engine_0: ##   0:00:00  Checking assertions in step 1..
SBY 23:29:40 [/Users/Dilan/Projects/fabric-under-pressure/results/raw/ar_target_path/formal_ar_prove] engine_0: ##   0:00:00  Checking assumptions in step 2..
SBY 23:29:40 [/Users/Dilan/Projects/fabric-under-pressure/results/raw/ar_target_path/formal_ar_prove] engine_0: ##   0:00:00  Checking assertions in step 2..
SBY 23:29:40 [/Users/Dilan/Projects/fabric-under-pressure/results/raw/ar_target_path/formal_ar_prove] engine_0: ##   0:00:00  Checking assumptions in step 3..
SBY 23:29:40 [/Users/Dilan/Projects/fabric-under-pressure/results/raw/ar_target_path/formal_ar_prove] engine_0: ##   0:00:00  Checking assertions in step 3..
SBY 23:29:40 [/Users/Dilan/Projects/fabric-under-pressure/results/raw/ar_target_path/formal_ar_prove] engine_0: ##   0:00:00  Checking assumptions in step 4..
SBY 23:29:40 [/Users/Dilan/Projects/fabric-under-pressure/results/raw/ar_target_path/formal_ar_prove] engine_0: ##   0:00:00  Checking assertions in step 4..
SBY 23:29:40 [/Users/Dilan/Projects/fabric-under-pressure/results/raw/ar_target_path/formal_ar_prove] engine_0: ##   0:00:00  Checking assumptions in step 5..
SBY 23:29:40 [/Users/Dilan/Projects/fabric-under-pressure/results/raw/ar_target_path/formal_ar_prove] engine_0: ##   0:00:00  Checking assertions in step 5..
SBY 23:29:40 [/Users/Dilan/Projects/fabric-under-pressure/results/raw/ar_target_path/formal_ar_prove] engine_0: ##   0:00:00  Checking assumptions in step 6..
SBY 23:29:40 [/Users/Dilan/Projects/fabric-under-pressure/results/raw/ar_target_path/formal_ar_prove] engine_0: ##   0:00:00  Checking assertions in step 6..
SBY 23:29:40 [/Users/Dilan/Projects/fabric-under-pressure/results/raw/ar_target_path/formal_ar_prove] engine_0: ##   0:00:00  Checking assumptions in step 7..
SBY 23:29:40 [/Users/Dilan/Projects/fabric-under-pressure/results/raw/ar_target_path/formal_ar_prove] engine_0: ##   0:00:00  Checking assertions in step 7..
SBY 23:29:40 [/Users/Dilan/Projects/fabric-under-pressure/results/raw/ar_target_path/formal_ar_prove] engine_0: ##   0:00:00  Checking assumptions in step 8..
SBY 23:29:40 [/Users/Dilan/Projects/fabric-under-pressure/results/raw/ar_target_path/formal_ar_prove] engine_0: ##   0:00:00  Checking assertions in step 8..
SBY 23:29:41 [/Users/Dilan/Projects/fabric-under-pressure/results/raw/ar_target_path/formal_ar_prove] engine_0: ##   0:00:00  Checking assumptions in step 9..
SBY 23:29:41 [/Users/Dilan/Projects/fabric-under-pressure/results/raw/ar_target_path/formal_ar_prove] engine_0: ##   0:00:00  Checking assertions in step 9..
SBY 23:29:41 [/Users/Dilan/Projects/fabric-under-pressure/results/raw/ar_target_path/formal_ar_prove] engine_0: ##   0:00:00  Checking assumptions in step 10..
SBY 23:29:41 [/Users/Dilan/Projects/fabric-under-pressure/results/raw/ar_target_path/formal_ar_prove] engine_0: ##   0:00:00  Checking assertions in step 10..
SBY 23:29:41 [/Users/Dilan/Projects/fabric-under-pressure/results/raw/ar_target_path/formal_ar_prove] engine_0: ##   0:00:00  Checking assumptions in step 11..
SBY 23:29:41 [/Users/Dilan/Projects/fabric-under-pressure/results/raw/ar_target_path/formal_ar_prove] engine_0: ##   0:00:00  Checking assertions in step 11..
SBY 23:29:41 [/Users/Dilan/Projects/fabric-under-pressure/results/raw/ar_target_path/formal_ar_prove] engine_0: ##   0:00:00  Checking assumptions in step 12..
SBY 23:29:41 [/Users/Dilan/Projects/fabric-under-pressure/results/raw/ar_target_path/formal_ar_prove] engine_0: ##   0:00:00  Checking assertions in step 12..
SBY 23:29:41 [/Users/Dilan/Projects/fabric-under-pressure/results/raw/ar_target_path/formal_ar_prove] engine_0: ##   0:00:00  Checking assumptions in step 13..
SBY 23:29:41 [/Users/Dilan/Projects/fabric-under-pressure/results/raw/ar_target_path/formal_ar_prove] engine_0: ##   0:00:00  Checking assertions in step 13..
SBY 23:29:41 [/Users/Dilan/Projects/fabric-under-pressure/results/raw/ar_target_path/formal_ar_prove] engine_0: ##   0:00:00  Checking assumptions in step 14..
SBY 23:29:41 [/Users/Dilan/Projects/fabric-under-pressure/results/raw/ar_target_path/formal_ar_prove] engine_0: ##   0:00:00  Checking assertions in step 14..
SBY 23:29:41 [/Users/Dilan/Projects/fabric-under-pressure/results/raw/ar_target_path/formal_ar_prove] engine_0: ##   0:00:00  Checking assumptions in step 15..
SBY 23:29:41 [/Users/Dilan/Projects/fabric-under-pressure/results/raw/ar_target_path/formal_ar_prove] engine_0: ##   0:00:00  Checking assertions in step 15..
SBY 23:29:41 [/Users/Dilan/Projects/fabric-under-pressure/results/raw/ar_target_path/formal_ar_prove] engine_0: ##   0:00:00  Checking assumptions in step 16..
SBY 23:29:41 [/Users/Dilan/Projects/fabric-under-pressure/results/raw/ar_target_path/formal_ar_prove] engine_0: ##   0:00:00  Checking assertions in step 16..
SBY 23:29:41 [/Users/Dilan/Projects/fabric-under-pressure/results/raw/ar_target_path/formal_ar_prove] engine_0: ##   0:00:00  Checking assumptions in step 17..
SBY 23:29:41 [/Users/Dilan/Projects/fabric-under-pressure/results/raw/ar_target_path/formal_ar_prove] engine_0: ##   0:00:00  Checking assertions in step 17..
SBY 23:29:41 [/Users/Dilan/Projects/fabric-under-pressure/results/raw/ar_target_path/formal_ar_prove] engine_0: ##   0:00:00  Checking assumptions in step 18..
SBY 23:29:41 [/Users/Dilan/Projects/fabric-under-pressure/results/raw/ar_target_path/formal_ar_prove] engine_0: ##   0:00:00  Checking assertions in step 18..
SBY 23:29:41 [/Users/Dilan/Projects/fabric-under-pressure/results/raw/ar_target_path/formal_ar_prove] engine_0: ##   0:00:00  Checking assumptions in step 19..
SBY 23:29:41 [/Users/Dilan/Projects/fabric-under-pressure/results/raw/ar_target_path/formal_ar_prove] engine_0: ##   0:00:00  Checking assertions in step 19..
SBY 23:29:41 [/Users/Dilan/Projects/fabric-under-pressure/results/raw/ar_target_path/formal_ar_prove] engine_0: ##   0:00:00  Status: passed
SBY 23:29:41 [/Users/Dilan/Projects/fabric-under-pressure/results/raw/ar_target_path/formal_ar_prove] engine_0: finished (returncode=0)
SBY 23:29:41 [/Users/Dilan/Projects/fabric-under-pressure/results/raw/ar_target_path/formal_ar_prove] engine_0: Status returned by engine: pass
SBY 23:29:41 [/Users/Dilan/Projects/fabric-under-pressure/results/raw/ar_target_path/formal_ar_prove] summary: Elapsed clock time [H:MM:SS (secs)]: 0:00:00 (0)
SBY 23:29:41 [/Users/Dilan/Projects/fabric-under-pressure/results/raw/ar_target_path/formal_ar_prove] summary: Elapsed process time [H:MM:SS (secs)]: 0:00:00 (0)
SBY 23:29:41 [/Users/Dilan/Projects/fabric-under-pressure/results/raw/ar_target_path/formal_ar_prove] summary: engine_0 (smtbmc) returned pass
SBY 23:29:41 [/Users/Dilan/Projects/fabric-under-pressure/results/raw/ar_target_path/formal_ar_prove] summary: engine_0 did not produce any traces
SBY 23:29:41 [/Users/Dilan/Projects/fabric-under-pressure/results/raw/ar_target_path/formal_ar_prove] DONE (PASS, rc=0)
SBY 23:29:41 [/Users/Dilan/Projects/fabric-under-pressure/results/raw/ar_target_path/formal_ar_cover] Removing directory '/Users/Dilan/Projects/fabric-under-pressure/results/raw/ar_target_path/formal_ar_cover'.
SBY 23:29:41 [/Users/Dilan/Projects/fabric-under-pressure/results/raw/ar_target_path/formal_ar_cover] Copy '/Users/Dilan/Projects/fabric-under-pressure/formal/../rtl/axi_rr_arbiter_3.sv' to '/Users/Dilan/Projects/fabric-under-pressure/results/raw/ar_target_path/formal_ar_cover/src/axi_rr_arbiter_3.sv'.
SBY 23:29:41 [/Users/Dilan/Projects/fabric-under-pressure/results/raw/ar_target_path/formal_ar_cover] Copy '/Users/Dilan/Projects/fabric-under-pressure/formal/../rtl/axi_ar_target_scheduler_a.sv' to '/Users/Dilan/Projects/fabric-under-pressure/results/raw/ar_target_path/formal_ar_cover/src/axi_ar_target_scheduler_a.sv'.
SBY 23:29:41 [/Users/Dilan/Projects/fabric-under-pressure/results/raw/ar_target_path/formal_ar_cover] Copy '/Users/Dilan/Projects/fabric-under-pressure/formal/../rtl/axi_ar_target_path_a.sv' to '/Users/Dilan/Projects/fabric-under-pressure/results/raw/ar_target_path/formal_ar_cover/src/axi_ar_target_path_a.sv'.
SBY 23:29:41 [/Users/Dilan/Projects/fabric-under-pressure/results/raw/ar_target_path/formal_ar_cover] Copy '/Users/Dilan/Projects/fabric-under-pressure/formal/axi_ar_target_path_formal.sv' to '/Users/Dilan/Projects/fabric-under-pressure/results/raw/ar_target_path/formal_ar_cover/src/axi_ar_target_path_formal.sv'.
SBY 23:29:41 [/Users/Dilan/Projects/fabric-under-pressure/results/raw/ar_target_path/formal_ar_cover] engine_0: smtbmc
SBY 23:29:41 [/Users/Dilan/Projects/fabric-under-pressure/results/raw/ar_target_path/formal_ar_cover] base: starting process "cd /Users/Dilan/Projects/fabric-under-pressure/results/raw/ar_target_path/formal_ar_cover/src; yosys -ql ../model/design.log ../model/design.ys"
SBY 23:29:41 [/Users/Dilan/Projects/fabric-under-pressure/results/raw/ar_target_path/formal_ar_cover] base: finished (returncode=0)
SBY 23:29:41 [/Users/Dilan/Projects/fabric-under-pressure/results/raw/ar_target_path/formal_ar_cover] prep: starting process "cd /Users/Dilan/Projects/fabric-under-pressure/results/raw/ar_target_path/formal_ar_cover/model; yosys -ql design_prep.log design_prep.ys"
SBY 23:29:41 [/Users/Dilan/Projects/fabric-under-pressure/results/raw/ar_target_path/formal_ar_cover] prep: finished (returncode=0)
SBY 23:29:41 [/Users/Dilan/Projects/fabric-under-pressure/results/raw/ar_target_path/formal_ar_cover] smt2: starting process "cd /Users/Dilan/Projects/fabric-under-pressure/results/raw/ar_target_path/formal_ar_cover/model; yosys -ql design_smt2.log design_smt2.ys"
SBY 23:29:41 [/Users/Dilan/Projects/fabric-under-pressure/results/raw/ar_target_path/formal_ar_cover] smt2: finished (returncode=0)
SBY 23:29:41 [/Users/Dilan/Projects/fabric-under-pressure/results/raw/ar_target_path/formal_ar_cover] engine_0: starting process "cd /Users/Dilan/Projects/fabric-under-pressure/results/raw/ar_target_path/formal_ar_cover; yosys-smtbmc --presat --unroll -c --noprogress -t 24  --append 0 --dump-vcd engine_0/trace%.vcd --dump-yw engine_0/trace%.yw --dump-vlogtb engine_0/trace%_tb.v --dump-smtc engine_0/trace%.smtc model/design_smt2.smt2"
SBY 23:29:41 [/Users/Dilan/Projects/fabric-under-pressure/results/raw/ar_target_path/formal_ar_cover] engine_0: ##   0:00:00  Solver: yices
SBY 23:29:41 [/Users/Dilan/Projects/fabric-under-pressure/results/raw/ar_target_path/formal_ar_cover] engine_0: ##   0:00:00  Checking cover reachability in step 0..
SBY 23:29:41 [/Users/Dilan/Projects/fabric-under-pressure/results/raw/ar_target_path/formal_ar_cover] engine_0: ##   0:00:00  Checking cover reachability in step 1..
SBY 23:29:41 [/Users/Dilan/Projects/fabric-under-pressure/results/raw/ar_target_path/formal_ar_cover] engine_0: ##   0:00:00  Checking cover reachability in step 2..
SBY 23:29:41 [/Users/Dilan/Projects/fabric-under-pressure/results/raw/ar_target_path/formal_ar_cover] engine_0: ##   0:00:00  Checking cover reachability in step 3..
SBY 23:29:41 [/Users/Dilan/Projects/fabric-under-pressure/results/raw/ar_target_path/formal_ar_cover] engine_0: ##   0:00:00  Reached cover statement in step 3 at axi_ar_target_path_formal: axi_ar_target_path_formal.sv:81.5-81.63 (_witness_.check_cover_axi_ar_target_path_formal_sv_81_187)
SBY 23:29:41 [/Users/Dilan/Projects/fabric-under-pressure/results/raw/ar_target_path/formal_ar_cover] engine_0: ##   0:00:00  Writing trace to VCD file: engine_0/trace0.vcd
SBY 23:29:41 [/Users/Dilan/Projects/fabric-under-pressure/results/raw/ar_target_path/formal_ar_cover] engine_0: ##   0:00:00  Writing trace to Verilog testbench: engine_0/trace0_tb.v
SBY 23:29:41 [/Users/Dilan/Projects/fabric-under-pressure/results/raw/ar_target_path/formal_ar_cover] engine_0: ##   0:00:00  Writing trace to constraints file: engine_0/trace0.smtc
SBY 23:29:41 [/Users/Dilan/Projects/fabric-under-pressure/results/raw/ar_target_path/formal_ar_cover] engine_0: ##   0:00:00  Writing trace to Yosys witness file: engine_0/trace0.yw
SBY 23:29:41 [/Users/Dilan/Projects/fabric-under-pressure/results/raw/ar_target_path/formal_ar_cover] engine_0: ##   0:00:00  Checking cover reachability in step 3..
SBY 23:29:41 [/Users/Dilan/Projects/fabric-under-pressure/results/raw/ar_target_path/formal_ar_cover] engine_0: ##   0:00:00  Reached cover statement in step 3 at axi_ar_target_path_formal: axi_ar_target_path_formal.sv:83.5-83.63 (_witness_.check_cover_axi_ar_target_path_formal_sv_83_195)
SBY 23:29:41 [/Users/Dilan/Projects/fabric-under-pressure/results/raw/ar_target_path/formal_ar_cover] engine_0: ##   0:00:00  Writing trace to VCD file: engine_0/trace1.vcd
SBY 23:29:41 [/Users/Dilan/Projects/fabric-under-pressure/results/raw/ar_target_path/formal_ar_cover] engine_0: ##   0:00:00  Writing trace to Verilog testbench: engine_0/trace1_tb.v
SBY 23:29:41 [/Users/Dilan/Projects/fabric-under-pressure/results/raw/ar_target_path/formal_ar_cover] engine_0: ##   0:00:00  Writing trace to constraints file: engine_0/trace1.smtc
SBY 23:29:41 [/Users/Dilan/Projects/fabric-under-pressure/results/raw/ar_target_path/formal_ar_cover] engine_0: ##   0:00:00  Writing trace to Yosys witness file: engine_0/trace1.yw
SBY 23:29:41 [/Users/Dilan/Projects/fabric-under-pressure/results/raw/ar_target_path/formal_ar_cover] engine_0: ##   0:00:00  Checking cover reachability in step 3..
SBY 23:29:41 [/Users/Dilan/Projects/fabric-under-pressure/results/raw/ar_target_path/formal_ar_cover] engine_0: ##   0:00:00  Reached cover statement in step 3 at axi_ar_target_path_formal: axi_ar_target_path_formal.sv:82.5-82.63 (_witness_.check_cover_axi_ar_target_path_formal_sv_82_191)
SBY 23:29:41 [/Users/Dilan/Projects/fabric-under-pressure/results/raw/ar_target_path/formal_ar_cover] engine_0: ##   0:00:00  Writing trace to VCD file: engine_0/trace2.vcd
SBY 23:29:41 [/Users/Dilan/Projects/fabric-under-pressure/results/raw/ar_target_path/formal_ar_cover] engine_0: ##   0:00:00  Writing trace to Verilog testbench: engine_0/trace2_tb.v
SBY 23:29:41 [/Users/Dilan/Projects/fabric-under-pressure/results/raw/ar_target_path/formal_ar_cover] engine_0: ##   0:00:00  Writing trace to constraints file: engine_0/trace2.smtc
SBY 23:29:41 [/Users/Dilan/Projects/fabric-under-pressure/results/raw/ar_target_path/formal_ar_cover] engine_0: ##   0:00:00  Writing trace to Yosys witness file: engine_0/trace2.yw
SBY 23:29:41 [/Users/Dilan/Projects/fabric-under-pressure/results/raw/ar_target_path/formal_ar_cover] engine_0: ##   0:00:00  Checking cover reachability in step 3..
SBY 23:29:41 [/Users/Dilan/Projects/fabric-under-pressure/results/raw/ar_target_path/formal_ar_cover] engine_0: ##   0:00:00  Checking cover reachability in step 4..
SBY 23:29:41 [/Users/Dilan/Projects/fabric-under-pressure/results/raw/ar_target_path/formal_ar_cover] engine_0: ##   0:00:00  Reached cover statement in step 4 at axi_ar_target_path_formal: axi_ar_target_path_formal.sv:84.5-84.56 (_witness_.check_cover_axi_ar_target_path_formal_sv_84_199)
SBY 23:29:41 [/Users/Dilan/Projects/fabric-under-pressure/results/raw/ar_target_path/formal_ar_cover] engine_0: ##   0:00:00  Writing trace to VCD file: engine_0/trace3.vcd
SBY 23:29:41 [/Users/Dilan/Projects/fabric-under-pressure/results/raw/ar_target_path/formal_ar_cover] engine_0: ##   0:00:00  Writing trace to Verilog testbench: engine_0/trace3_tb.v
SBY 23:29:41 [/Users/Dilan/Projects/fabric-under-pressure/results/raw/ar_target_path/formal_ar_cover] engine_0: ##   0:00:00  Writing trace to constraints file: engine_0/trace3.smtc
SBY 23:29:41 [/Users/Dilan/Projects/fabric-under-pressure/results/raw/ar_target_path/formal_ar_cover] engine_0: ##   0:00:00  Writing trace to Yosys witness file: engine_0/trace3.yw
SBY 23:29:41 [/Users/Dilan/Projects/fabric-under-pressure/results/raw/ar_target_path/formal_ar_cover] engine_0: ##   0:00:00  Checking cover reachability in step 4..
SBY 23:29:41 [/Users/Dilan/Projects/fabric-under-pressure/results/raw/ar_target_path/formal_ar_cover] engine_0: ##   0:00:00  Reached cover statement in step 4 at axi_ar_target_path_formal: axi_ar_target_path_formal.sv:85.5-85.55 (_witness_.check_cover_axi_ar_target_path_formal_sv_85_203)
SBY 23:29:41 [/Users/Dilan/Projects/fabric-under-pressure/results/raw/ar_target_path/formal_ar_cover] engine_0: ##   0:00:00  Writing trace to VCD file: engine_0/trace4.vcd
SBY 23:29:42 [/Users/Dilan/Projects/fabric-under-pressure/results/raw/ar_target_path/formal_ar_cover] engine_0: ##   0:00:00  Writing trace to Verilog testbench: engine_0/trace4_tb.v
SBY 23:29:42 [/Users/Dilan/Projects/fabric-under-pressure/results/raw/ar_target_path/formal_ar_cover] engine_0: ##   0:00:00  Writing trace to constraints file: engine_0/trace4.smtc
SBY 23:29:42 [/Users/Dilan/Projects/fabric-under-pressure/results/raw/ar_target_path/formal_ar_cover] engine_0: ##   0:00:00  Writing trace to Yosys witness file: engine_0/trace4.yw
SBY 23:29:42 [/Users/Dilan/Projects/fabric-under-pressure/results/raw/ar_target_path/formal_ar_cover] engine_0: ##   0:00:00  Checking cover reachability in step 4..
SBY 23:29:42 [/Users/Dilan/Projects/fabric-under-pressure/results/raw/ar_target_path/formal_ar_cover] engine_0: ##   0:00:00  Checking cover reachability in step 5..
SBY 23:29:42 [/Users/Dilan/Projects/fabric-under-pressure/results/raw/ar_target_path/formal_ar_cover] engine_0: ##   0:00:00  Reached cover statement in step 5 at axi_ar_target_path_formal: axi_ar_target_path_formal.sv:86.5-86.61 (_witness_.check_cover_axi_ar_target_path_formal_sv_86_206)
SBY 23:29:42 [/Users/Dilan/Projects/fabric-under-pressure/results/raw/ar_target_path/formal_ar_cover] engine_0: ##   0:00:00  Writing trace to VCD file: engine_0/trace5.vcd
SBY 23:29:42 [/Users/Dilan/Projects/fabric-under-pressure/results/raw/ar_target_path/formal_ar_cover] engine_0: ##   0:00:00  Writing trace to Verilog testbench: engine_0/trace5_tb.v
SBY 23:29:42 [/Users/Dilan/Projects/fabric-under-pressure/results/raw/ar_target_path/formal_ar_cover] engine_0: ##   0:00:00  Writing trace to constraints file: engine_0/trace5.smtc
SBY 23:29:42 [/Users/Dilan/Projects/fabric-under-pressure/results/raw/ar_target_path/formal_ar_cover] engine_0: ##   0:00:00  Writing trace to Yosys witness file: engine_0/trace5.yw
SBY 23:29:42 [/Users/Dilan/Projects/fabric-under-pressure/results/raw/ar_target_path/formal_ar_cover] engine_0: ##   0:00:00  Status: passed
SBY 23:29:42 [/Users/Dilan/Projects/fabric-under-pressure/results/raw/ar_target_path/formal_ar_cover] engine_0: finished (returncode=0)
SBY 23:29:42 [/Users/Dilan/Projects/fabric-under-pressure/results/raw/ar_target_path/formal_ar_cover] engine_0: Status returned by engine: pass
SBY 23:29:42 [/Users/Dilan/Projects/fabric-under-pressure/results/raw/ar_target_path/formal_ar_cover] summary: Elapsed clock time [H:MM:SS (secs)]: 0:00:00 (0)
SBY 23:29:42 [/Users/Dilan/Projects/fabric-under-pressure/results/raw/ar_target_path/formal_ar_cover] summary: Elapsed process time [H:MM:SS (secs)]: 0:00:00 (0)
SBY 23:29:42 [/Users/Dilan/Projects/fabric-under-pressure/results/raw/ar_target_path/formal_ar_cover] summary: engine_0 (smtbmc) returned pass
SBY 23:29:42 [/Users/Dilan/Projects/fabric-under-pressure/results/raw/ar_target_path/formal_ar_cover] summary: cover trace: /Users/Dilan/Projects/fabric-under-pressure/results/raw/ar_target_path/formal_ar_cover/engine_0/trace0.vcd
SBY 23:29:42 [/Users/Dilan/Projects/fabric-under-pressure/results/raw/ar_target_path/formal_ar_cover] summary:   reached cover statement axi_ar_target_path_formal._witness_.check_cover_axi_ar_target_path_formal_sv_81_187 at axi_ar_target_path_formal.sv:81.5-81.63 step 3
SBY 23:29:42 [/Users/Dilan/Projects/fabric-under-pressure/results/raw/ar_target_path/formal_ar_cover] summary: cover trace: /Users/Dilan/Projects/fabric-under-pressure/results/raw/ar_target_path/formal_ar_cover/engine_0/trace1.vcd
SBY 23:29:42 [/Users/Dilan/Projects/fabric-under-pressure/results/raw/ar_target_path/formal_ar_cover] summary:   reached cover statement axi_ar_target_path_formal._witness_.check_cover_axi_ar_target_path_formal_sv_83_195 at axi_ar_target_path_formal.sv:83.5-83.63 step 3
SBY 23:29:42 [/Users/Dilan/Projects/fabric-under-pressure/results/raw/ar_target_path/formal_ar_cover] summary: cover trace: /Users/Dilan/Projects/fabric-under-pressure/results/raw/ar_target_path/formal_ar_cover/engine_0/trace2.vcd
SBY 23:29:42 [/Users/Dilan/Projects/fabric-under-pressure/results/raw/ar_target_path/formal_ar_cover] summary:   reached cover statement axi_ar_target_path_formal._witness_.check_cover_axi_ar_target_path_formal_sv_82_191 at axi_ar_target_path_formal.sv:82.5-82.63 step 3
SBY 23:29:42 [/Users/Dilan/Projects/fabric-under-pressure/results/raw/ar_target_path/formal_ar_cover] summary: cover trace: /Users/Dilan/Projects/fabric-under-pressure/results/raw/ar_target_path/formal_ar_cover/engine_0/trace3.vcd
SBY 23:29:42 [/Users/Dilan/Projects/fabric-under-pressure/results/raw/ar_target_path/formal_ar_cover] summary:   reached cover statement axi_ar_target_path_formal._witness_.check_cover_axi_ar_target_path_formal_sv_84_199 at axi_ar_target_path_formal.sv:84.5-84.56 step 4
SBY 23:29:42 [/Users/Dilan/Projects/fabric-under-pressure/results/raw/ar_target_path/formal_ar_cover] summary: cover trace: /Users/Dilan/Projects/fabric-under-pressure/results/raw/ar_target_path/formal_ar_cover/engine_0/trace4.vcd
SBY 23:29:42 [/Users/Dilan/Projects/fabric-under-pressure/results/raw/ar_target_path/formal_ar_cover] summary:   reached cover statement axi_ar_target_path_formal._witness_.check_cover_axi_ar_target_path_formal_sv_85_203 at axi_ar_target_path_formal.sv:85.5-85.55 step 4
SBY 23:29:42 [/Users/Dilan/Projects/fabric-under-pressure/results/raw/ar_target_path/formal_ar_cover] summary: and 1 further trace
SBY 23:29:42 [/Users/Dilan/Projects/fabric-under-pressure/results/raw/ar_target_path/formal_ar_cover] summary: see /Users/Dilan/Projects/fabric-under-pressure/results/raw/ar_target_path/formal_ar_cover/PASS for a complete summary
SBY 23:29:42 [/Users/Dilan/Projects/fabric-under-pressure/results/raw/ar_target_path/formal_ar_cover] DONE (PASS, rc=0)
SBY 23:29:42 [/Users/Dilan/Projects/fabric-under-pressure/results/raw/ar_target_path/formal_bank_prove] Removing directory '/Users/Dilan/Projects/fabric-under-pressure/results/raw/ar_target_path/formal_bank_prove'.
SBY 23:29:42 [/Users/Dilan/Projects/fabric-under-pressure/results/raw/ar_target_path/formal_bank_prove] Copy '/Users/Dilan/Projects/fabric-under-pressure/formal/../rtl/axi_outstanding_tracker.sv' to '/Users/Dilan/Projects/fabric-under-pressure/results/raw/ar_target_path/formal_bank_prove/src/axi_outstanding_tracker.sv'.
SBY 23:29:42 [/Users/Dilan/Projects/fabric-under-pressure/results/raw/ar_target_path/formal_bank_prove] Copy '/Users/Dilan/Projects/fabric-under-pressure/formal/../rtl/axi_read_state_bank.sv' to '/Users/Dilan/Projects/fabric-under-pressure/results/raw/ar_target_path/formal_bank_prove/src/axi_read_state_bank.sv'.
SBY 23:29:42 [/Users/Dilan/Projects/fabric-under-pressure/results/raw/ar_target_path/formal_bank_prove] Copy '/Users/Dilan/Projects/fabric-under-pressure/formal/axi_read_state_bank_formal.sv' to '/Users/Dilan/Projects/fabric-under-pressure/results/raw/ar_target_path/formal_bank_prove/src/axi_read_state_bank_formal.sv'.
SBY 23:29:42 [/Users/Dilan/Projects/fabric-under-pressure/results/raw/ar_target_path/formal_bank_prove] engine_0: smtbmc
SBY 23:29:42 [/Users/Dilan/Projects/fabric-under-pressure/results/raw/ar_target_path/formal_bank_prove] base: starting process "cd /Users/Dilan/Projects/fabric-under-pressure/results/raw/ar_target_path/formal_bank_prove/src; yosys -ql ../model/design.log ../model/design.ys"
SBY 23:29:42 [/Users/Dilan/Projects/fabric-under-pressure/results/raw/ar_target_path/formal_bank_prove] base: Warning: Replacing memory \len_table with list of registers. See axi_outstanding_tracker.sv:66
SBY 23:29:42 [/Users/Dilan/Projects/fabric-under-pressure/results/raw/ar_target_path/formal_bank_prove] base: Warning: Replacing memory \target_table with list of registers. See axi_outstanding_tracker.sv:65
SBY 23:29:42 [/Users/Dilan/Projects/fabric-under-pressure/results/raw/ar_target_path/formal_bank_prove] base: finished (returncode=0)
SBY 23:29:42 [/Users/Dilan/Projects/fabric-under-pressure/results/raw/ar_target_path/formal_bank_prove] prep: starting process "cd /Users/Dilan/Projects/fabric-under-pressure/results/raw/ar_target_path/formal_bank_prove/model; yosys -ql design_prep.log design_prep.ys"
SBY 23:29:42 [/Users/Dilan/Projects/fabric-under-pressure/results/raw/ar_target_path/formal_bank_prove] prep: finished (returncode=0)
SBY 23:29:42 [/Users/Dilan/Projects/fabric-under-pressure/results/raw/ar_target_path/formal_bank_prove] smt2: starting process "cd /Users/Dilan/Projects/fabric-under-pressure/results/raw/ar_target_path/formal_bank_prove/model; yosys -ql design_smt2.log design_smt2.ys"
SBY 23:29:42 [/Users/Dilan/Projects/fabric-under-pressure/results/raw/ar_target_path/formal_bank_prove] smt2: finished (returncode=0)
SBY 23:29:42 [/Users/Dilan/Projects/fabric-under-pressure/results/raw/ar_target_path/formal_bank_prove] engine_0: starting process "cd /Users/Dilan/Projects/fabric-under-pressure/results/raw/ar_target_path/formal_bank_prove; yosys-smtbmc --presat --unroll --noprogress -t 8  --append 0 --dump-vcd engine_0/trace.vcd --dump-yw engine_0/trace.yw --dump-vlogtb engine_0/trace_tb.v --dump-smtc engine_0/trace.smtc model/design_smt2.smt2"
SBY 23:29:42 [/Users/Dilan/Projects/fabric-under-pressure/results/raw/ar_target_path/formal_bank_prove] engine_0: ##   0:00:00  Solver: yices
SBY 23:29:42 [/Users/Dilan/Projects/fabric-under-pressure/results/raw/ar_target_path/formal_bank_prove] engine_0: ##   0:00:00  Checking assumptions in step 0..
SBY 23:29:42 [/Users/Dilan/Projects/fabric-under-pressure/results/raw/ar_target_path/formal_bank_prove] engine_0: ##   0:00:00  Checking assertions in step 0..
SBY 23:29:42 [/Users/Dilan/Projects/fabric-under-pressure/results/raw/ar_target_path/formal_bank_prove] engine_0: ##   0:00:00  Checking assumptions in step 1..
SBY 23:29:42 [/Users/Dilan/Projects/fabric-under-pressure/results/raw/ar_target_path/formal_bank_prove] engine_0: ##   0:00:00  Checking assertions in step 1..
SBY 23:29:42 [/Users/Dilan/Projects/fabric-under-pressure/results/raw/ar_target_path/formal_bank_prove] engine_0: ##   0:00:00  Checking assumptions in step 2..
SBY 23:29:42 [/Users/Dilan/Projects/fabric-under-pressure/results/raw/ar_target_path/formal_bank_prove] engine_0: ##   0:00:00  Checking assertions in step 2..
SBY 23:29:42 [/Users/Dilan/Projects/fabric-under-pressure/results/raw/ar_target_path/formal_bank_prove] engine_0: ##   0:00:00  Checking assumptions in step 3..
SBY 23:29:42 [/Users/Dilan/Projects/fabric-under-pressure/results/raw/ar_target_path/formal_bank_prove] engine_0: ##   0:00:00  Checking assertions in step 3..
SBY 23:29:42 [/Users/Dilan/Projects/fabric-under-pressure/results/raw/ar_target_path/formal_bank_prove] engine_0: ##   0:00:00  Checking assumptions in step 4..
SBY 23:29:42 [/Users/Dilan/Projects/fabric-under-pressure/results/raw/ar_target_path/formal_bank_prove] engine_0: ##   0:00:00  Checking assertions in step 4..
SBY 23:29:42 [/Users/Dilan/Projects/fabric-under-pressure/results/raw/ar_target_path/formal_bank_prove] engine_0: ##   0:00:00  Checking assumptions in step 5..
SBY 23:29:42 [/Users/Dilan/Projects/fabric-under-pressure/results/raw/ar_target_path/formal_bank_prove] engine_0: ##   0:00:00  Checking assertions in step 5..
SBY 23:29:42 [/Users/Dilan/Projects/fabric-under-pressure/results/raw/ar_target_path/formal_bank_prove] engine_0: ##   0:00:00  Checking assumptions in step 6..
SBY 23:29:42 [/Users/Dilan/Projects/fabric-under-pressure/results/raw/ar_target_path/formal_bank_prove] engine_0: ##   0:00:00  Checking assertions in step 6..
SBY 23:29:42 [/Users/Dilan/Projects/fabric-under-pressure/results/raw/ar_target_path/formal_bank_prove] engine_0: ##   0:00:00  Checking assumptions in step 7..
SBY 23:29:42 [/Users/Dilan/Projects/fabric-under-pressure/results/raw/ar_target_path/formal_bank_prove] engine_0: ##   0:00:00  Checking assertions in step 7..
SBY 23:29:44 [/Users/Dilan/Projects/fabric-under-pressure/results/raw/ar_target_path/formal_bank_prove] engine_0: ##   0:00:01  Status: passed
SBY 23:29:44 [/Users/Dilan/Projects/fabric-under-pressure/results/raw/ar_target_path/formal_bank_prove] engine_0: finished (returncode=0)
SBY 23:29:44 [/Users/Dilan/Projects/fabric-under-pressure/results/raw/ar_target_path/formal_bank_prove] engine_0: Status returned by engine: pass
SBY 23:29:44 [/Users/Dilan/Projects/fabric-under-pressure/results/raw/ar_target_path/formal_bank_prove] summary: Elapsed clock time [H:MM:SS (secs)]: 0:00:02 (2)
SBY 23:29:44 [/Users/Dilan/Projects/fabric-under-pressure/results/raw/ar_target_path/formal_bank_prove] summary: Elapsed process time [H:MM:SS (secs)]: 0:00:02 (2)
SBY 23:29:44 [/Users/Dilan/Projects/fabric-under-pressure/results/raw/ar_target_path/formal_bank_prove] summary: engine_0 (smtbmc) returned pass
SBY 23:29:44 [/Users/Dilan/Projects/fabric-under-pressure/results/raw/ar_target_path/formal_bank_prove] summary: engine_0 did not produce any traces
SBY 23:29:44 [/Users/Dilan/Projects/fabric-under-pressure/results/raw/ar_target_path/formal_bank_prove] DONE (PASS, rc=0)
SBY 23:29:44 [/Users/Dilan/Projects/fabric-under-pressure/results/raw/ar_target_path/formal_bank_cover] Removing directory '/Users/Dilan/Projects/fabric-under-pressure/results/raw/ar_target_path/formal_bank_cover'.
SBY 23:29:44 [/Users/Dilan/Projects/fabric-under-pressure/results/raw/ar_target_path/formal_bank_cover] Copy '/Users/Dilan/Projects/fabric-under-pressure/formal/../rtl/axi_outstanding_tracker.sv' to '/Users/Dilan/Projects/fabric-under-pressure/results/raw/ar_target_path/formal_bank_cover/src/axi_outstanding_tracker.sv'.
SBY 23:29:44 [/Users/Dilan/Projects/fabric-under-pressure/results/raw/ar_target_path/formal_bank_cover] Copy '/Users/Dilan/Projects/fabric-under-pressure/formal/../rtl/axi_read_state_bank.sv' to '/Users/Dilan/Projects/fabric-under-pressure/results/raw/ar_target_path/formal_bank_cover/src/axi_read_state_bank.sv'.
SBY 23:29:44 [/Users/Dilan/Projects/fabric-under-pressure/results/raw/ar_target_path/formal_bank_cover] Copy '/Users/Dilan/Projects/fabric-under-pressure/formal/axi_read_state_bank_formal.sv' to '/Users/Dilan/Projects/fabric-under-pressure/results/raw/ar_target_path/formal_bank_cover/src/axi_read_state_bank_formal.sv'.
SBY 23:29:44 [/Users/Dilan/Projects/fabric-under-pressure/results/raw/ar_target_path/formal_bank_cover] engine_0: smtbmc
SBY 23:29:44 [/Users/Dilan/Projects/fabric-under-pressure/results/raw/ar_target_path/formal_bank_cover] base: starting process "cd /Users/Dilan/Projects/fabric-under-pressure/results/raw/ar_target_path/formal_bank_cover/src; yosys -ql ../model/design.log ../model/design.ys"
SBY 23:29:44 [/Users/Dilan/Projects/fabric-under-pressure/results/raw/ar_target_path/formal_bank_cover] base: Warning: Replacing memory \len_table with list of registers. See axi_outstanding_tracker.sv:66
SBY 23:29:44 [/Users/Dilan/Projects/fabric-under-pressure/results/raw/ar_target_path/formal_bank_cover] base: Warning: Replacing memory \target_table with list of registers. See axi_outstanding_tracker.sv:65
SBY 23:29:44 [/Users/Dilan/Projects/fabric-under-pressure/results/raw/ar_target_path/formal_bank_cover] base: finished (returncode=0)
SBY 23:29:44 [/Users/Dilan/Projects/fabric-under-pressure/results/raw/ar_target_path/formal_bank_cover] prep: starting process "cd /Users/Dilan/Projects/fabric-under-pressure/results/raw/ar_target_path/formal_bank_cover/model; yosys -ql design_prep.log design_prep.ys"
SBY 23:29:44 [/Users/Dilan/Projects/fabric-under-pressure/results/raw/ar_target_path/formal_bank_cover] prep: finished (returncode=0)
SBY 23:29:44 [/Users/Dilan/Projects/fabric-under-pressure/results/raw/ar_target_path/formal_bank_cover] smt2: starting process "cd /Users/Dilan/Projects/fabric-under-pressure/results/raw/ar_target_path/formal_bank_cover/model; yosys -ql design_smt2.log design_smt2.ys"
SBY 23:29:44 [/Users/Dilan/Projects/fabric-under-pressure/results/raw/ar_target_path/formal_bank_cover] smt2: finished (returncode=0)
SBY 23:29:44 [/Users/Dilan/Projects/fabric-under-pressure/results/raw/ar_target_path/formal_bank_cover] engine_0: starting process "cd /Users/Dilan/Projects/fabric-under-pressure/results/raw/ar_target_path/formal_bank_cover; yosys-smtbmc --presat --unroll -c --noprogress -t 24  --append 0 --dump-vcd engine_0/trace%.vcd --dump-yw engine_0/trace%.yw --dump-vlogtb engine_0/trace%_tb.v --dump-smtc engine_0/trace%.smtc model/design_smt2.smt2"
SBY 23:29:44 [/Users/Dilan/Projects/fabric-under-pressure/results/raw/ar_target_path/formal_bank_cover] engine_0: ##   0:00:00  Solver: yices
SBY 23:29:44 [/Users/Dilan/Projects/fabric-under-pressure/results/raw/ar_target_path/formal_bank_cover] engine_0: ##   0:00:00  Checking cover reachability in step 0..
SBY 23:29:44 [/Users/Dilan/Projects/fabric-under-pressure/results/raw/ar_target_path/formal_bank_cover] engine_0: ##   0:00:00  Checking cover reachability in step 1..
SBY 23:29:44 [/Users/Dilan/Projects/fabric-under-pressure/results/raw/ar_target_path/formal_bank_cover] engine_0: ##   0:00:00  Reached cover statement in step 1 at axi_read_state_bank_formal: axi_read_state_bank_formal.sv:25.5-25.32 (_witness_.check_cover_axi_read_state_bank_formal_sv_25_125)
SBY 23:29:44 [/Users/Dilan/Projects/fabric-under-pressure/results/raw/ar_target_path/formal_bank_cover] engine_0: ##   0:00:00  Writing trace to VCD file: engine_0/trace0.vcd
SBY 23:29:44 [/Users/Dilan/Projects/fabric-under-pressure/results/raw/ar_target_path/formal_bank_cover] engine_0: ##   0:00:00  Writing trace to Verilog testbench: engine_0/trace0_tb.v
SBY 23:29:44 [/Users/Dilan/Projects/fabric-under-pressure/results/raw/ar_target_path/formal_bank_cover] engine_0: ##   0:00:00  Writing trace to constraints file: engine_0/trace0.smtc
SBY 23:29:44 [/Users/Dilan/Projects/fabric-under-pressure/results/raw/ar_target_path/formal_bank_cover] engine_0: ##   0:00:00  Writing trace to Yosys witness file: engine_0/trace0.yw
SBY 23:29:44 [/Users/Dilan/Projects/fabric-under-pressure/results/raw/ar_target_path/formal_bank_cover] engine_0: ##   0:00:00  Checking cover reachability in step 1..
SBY 23:29:44 [/Users/Dilan/Projects/fabric-under-pressure/results/raw/ar_target_path/formal_bank_cover] engine_0: ##   0:00:00  Checking cover reachability in step 2..
SBY 23:29:44 [/Users/Dilan/Projects/fabric-under-pressure/results/raw/ar_target_path/formal_bank_cover] engine_0: ##   0:00:00  Checking cover reachability in step 3..
SBY 23:29:44 [/Users/Dilan/Projects/fabric-under-pressure/results/raw/ar_target_path/formal_bank_cover] engine_0: ##   0:00:00  Reached cover statement in step 3 at axi_read_state_bank_formal: axi_read_state_bank_formal.sv:31.5-31.45 (_witness_.check_cover_axi_read_state_bank_formal_sv_31_144)
SBY 23:29:44 [/Users/Dilan/Projects/fabric-under-pressure/results/raw/ar_target_path/formal_bank_cover] engine_0: ##   0:00:00  Writing trace to VCD file: engine_0/trace1.vcd
SBY 23:29:44 [/Users/Dilan/Projects/fabric-under-pressure/results/raw/ar_target_path/formal_bank_cover] engine_0: ##   0:00:00  Writing trace to Verilog testbench: engine_0/trace1_tb.v
SBY 23:29:44 [/Users/Dilan/Projects/fabric-under-pressure/results/raw/ar_target_path/formal_bank_cover] engine_0: ##   0:00:00  Writing trace to constraints file: engine_0/trace1.smtc
SBY 23:29:44 [/Users/Dilan/Projects/fabric-under-pressure/results/raw/ar_target_path/formal_bank_cover] engine_0: ##   0:00:00  Writing trace to Yosys witness file: engine_0/trace1.yw
SBY 23:29:44 [/Users/Dilan/Projects/fabric-under-pressure/results/raw/ar_target_path/formal_bank_cover] engine_0: ##   0:00:00  Checking cover reachability in step 3..
SBY 23:29:44 [/Users/Dilan/Projects/fabric-under-pressure/results/raw/ar_target_path/formal_bank_cover] engine_0: ##   0:00:00  Checking cover reachability in step 4..
SBY 23:29:44 [/Users/Dilan/Projects/fabric-under-pressure/results/raw/ar_target_path/formal_bank_cover] engine_0: ##   0:00:00  Reached cover statement in step 4 at axi_read_state_bank_formal: axi_read_state_bank_formal.sv:26.5-26.37 (_witness_.check_cover_axi_read_state_bank_formal_sv_26_129)
SBY 23:29:44 [/Users/Dilan/Projects/fabric-under-pressure/results/raw/ar_target_path/formal_bank_cover] engine_0: ##   0:00:00  Writing trace to VCD file: engine_0/trace2.vcd
SBY 23:29:44 [/Users/Dilan/Projects/fabric-under-pressure/results/raw/ar_target_path/formal_bank_cover] engine_0: ##   0:00:00  Writing trace to Verilog testbench: engine_0/trace2_tb.v
SBY 23:29:44 [/Users/Dilan/Projects/fabric-under-pressure/results/raw/ar_target_path/formal_bank_cover] engine_0: ##   0:00:00  Writing trace to constraints file: engine_0/trace2.smtc
SBY 23:29:44 [/Users/Dilan/Projects/fabric-under-pressure/results/raw/ar_target_path/formal_bank_cover] engine_0: ##   0:00:00  Writing trace to Yosys witness file: engine_0/trace2.yw
SBY 23:29:44 [/Users/Dilan/Projects/fabric-under-pressure/results/raw/ar_target_path/formal_bank_cover] engine_0: ##   0:00:00  Checking cover reachability in step 4..
SBY 23:29:44 [/Users/Dilan/Projects/fabric-under-pressure/results/raw/ar_target_path/formal_bank_cover] engine_0: ##   0:00:00  Reached cover statement in step 4 at axi_read_state_bank_formal: axi_read_state_bank_formal.sv:30.5-30.46 (_witness_.check_cover_axi_read_state_bank_formal_sv_30_141)
SBY 23:29:44 [/Users/Dilan/Projects/fabric-under-pressure/results/raw/ar_target_path/formal_bank_cover] engine_0: ##   0:00:00  Writing trace to VCD file: engine_0/trace3.vcd
SBY 23:29:44 [/Users/Dilan/Projects/fabric-under-pressure/results/raw/ar_target_path/formal_bank_cover] engine_0: ##   0:00:00  Writing trace to Verilog testbench: engine_0/trace3_tb.v
SBY 23:29:44 [/Users/Dilan/Projects/fabric-under-pressure/results/raw/ar_target_path/formal_bank_cover] engine_0: ##   0:00:00  Writing trace to constraints file: engine_0/trace3.smtc
SBY 23:29:44 [/Users/Dilan/Projects/fabric-under-pressure/results/raw/ar_target_path/formal_bank_cover] engine_0: ##   0:00:00  Writing trace to Yosys witness file: engine_0/trace3.yw
SBY 23:29:44 [/Users/Dilan/Projects/fabric-under-pressure/results/raw/ar_target_path/formal_bank_cover] engine_0: ##   0:00:00  Checking cover reachability in step 4..
SBY 23:29:44 [/Users/Dilan/Projects/fabric-under-pressure/results/raw/ar_target_path/formal_bank_cover] engine_0: ##   0:00:00  Checking cover reachability in step 5..
SBY 23:29:44 [/Users/Dilan/Projects/fabric-under-pressure/results/raw/ar_target_path/formal_bank_cover] engine_0: ##   0:00:00  Reached cover statement in step 5 at axi_read_state_bank_formal: axi_read_state_bank_formal.sv:27.5-27.37 (_witness_.check_cover_axi_read_state_bank_formal_sv_27_132)
SBY 23:29:44 [/Users/Dilan/Projects/fabric-under-pressure/results/raw/ar_target_path/formal_bank_cover] engine_0: ##   0:00:00  Writing trace to VCD file: engine_0/trace4.vcd
SBY 23:29:45 [/Users/Dilan/Projects/fabric-under-pressure/results/raw/ar_target_path/formal_bank_cover] engine_0: ##   0:00:00  Writing trace to Verilog testbench: engine_0/trace4_tb.v
SBY 23:29:45 [/Users/Dilan/Projects/fabric-under-pressure/results/raw/ar_target_path/formal_bank_cover] engine_0: ##   0:00:00  Writing trace to constraints file: engine_0/trace4.smtc
SBY 23:29:45 [/Users/Dilan/Projects/fabric-under-pressure/results/raw/ar_target_path/formal_bank_cover] engine_0: ##   0:00:00  Writing trace to Yosys witness file: engine_0/trace4.yw
SBY 23:29:45 [/Users/Dilan/Projects/fabric-under-pressure/results/raw/ar_target_path/formal_bank_cover] engine_0: ##   0:00:00  Checking cover reachability in step 5..
SBY 23:29:45 [/Users/Dilan/Projects/fabric-under-pressure/results/raw/ar_target_path/formal_bank_cover] engine_0: ##   0:00:00  Checking cover reachability in step 6..
SBY 23:29:45 [/Users/Dilan/Projects/fabric-under-pressure/results/raw/ar_target_path/formal_bank_cover] engine_0: ##   0:00:00  Reached cover statement in step 6 at axi_read_state_bank_formal: axi_read_state_bank_formal.sv:28.5-28.37 (_witness_.check_cover_axi_read_state_bank_formal_sv_28_135)
SBY 23:29:45 [/Users/Dilan/Projects/fabric-under-pressure/results/raw/ar_target_path/formal_bank_cover] engine_0: ##   0:00:00  Writing trace to VCD file: engine_0/trace5.vcd
SBY 23:29:45 [/Users/Dilan/Projects/fabric-under-pressure/results/raw/ar_target_path/formal_bank_cover] engine_0: ##   0:00:00  Writing trace to Verilog testbench: engine_0/trace5_tb.v
SBY 23:29:45 [/Users/Dilan/Projects/fabric-under-pressure/results/raw/ar_target_path/formal_bank_cover] engine_0: ##   0:00:00  Writing trace to constraints file: engine_0/trace5.smtc
SBY 23:29:45 [/Users/Dilan/Projects/fabric-under-pressure/results/raw/ar_target_path/formal_bank_cover] engine_0: ##   0:00:00  Writing trace to Yosys witness file: engine_0/trace5.yw
SBY 23:29:45 [/Users/Dilan/Projects/fabric-under-pressure/results/raw/ar_target_path/formal_bank_cover] engine_0: ##   0:00:00  Checking cover reachability in step 6..
SBY 23:29:45 [/Users/Dilan/Projects/fabric-under-pressure/results/raw/ar_target_path/formal_bank_cover] engine_0: ##   0:00:00  Checking cover reachability in step 7..
SBY 23:29:45 [/Users/Dilan/Projects/fabric-under-pressure/results/raw/ar_target_path/formal_bank_cover] engine_0: ##   0:00:00  Reached cover statement in step 7 at axi_read_state_bank_formal: axi_read_state_bank_formal.sv:29.5-29.37 (_witness_.check_cover_axi_read_state_bank_formal_sv_29_138)
SBY 23:29:45 [/Users/Dilan/Projects/fabric-under-pressure/results/raw/ar_target_path/formal_bank_cover] engine_0: ##   0:00:00  Writing trace to VCD file: engine_0/trace6.vcd
SBY 23:29:45 [/Users/Dilan/Projects/fabric-under-pressure/results/raw/ar_target_path/formal_bank_cover] engine_0: ##   0:00:00  Writing trace to Verilog testbench: engine_0/trace6_tb.v
SBY 23:29:45 [/Users/Dilan/Projects/fabric-under-pressure/results/raw/ar_target_path/formal_bank_cover] engine_0: ##   0:00:00  Writing trace to constraints file: engine_0/trace6.smtc
SBY 23:29:45 [/Users/Dilan/Projects/fabric-under-pressure/results/raw/ar_target_path/formal_bank_cover] engine_0: ##   0:00:00  Writing trace to Yosys witness file: engine_0/trace6.yw
SBY 23:29:45 [/Users/Dilan/Projects/fabric-under-pressure/results/raw/ar_target_path/formal_bank_cover] engine_0: ##   0:00:00  Status: passed
SBY 23:29:45 [/Users/Dilan/Projects/fabric-under-pressure/results/raw/ar_target_path/formal_bank_cover] engine_0: finished (returncode=0)
SBY 23:29:45 [/Users/Dilan/Projects/fabric-under-pressure/results/raw/ar_target_path/formal_bank_cover] engine_0: Status returned by engine: pass
SBY 23:29:45 [/Users/Dilan/Projects/fabric-under-pressure/results/raw/ar_target_path/formal_bank_cover] summary: Elapsed clock time [H:MM:SS (secs)]: 0:00:00 (0)
SBY 23:29:45 [/Users/Dilan/Projects/fabric-under-pressure/results/raw/ar_target_path/formal_bank_cover] summary: Elapsed process time [H:MM:SS (secs)]: 0:00:01 (1)
SBY 23:29:45 [/Users/Dilan/Projects/fabric-under-pressure/results/raw/ar_target_path/formal_bank_cover] summary: engine_0 (smtbmc) returned pass
SBY 23:29:45 [/Users/Dilan/Projects/fabric-under-pressure/results/raw/ar_target_path/formal_bank_cover] summary: cover trace: /Users/Dilan/Projects/fabric-under-pressure/results/raw/ar_target_path/formal_bank_cover/engine_0/trace0.vcd
SBY 23:29:45 [/Users/Dilan/Projects/fabric-under-pressure/results/raw/ar_target_path/formal_bank_cover] summary:   reached cover statement axi_read_state_bank_formal._witness_.check_cover_axi_read_state_bank_formal_sv_25_125 at axi_read_state_bank_formal.sv:25.5-25.32 step 1
SBY 23:29:45 [/Users/Dilan/Projects/fabric-under-pressure/results/raw/ar_target_path/formal_bank_cover] summary: cover trace: /Users/Dilan/Projects/fabric-under-pressure/results/raw/ar_target_path/formal_bank_cover/engine_0/trace1.vcd
SBY 23:29:45 [/Users/Dilan/Projects/fabric-under-pressure/results/raw/ar_target_path/formal_bank_cover] summary:   reached cover statement axi_read_state_bank_formal._witness_.check_cover_axi_read_state_bank_formal_sv_31_144 at axi_read_state_bank_formal.sv:31.5-31.45 step 3
SBY 23:29:45 [/Users/Dilan/Projects/fabric-under-pressure/results/raw/ar_target_path/formal_bank_cover] summary: cover trace: /Users/Dilan/Projects/fabric-under-pressure/results/raw/ar_target_path/formal_bank_cover/engine_0/trace2.vcd
SBY 23:29:45 [/Users/Dilan/Projects/fabric-under-pressure/results/raw/ar_target_path/formal_bank_cover] summary:   reached cover statement axi_read_state_bank_formal._witness_.check_cover_axi_read_state_bank_formal_sv_26_129 at axi_read_state_bank_formal.sv:26.5-26.37 step 4
SBY 23:29:45 [/Users/Dilan/Projects/fabric-under-pressure/results/raw/ar_target_path/formal_bank_cover] summary: cover trace: /Users/Dilan/Projects/fabric-under-pressure/results/raw/ar_target_path/formal_bank_cover/engine_0/trace3.vcd
SBY 23:29:45 [/Users/Dilan/Projects/fabric-under-pressure/results/raw/ar_target_path/formal_bank_cover] summary:   reached cover statement axi_read_state_bank_formal._witness_.check_cover_axi_read_state_bank_formal_sv_30_141 at axi_read_state_bank_formal.sv:30.5-30.46 step 4
SBY 23:29:45 [/Users/Dilan/Projects/fabric-under-pressure/results/raw/ar_target_path/formal_bank_cover] summary: cover trace: /Users/Dilan/Projects/fabric-under-pressure/results/raw/ar_target_path/formal_bank_cover/engine_0/trace4.vcd
SBY 23:29:45 [/Users/Dilan/Projects/fabric-under-pressure/results/raw/ar_target_path/formal_bank_cover] summary:   reached cover statement axi_read_state_bank_formal._witness_.check_cover_axi_read_state_bank_formal_sv_27_132 at axi_read_state_bank_formal.sv:27.5-27.37 step 5
SBY 23:29:45 [/Users/Dilan/Projects/fabric-under-pressure/results/raw/ar_target_path/formal_bank_cover] summary: and 2 further traces
SBY 23:29:45 [/Users/Dilan/Projects/fabric-under-pressure/results/raw/ar_target_path/formal_bank_cover] summary: see /Users/Dilan/Projects/fabric-under-pressure/results/raw/ar_target_path/formal_bank_cover/PASS for a complete summary
SBY 23:29:45 [/Users/Dilan/Projects/fabric-under-pressure/results/raw/ar_target_path/formal_bank_cover] DONE (PASS, rc=0)
SBY 23:29:45 [/Users/Dilan/Projects/fabric-under-pressure/results/raw/ar_target_path/formal_comp_prove] Removing directory '/Users/Dilan/Projects/fabric-under-pressure/results/raw/ar_target_path/formal_comp_prove'.
SBY 23:29:45 [/Users/Dilan/Projects/fabric-under-pressure/results/raw/ar_target_path/formal_comp_prove] Copy '/Users/Dilan/Projects/fabric-under-pressure/formal/../rtl/axi_rr_arbiter_3.sv' to '/Users/Dilan/Projects/fabric-under-pressure/results/raw/ar_target_path/formal_comp_prove/src/axi_rr_arbiter_3.sv'.
SBY 23:29:45 [/Users/Dilan/Projects/fabric-under-pressure/results/raw/ar_target_path/formal_comp_prove] Copy '/Users/Dilan/Projects/fabric-under-pressure/formal/../rtl/axi_ar_target_scheduler_a.sv' to '/Users/Dilan/Projects/fabric-under-pressure/results/raw/ar_target_path/formal_comp_prove/src/axi_ar_target_scheduler_a.sv'.
SBY 23:29:45 [/Users/Dilan/Projects/fabric-under-pressure/results/raw/ar_target_path/formal_comp_prove] Copy '/Users/Dilan/Projects/fabric-under-pressure/formal/../rtl/axi_ar_target_path_a.sv' to '/Users/Dilan/Projects/fabric-under-pressure/results/raw/ar_target_path/formal_comp_prove/src/axi_ar_target_path_a.sv'.
SBY 23:29:45 [/Users/Dilan/Projects/fabric-under-pressure/results/raw/ar_target_path/formal_comp_prove] Copy '/Users/Dilan/Projects/fabric-under-pressure/formal/../rtl/axi_outstanding_tracker.sv' to '/Users/Dilan/Projects/fabric-under-pressure/results/raw/ar_target_path/formal_comp_prove/src/axi_outstanding_tracker.sv'.
SBY 23:29:45 [/Users/Dilan/Projects/fabric-under-pressure/results/raw/ar_target_path/formal_comp_prove] Copy '/Users/Dilan/Projects/fabric-under-pressure/formal/../rtl/axi_read_state_bank.sv' to '/Users/Dilan/Projects/fabric-under-pressure/results/raw/ar_target_path/formal_comp_prove/src/axi_read_state_bank.sv'.
SBY 23:29:45 [/Users/Dilan/Projects/fabric-under-pressure/results/raw/ar_target_path/formal_comp_prove] Copy '/Users/Dilan/Projects/fabric-under-pressure/formal/axi_ar_read_state_composition_formal.sv' to '/Users/Dilan/Projects/fabric-under-pressure/results/raw/ar_target_path/formal_comp_prove/src/axi_ar_read_state_composition_formal.sv'.
SBY 23:29:45 [/Users/Dilan/Projects/fabric-under-pressure/results/raw/ar_target_path/formal_comp_prove] engine_0: smtbmc
SBY 23:29:45 [/Users/Dilan/Projects/fabric-under-pressure/results/raw/ar_target_path/formal_comp_prove] base: starting process "cd /Users/Dilan/Projects/fabric-under-pressure/results/raw/ar_target_path/formal_comp_prove/src; yosys -ql ../model/design.log ../model/design.ys"
SBY 23:29:45 [/Users/Dilan/Projects/fabric-under-pressure/results/raw/ar_target_path/formal_comp_prove] base: Warning: Replacing memory \len_table with list of registers. See axi_outstanding_tracker.sv:66
SBY 23:29:45 [/Users/Dilan/Projects/fabric-under-pressure/results/raw/ar_target_path/formal_comp_prove] base: Warning: Replacing memory \target_table with list of registers. See axi_outstanding_tracker.sv:65
SBY 23:29:45 [/Users/Dilan/Projects/fabric-under-pressure/results/raw/ar_target_path/formal_comp_prove] base: finished (returncode=0)
SBY 23:29:45 [/Users/Dilan/Projects/fabric-under-pressure/results/raw/ar_target_path/formal_comp_prove] prep: starting process "cd /Users/Dilan/Projects/fabric-under-pressure/results/raw/ar_target_path/formal_comp_prove/model; yosys -ql design_prep.log design_prep.ys"
SBY 23:29:45 [/Users/Dilan/Projects/fabric-under-pressure/results/raw/ar_target_path/formal_comp_prove] prep: finished (returncode=0)
SBY 23:29:45 [/Users/Dilan/Projects/fabric-under-pressure/results/raw/ar_target_path/formal_comp_prove] smt2: starting process "cd /Users/Dilan/Projects/fabric-under-pressure/results/raw/ar_target_path/formal_comp_prove/model; yosys -ql design_smt2.log design_smt2.ys"
SBY 23:29:45 [/Users/Dilan/Projects/fabric-under-pressure/results/raw/ar_target_path/formal_comp_prove] smt2: finished (returncode=0)
SBY 23:29:45 [/Users/Dilan/Projects/fabric-under-pressure/results/raw/ar_target_path/formal_comp_prove] engine_0: starting process "cd /Users/Dilan/Projects/fabric-under-pressure/results/raw/ar_target_path/formal_comp_prove; yosys-smtbmc --presat --unroll --noprogress -t 12  --append 0 --dump-vcd engine_0/trace.vcd --dump-yw engine_0/trace.yw --dump-vlogtb engine_0/trace_tb.v --dump-smtc engine_0/trace.smtc model/design_smt2.smt2"
SBY 23:29:45 [/Users/Dilan/Projects/fabric-under-pressure/results/raw/ar_target_path/formal_comp_prove] engine_0: ##   0:00:00  Solver: yices
SBY 23:29:45 [/Users/Dilan/Projects/fabric-under-pressure/results/raw/ar_target_path/formal_comp_prove] engine_0: ##   0:00:00  Checking assumptions in step 0..
SBY 23:29:45 [/Users/Dilan/Projects/fabric-under-pressure/results/raw/ar_target_path/formal_comp_prove] engine_0: ##   0:00:00  Checking assertions in step 0..
SBY 23:29:45 [/Users/Dilan/Projects/fabric-under-pressure/results/raw/ar_target_path/formal_comp_prove] engine_0: ##   0:00:00  Checking assumptions in step 1..
SBY 23:29:45 [/Users/Dilan/Projects/fabric-under-pressure/results/raw/ar_target_path/formal_comp_prove] engine_0: ##   0:00:00  Checking assertions in step 1..
SBY 23:29:45 [/Users/Dilan/Projects/fabric-under-pressure/results/raw/ar_target_path/formal_comp_prove] engine_0: ##   0:00:00  Checking assumptions in step 2..
SBY 23:29:45 [/Users/Dilan/Projects/fabric-under-pressure/results/raw/ar_target_path/formal_comp_prove] engine_0: ##   0:00:00  Checking assertions in step 2..
SBY 23:29:45 [/Users/Dilan/Projects/fabric-under-pressure/results/raw/ar_target_path/formal_comp_prove] engine_0: ##   0:00:00  Checking assumptions in step 3..
SBY 23:29:45 [/Users/Dilan/Projects/fabric-under-pressure/results/raw/ar_target_path/formal_comp_prove] engine_0: ##   0:00:00  Checking assertions in step 3..
SBY 23:29:45 [/Users/Dilan/Projects/fabric-under-pressure/results/raw/ar_target_path/formal_comp_prove] engine_0: ##   0:00:00  Checking assumptions in step 4..
SBY 23:29:45 [/Users/Dilan/Projects/fabric-under-pressure/results/raw/ar_target_path/formal_comp_prove] engine_0: ##   0:00:00  Checking assertions in step 4..
SBY 23:29:45 [/Users/Dilan/Projects/fabric-under-pressure/results/raw/ar_target_path/formal_comp_prove] engine_0: ##   0:00:00  Checking assumptions in step 5..
SBY 23:29:45 [/Users/Dilan/Projects/fabric-under-pressure/results/raw/ar_target_path/formal_comp_prove] engine_0: ##   0:00:00  Checking assertions in step 5..
SBY 23:29:45 [/Users/Dilan/Projects/fabric-under-pressure/results/raw/ar_target_path/formal_comp_prove] engine_0: ##   0:00:00  Checking assumptions in step 6..
SBY 23:29:45 [/Users/Dilan/Projects/fabric-under-pressure/results/raw/ar_target_path/formal_comp_prove] engine_0: ##   0:00:00  Checking assertions in step 6..
SBY 23:29:45 [/Users/Dilan/Projects/fabric-under-pressure/results/raw/ar_target_path/formal_comp_prove] engine_0: ##   0:00:00  Checking assumptions in step 7..
SBY 23:29:45 [/Users/Dilan/Projects/fabric-under-pressure/results/raw/ar_target_path/formal_comp_prove] engine_0: ##   0:00:00  Checking assertions in step 7..
SBY 23:29:45 [/Users/Dilan/Projects/fabric-under-pressure/results/raw/ar_target_path/formal_comp_prove] engine_0: ##   0:00:00  Checking assumptions in step 8..
SBY 23:29:45 [/Users/Dilan/Projects/fabric-under-pressure/results/raw/ar_target_path/formal_comp_prove] engine_0: ##   0:00:00  Checking assertions in step 8..
SBY 23:29:45 [/Users/Dilan/Projects/fabric-under-pressure/results/raw/ar_target_path/formal_comp_prove] engine_0: ##   0:00:00  Checking assumptions in step 9..
SBY 23:29:45 [/Users/Dilan/Projects/fabric-under-pressure/results/raw/ar_target_path/formal_comp_prove] engine_0: ##   0:00:00  Checking assertions in step 9..
SBY 23:29:46 [/Users/Dilan/Projects/fabric-under-pressure/results/raw/ar_target_path/formal_comp_prove] engine_0: ##   0:00:00  Checking assumptions in step 10..
SBY 23:29:46 [/Users/Dilan/Projects/fabric-under-pressure/results/raw/ar_target_path/formal_comp_prove] engine_0: ##   0:00:00  Checking assertions in step 10..
SBY 23:29:46 [/Users/Dilan/Projects/fabric-under-pressure/results/raw/ar_target_path/formal_comp_prove] engine_0: ##   0:00:00  Checking assumptions in step 11..
SBY 23:29:46 [/Users/Dilan/Projects/fabric-under-pressure/results/raw/ar_target_path/formal_comp_prove] engine_0: ##   0:00:00  Checking assertions in step 11..
SBY 23:29:46 [/Users/Dilan/Projects/fabric-under-pressure/results/raw/ar_target_path/formal_comp_prove] engine_0: ##   0:00:00  Status: passed
SBY 23:29:46 [/Users/Dilan/Projects/fabric-under-pressure/results/raw/ar_target_path/formal_comp_prove] engine_0: finished (returncode=0)
SBY 23:29:46 [/Users/Dilan/Projects/fabric-under-pressure/results/raw/ar_target_path/formal_comp_prove] engine_0: Status returned by engine: pass
SBY 23:29:46 [/Users/Dilan/Projects/fabric-under-pressure/results/raw/ar_target_path/formal_comp_prove] summary: Elapsed clock time [H:MM:SS (secs)]: 0:00:00 (0)
SBY 23:29:46 [/Users/Dilan/Projects/fabric-under-pressure/results/raw/ar_target_path/formal_comp_prove] summary: Elapsed process time [H:MM:SS (secs)]: 0:00:00 (0)
SBY 23:29:46 [/Users/Dilan/Projects/fabric-under-pressure/results/raw/ar_target_path/formal_comp_prove] summary: engine_0 (smtbmc) returned pass
SBY 23:29:46 [/Users/Dilan/Projects/fabric-under-pressure/results/raw/ar_target_path/formal_comp_prove] summary: engine_0 did not produce any traces
SBY 23:29:46 [/Users/Dilan/Projects/fabric-under-pressure/results/raw/ar_target_path/formal_comp_prove] DONE (PASS, rc=0)
SBY 23:29:46 [/Users/Dilan/Projects/fabric-under-pressure/results/raw/ar_target_path/formal_comp_cover] Removing directory '/Users/Dilan/Projects/fabric-under-pressure/results/raw/ar_target_path/formal_comp_cover'.
SBY 23:29:46 [/Users/Dilan/Projects/fabric-under-pressure/results/raw/ar_target_path/formal_comp_cover] Copy '/Users/Dilan/Projects/fabric-under-pressure/formal/../rtl/axi_rr_arbiter_3.sv' to '/Users/Dilan/Projects/fabric-under-pressure/results/raw/ar_target_path/formal_comp_cover/src/axi_rr_arbiter_3.sv'.
SBY 23:29:46 [/Users/Dilan/Projects/fabric-under-pressure/results/raw/ar_target_path/formal_comp_cover] Copy '/Users/Dilan/Projects/fabric-under-pressure/formal/../rtl/axi_ar_target_scheduler_a.sv' to '/Users/Dilan/Projects/fabric-under-pressure/results/raw/ar_target_path/formal_comp_cover/src/axi_ar_target_scheduler_a.sv'.
SBY 23:29:46 [/Users/Dilan/Projects/fabric-under-pressure/results/raw/ar_target_path/formal_comp_cover] Copy '/Users/Dilan/Projects/fabric-under-pressure/formal/../rtl/axi_ar_target_path_a.sv' to '/Users/Dilan/Projects/fabric-under-pressure/results/raw/ar_target_path/formal_comp_cover/src/axi_ar_target_path_a.sv'.
SBY 23:29:46 [/Users/Dilan/Projects/fabric-under-pressure/results/raw/ar_target_path/formal_comp_cover] Copy '/Users/Dilan/Projects/fabric-under-pressure/formal/../rtl/axi_outstanding_tracker.sv' to '/Users/Dilan/Projects/fabric-under-pressure/results/raw/ar_target_path/formal_comp_cover/src/axi_outstanding_tracker.sv'.
SBY 23:29:46 [/Users/Dilan/Projects/fabric-under-pressure/results/raw/ar_target_path/formal_comp_cover] Copy '/Users/Dilan/Projects/fabric-under-pressure/formal/../rtl/axi_read_state_bank.sv' to '/Users/Dilan/Projects/fabric-under-pressure/results/raw/ar_target_path/formal_comp_cover/src/axi_read_state_bank.sv'.
SBY 23:29:46 [/Users/Dilan/Projects/fabric-under-pressure/results/raw/ar_target_path/formal_comp_cover] Copy '/Users/Dilan/Projects/fabric-under-pressure/formal/axi_ar_read_state_composition_formal.sv' to '/Users/Dilan/Projects/fabric-under-pressure/results/raw/ar_target_path/formal_comp_cover/src/axi_ar_read_state_composition_formal.sv'.
SBY 23:29:46 [/Users/Dilan/Projects/fabric-under-pressure/results/raw/ar_target_path/formal_comp_cover] engine_0: smtbmc
SBY 23:29:46 [/Users/Dilan/Projects/fabric-under-pressure/results/raw/ar_target_path/formal_comp_cover] base: starting process "cd /Users/Dilan/Projects/fabric-under-pressure/results/raw/ar_target_path/formal_comp_cover/src; yosys -ql ../model/design.log ../model/design.ys"
SBY 23:29:46 [/Users/Dilan/Projects/fabric-under-pressure/results/raw/ar_target_path/formal_comp_cover] base: Warning: Replacing memory \len_table with list of registers. See axi_outstanding_tracker.sv:66
SBY 23:29:46 [/Users/Dilan/Projects/fabric-under-pressure/results/raw/ar_target_path/formal_comp_cover] base: Warning: Replacing memory \target_table with list of registers. See axi_outstanding_tracker.sv:65
SBY 23:29:46 [/Users/Dilan/Projects/fabric-under-pressure/results/raw/ar_target_path/formal_comp_cover] base: finished (returncode=0)
SBY 23:29:46 [/Users/Dilan/Projects/fabric-under-pressure/results/raw/ar_target_path/formal_comp_cover] prep: starting process "cd /Users/Dilan/Projects/fabric-under-pressure/results/raw/ar_target_path/formal_comp_cover/model; yosys -ql design_prep.log design_prep.ys"
SBY 23:29:46 [/Users/Dilan/Projects/fabric-under-pressure/results/raw/ar_target_path/formal_comp_cover] prep: finished (returncode=0)
SBY 23:29:46 [/Users/Dilan/Projects/fabric-under-pressure/results/raw/ar_target_path/formal_comp_cover] smt2: starting process "cd /Users/Dilan/Projects/fabric-under-pressure/results/raw/ar_target_path/formal_comp_cover/model; yosys -ql design_smt2.log design_smt2.ys"
SBY 23:29:46 [/Users/Dilan/Projects/fabric-under-pressure/results/raw/ar_target_path/formal_comp_cover] smt2: finished (returncode=0)
SBY 23:29:46 [/Users/Dilan/Projects/fabric-under-pressure/results/raw/ar_target_path/formal_comp_cover] engine_0: starting process "cd /Users/Dilan/Projects/fabric-under-pressure/results/raw/ar_target_path/formal_comp_cover; yosys-smtbmc --presat --unroll -c --noprogress -t 20  --append 0 --dump-vcd engine_0/trace%.vcd --dump-yw engine_0/trace%.yw --dump-vlogtb engine_0/trace%_tb.v --dump-smtc engine_0/trace%.smtc model/design_smt2.smt2"
SBY 23:29:46 [/Users/Dilan/Projects/fabric-under-pressure/results/raw/ar_target_path/formal_comp_cover] engine_0: ##   0:00:00  Solver: yices
SBY 23:29:46 [/Users/Dilan/Projects/fabric-under-pressure/results/raw/ar_target_path/formal_comp_cover] engine_0: ##   0:00:00  Checking cover reachability in step 0..
SBY 23:29:46 [/Users/Dilan/Projects/fabric-under-pressure/results/raw/ar_target_path/formal_comp_cover] engine_0: ##   0:00:00  Checking cover reachability in step 1..
SBY 23:29:46 [/Users/Dilan/Projects/fabric-under-pressure/results/raw/ar_target_path/formal_comp_cover] engine_0: ##   0:00:00  Checking cover reachability in step 2..
SBY 23:29:46 [/Users/Dilan/Projects/fabric-under-pressure/results/raw/ar_target_path/formal_comp_cover] engine_0: ##   0:00:00  Checking cover reachability in step 3..
SBY 23:29:46 [/Users/Dilan/Projects/fabric-under-pressure/results/raw/ar_target_path/formal_comp_cover] engine_0: ##   0:00:00  Checking cover reachability in step 4..
SBY 23:29:46 [/Users/Dilan/Projects/fabric-under-pressure/results/raw/ar_target_path/formal_comp_cover] engine_0: ##   0:00:00  Reached cover statement in step 4 at axi_ar_read_state_composition_formal: axi_ar_read_state_composition_formal.sv:56.5-56.41 (_witness_.check_cover_axi_ar_read_state_composition_formal_sv_56_240)
SBY 23:29:46 [/Users/Dilan/Projects/fabric-under-pressure/results/raw/ar_target_path/formal_comp_cover] engine_0: ##   0:00:00  Writing trace to VCD file: engine_0/trace0.vcd
SBY 23:29:46 [/Users/Dilan/Projects/fabric-under-pressure/results/raw/ar_target_path/formal_comp_cover] engine_0: ##   0:00:00  Writing trace to Verilog testbench: engine_0/trace0_tb.v
SBY 23:29:46 [/Users/Dilan/Projects/fabric-under-pressure/results/raw/ar_target_path/formal_comp_cover] engine_0: ##   0:00:00  Writing trace to constraints file: engine_0/trace0.smtc
SBY 23:29:46 [/Users/Dilan/Projects/fabric-under-pressure/results/raw/ar_target_path/formal_comp_cover] engine_0: ##   0:00:00  Writing trace to Yosys witness file: engine_0/trace0.yw
SBY 23:29:46 [/Users/Dilan/Projects/fabric-under-pressure/results/raw/ar_target_path/formal_comp_cover] engine_0: ##   0:00:00  Checking cover reachability in step 4..
SBY 23:29:46 [/Users/Dilan/Projects/fabric-under-pressure/results/raw/ar_target_path/formal_comp_cover] engine_0: ##   0:00:00  Checking cover reachability in step 5..
SBY 23:29:46 [/Users/Dilan/Projects/fabric-under-pressure/results/raw/ar_target_path/formal_comp_cover] engine_0: ##   0:00:00  Reached cover statement in step 5 at axi_ar_read_state_composition_formal: axi_ar_read_state_composition_formal.sv:57.5-57.60 (_witness_.check_cover_axi_ar_read_state_composition_formal_sv_57_242)
SBY 23:29:46 [/Users/Dilan/Projects/fabric-under-pressure/results/raw/ar_target_path/formal_comp_cover] engine_0: ##   0:00:00  Writing trace to VCD file: engine_0/trace1.vcd
SBY 23:29:46 [/Users/Dilan/Projects/fabric-under-pressure/results/raw/ar_target_path/formal_comp_cover] engine_0: ##   0:00:00  Writing trace to Verilog testbench: engine_0/trace1_tb.v
SBY 23:29:46 [/Users/Dilan/Projects/fabric-under-pressure/results/raw/ar_target_path/formal_comp_cover] engine_0: ##   0:00:00  Writing trace to constraints file: engine_0/trace1.smtc
SBY 23:29:46 [/Users/Dilan/Projects/fabric-under-pressure/results/raw/ar_target_path/formal_comp_cover] engine_0: ##   0:00:00  Writing trace to Yosys witness file: engine_0/trace1.yw
SBY 23:29:46 [/Users/Dilan/Projects/fabric-under-pressure/results/raw/ar_target_path/formal_comp_cover] engine_0: ##   0:00:00  Checking cover reachability in step 5..
SBY 23:29:46 [/Users/Dilan/Projects/fabric-under-pressure/results/raw/ar_target_path/formal_comp_cover] engine_0: ##   0:00:00  Reached cover statement in step 5 at axi_ar_read_state_composition_formal: axi_ar_read_state_composition_formal.sv:58.5-58.37 (_witness_.check_cover_axi_ar_read_state_composition_formal_sv_58_246)
SBY 23:29:46 [/Users/Dilan/Projects/fabric-under-pressure/results/raw/ar_target_path/formal_comp_cover] engine_0: ##   0:00:00  Writing trace to VCD file: engine_0/trace2.vcd
SBY 23:29:47 [/Users/Dilan/Projects/fabric-under-pressure/results/raw/ar_target_path/formal_comp_cover] engine_0: ##   0:00:00  Writing trace to Verilog testbench: engine_0/trace2_tb.v
SBY 23:29:47 [/Users/Dilan/Projects/fabric-under-pressure/results/raw/ar_target_path/formal_comp_cover] engine_0: ##   0:00:00  Writing trace to constraints file: engine_0/trace2.smtc
SBY 23:29:47 [/Users/Dilan/Projects/fabric-under-pressure/results/raw/ar_target_path/formal_comp_cover] engine_0: ##   0:00:00  Writing trace to Yosys witness file: engine_0/trace2.yw
SBY 23:29:47 [/Users/Dilan/Projects/fabric-under-pressure/results/raw/ar_target_path/formal_comp_cover] engine_0: ##   0:00:00  Status: passed
SBY 23:29:47 [/Users/Dilan/Projects/fabric-under-pressure/results/raw/ar_target_path/formal_comp_cover] engine_0: finished (returncode=0)
SBY 23:29:47 [/Users/Dilan/Projects/fabric-under-pressure/results/raw/ar_target_path/formal_comp_cover] engine_0: Status returned by engine: pass
SBY 23:29:47 [/Users/Dilan/Projects/fabric-under-pressure/results/raw/ar_target_path/formal_comp_cover] summary: Elapsed clock time [H:MM:SS (secs)]: 0:00:00 (0)
SBY 23:29:47 [/Users/Dilan/Projects/fabric-under-pressure/results/raw/ar_target_path/formal_comp_cover] summary: Elapsed process time [H:MM:SS (secs)]: 0:00:00 (0)
SBY 23:29:47 [/Users/Dilan/Projects/fabric-under-pressure/results/raw/ar_target_path/formal_comp_cover] summary: engine_0 (smtbmc) returned pass
SBY 23:29:47 [/Users/Dilan/Projects/fabric-under-pressure/results/raw/ar_target_path/formal_comp_cover] summary: cover trace: /Users/Dilan/Projects/fabric-under-pressure/results/raw/ar_target_path/formal_comp_cover/engine_0/trace0.vcd
SBY 23:29:47 [/Users/Dilan/Projects/fabric-under-pressure/results/raw/ar_target_path/formal_comp_cover] summary:   reached cover statement axi_ar_read_state_composition_formal._witness_.check_cover_axi_ar_read_state_composition_formal_sv_56_240 at axi_ar_read_state_composition_formal.sv:56.5-56.41 step 4
SBY 23:29:47 [/Users/Dilan/Projects/fabric-under-pressure/results/raw/ar_target_path/formal_comp_cover] summary: cover trace: /Users/Dilan/Projects/fabric-under-pressure/results/raw/ar_target_path/formal_comp_cover/engine_0/trace1.vcd
SBY 23:29:47 [/Users/Dilan/Projects/fabric-under-pressure/results/raw/ar_target_path/formal_comp_cover] summary:   reached cover statement axi_ar_read_state_composition_formal._witness_.check_cover_axi_ar_read_state_composition_formal_sv_57_242 at axi_ar_read_state_composition_formal.sv:57.5-57.60 step 5
SBY 23:29:47 [/Users/Dilan/Projects/fabric-under-pressure/results/raw/ar_target_path/formal_comp_cover] summary: cover trace: /Users/Dilan/Projects/fabric-under-pressure/results/raw/ar_target_path/formal_comp_cover/engine_0/trace2.vcd
SBY 23:29:47 [/Users/Dilan/Projects/fabric-under-pressure/results/raw/ar_target_path/formal_comp_cover] summary:   reached cover statement axi_ar_read_state_composition_formal._witness_.check_cover_axi_ar_read_state_composition_formal_sv_58_246 at axi_ar_read_state_composition_formal.sv:58.5-58.37 step 5
SBY 23:29:47 [/Users/Dilan/Projects/fabric-under-pressure/results/raw/ar_target_path/formal_comp_cover] DONE (PASS, rc=0)
