SBY  2:20:45 [/Users/Dilan/Projects/fabric-under-pressure/results/raw/outstanding_tracker/formal_prove] Removing directory '/Users/Dilan/Projects/fabric-under-pressure/results/raw/outstanding_tracker/formal_prove'.
SBY  2:20:45 [/Users/Dilan/Projects/fabric-under-pressure/results/raw/outstanding_tracker/formal_prove] Copy '/Users/Dilan/Projects/fabric-under-pressure/formal/../rtl/axi_outstanding_tracker.sv' to '/Users/Dilan/Projects/fabric-under-pressure/results/raw/outstanding_tracker/formal_prove/src/axi_outstanding_tracker.sv'.
SBY  2:20:45 [/Users/Dilan/Projects/fabric-under-pressure/results/raw/outstanding_tracker/formal_prove] Copy '/Users/Dilan/Projects/fabric-under-pressure/formal/outstanding_tracker_formal.sv' to '/Users/Dilan/Projects/fabric-under-pressure/results/raw/outstanding_tracker/formal_prove/src/outstanding_tracker_formal.sv'.
SBY  2:20:45 [/Users/Dilan/Projects/fabric-under-pressure/results/raw/outstanding_tracker/formal_prove] engine_0: smtbmc
SBY  2:20:45 [/Users/Dilan/Projects/fabric-under-pressure/results/raw/outstanding_tracker/formal_prove] base: starting process "cd /Users/Dilan/Projects/fabric-under-pressure/results/raw/outstanding_tracker/formal_prove/src; yosys -ql ../model/design.log ../model/design.ys"
SBY  2:20:45 [/Users/Dilan/Projects/fabric-under-pressure/results/raw/outstanding_tracker/formal_prove] base: Warning: Replacing memory \ref_len with list of registers. See outstanding_tracker_formal.sv:55
SBY  2:20:45 [/Users/Dilan/Projects/fabric-under-pressure/results/raw/outstanding_tracker/formal_prove] base: Warning: Replacing memory \ref_target with list of registers. See outstanding_tracker_formal.sv:54
SBY  2:20:45 [/Users/Dilan/Projects/fabric-under-pressure/results/raw/outstanding_tracker/formal_prove] base: Warning: Replacing memory \len_table with list of registers. See axi_outstanding_tracker.sv:66
SBY  2:20:45 [/Users/Dilan/Projects/fabric-under-pressure/results/raw/outstanding_tracker/formal_prove] base: Warning: Replacing memory \target_table with list of registers. See axi_outstanding_tracker.sv:65
SBY  2:20:46 [/Users/Dilan/Projects/fabric-under-pressure/results/raw/outstanding_tracker/formal_prove] base: Warning: Drivers conflicting with a constant 1'0 driver:
SBY  2:20:46 [/Users/Dilan/Projects/fabric-under-pressure/results/raw/outstanding_tracker/formal_prove] base: port Q[0] of cell $procdff$2352 ($dff)
SBY  2:20:46 [/Users/Dilan/Projects/fabric-under-pressure/results/raw/outstanding_tracker/formal_prove] base: port Q[1] of cell $procdff$2352 ($dff)
SBY  2:20:46 [/Users/Dilan/Projects/fabric-under-pressure/results/raw/outstanding_tracker/formal_prove] base: port Q[2] of cell $procdff$2352 ($dff)
SBY  2:20:46 [/Users/Dilan/Projects/fabric-under-pressure/results/raw/outstanding_tracker/formal_prove] base: port Q[3] of cell $procdff$2352 ($dff)
SBY  2:20:46 [/Users/Dilan/Projects/fabric-under-pressure/results/raw/outstanding_tracker/formal_prove] base: port Q[5] of cell $procdff$2352 ($dff)
SBY  2:20:46 [/Users/Dilan/Projects/fabric-under-pressure/results/raw/outstanding_tracker/formal_prove] base: port Q[6] of cell $procdff$2352 ($dff)
SBY  2:20:46 [/Users/Dilan/Projects/fabric-under-pressure/results/raw/outstanding_tracker/formal_prove] base: port Q[7] of cell $procdff$2352 ($dff)
SBY  2:20:46 [/Users/Dilan/Projects/fabric-under-pressure/results/raw/outstanding_tracker/formal_prove] base: port Q[8] of cell $procdff$2352 ($dff)
SBY  2:20:46 [/Users/Dilan/Projects/fabric-under-pressure/results/raw/outstanding_tracker/formal_prove] base: port Q[9] of cell $procdff$2352 ($dff)
SBY  2:20:46 [/Users/Dilan/Projects/fabric-under-pressure/results/raw/outstanding_tracker/formal_prove] base: port Q[10] of cell $procdff$2352 ($dff)
SBY  2:20:46 [/Users/Dilan/Projects/fabric-under-pressure/results/raw/outstanding_tracker/formal_prove] base: port Q[11] of cell $procdff$2352 ($dff)
SBY  2:20:46 [/Users/Dilan/Projects/fabric-under-pressure/results/raw/outstanding_tracker/formal_prove] base: port Q[12] of cell $procdff$2352 ($dff)
SBY  2:20:46 [/Users/Dilan/Projects/fabric-under-pressure/results/raw/outstanding_tracker/formal_prove] base: port Q[13] of cell $procdff$2352 ($dff)
SBY  2:20:46 [/Users/Dilan/Projects/fabric-under-pressure/results/raw/outstanding_tracker/formal_prove] base: port Q[14] of cell $procdff$2352 ($dff)
SBY  2:20:46 [/Users/Dilan/Projects/fabric-under-pressure/results/raw/outstanding_tracker/formal_prove] base: port Q[15] of cell $procdff$2352 ($dff)
SBY  2:20:46 [/Users/Dilan/Projects/fabric-under-pressure/results/raw/outstanding_tracker/formal_prove] base: port Q[16] of cell $procdff$2352 ($dff)
SBY  2:20:46 [/Users/Dilan/Projects/fabric-under-pressure/results/raw/outstanding_tracker/formal_prove] base: port Q[17] of cell $procdff$2352 ($dff)
SBY  2:20:46 [/Users/Dilan/Projects/fabric-under-pressure/results/raw/outstanding_tracker/formal_prove] base: port Q[18] of cell $procdff$2352 ($dff)
SBY  2:20:46 [/Users/Dilan/Projects/fabric-under-pressure/results/raw/outstanding_tracker/formal_prove] base: port Q[19] of cell $procdff$2352 ($dff)
SBY  2:20:46 [/Users/Dilan/Projects/fabric-under-pressure/results/raw/outstanding_tracker/formal_prove] base: port Q[20] of cell $procdff$2352 ($dff)
SBY  2:20:46 [/Users/Dilan/Projects/fabric-under-pressure/results/raw/outstanding_tracker/formal_prove] base: port Q[21] of cell $procdff$2352 ($dff)
SBY  2:20:46 [/Users/Dilan/Projects/fabric-under-pressure/results/raw/outstanding_tracker/formal_prove] base: port Q[22] of cell $procdff$2352 ($dff)
SBY  2:20:46 [/Users/Dilan/Projects/fabric-under-pressure/results/raw/outstanding_tracker/formal_prove] base: port Q[23] of cell $procdff$2352 ($dff)
SBY  2:20:46 [/Users/Dilan/Projects/fabric-under-pressure/results/raw/outstanding_tracker/formal_prove] base: port Q[24] of cell $procdff$2352 ($dff)
SBY  2:20:46 [/Users/Dilan/Projects/fabric-under-pressure/results/raw/outstanding_tracker/formal_prove] base: port Q[25] of cell $procdff$2352 ($dff)
SBY  2:20:46 [/Users/Dilan/Projects/fabric-under-pressure/results/raw/outstanding_tracker/formal_prove] base: port Q[26] of cell $procdff$2352 ($dff)
SBY  2:20:46 [/Users/Dilan/Projects/fabric-under-pressure/results/raw/outstanding_tracker/formal_prove] base: port Q[27] of cell $procdff$2352 ($dff)
SBY  2:20:46 [/Users/Dilan/Projects/fabric-under-pressure/results/raw/outstanding_tracker/formal_prove] base: port Q[28] of cell $procdff$2352 ($dff)
SBY  2:20:46 [/Users/Dilan/Projects/fabric-under-pressure/results/raw/outstanding_tracker/formal_prove] base: port Q[29] of cell $procdff$2352 ($dff)
SBY  2:20:46 [/Users/Dilan/Projects/fabric-under-pressure/results/raw/outstanding_tracker/formal_prove] base: port Q[30] of cell $procdff$2352 ($dff)
SBY  2:20:46 [/Users/Dilan/Projects/fabric-under-pressure/results/raw/outstanding_tracker/formal_prove] base: port Q[31] of cell $procdff$2352 ($dff)
SBY  2:20:46 [/Users/Dilan/Projects/fabric-under-pressure/results/raw/outstanding_tracker/formal_prove] base: Warning: Drivers conflicting with a constant 1'1 driver:
SBY  2:20:46 [/Users/Dilan/Projects/fabric-under-pressure/results/raw/outstanding_tracker/formal_prove] base: port Q[4] of cell $procdff$2352 ($dff)
SBY  2:20:46 [/Users/Dilan/Projects/fabric-under-pressure/results/raw/outstanding_tracker/formal_prove] base: finished (returncode=0)
SBY  2:20:46 [/Users/Dilan/Projects/fabric-under-pressure/results/raw/outstanding_tracker/formal_prove] prep: starting process "cd /Users/Dilan/Projects/fabric-under-pressure/results/raw/outstanding_tracker/formal_prove/model; yosys -ql design_prep.log design_prep.ys"
SBY  2:20:46 [/Users/Dilan/Projects/fabric-under-pressure/results/raw/outstanding_tracker/formal_prove] prep: finished (returncode=0)
SBY  2:20:46 [/Users/Dilan/Projects/fabric-under-pressure/results/raw/outstanding_tracker/formal_prove] smt2: starting process "cd /Users/Dilan/Projects/fabric-under-pressure/results/raw/outstanding_tracker/formal_prove/model; yosys -ql design_smt2.log design_smt2.ys"
SBY  2:20:46 [/Users/Dilan/Projects/fabric-under-pressure/results/raw/outstanding_tracker/formal_prove] smt2: finished (returncode=0)
SBY  2:20:46 [/Users/Dilan/Projects/fabric-under-pressure/results/raw/outstanding_tracker/formal_prove] engine_0: starting process "cd /Users/Dilan/Projects/fabric-under-pressure/results/raw/outstanding_tracker/formal_prove; yosys-smtbmc --presat --unroll --noprogress -t 6  --append 0 --dump-vcd engine_0/trace.vcd --dump-yw engine_0/trace.yw --dump-vlogtb engine_0/trace_tb.v --dump-smtc engine_0/trace.smtc model/design_smt2.smt2"
SBY  2:20:46 [/Users/Dilan/Projects/fabric-under-pressure/results/raw/outstanding_tracker/formal_prove] engine_0: ##   0:00:00  Solver: yices
SBY  2:20:46 [/Users/Dilan/Projects/fabric-under-pressure/results/raw/outstanding_tracker/formal_prove] engine_0: ##   0:00:00  Checking assumptions in step 0..
SBY  2:20:46 [/Users/Dilan/Projects/fabric-under-pressure/results/raw/outstanding_tracker/formal_prove] engine_0: ##   0:00:00  Checking assertions in step 0..
SBY  2:20:46 [/Users/Dilan/Projects/fabric-under-pressure/results/raw/outstanding_tracker/formal_prove] engine_0: ##   0:00:00  Checking assumptions in step 1..
SBY  2:20:46 [/Users/Dilan/Projects/fabric-under-pressure/results/raw/outstanding_tracker/formal_prove] engine_0: ##   0:00:00  Checking assertions in step 1..
SBY  2:20:46 [/Users/Dilan/Projects/fabric-under-pressure/results/raw/outstanding_tracker/formal_prove] engine_0: ##   0:00:00  Checking assumptions in step 2..
SBY  2:20:46 [/Users/Dilan/Projects/fabric-under-pressure/results/raw/outstanding_tracker/formal_prove] engine_0: ##   0:00:00  Checking assertions in step 2..
SBY  2:20:46 [/Users/Dilan/Projects/fabric-under-pressure/results/raw/outstanding_tracker/formal_prove] engine_0: ##   0:00:00  Checking assumptions in step 3..
SBY  2:20:46 [/Users/Dilan/Projects/fabric-under-pressure/results/raw/outstanding_tracker/formal_prove] engine_0: ##   0:00:00  Checking assertions in step 3..
SBY  2:20:46 [/Users/Dilan/Projects/fabric-under-pressure/results/raw/outstanding_tracker/formal_prove] engine_0: ##   0:00:00  Checking assumptions in step 4..
SBY  2:20:46 [/Users/Dilan/Projects/fabric-under-pressure/results/raw/outstanding_tracker/formal_prove] engine_0: ##   0:00:00  Checking assertions in step 4..
SBY  2:20:47 [/Users/Dilan/Projects/fabric-under-pressure/results/raw/outstanding_tracker/formal_prove] engine_0: ##   0:00:01  Checking assumptions in step 5..
SBY  2:20:47 [/Users/Dilan/Projects/fabric-under-pressure/results/raw/outstanding_tracker/formal_prove] engine_0: ##   0:00:01  Checking assertions in step 5..
SBY  2:20:53 [/Users/Dilan/Projects/fabric-under-pressure/results/raw/outstanding_tracker/formal_prove] engine_0: ##   0:00:07  Status: passed
SBY  2:20:53 [/Users/Dilan/Projects/fabric-under-pressure/results/raw/outstanding_tracker/formal_prove] engine_0: finished (returncode=0)
SBY  2:20:53 [/Users/Dilan/Projects/fabric-under-pressure/results/raw/outstanding_tracker/formal_prove] engine_0: Status returned by engine: pass
SBY  2:20:53 [/Users/Dilan/Projects/fabric-under-pressure/results/raw/outstanding_tracker/formal_prove] summary: Elapsed clock time [H:MM:SS (secs)]: 0:00:07 (7)
SBY  2:20:53 [/Users/Dilan/Projects/fabric-under-pressure/results/raw/outstanding_tracker/formal_prove] summary: Elapsed process time [H:MM:SS (secs)]: 0:00:07 (7)
SBY  2:20:53 [/Users/Dilan/Projects/fabric-under-pressure/results/raw/outstanding_tracker/formal_prove] summary: engine_0 (smtbmc) returned pass
SBY  2:20:53 [/Users/Dilan/Projects/fabric-under-pressure/results/raw/outstanding_tracker/formal_prove] summary: engine_0 did not produce any traces
SBY  2:20:53 [/Users/Dilan/Projects/fabric-under-pressure/results/raw/outstanding_tracker/formal_prove] DONE (PASS, rc=0)
SBY  2:20:53 [/Users/Dilan/Projects/fabric-under-pressure/results/raw/outstanding_tracker/formal_cover] Removing directory '/Users/Dilan/Projects/fabric-under-pressure/results/raw/outstanding_tracker/formal_cover'.
SBY  2:20:53 [/Users/Dilan/Projects/fabric-under-pressure/results/raw/outstanding_tracker/formal_cover] Copy '/Users/Dilan/Projects/fabric-under-pressure/formal/../rtl/axi_outstanding_tracker.sv' to '/Users/Dilan/Projects/fabric-under-pressure/results/raw/outstanding_tracker/formal_cover/src/axi_outstanding_tracker.sv'.
SBY  2:20:53 [/Users/Dilan/Projects/fabric-under-pressure/results/raw/outstanding_tracker/formal_cover] Copy '/Users/Dilan/Projects/fabric-under-pressure/formal/outstanding_tracker_formal.sv' to '/Users/Dilan/Projects/fabric-under-pressure/results/raw/outstanding_tracker/formal_cover/src/outstanding_tracker_formal.sv'.
SBY  2:20:53 [/Users/Dilan/Projects/fabric-under-pressure/results/raw/outstanding_tracker/formal_cover] engine_0: smtbmc
SBY  2:20:53 [/Users/Dilan/Projects/fabric-under-pressure/results/raw/outstanding_tracker/formal_cover] base: starting process "cd /Users/Dilan/Projects/fabric-under-pressure/results/raw/outstanding_tracker/formal_cover/src; yosys -ql ../model/design.log ../model/design.ys"
SBY  2:20:53 [/Users/Dilan/Projects/fabric-under-pressure/results/raw/outstanding_tracker/formal_cover] base: Warning: Replacing memory \ref_len with list of registers. See outstanding_tracker_formal.sv:55
SBY  2:20:53 [/Users/Dilan/Projects/fabric-under-pressure/results/raw/outstanding_tracker/formal_cover] base: Warning: Replacing memory \ref_target with list of registers. See outstanding_tracker_formal.sv:54
SBY  2:20:53 [/Users/Dilan/Projects/fabric-under-pressure/results/raw/outstanding_tracker/formal_cover] base: Warning: Replacing memory \len_table with list of registers. See axi_outstanding_tracker.sv:66
SBY  2:20:53 [/Users/Dilan/Projects/fabric-under-pressure/results/raw/outstanding_tracker/formal_cover] base: Warning: Replacing memory \target_table with list of registers. See axi_outstanding_tracker.sv:65
SBY  2:20:53 [/Users/Dilan/Projects/fabric-under-pressure/results/raw/outstanding_tracker/formal_cover] base: Warning: Drivers conflicting with a constant 1'0 driver:
SBY  2:20:53 [/Users/Dilan/Projects/fabric-under-pressure/results/raw/outstanding_tracker/formal_cover] base: port Q[0] of cell $procdff$2352 ($dff)
SBY  2:20:53 [/Users/Dilan/Projects/fabric-under-pressure/results/raw/outstanding_tracker/formal_cover] base: port Q[1] of cell $procdff$2352 ($dff)
SBY  2:20:53 [/Users/Dilan/Projects/fabric-under-pressure/results/raw/outstanding_tracker/formal_cover] base: port Q[2] of cell $procdff$2352 ($dff)
SBY  2:20:53 [/Users/Dilan/Projects/fabric-under-pressure/results/raw/outstanding_tracker/formal_cover] base: port Q[3] of cell $procdff$2352 ($dff)
SBY  2:20:53 [/Users/Dilan/Projects/fabric-under-pressure/results/raw/outstanding_tracker/formal_cover] base: port Q[5] of cell $procdff$2352 ($dff)
SBY  2:20:53 [/Users/Dilan/Projects/fabric-under-pressure/results/raw/outstanding_tracker/formal_cover] base: port Q[6] of cell $procdff$2352 ($dff)
SBY  2:20:53 [/Users/Dilan/Projects/fabric-under-pressure/results/raw/outstanding_tracker/formal_cover] base: port Q[7] of cell $procdff$2352 ($dff)
SBY  2:20:53 [/Users/Dilan/Projects/fabric-under-pressure/results/raw/outstanding_tracker/formal_cover] base: port Q[8] of cell $procdff$2352 ($dff)
SBY  2:20:53 [/Users/Dilan/Projects/fabric-under-pressure/results/raw/outstanding_tracker/formal_cover] base: port Q[9] of cell $procdff$2352 ($dff)
SBY  2:20:53 [/Users/Dilan/Projects/fabric-under-pressure/results/raw/outstanding_tracker/formal_cover] base: port Q[10] of cell $procdff$2352 ($dff)
SBY  2:20:53 [/Users/Dilan/Projects/fabric-under-pressure/results/raw/outstanding_tracker/formal_cover] base: port Q[11] of cell $procdff$2352 ($dff)
SBY  2:20:53 [/Users/Dilan/Projects/fabric-under-pressure/results/raw/outstanding_tracker/formal_cover] base: port Q[12] of cell $procdff$2352 ($dff)
SBY  2:20:53 [/Users/Dilan/Projects/fabric-under-pressure/results/raw/outstanding_tracker/formal_cover] base: port Q[13] of cell $procdff$2352 ($dff)
SBY  2:20:53 [/Users/Dilan/Projects/fabric-under-pressure/results/raw/outstanding_tracker/formal_cover] base: port Q[14] of cell $procdff$2352 ($dff)
SBY  2:20:53 [/Users/Dilan/Projects/fabric-under-pressure/results/raw/outstanding_tracker/formal_cover] base: port Q[15] of cell $procdff$2352 ($dff)
SBY  2:20:53 [/Users/Dilan/Projects/fabric-under-pressure/results/raw/outstanding_tracker/formal_cover] base: port Q[16] of cell $procdff$2352 ($dff)
SBY  2:20:53 [/Users/Dilan/Projects/fabric-under-pressure/results/raw/outstanding_tracker/formal_cover] base: port Q[17] of cell $procdff$2352 ($dff)
SBY  2:20:53 [/Users/Dilan/Projects/fabric-under-pressure/results/raw/outstanding_tracker/formal_cover] base: port Q[18] of cell $procdff$2352 ($dff)
SBY  2:20:53 [/Users/Dilan/Projects/fabric-under-pressure/results/raw/outstanding_tracker/formal_cover] base: port Q[19] of cell $procdff$2352 ($dff)
SBY  2:20:53 [/Users/Dilan/Projects/fabric-under-pressure/results/raw/outstanding_tracker/formal_cover] base: port Q[20] of cell $procdff$2352 ($dff)
SBY  2:20:53 [/Users/Dilan/Projects/fabric-under-pressure/results/raw/outstanding_tracker/formal_cover] base: port Q[21] of cell $procdff$2352 ($dff)
SBY  2:20:53 [/Users/Dilan/Projects/fabric-under-pressure/results/raw/outstanding_tracker/formal_cover] base: port Q[22] of cell $procdff$2352 ($dff)
SBY  2:20:53 [/Users/Dilan/Projects/fabric-under-pressure/results/raw/outstanding_tracker/formal_cover] base: port Q[23] of cell $procdff$2352 ($dff)
SBY  2:20:53 [/Users/Dilan/Projects/fabric-under-pressure/results/raw/outstanding_tracker/formal_cover] base: port Q[24] of cell $procdff$2352 ($dff)
SBY  2:20:53 [/Users/Dilan/Projects/fabric-under-pressure/results/raw/outstanding_tracker/formal_cover] base: port Q[25] of cell $procdff$2352 ($dff)
SBY  2:20:53 [/Users/Dilan/Projects/fabric-under-pressure/results/raw/outstanding_tracker/formal_cover] base: port Q[26] of cell $procdff$2352 ($dff)
SBY  2:20:53 [/Users/Dilan/Projects/fabric-under-pressure/results/raw/outstanding_tracker/formal_cover] base: port Q[27] of cell $procdff$2352 ($dff)
SBY  2:20:53 [/Users/Dilan/Projects/fabric-under-pressure/results/raw/outstanding_tracker/formal_cover] base: port Q[28] of cell $procdff$2352 ($dff)
SBY  2:20:53 [/Users/Dilan/Projects/fabric-under-pressure/results/raw/outstanding_tracker/formal_cover] base: port Q[29] of cell $procdff$2352 ($dff)
SBY  2:20:53 [/Users/Dilan/Projects/fabric-under-pressure/results/raw/outstanding_tracker/formal_cover] base: port Q[30] of cell $procdff$2352 ($dff)
SBY  2:20:53 [/Users/Dilan/Projects/fabric-under-pressure/results/raw/outstanding_tracker/formal_cover] base: port Q[31] of cell $procdff$2352 ($dff)
SBY  2:20:53 [/Users/Dilan/Projects/fabric-under-pressure/results/raw/outstanding_tracker/formal_cover] base: Warning: Drivers conflicting with a constant 1'1 driver:
SBY  2:20:53 [/Users/Dilan/Projects/fabric-under-pressure/results/raw/outstanding_tracker/formal_cover] base: port Q[4] of cell $procdff$2352 ($dff)
SBY  2:20:54 [/Users/Dilan/Projects/fabric-under-pressure/results/raw/outstanding_tracker/formal_cover] base: finished (returncode=0)
SBY  2:20:54 [/Users/Dilan/Projects/fabric-under-pressure/results/raw/outstanding_tracker/formal_cover] prep: starting process "cd /Users/Dilan/Projects/fabric-under-pressure/results/raw/outstanding_tracker/formal_cover/model; yosys -ql design_prep.log design_prep.ys"
SBY  2:20:54 [/Users/Dilan/Projects/fabric-under-pressure/results/raw/outstanding_tracker/formal_cover] prep: finished (returncode=0)
SBY  2:20:54 [/Users/Dilan/Projects/fabric-under-pressure/results/raw/outstanding_tracker/formal_cover] smt2: starting process "cd /Users/Dilan/Projects/fabric-under-pressure/results/raw/outstanding_tracker/formal_cover/model; yosys -ql design_smt2.log design_smt2.ys"
SBY  2:20:54 [/Users/Dilan/Projects/fabric-under-pressure/results/raw/outstanding_tracker/formal_cover] smt2: finished (returncode=0)
SBY  2:20:54 [/Users/Dilan/Projects/fabric-under-pressure/results/raw/outstanding_tracker/formal_cover] engine_0: starting process "cd /Users/Dilan/Projects/fabric-under-pressure/results/raw/outstanding_tracker/formal_cover; yosys-smtbmc --presat --unroll -c --noprogress -t 8  --append 0 --dump-vcd engine_0/trace%.vcd --dump-yw engine_0/trace%.yw --dump-vlogtb engine_0/trace%_tb.v --dump-smtc engine_0/trace%.smtc model/design_smt2.smt2"
SBY  2:20:54 [/Users/Dilan/Projects/fabric-under-pressure/results/raw/outstanding_tracker/formal_cover] engine_0: ##   0:00:00  Solver: yices
SBY  2:20:54 [/Users/Dilan/Projects/fabric-under-pressure/results/raw/outstanding_tracker/formal_cover] engine_0: ##   0:00:00  Checking cover reachability in step 0..
SBY  2:20:54 [/Users/Dilan/Projects/fabric-under-pressure/results/raw/outstanding_tracker/formal_cover] engine_0: ##   0:00:00  Reached cover statement in step 0 at outstanding_tracker_formal: outstanding_tracker_formal.sv:105.5-105.38 (_witness_.check_cover_outstanding_tracker_formal_sv_105_150)
SBY  2:20:54 [/Users/Dilan/Projects/fabric-under-pressure/results/raw/outstanding_tracker/formal_cover] engine_0: ##   0:00:00  Writing trace to VCD file: engine_0/trace0.vcd
SBY  2:20:54 [/Users/Dilan/Projects/fabric-under-pressure/results/raw/outstanding_tracker/formal_cover] engine_0: ##   0:00:00  Writing trace to Verilog testbench: engine_0/trace0_tb.v
SBY  2:20:54 [/Users/Dilan/Projects/fabric-under-pressure/results/raw/outstanding_tracker/formal_cover] engine_0: ##   0:00:00  Writing trace to constraints file: engine_0/trace0.smtc
SBY  2:20:54 [/Users/Dilan/Projects/fabric-under-pressure/results/raw/outstanding_tracker/formal_cover] engine_0: ##   0:00:00  Writing trace to Yosys witness file: engine_0/trace0.yw
SBY  2:20:54 [/Users/Dilan/Projects/fabric-under-pressure/results/raw/outstanding_tracker/formal_cover] engine_0: ##   0:00:00  Checking cover reachability in step 0..
SBY  2:20:54 [/Users/Dilan/Projects/fabric-under-pressure/results/raw/outstanding_tracker/formal_cover] engine_0: ##   0:00:00  Checking cover reachability in step 1..
SBY  2:20:54 [/Users/Dilan/Projects/fabric-under-pressure/results/raw/outstanding_tracker/formal_cover] engine_0: ##   0:00:00  Reached cover statement in step 1 at outstanding_tracker_formal: outstanding_tracker_formal.sv:111.5-111.31 (_witness_.check_cover_outstanding_tracker_formal_sv_111_161)
SBY  2:20:54 [/Users/Dilan/Projects/fabric-under-pressure/results/raw/outstanding_tracker/formal_cover] engine_0: ##   0:00:00  Writing trace to VCD file: engine_0/trace1.vcd
SBY  2:20:54 [/Users/Dilan/Projects/fabric-under-pressure/results/raw/outstanding_tracker/formal_cover] engine_0: ##   0:00:00  Writing trace to Verilog testbench: engine_0/trace1_tb.v
SBY  2:20:54 [/Users/Dilan/Projects/fabric-under-pressure/results/raw/outstanding_tracker/formal_cover] engine_0: ##   0:00:00  Writing trace to constraints file: engine_0/trace1.smtc
SBY  2:20:54 [/Users/Dilan/Projects/fabric-under-pressure/results/raw/outstanding_tracker/formal_cover] engine_0: ##   0:00:00  Writing trace to Yosys witness file: engine_0/trace1.yw
SBY  2:20:54 [/Users/Dilan/Projects/fabric-under-pressure/results/raw/outstanding_tracker/formal_cover] engine_0: ##   0:00:00  Checking cover reachability in step 1..
SBY  2:20:54 [/Users/Dilan/Projects/fabric-under-pressure/results/raw/outstanding_tracker/formal_cover] engine_0: ##   0:00:00  Checking cover reachability in step 2..
SBY  2:20:54 [/Users/Dilan/Projects/fabric-under-pressure/results/raw/outstanding_tracker/formal_cover] engine_0: ##   0:00:00  Reached cover statement in step 2 at outstanding_tracker_formal: outstanding_tracker_formal.sv:106.5-106.38 (_witness_.check_cover_outstanding_tracker_formal_sv_106_152)
SBY  2:20:54 [/Users/Dilan/Projects/fabric-under-pressure/results/raw/outstanding_tracker/formal_cover] engine_0: ##   0:00:00  Writing trace to VCD file: engine_0/trace2.vcd
SBY  2:20:54 [/Users/Dilan/Projects/fabric-under-pressure/results/raw/outstanding_tracker/formal_cover] engine_0: ##   0:00:00  Writing trace to Verilog testbench: engine_0/trace2_tb.v
SBY  2:20:54 [/Users/Dilan/Projects/fabric-under-pressure/results/raw/outstanding_tracker/formal_cover] engine_0: ##   0:00:00  Writing trace to constraints file: engine_0/trace2.smtc
SBY  2:20:54 [/Users/Dilan/Projects/fabric-under-pressure/results/raw/outstanding_tracker/formal_cover] engine_0: ##   0:00:00  Writing trace to Yosys witness file: engine_0/trace2.yw
SBY  2:20:54 [/Users/Dilan/Projects/fabric-under-pressure/results/raw/outstanding_tracker/formal_cover] engine_0: ##   0:00:00  Checking cover reachability in step 2..
SBY  2:20:54 [/Users/Dilan/Projects/fabric-under-pressure/results/raw/outstanding_tracker/formal_cover] engine_0: ##   0:00:00  Reached cover statement in step 2 at outstanding_tracker_formal: outstanding_tracker_formal.sv:112.5-112.66 (_witness_.check_cover_outstanding_tracker_formal_sv_112_162)
SBY  2:20:54 [/Users/Dilan/Projects/fabric-under-pressure/results/raw/outstanding_tracker/formal_cover] engine_0: ##   0:00:00  Writing trace to VCD file: engine_0/trace3.vcd
SBY  2:20:54 [/Users/Dilan/Projects/fabric-under-pressure/results/raw/outstanding_tracker/formal_cover] engine_0: ##   0:00:00  Writing trace to Verilog testbench: engine_0/trace3_tb.v
SBY  2:20:54 [/Users/Dilan/Projects/fabric-under-pressure/results/raw/outstanding_tracker/formal_cover] engine_0: ##   0:00:00  Writing trace to constraints file: engine_0/trace3.smtc
SBY  2:20:54 [/Users/Dilan/Projects/fabric-under-pressure/results/raw/outstanding_tracker/formal_cover] engine_0: ##   0:00:00  Writing trace to Yosys witness file: engine_0/trace3.yw
SBY  2:20:54 [/Users/Dilan/Projects/fabric-under-pressure/results/raw/outstanding_tracker/formal_cover] engine_0: ##   0:00:00  Checking cover reachability in step 2..
SBY  2:20:54 [/Users/Dilan/Projects/fabric-under-pressure/results/raw/outstanding_tracker/formal_cover] engine_0: ##   0:00:00  Reached cover statement in step 2 at outstanding_tracker_formal: outstanding_tracker_formal.sv:110.5-110.31 (_witness_.check_cover_outstanding_tracker_formal_sv_110_160)
SBY  2:20:54 [/Users/Dilan/Projects/fabric-under-pressure/results/raw/outstanding_tracker/formal_cover] engine_0: ##   0:00:00  Writing trace to VCD file: engine_0/trace4.vcd
SBY  2:20:54 [/Users/Dilan/Projects/fabric-under-pressure/results/raw/outstanding_tracker/formal_cover] engine_0: ##   0:00:00  Writing trace to Verilog testbench: engine_0/trace4_tb.v
SBY  2:20:54 [/Users/Dilan/Projects/fabric-under-pressure/results/raw/outstanding_tracker/formal_cover] engine_0: ##   0:00:00  Writing trace to constraints file: engine_0/trace4.smtc
SBY  2:20:54 [/Users/Dilan/Projects/fabric-under-pressure/results/raw/outstanding_tracker/formal_cover] engine_0: ##   0:00:00  Writing trace to Yosys witness file: engine_0/trace4.yw
SBY  2:20:54 [/Users/Dilan/Projects/fabric-under-pressure/results/raw/outstanding_tracker/formal_cover] engine_0: ##   0:00:00  Checking cover reachability in step 2..
SBY  2:20:54 [/Users/Dilan/Projects/fabric-under-pressure/results/raw/outstanding_tracker/formal_cover] engine_0: ##   0:00:00  Reached cover statement in step 2 at outstanding_tracker_formal: outstanding_tracker_formal.sv:113.5-113.98 (_witness_.check_cover_outstanding_tracker_formal_sv_113_166)
SBY  2:20:54 [/Users/Dilan/Projects/fabric-under-pressure/results/raw/outstanding_tracker/formal_cover] engine_0: ##   0:00:00  Writing trace to VCD file: engine_0/trace5.vcd
SBY  2:20:54 [/Users/Dilan/Projects/fabric-under-pressure/results/raw/outstanding_tracker/formal_cover] engine_0: ##   0:00:00  Writing trace to Verilog testbench: engine_0/trace5_tb.v
SBY  2:20:54 [/Users/Dilan/Projects/fabric-under-pressure/results/raw/outstanding_tracker/formal_cover] engine_0: ##   0:00:00  Writing trace to constraints file: engine_0/trace5.smtc
SBY  2:20:54 [/Users/Dilan/Projects/fabric-under-pressure/results/raw/outstanding_tracker/formal_cover] engine_0: ##   0:00:00  Writing trace to Yosys witness file: engine_0/trace5.yw
SBY  2:20:54 [/Users/Dilan/Projects/fabric-under-pressure/results/raw/outstanding_tracker/formal_cover] engine_0: ##   0:00:00  Checking cover reachability in step 2..
SBY  2:20:54 [/Users/Dilan/Projects/fabric-under-pressure/results/raw/outstanding_tracker/formal_cover] engine_0: ##   0:00:00  Checking cover reachability in step 3..
SBY  2:20:54 [/Users/Dilan/Projects/fabric-under-pressure/results/raw/outstanding_tracker/formal_cover] engine_0: ##   0:00:00  Reached cover statement in step 3 at outstanding_tracker_formal: outstanding_tracker_formal.sv:107.5-107.38 (_witness_.check_cover_outstanding_tracker_formal_sv_107_154)
SBY  2:20:54 [/Users/Dilan/Projects/fabric-under-pressure/results/raw/outstanding_tracker/formal_cover] engine_0: ##   0:00:00  Writing trace to VCD file: engine_0/trace6.vcd
SBY  2:20:54 [/Users/Dilan/Projects/fabric-under-pressure/results/raw/outstanding_tracker/formal_cover] engine_0: ##   0:00:00  Writing trace to Verilog testbench: engine_0/trace6_tb.v
SBY  2:20:54 [/Users/Dilan/Projects/fabric-under-pressure/results/raw/outstanding_tracker/formal_cover] engine_0: ##   0:00:00  Writing trace to constraints file: engine_0/trace6.smtc
SBY  2:20:54 [/Users/Dilan/Projects/fabric-under-pressure/results/raw/outstanding_tracker/formal_cover] engine_0: ##   0:00:00  Writing trace to Yosys witness file: engine_0/trace6.yw
SBY  2:20:54 [/Users/Dilan/Projects/fabric-under-pressure/results/raw/outstanding_tracker/formal_cover] engine_0: ##   0:00:00  Checking cover reachability in step 3..
SBY  2:20:54 [/Users/Dilan/Projects/fabric-under-pressure/results/raw/outstanding_tracker/formal_cover] engine_0: ##   0:00:00  Checking cover reachability in step 4..
SBY  2:20:54 [/Users/Dilan/Projects/fabric-under-pressure/results/raw/outstanding_tracker/formal_cover] engine_0: ##   0:00:00  Reached cover statement in step 4 at outstanding_tracker_formal: outstanding_tracker_formal.sv:108.5-108.38 (_witness_.check_cover_outstanding_tracker_formal_sv_108_156)
SBY  2:20:54 [/Users/Dilan/Projects/fabric-under-pressure/results/raw/outstanding_tracker/formal_cover] engine_0: ##   0:00:00  Writing trace to VCD file: engine_0/trace7.vcd
SBY  2:20:54 [/Users/Dilan/Projects/fabric-under-pressure/results/raw/outstanding_tracker/formal_cover] engine_0: ##   0:00:00  Writing trace to Verilog testbench: engine_0/trace7_tb.v
SBY  2:20:54 [/Users/Dilan/Projects/fabric-under-pressure/results/raw/outstanding_tracker/formal_cover] engine_0: ##   0:00:00  Writing trace to constraints file: engine_0/trace7.smtc
SBY  2:20:54 [/Users/Dilan/Projects/fabric-under-pressure/results/raw/outstanding_tracker/formal_cover] engine_0: ##   0:00:00  Writing trace to Yosys witness file: engine_0/trace7.yw
SBY  2:20:54 [/Users/Dilan/Projects/fabric-under-pressure/results/raw/outstanding_tracker/formal_cover] engine_0: ##   0:00:00  Checking cover reachability in step 4..
SBY  2:20:54 [/Users/Dilan/Projects/fabric-under-pressure/results/raw/outstanding_tracker/formal_cover] engine_0: ##   0:00:00  Checking cover reachability in step 5..
SBY  2:20:54 [/Users/Dilan/Projects/fabric-under-pressure/results/raw/outstanding_tracker/formal_cover] engine_0: ##   0:00:00  Reached cover statement in step 5 at outstanding_tracker_formal: outstanding_tracker_formal.sv:109.5-109.38 (_witness_.check_cover_outstanding_tracker_formal_sv_109_158)
SBY  2:20:54 [/Users/Dilan/Projects/fabric-under-pressure/results/raw/outstanding_tracker/formal_cover] engine_0: ##   0:00:00  Writing trace to VCD file: engine_0/trace8.vcd
SBY  2:20:54 [/Users/Dilan/Projects/fabric-under-pressure/results/raw/outstanding_tracker/formal_cover] engine_0: ##   0:00:00  Writing trace to Verilog testbench: engine_0/trace8_tb.v
SBY  2:20:54 [/Users/Dilan/Projects/fabric-under-pressure/results/raw/outstanding_tracker/formal_cover] engine_0: ##   0:00:00  Writing trace to constraints file: engine_0/trace8.smtc
SBY  2:20:54 [/Users/Dilan/Projects/fabric-under-pressure/results/raw/outstanding_tracker/formal_cover] engine_0: ##   0:00:00  Writing trace to Yosys witness file: engine_0/trace8.yw
SBY  2:20:54 [/Users/Dilan/Projects/fabric-under-pressure/results/raw/outstanding_tracker/formal_cover] engine_0: ##   0:00:00  Checking cover reachability in step 5..
SBY  2:20:54 [/Users/Dilan/Projects/fabric-under-pressure/results/raw/outstanding_tracker/formal_cover] engine_0: ##   0:00:00  Reached cover statement in step 5 at outstanding_tracker_formal: outstanding_tracker_formal.sv:114.5-114.87 (_witness_.check_cover_outstanding_tracker_formal_sv_114_172)
SBY  2:20:54 [/Users/Dilan/Projects/fabric-under-pressure/results/raw/outstanding_tracker/formal_cover] engine_0: ##   0:00:00  Writing trace to VCD file: engine_0/trace9.vcd
SBY  2:20:54 [/Users/Dilan/Projects/fabric-under-pressure/results/raw/outstanding_tracker/formal_cover] engine_0: ##   0:00:00  Writing trace to Verilog testbench: engine_0/trace9_tb.v
SBY  2:20:54 [/Users/Dilan/Projects/fabric-under-pressure/results/raw/outstanding_tracker/formal_cover] engine_0: ##   0:00:00  Writing trace to constraints file: engine_0/trace9.smtc
SBY  2:20:54 [/Users/Dilan/Projects/fabric-under-pressure/results/raw/outstanding_tracker/formal_cover] engine_0: ##   0:00:00  Writing trace to Yosys witness file: engine_0/trace9.yw
SBY  2:20:54 [/Users/Dilan/Projects/fabric-under-pressure/results/raw/outstanding_tracker/formal_cover] engine_0: ##   0:00:00  Checking cover reachability in step 5..
SBY  2:20:54 [/Users/Dilan/Projects/fabric-under-pressure/results/raw/outstanding_tracker/formal_cover] engine_0: ##   0:00:00  Checking cover reachability in step 6..
SBY  2:20:54 [/Users/Dilan/Projects/fabric-under-pressure/results/raw/outstanding_tracker/formal_cover] engine_0: ##   0:00:00  Reached cover statement in step 6 at outstanding_tracker_formal: outstanding_tracker_formal.sv:115.5-115.33 (_witness_.check_cover_outstanding_tracker_formal_sv_115_177)
SBY  2:20:54 [/Users/Dilan/Projects/fabric-under-pressure/results/raw/outstanding_tracker/formal_cover] engine_0: ##   0:00:00  Writing trace to VCD file: engine_0/trace10.vcd
SBY  2:20:54 [/Users/Dilan/Projects/fabric-under-pressure/results/raw/outstanding_tracker/formal_cover] engine_0: ##   0:00:00  Writing trace to Verilog testbench: engine_0/trace10_tb.v
SBY  2:20:54 [/Users/Dilan/Projects/fabric-under-pressure/results/raw/outstanding_tracker/formal_cover] engine_0: ##   0:00:00  Writing trace to constraints file: engine_0/trace10.smtc
SBY  2:20:54 [/Users/Dilan/Projects/fabric-under-pressure/results/raw/outstanding_tracker/formal_cover] engine_0: ##   0:00:00  Writing trace to Yosys witness file: engine_0/trace10.yw
SBY  2:20:54 [/Users/Dilan/Projects/fabric-under-pressure/results/raw/outstanding_tracker/formal_cover] engine_0: ##   0:00:00  Status: passed
SBY  2:20:54 [/Users/Dilan/Projects/fabric-under-pressure/results/raw/outstanding_tracker/formal_cover] engine_0: finished (returncode=0)
SBY  2:20:54 [/Users/Dilan/Projects/fabric-under-pressure/results/raw/outstanding_tracker/formal_cover] engine_0: Status returned by engine: pass
SBY  2:20:54 [/Users/Dilan/Projects/fabric-under-pressure/results/raw/outstanding_tracker/formal_cover] summary: Elapsed clock time [H:MM:SS (secs)]: 0:00:00 (0)
SBY  2:20:54 [/Users/Dilan/Projects/fabric-under-pressure/results/raw/outstanding_tracker/formal_cover] summary: Elapsed process time [H:MM:SS (secs)]: 0:00:00 (0)
SBY  2:20:54 [/Users/Dilan/Projects/fabric-under-pressure/results/raw/outstanding_tracker/formal_cover] summary: engine_0 (smtbmc) returned pass
SBY  2:20:54 [/Users/Dilan/Projects/fabric-under-pressure/results/raw/outstanding_tracker/formal_cover] summary: cover trace: /Users/Dilan/Projects/fabric-under-pressure/results/raw/outstanding_tracker/formal_cover/engine_0/trace0.vcd
SBY  2:20:54 [/Users/Dilan/Projects/fabric-under-pressure/results/raw/outstanding_tracker/formal_cover] summary:   reached cover statement outstanding_tracker_formal._witness_.check_cover_outstanding_tracker_formal_sv_105_150 at outstanding_tracker_formal.sv:105.5-105.38
SBY  2:20:54 [/Users/Dilan/Projects/fabric-under-pressure/results/raw/outstanding_tracker/formal_cover] summary: cover trace: /Users/Dilan/Projects/fabric-under-pressure/results/raw/outstanding_tracker/formal_cover/engine_0/trace1.vcd
SBY  2:20:54 [/Users/Dilan/Projects/fabric-under-pressure/results/raw/outstanding_tracker/formal_cover] summary:   reached cover statement outstanding_tracker_formal._witness_.check_cover_outstanding_tracker_formal_sv_111_161 at outstanding_tracker_formal.sv:111.5-111.31 step 1
SBY  2:20:54 [/Users/Dilan/Projects/fabric-under-pressure/results/raw/outstanding_tracker/formal_cover] summary: cover trace: /Users/Dilan/Projects/fabric-under-pressure/results/raw/outstanding_tracker/formal_cover/engine_0/trace10.vcd
SBY  2:20:54 [/Users/Dilan/Projects/fabric-under-pressure/results/raw/outstanding_tracker/formal_cover] summary:   reached cover statement outstanding_tracker_formal._witness_.check_cover_outstanding_tracker_formal_sv_115_177 at outstanding_tracker_formal.sv:115.5-115.33 step 6
SBY  2:20:54 [/Users/Dilan/Projects/fabric-under-pressure/results/raw/outstanding_tracker/formal_cover] summary: cover trace: /Users/Dilan/Projects/fabric-under-pressure/results/raw/outstanding_tracker/formal_cover/engine_0/trace2.vcd
SBY  2:20:54 [/Users/Dilan/Projects/fabric-under-pressure/results/raw/outstanding_tracker/formal_cover] summary:   reached cover statement outstanding_tracker_formal._witness_.check_cover_outstanding_tracker_formal_sv_106_152 at outstanding_tracker_formal.sv:106.5-106.38 step 2
SBY  2:20:54 [/Users/Dilan/Projects/fabric-under-pressure/results/raw/outstanding_tracker/formal_cover] summary: cover trace: /Users/Dilan/Projects/fabric-under-pressure/results/raw/outstanding_tracker/formal_cover/engine_0/trace3.vcd
SBY  2:20:54 [/Users/Dilan/Projects/fabric-under-pressure/results/raw/outstanding_tracker/formal_cover] summary:   reached cover statement outstanding_tracker_formal._witness_.check_cover_outstanding_tracker_formal_sv_112_162 at outstanding_tracker_formal.sv:112.5-112.66 step 2
SBY  2:20:54 [/Users/Dilan/Projects/fabric-under-pressure/results/raw/outstanding_tracker/formal_cover] summary: and 6 further traces
SBY  2:20:54 [/Users/Dilan/Projects/fabric-under-pressure/results/raw/outstanding_tracker/formal_cover] summary: see /Users/Dilan/Projects/fabric-under-pressure/results/raw/outstanding_tracker/formal_cover/PASS for a complete summary
SBY  2:20:54 [/Users/Dilan/Projects/fabric-under-pressure/results/raw/outstanding_tracker/formal_cover] DONE (PASS, rc=0)
