SBY  1:48:42 [/Users/Dilan/Projects/fabric-under-pressure/results/raw/request_legality/formal_prove] Removing directory '/Users/Dilan/Projects/fabric-under-pressure/results/raw/request_legality/formal_prove'.
SBY  1:48:42 [/Users/Dilan/Projects/fabric-under-pressure/results/raw/request_legality/formal_prove] Copy '/Users/Dilan/Projects/fabric-under-pressure/formal/../rtl/fabric_addr_map_pkg.sv' to '/Users/Dilan/Projects/fabric-under-pressure/results/raw/request_legality/formal_prove/src/fabric_addr_map_pkg.sv'.
SBY  1:48:42 [/Users/Dilan/Projects/fabric-under-pressure/results/raw/request_legality/formal_prove] Copy '/Users/Dilan/Projects/fabric-under-pressure/formal/../rtl/axi_address_decoder.sv' to '/Users/Dilan/Projects/fabric-under-pressure/results/raw/request_legality/formal_prove/src/axi_address_decoder.sv'.
SBY  1:48:42 [/Users/Dilan/Projects/fabric-under-pressure/results/raw/request_legality/formal_prove] Copy '/Users/Dilan/Projects/fabric-under-pressure/formal/../rtl/axi_request_legal.sv' to '/Users/Dilan/Projects/fabric-under-pressure/results/raw/request_legality/formal_prove/src/axi_request_legal.sv'.
SBY  1:48:42 [/Users/Dilan/Projects/fabric-under-pressure/results/raw/request_legality/formal_prove] Copy '/Users/Dilan/Projects/fabric-under-pressure/formal/request_legality_formal.sv' to '/Users/Dilan/Projects/fabric-under-pressure/results/raw/request_legality/formal_prove/src/request_legality_formal.sv'.
SBY  1:48:42 [/Users/Dilan/Projects/fabric-under-pressure/results/raw/request_legality/formal_prove] engine_0: smtbmc
SBY  1:48:42 [/Users/Dilan/Projects/fabric-under-pressure/results/raw/request_legality/formal_prove] base: starting process "cd /Users/Dilan/Projects/fabric-under-pressure/results/raw/request_legality/formal_prove/src; yosys -ql ../model/design.log ../model/design.ys"
SBY  1:48:42 [/Users/Dilan/Projects/fabric-under-pressure/results/raw/request_legality/formal_prove] base: finished (returncode=0)
SBY  1:48:42 [/Users/Dilan/Projects/fabric-under-pressure/results/raw/request_legality/formal_prove] prep: starting process "cd /Users/Dilan/Projects/fabric-under-pressure/results/raw/request_legality/formal_prove/model; yosys -ql design_prep.log design_prep.ys"
SBY  1:48:42 [/Users/Dilan/Projects/fabric-under-pressure/results/raw/request_legality/formal_prove] prep: finished (returncode=0)
SBY  1:48:42 [/Users/Dilan/Projects/fabric-under-pressure/results/raw/request_legality/formal_prove] smt2: starting process "cd /Users/Dilan/Projects/fabric-under-pressure/results/raw/request_legality/formal_prove/model; yosys -ql design_smt2.log design_smt2.ys"
SBY  1:48:42 [/Users/Dilan/Projects/fabric-under-pressure/results/raw/request_legality/formal_prove] smt2: finished (returncode=0)
SBY  1:48:42 [/Users/Dilan/Projects/fabric-under-pressure/results/raw/request_legality/formal_prove] engine_0.basecase: starting process "cd /Users/Dilan/Projects/fabric-under-pressure/results/raw/request_legality/formal_prove; yosys-smtbmc --presat --unroll --noprogress -t 1  --append 0 --dump-vcd engine_0/trace.vcd --dump-yw engine_0/trace.yw --dump-vlogtb engine_0/trace_tb.v --dump-smtc engine_0/trace.smtc model/design_smt2.smt2"
SBY  1:48:42 [/Users/Dilan/Projects/fabric-under-pressure/results/raw/request_legality/formal_prove] engine_0.induction: starting process "cd /Users/Dilan/Projects/fabric-under-pressure/results/raw/request_legality/formal_prove; yosys-smtbmc --presat --unroll -i --noprogress -t 1  --append 0 --dump-vcd engine_0/trace_induct.vcd --dump-yw engine_0/trace_induct.yw --dump-vlogtb engine_0/trace_induct_tb.v --dump-smtc engine_0/trace_induct.smtc model/design_smt2.smt2"
SBY  1:48:43 [/Users/Dilan/Projects/fabric-under-pressure/results/raw/request_legality/formal_prove] engine_0.basecase: ##   0:00:00  Solver: yices
SBY  1:48:43 [/Users/Dilan/Projects/fabric-under-pressure/results/raw/request_legality/formal_prove] engine_0.induction: ##   0:00:00  Solver: yices
SBY  1:48:43 [/Users/Dilan/Projects/fabric-under-pressure/results/raw/request_legality/formal_prove] engine_0.basecase: ##   0:00:00  Checking assumptions in step 0..
SBY  1:48:43 [/Users/Dilan/Projects/fabric-under-pressure/results/raw/request_legality/formal_prove] engine_0.induction: ##   0:00:00  Trying induction in step 1..
SBY  1:48:43 [/Users/Dilan/Projects/fabric-under-pressure/results/raw/request_legality/formal_prove] engine_0.basecase: ##   0:00:00  Checking assertions in step 0..
SBY  1:48:43 [/Users/Dilan/Projects/fabric-under-pressure/results/raw/request_legality/formal_prove] engine_0.induction: ##   0:00:00  Temporal induction successful.
SBY  1:48:43 [/Users/Dilan/Projects/fabric-under-pressure/results/raw/request_legality/formal_prove] engine_0.induction: ##   0:00:00  Status: passed
SBY  1:48:43 [/Users/Dilan/Projects/fabric-under-pressure/results/raw/request_legality/formal_prove] engine_0.basecase: ##   0:00:00  Status: passed
SBY  1:48:43 [/Users/Dilan/Projects/fabric-under-pressure/results/raw/request_legality/formal_prove] engine_0.induction: finished (returncode=0)
SBY  1:48:43 [/Users/Dilan/Projects/fabric-under-pressure/results/raw/request_legality/formal_prove] engine_0.induction: Status returned by engine for induction: pass
SBY  1:48:43 [/Users/Dilan/Projects/fabric-under-pressure/results/raw/request_legality/formal_prove] engine_0.basecase: finished (returncode=0)
SBY  1:48:43 [/Users/Dilan/Projects/fabric-under-pressure/results/raw/request_legality/formal_prove] engine_0.basecase: Status returned by engine for basecase: pass
SBY  1:48:43 [/Users/Dilan/Projects/fabric-under-pressure/results/raw/request_legality/formal_prove] summary: Elapsed clock time [H:MM:SS (secs)]: 0:00:00 (0)
SBY  1:48:43 [/Users/Dilan/Projects/fabric-under-pressure/results/raw/request_legality/formal_prove] summary: Elapsed process time [H:MM:SS (secs)]: 0:00:00 (0)
SBY  1:48:43 [/Users/Dilan/Projects/fabric-under-pressure/results/raw/request_legality/formal_prove] summary: engine_0 (smtbmc) returned pass for basecase
SBY  1:48:43 [/Users/Dilan/Projects/fabric-under-pressure/results/raw/request_legality/formal_prove] summary: engine_0 (smtbmc) returned pass for induction
SBY  1:48:43 [/Users/Dilan/Projects/fabric-under-pressure/results/raw/request_legality/formal_prove] summary: engine_0 did not produce any traces
SBY  1:48:43 [/Users/Dilan/Projects/fabric-under-pressure/results/raw/request_legality/formal_prove] summary: successful proof by k-induction.
SBY  1:48:43 [/Users/Dilan/Projects/fabric-under-pressure/results/raw/request_legality/formal_prove] DONE (PASS, rc=0)
SBY  1:48:43 [/Users/Dilan/Projects/fabric-under-pressure/results/raw/request_legality/formal_cover] Removing directory '/Users/Dilan/Projects/fabric-under-pressure/results/raw/request_legality/formal_cover'.
SBY  1:48:43 [/Users/Dilan/Projects/fabric-under-pressure/results/raw/request_legality/formal_cover] Copy '/Users/Dilan/Projects/fabric-under-pressure/formal/../rtl/fabric_addr_map_pkg.sv' to '/Users/Dilan/Projects/fabric-under-pressure/results/raw/request_legality/formal_cover/src/fabric_addr_map_pkg.sv'.
SBY  1:48:43 [/Users/Dilan/Projects/fabric-under-pressure/results/raw/request_legality/formal_cover] Copy '/Users/Dilan/Projects/fabric-under-pressure/formal/../rtl/axi_address_decoder.sv' to '/Users/Dilan/Projects/fabric-under-pressure/results/raw/request_legality/formal_cover/src/axi_address_decoder.sv'.
SBY  1:48:43 [/Users/Dilan/Projects/fabric-under-pressure/results/raw/request_legality/formal_cover] Copy '/Users/Dilan/Projects/fabric-under-pressure/formal/../rtl/axi_request_legal.sv' to '/Users/Dilan/Projects/fabric-under-pressure/results/raw/request_legality/formal_cover/src/axi_request_legal.sv'.
SBY  1:48:43 [/Users/Dilan/Projects/fabric-under-pressure/results/raw/request_legality/formal_cover] Copy '/Users/Dilan/Projects/fabric-under-pressure/formal/request_legality_formal.sv' to '/Users/Dilan/Projects/fabric-under-pressure/results/raw/request_legality/formal_cover/src/request_legality_formal.sv'.
SBY  1:48:43 [/Users/Dilan/Projects/fabric-under-pressure/results/raw/request_legality/formal_cover] engine_0: smtbmc
SBY  1:48:43 [/Users/Dilan/Projects/fabric-under-pressure/results/raw/request_legality/formal_cover] base: starting process "cd /Users/Dilan/Projects/fabric-under-pressure/results/raw/request_legality/formal_cover/src; yosys -ql ../model/design.log ../model/design.ys"
SBY  1:48:43 [/Users/Dilan/Projects/fabric-under-pressure/results/raw/request_legality/formal_cover] base: finished (returncode=0)
SBY  1:48:43 [/Users/Dilan/Projects/fabric-under-pressure/results/raw/request_legality/formal_cover] prep: starting process "cd /Users/Dilan/Projects/fabric-under-pressure/results/raw/request_legality/formal_cover/model; yosys -ql design_prep.log design_prep.ys"
SBY  1:48:43 [/Users/Dilan/Projects/fabric-under-pressure/results/raw/request_legality/formal_cover] prep: finished (returncode=0)
SBY  1:48:43 [/Users/Dilan/Projects/fabric-under-pressure/results/raw/request_legality/formal_cover] smt2: starting process "cd /Users/Dilan/Projects/fabric-under-pressure/results/raw/request_legality/formal_cover/model; yosys -ql design_smt2.log design_smt2.ys"
SBY  1:48:43 [/Users/Dilan/Projects/fabric-under-pressure/results/raw/request_legality/formal_cover] smt2: finished (returncode=0)
SBY  1:48:43 [/Users/Dilan/Projects/fabric-under-pressure/results/raw/request_legality/formal_cover] engine_0: starting process "cd /Users/Dilan/Projects/fabric-under-pressure/results/raw/request_legality/formal_cover; yosys-smtbmc --presat --unroll -c --noprogress -t 1  --append 0 --dump-vcd engine_0/trace%.vcd --dump-yw engine_0/trace%.yw --dump-vlogtb engine_0/trace%_tb.v --dump-smtc engine_0/trace%.smtc model/design_smt2.smt2"
SBY  1:48:43 [/Users/Dilan/Projects/fabric-under-pressure/results/raw/request_legality/formal_cover] engine_0: ##   0:00:00  Solver: yices
SBY  1:48:43 [/Users/Dilan/Projects/fabric-under-pressure/results/raw/request_legality/formal_cover] engine_0: ##   0:00:00  Checking cover reachability in step 0..
SBY  1:48:43 [/Users/Dilan/Projects/fabric-under-pressure/results/raw/request_legality/formal_cover] engine_0: ##   0:00:00  Reached cover statement in step 0 at request_legality_formal: request_legality_formal.sv:53.5-53.52 (_witness_.check_cover_request_legality_formal_sv_53_50)
SBY  1:48:43 [/Users/Dilan/Projects/fabric-under-pressure/results/raw/request_legality/formal_cover] engine_0: ##   0:00:00  Writing trace to VCD file: engine_0/trace0.vcd
SBY  1:48:43 [/Users/Dilan/Projects/fabric-under-pressure/results/raw/request_legality/formal_cover] engine_0: ##   0:00:00  Writing trace to Verilog testbench: engine_0/trace0_tb.v
SBY  1:48:43 [/Users/Dilan/Projects/fabric-under-pressure/results/raw/request_legality/formal_cover] engine_0: ##   0:00:00  Writing trace to constraints file: engine_0/trace0.smtc
SBY  1:48:43 [/Users/Dilan/Projects/fabric-under-pressure/results/raw/request_legality/formal_cover] engine_0: ##   0:00:00  Writing trace to Yosys witness file: engine_0/trace0.yw
SBY  1:48:43 [/Users/Dilan/Projects/fabric-under-pressure/results/raw/request_legality/formal_cover] engine_0: ##   0:00:00  Checking cover reachability in step 0..
SBY  1:48:43 [/Users/Dilan/Projects/fabric-under-pressure/results/raw/request_legality/formal_cover] engine_0: ##   0:00:00  Reached cover statement in step 0 at request_legality_formal: request_legality_formal.sv:50.5-50.41 (_witness_.check_cover_request_legality_formal_sv_50_41)
SBY  1:48:43 [/Users/Dilan/Projects/fabric-under-pressure/results/raw/request_legality/formal_cover] engine_0: ##   0:00:00  Reached cover statement in step 0 at request_legality_formal: request_legality_formal.sv:54.5-54.87 (_witness_.check_cover_request_legality_formal_sv_54_54)
SBY  1:48:43 [/Users/Dilan/Projects/fabric-under-pressure/results/raw/request_legality/formal_cover] engine_0: ##   0:00:00  Writing trace to VCD file: engine_0/trace1.vcd
SBY  1:48:43 [/Users/Dilan/Projects/fabric-under-pressure/results/raw/request_legality/formal_cover] engine_0: ##   0:00:00  Writing trace to Verilog testbench: engine_0/trace1_tb.v
SBY  1:48:43 [/Users/Dilan/Projects/fabric-under-pressure/results/raw/request_legality/formal_cover] engine_0: ##   0:00:00  Writing trace to constraints file: engine_0/trace1.smtc
SBY  1:48:43 [/Users/Dilan/Projects/fabric-under-pressure/results/raw/request_legality/formal_cover] engine_0: ##   0:00:00  Writing trace to Yosys witness file: engine_0/trace1.yw
SBY  1:48:43 [/Users/Dilan/Projects/fabric-under-pressure/results/raw/request_legality/formal_cover] engine_0: ##   0:00:00  Checking cover reachability in step 0..
SBY  1:48:43 [/Users/Dilan/Projects/fabric-under-pressure/results/raw/request_legality/formal_cover] engine_0: ##   0:00:00  Reached cover statement in step 0 at request_legality_formal: request_legality_formal.sv:51.5-51.42 (_witness_.check_cover_request_legality_formal_sv_51_44)
SBY  1:48:43 [/Users/Dilan/Projects/fabric-under-pressure/results/raw/request_legality/formal_cover] engine_0: ##   0:00:00  Writing trace to VCD file: engine_0/trace2.vcd
SBY  1:48:43 [/Users/Dilan/Projects/fabric-under-pressure/results/raw/request_legality/formal_cover] engine_0: ##   0:00:00  Writing trace to Verilog testbench: engine_0/trace2_tb.v
SBY  1:48:43 [/Users/Dilan/Projects/fabric-under-pressure/results/raw/request_legality/formal_cover] engine_0: ##   0:00:00  Writing trace to constraints file: engine_0/trace2.smtc
SBY  1:48:43 [/Users/Dilan/Projects/fabric-under-pressure/results/raw/request_legality/formal_cover] engine_0: ##   0:00:00  Writing trace to Yosys witness file: engine_0/trace2.yw
SBY  1:48:43 [/Users/Dilan/Projects/fabric-under-pressure/results/raw/request_legality/formal_cover] engine_0: ##   0:00:00  Checking cover reachability in step 0..
SBY  1:48:43 [/Users/Dilan/Projects/fabric-under-pressure/results/raw/request_legality/formal_cover] engine_0: ##   0:00:00  Reached cover statement in step 0 at request_legality_formal: request_legality_formal.sv:52.5-52.52 (_witness_.check_cover_request_legality_formal_sv_52_47)
SBY  1:48:43 [/Users/Dilan/Projects/fabric-under-pressure/results/raw/request_legality/formal_cover] engine_0: ##   0:00:00  Writing trace to VCD file: engine_0/trace3.vcd
SBY  1:48:43 [/Users/Dilan/Projects/fabric-under-pressure/results/raw/request_legality/formal_cover] engine_0: ##   0:00:00  Writing trace to Verilog testbench: engine_0/trace3_tb.v
SBY  1:48:43 [/Users/Dilan/Projects/fabric-under-pressure/results/raw/request_legality/formal_cover] engine_0: ##   0:00:00  Writing trace to constraints file: engine_0/trace3.smtc
SBY  1:48:43 [/Users/Dilan/Projects/fabric-under-pressure/results/raw/request_legality/formal_cover] engine_0: ##   0:00:00  Writing trace to Yosys witness file: engine_0/trace3.yw
SBY  1:48:43 [/Users/Dilan/Projects/fabric-under-pressure/results/raw/request_legality/formal_cover] engine_0: ##   0:00:00  Checking cover reachability in step 0..
SBY  1:48:43 [/Users/Dilan/Projects/fabric-under-pressure/results/raw/request_legality/formal_cover] engine_0: ##   0:00:00  Reached cover statement in step 0 at request_legality_formal: request_legality_formal.sv:55.5-55.87 (_witness_.check_cover_request_legality_formal_sv_55_57)
SBY  1:48:43 [/Users/Dilan/Projects/fabric-under-pressure/results/raw/request_legality/formal_cover] engine_0: ##   0:00:00  Writing trace to VCD file: engine_0/trace4.vcd
SBY  1:48:43 [/Users/Dilan/Projects/fabric-under-pressure/results/raw/request_legality/formal_cover] engine_0: ##   0:00:00  Writing trace to Verilog testbench: engine_0/trace4_tb.v
SBY  1:48:43 [/Users/Dilan/Projects/fabric-under-pressure/results/raw/request_legality/formal_cover] engine_0: ##   0:00:00  Writing trace to constraints file: engine_0/trace4.smtc
SBY  1:48:43 [/Users/Dilan/Projects/fabric-under-pressure/results/raw/request_legality/formal_cover] engine_0: ##   0:00:00  Writing trace to Yosys witness file: engine_0/trace4.yw
SBY  1:48:43 [/Users/Dilan/Projects/fabric-under-pressure/results/raw/request_legality/formal_cover] engine_0: ##   0:00:00  Checking cover reachability in step 0..
SBY  1:48:43 [/Users/Dilan/Projects/fabric-under-pressure/results/raw/request_legality/formal_cover] engine_0: ##   0:00:00  Reached cover statement in step 0 at request_legality_formal: request_legality_formal.sv:56.5-56.87 (_witness_.check_cover_request_legality_formal_sv_56_60)
SBY  1:48:43 [/Users/Dilan/Projects/fabric-under-pressure/results/raw/request_legality/formal_cover] engine_0: ##   0:00:00  Writing trace to VCD file: engine_0/trace5.vcd
SBY  1:48:43 [/Users/Dilan/Projects/fabric-under-pressure/results/raw/request_legality/formal_cover] engine_0: ##   0:00:00  Writing trace to Verilog testbench: engine_0/trace5_tb.v
SBY  1:48:43 [/Users/Dilan/Projects/fabric-under-pressure/results/raw/request_legality/formal_cover] engine_0: ##   0:00:00  Writing trace to constraints file: engine_0/trace5.smtc
SBY  1:48:43 [/Users/Dilan/Projects/fabric-under-pressure/results/raw/request_legality/formal_cover] engine_0: ##   0:00:00  Writing trace to Yosys witness file: engine_0/trace5.yw
SBY  1:48:43 [/Users/Dilan/Projects/fabric-under-pressure/results/raw/request_legality/formal_cover] engine_0: ##   0:00:00  Checking cover reachability in step 0..
SBY  1:48:43 [/Users/Dilan/Projects/fabric-under-pressure/results/raw/request_legality/formal_cover] engine_0: ##   0:00:00  Reached cover statement in step 0 at request_legality_formal: request_legality_formal.sv:57.5-57.87 (_witness_.check_cover_request_legality_formal_sv_57_63)
SBY  1:48:43 [/Users/Dilan/Projects/fabric-under-pressure/results/raw/request_legality/formal_cover] engine_0: ##   0:00:00  Writing trace to VCD file: engine_0/trace6.vcd
SBY  1:48:43 [/Users/Dilan/Projects/fabric-under-pressure/results/raw/request_legality/formal_cover] engine_0: ##   0:00:00  Writing trace to Verilog testbench: engine_0/trace6_tb.v
SBY  1:48:43 [/Users/Dilan/Projects/fabric-under-pressure/results/raw/request_legality/formal_cover] engine_0: ##   0:00:00  Writing trace to constraints file: engine_0/trace6.smtc
SBY  1:48:43 [/Users/Dilan/Projects/fabric-under-pressure/results/raw/request_legality/formal_cover] engine_0: ##   0:00:00  Writing trace to Yosys witness file: engine_0/trace6.yw
SBY  1:48:43 [/Users/Dilan/Projects/fabric-under-pressure/results/raw/request_legality/formal_cover] engine_0: ##   0:00:00  Status: passed
SBY  1:48:43 [/Users/Dilan/Projects/fabric-under-pressure/results/raw/request_legality/formal_cover] engine_0: finished (returncode=0)
SBY  1:48:43 [/Users/Dilan/Projects/fabric-under-pressure/results/raw/request_legality/formal_cover] engine_0: Status returned by engine: pass
SBY  1:48:43 [/Users/Dilan/Projects/fabric-under-pressure/results/raw/request_legality/formal_cover] summary: Elapsed clock time [H:MM:SS (secs)]: 0:00:00 (0)
SBY  1:48:43 [/Users/Dilan/Projects/fabric-under-pressure/results/raw/request_legality/formal_cover] summary: Elapsed process time [H:MM:SS (secs)]: 0:00:00 (0)
SBY  1:48:43 [/Users/Dilan/Projects/fabric-under-pressure/results/raw/request_legality/formal_cover] summary: engine_0 (smtbmc) returned pass
SBY  1:48:43 [/Users/Dilan/Projects/fabric-under-pressure/results/raw/request_legality/formal_cover] summary: cover trace: /Users/Dilan/Projects/fabric-under-pressure/results/raw/request_legality/formal_cover/engine_0/trace0.vcd
SBY  1:48:43 [/Users/Dilan/Projects/fabric-under-pressure/results/raw/request_legality/formal_cover] summary:   reached cover statement request_legality_formal._witness_.check_cover_request_legality_formal_sv_53_50 at request_legality_formal.sv:53.5-53.52
SBY  1:48:43 [/Users/Dilan/Projects/fabric-under-pressure/results/raw/request_legality/formal_cover] summary: cover trace: /Users/Dilan/Projects/fabric-under-pressure/results/raw/request_legality/formal_cover/engine_0/trace1.vcd
SBY  1:48:43 [/Users/Dilan/Projects/fabric-under-pressure/results/raw/request_legality/formal_cover] summary:   reached cover statement request_legality_formal._witness_.check_cover_request_legality_formal_sv_50_41 at request_legality_formal.sv:50.5-50.41
SBY  1:48:43 [/Users/Dilan/Projects/fabric-under-pressure/results/raw/request_legality/formal_cover] summary:   reached cover statement request_legality_formal._witness_.check_cover_request_legality_formal_sv_54_54 at request_legality_formal.sv:54.5-54.87
SBY  1:48:43 [/Users/Dilan/Projects/fabric-under-pressure/results/raw/request_legality/formal_cover] summary: cover trace: /Users/Dilan/Projects/fabric-under-pressure/results/raw/request_legality/formal_cover/engine_0/trace2.vcd
SBY  1:48:43 [/Users/Dilan/Projects/fabric-under-pressure/results/raw/request_legality/formal_cover] summary:   reached cover statement request_legality_formal._witness_.check_cover_request_legality_formal_sv_51_44 at request_legality_formal.sv:51.5-51.42
SBY  1:48:43 [/Users/Dilan/Projects/fabric-under-pressure/results/raw/request_legality/formal_cover] summary: cover trace: /Users/Dilan/Projects/fabric-under-pressure/results/raw/request_legality/formal_cover/engine_0/trace3.vcd
SBY  1:48:43 [/Users/Dilan/Projects/fabric-under-pressure/results/raw/request_legality/formal_cover] summary:   reached cover statement request_legality_formal._witness_.check_cover_request_legality_formal_sv_52_47 at request_legality_formal.sv:52.5-52.52
SBY  1:48:43 [/Users/Dilan/Projects/fabric-under-pressure/results/raw/request_legality/formal_cover] summary: cover trace: /Users/Dilan/Projects/fabric-under-pressure/results/raw/request_legality/formal_cover/engine_0/trace4.vcd
SBY  1:48:43 [/Users/Dilan/Projects/fabric-under-pressure/results/raw/request_legality/formal_cover] summary:   reached cover statement request_legality_formal._witness_.check_cover_request_legality_formal_sv_55_57 at request_legality_formal.sv:55.5-55.87
SBY  1:48:43 [/Users/Dilan/Projects/fabric-under-pressure/results/raw/request_legality/formal_cover] summary: and 2 further traces
SBY  1:48:43 [/Users/Dilan/Projects/fabric-under-pressure/results/raw/request_legality/formal_cover] summary: see /Users/Dilan/Projects/fabric-under-pressure/results/raw/request_legality/formal_cover/PASS for a complete summary
SBY  1:48:43 [/Users/Dilan/Projects/fabric-under-pressure/results/raw/request_legality/formal_cover] DONE (PASS, rc=0)
