- V e r i l a t i o n   R e p o r t: Verilator 5.053 devel rev v5.052-119-g014c9820d (mod)
- Verilator: Built from 0.000 MB sources in 0 modules, into 0.000 MB in 0 C++ files needing 0.000 MB
- Verilator: Walltime 0.001 s (elab=0.000, cvt=0.000, bld=0.000); cpu 0.001 s on 1 threads; allocated 3.250 MB
make: Nothing to be done for `default'.
     -.--ns INFO     gpi                                ../gpi/GpiCommon.cpp:217  in gpi_load_users                  Running entry func 'initialize' from loaded library '/Users/Dilan/eda/fabric-under-pressure/oss-cad-suite/lib/python3.11/site-packages/cocotb-2.1.0.dev0+41564633-py3.11-darwin-aarch64.egg/cocotb/libs/libcocotb.so'
     -.--ns INFO     gpi                                ..mbed/gpi_embed.cpp:97   in initialize                      Using Python 3.11.6 interpreter at /Users/Dilan/eda/fabric-under-pressure/oss-cad-suite/bin/tabbypy3
     0.00ns INFO     cocotb                             Running on Verilator version 5.053 devel
     0.00ns INFO     cocotb                             Seeding Python random module with supplied seed 2697068545
     0.00ns INFO     cocotb                             Initialized cocotb v2.1.0.dev0+41564633 from /Users/Dilan/eda/fabric-under-pressure/oss-cad-suite/lib/python3.11/site-packages/cocotb-2.1.0.dev0+41564633-py3.11-darwin-aarch64.egg/cocotb
     0.00ns INFO     cocotb                             Running tests
     0.00ns INFO     cocotb.regression                  running test_axi_fabric_a_oracle.fabric_a_s3_oracle (1/1)
     0.00ns WARNING  py.warnings                        /Users/Dilan/Projects/fabric-under-pressure/tb/cocotb/test_axi_fabric_a_oracle.py:292: DeprecationWarning: The 'units' argument has been renamed to 'unit'.
                                                          cocotb.start_soon(Clock(dut.ACLK, 10, units="ns").start())
 10810.00ns INFO     cocotb.axi_fabric_a                oracle mapped lengths PASS
 10870.00ns INFO     cocotb.axi_fabric_a                oracle concurrent AW target handshakes PASS
 10900.00ns INFO     cocotb.axi_fabric_a                oracle concurrent W target handshakes PASS
 10930.00ns INFO     cocotb.axi_fabric_a                oracle concurrent B completions PASS
 10950.00ns INFO     cocotb.axi_fabric_a                oracle concurrent same-ID PASS
 10950.00ns INFO     cocotb.axi_fabric_a                oracle S3 end-to-end PASS epoch=3
 10950.00ns INFO     cocotb.regression                  test_axi_fabric_a_oracle.fabric_a_s3_oracle passed
 10950.00ns INFO     cocotb.regression                  *****************************************************************************************************
                                                        ** TEST                                         STATUS  SIM TIME (ns)  REAL TIME (s)  RATIO (ns/s) **
                                                        *****************************************************************************************************
                                                        ** test_axi_fabric_a_oracle.fabric_a_s3_oracle   PASS       10950.00           0.05     214037.99  **
                                                        *****************************************************************************************************
                                                        ** TESTS=1 PASS=1 FAIL=0 SKIP=0                             10950.00           0.05     200951.34  **
                                                        *****************************************************************************************************
- :0: Verilog $finish
