
 /----------------------------------------------------------------------------\
 |  yosys -- Yosys Open SYnthesis Suite                                       |
 |  Copyright (C) 2012 - 2026  Claire Xenia Wolf <claire@yosyshq.com>         |
 |  Distributed under an ISC-like license, type "license" to see terms        |
 \----------------------------------------------------------------------------/
 Yosys 0.69+75 (git sha1 f0b945f63-dirty, Release, Clang /usr/local/osxcross/target/bin/aarch64-apple-darwin25.5-clang++ 21.1.8)

-- Executing script file `design_smt2.ys' --

1. Executing RTLIL frontend.
Input filename: design_prep.il

2. Executing HIERARCHY pass (managing design hierarchy).
Attribute `top' found on module `axi_write_owner_formal'. Setting top module to axi_write_owner_formal.

2.1. Analyzing design hierarchy..
Top module:  \axi_write_owner_formal
Used module:     \axi_write_owner

2.2. Analyzing design hierarchy..
Top module:  \axi_write_owner_formal
Used module:     \axi_write_owner
Removed 0 unused modules.
Module axi_write_owner_formal directly or indirectly contains formal properties -> setting "keep" attribute.

3. Executing FORMALFF pass.

4. Executing DFFUNMAP pass (unmap clock enable and synchronous reset from FFs).

5. Printing statistics.

=== axi_write_owner ===

        +----------Local Count, excluding submodules.
        | 
       66 wires
      205 wire bits
       29 public wires
       92 public wire bits
       19 ports
       52 port bits
       57 cells
        1   $add
        5   $anyinit
        1   $assume
        1   $eq
        2   $gt
       12   $logic_and
        1   $logic_not
       31   $mux
        1   $ne
        1   $not
        1   $sub

=== axi_write_owner_formal ===

        +----------Local Count, excluding submodules.
        | 
      113 wires
      252 wire bits
       31 public wires
       94 public wire bits
        1 ports
        1 port bits
      121 cells
        1   $add
        5   $anyinit
        8   $anyseq
       16   $assert
        3   $assume
       11   $eq
       16   $ff
        1   $ge
        2   $gt
        1   $initstate
        2   $le
       14   $logic_and
        7   $logic_not
        2   $logic_or
       29   $mux
        1   $ne
        1   $not
        1   $sub
        1 submodules
        1   axi_write_owner

=== design hierarchy ===

        +----------Count including submodules.
        | 
      178 axi_write_owner_formal
       57 axi_write_owner

        +----------Count including submodules.
        | 
      179 wires
      457 wire bits
       60 public wires
      186 public wire bits
       20 ports
       53 port bits
        - memories
        - memory bits
        - processes
      178 cells
        2   $add
       10   $anyinit
        8   $anyseq
       16   $assert
        4   $assume
       12   $eq
       16   $ff
        1   $ge
        4   $gt
        1   $initstate
        2   $le
       26   $logic_and
        8   $logic_not
        2   $logic_or
       60   $mux
        2   $ne
        2   $not
        2   $sub
        1 submodules
        1   axi_write_owner

6. Executing SMT2 backend.

6.1. Executing BMUXMAP pass.

6.2. Executing DEMUXMAP pass.
Creating SMT-LIBv2 representation of module axi_write_owner.
Creating SMT-LIBv2 representation of module axi_write_owner_formal.

End of script. Logfile hash: e81c38333e, time: 0.01s, user: 0.02s, system: 0.01s, MEM: 12.48 MB peak
Yosys 0.69+75 (git sha1 f0b945f63-dirty, Release, Clang /usr/local/osxcross/target/bin/aarch64-apple-darwin25.5-clang++ 21.1.8)
Time spent: 66% 2x write_smt2 (0 sec), 17% 2x read_rtlil (0 sec), ...
