
 /----------------------------------------------------------------------------\
 |  yosys -- Yosys Open SYnthesis Suite                                       |
 |  Copyright (C) 2012 - 2026  Claire Xenia Wolf <claire@yosyshq.com>         |
 |  Distributed under an ISC-like license, type "license" to see terms        |
 \----------------------------------------------------------------------------/
 Yosys 0.69+75 (git sha1 f0b945f63-dirty, Release, Clang /usr/local/osxcross/target/bin/aarch64-apple-darwin25.5-clang++ 21.1.8)

-- Executing script file `design_prep.ys' --

1. Executing RTLIL frontend.
Input filename: design.il

2. Executing SCC pass (detecting logic loops).
Found 0 SCCs in module axi_write_owner.
Found 0 SCCs in module axi_write_owner_formal.
Found 0 SCCs.

3. Executing SIMPLEMAP pass (map simple cells to gate primitives).

4. Executing MEMORY_NORDFF pass (extracting $dff cells from memories).

5. Executing ASYNC2SYNC pass.
Replacing axi_write_owner.$procdff$280 ($adff): ARST=\ARESETn, D=$0\active_q[0:0], Q=\active_q
Replacing axi_write_owner.$procdff$285 ($adff): ARST=\ARESETn, D=$0\target_q[3:0], Q=\target_q
Replacing axi_write_owner.$procdff$290 ($adff): ARST=\ARESETn, D=$0\id_q[3:0], Q=\id_q
Replacing axi_write_owner.$procdff$295 ($adff): ARST=\ARESETn, D=$0\internal_id_q[5:0], Q=\internal_id_q
Replacing axi_write_owner.$procdff$300 ($adff): ARST=\ARESETn, D=$0\beats_q[4:0], Q=\beats_q
Replacing axi_write_owner_formal.$procdff$305 ($adff): ARST=\ARESETn, D=$0\ref_active[0:0], Q=\ref_active
Replacing axi_write_owner_formal.$procdff$310 ($adff): ARST=\ARESETn, D=$0\ref_target[3:0], Q=\ref_target
Replacing axi_write_owner_formal.$procdff$315 ($adff): ARST=\ARESETn, D=$0\ref_id[3:0], Q=\ref_id
Replacing axi_write_owner_formal.$procdff$320 ($adff): ARST=\ARESETn, D=$0\ref_internal_id[5:0], Q=\ref_internal_id
Replacing axi_write_owner_formal.$procdff$325 ($adff): ARST=\ARESETn, D=$0\ref_beats[4:0], Q=\ref_beats

6. Executing OPT_CLEAN pass (remove unused cells and wires).
Finding unused cells or wires in module \axi_write_owner..
Finding unused cells or wires in module \axi_write_owner_formal..
Removed 58 unused cells and 58 unused wires.
<suppressed ~59 debug messages>

7. Executing FORMALFF pass.

8. Executing OPT_CLEAN pass (remove unused cells and wires).
Finding unused cells or wires in module \axi_write_owner..
Finding unused cells or wires in module \axi_write_owner_formal..
Removed 20 unused cells and 20 unused wires.
<suppressed ~22 debug messages>

9. Executing CHECK pass (checking for obvious problems).
Checking module axi_write_owner...
Checking module axi_write_owner_formal...
Found and reported 0 problems.

10. Executing SETUNDEF pass (replace undef values with defined constants).

11. Executing OPT pass (performing simple optimizations).

11.1. Executing OPT_EXPR pass (perform const folding).
Optimizing module axi_write_owner.
Optimizing module axi_write_owner_formal.
<suppressed ~1 debug messages>

11.2. Executing OPT_MERGE pass (detect identical cells).
Finding identical cells in module `\axi_write_owner'.
Computing hashes of 55 cells of `\axi_write_owner'.
Finding duplicate cells in `\axi_write_owner'.
Finding identical cells in module `\axi_write_owner_formal'.
Computing hashes of 132 cells of `\axi_write_owner_formal'.
Finding duplicate cells in `\axi_write_owner_formal'.
Computing hashes of 120 cells of `\axi_write_owner_formal'.
Finding duplicate cells in `\axi_write_owner_formal'.
<suppressed ~36 debug messages>
Removed a total of 12 cells.

11.3. Executing OPT_DFF pass (perform DFF optimizations).

11.4. Executing OPT_CLEAN pass (remove unused cells and wires).
Finding unused cells or wires in module \axi_write_owner..
Finding unused cells or wires in module \axi_write_owner_formal..
Removed 0 unused cells and 13 unused wires.
<suppressed ~1 debug messages>

11.5. Finished fast OPT passes.

12. Executing OPT_CLEAN pass (remove unused cells and wires).
Finding unused cells or wires in module \axi_write_owner..
Finding unused cells or wires in module \axi_write_owner_formal..
Removed 0 unused cells and 10 unused wires.
<suppressed ~2 debug messages>

13. Executing RTLIL backend.
Output filename: ../model/design_prep.il

End of script. Logfile hash: 2dde943c90, time: 0.01s, user: 0.02s, system: 0.01s, MEM: 13.88 MB peak
Yosys 0.69+75 (git sha1 f0b945f63-dirty, Release, Clang /usr/local/osxcross/target/bin/aarch64-apple-darwin25.5-clang++ 21.1.8)
Time spent: 34% 4x opt_clean (0 sec), 9% 2x write_rtlil (0 sec), ...
