SBY 21:15:30 [/Users/Dilan/Projects/fabric-under-pressure/results/raw/aw_target_scheduler/formal_prove] Removing directory '/Users/Dilan/Projects/fabric-under-pressure/results/raw/aw_target_scheduler/formal_prove'.
SBY 21:15:30 [/Users/Dilan/Projects/fabric-under-pressure/results/raw/aw_target_scheduler/formal_prove] Copy '/Users/Dilan/Projects/fabric-under-pressure/formal/../rtl/axi_rr_arbiter_3.sv' to '/Users/Dilan/Projects/fabric-under-pressure/results/raw/aw_target_scheduler/formal_prove/src/axi_rr_arbiter_3.sv'.
SBY 21:15:30 [/Users/Dilan/Projects/fabric-under-pressure/results/raw/aw_target_scheduler/formal_prove] Copy '/Users/Dilan/Projects/fabric-under-pressure/formal/../rtl/axi_aw_target_scheduler_a.sv' to '/Users/Dilan/Projects/fabric-under-pressure/results/raw/aw_target_scheduler/formal_prove/src/axi_aw_target_scheduler_a.sv'.
SBY 21:15:30 [/Users/Dilan/Projects/fabric-under-pressure/results/raw/aw_target_scheduler/formal_prove] Copy '/Users/Dilan/Projects/fabric-under-pressure/formal/aw_target_scheduler_formal.sv' to '/Users/Dilan/Projects/fabric-under-pressure/results/raw/aw_target_scheduler/formal_prove/src/aw_target_scheduler_formal.sv'.
SBY 21:15:30 [/Users/Dilan/Projects/fabric-under-pressure/results/raw/aw_target_scheduler/formal_prove] engine_0: smtbmc
SBY 21:15:30 [/Users/Dilan/Projects/fabric-under-pressure/results/raw/aw_target_scheduler/formal_prove] base: starting process "cd /Users/Dilan/Projects/fabric-under-pressure/results/raw/aw_target_scheduler/formal_prove/src; yosys -ql ../model/design.log ../model/design.ys"
SBY 21:15:30 [/Users/Dilan/Projects/fabric-under-pressure/results/raw/aw_target_scheduler/formal_prove] base: finished (returncode=0)
SBY 21:15:30 [/Users/Dilan/Projects/fabric-under-pressure/results/raw/aw_target_scheduler/formal_prove] prep: starting process "cd /Users/Dilan/Projects/fabric-under-pressure/results/raw/aw_target_scheduler/formal_prove/model; yosys -ql design_prep.log design_prep.ys"
SBY 21:15:30 [/Users/Dilan/Projects/fabric-under-pressure/results/raw/aw_target_scheduler/formal_prove] prep: finished (returncode=0)
SBY 21:15:30 [/Users/Dilan/Projects/fabric-under-pressure/results/raw/aw_target_scheduler/formal_prove] smt2: starting process "cd /Users/Dilan/Projects/fabric-under-pressure/results/raw/aw_target_scheduler/formal_prove/model; yosys -ql design_smt2.log design_smt2.ys"
SBY 21:15:30 [/Users/Dilan/Projects/fabric-under-pressure/results/raw/aw_target_scheduler/formal_prove] smt2: finished (returncode=0)
SBY 21:15:30 [/Users/Dilan/Projects/fabric-under-pressure/results/raw/aw_target_scheduler/formal_prove] engine_0: starting process "cd /Users/Dilan/Projects/fabric-under-pressure/results/raw/aw_target_scheduler/formal_prove; yosys-smtbmc --presat --unroll --noprogress -t 16  --append 0 --dump-vcd engine_0/trace.vcd --dump-yw engine_0/trace.yw --dump-vlogtb engine_0/trace_tb.v --dump-smtc engine_0/trace.smtc model/design_smt2.smt2"
SBY 21:15:31 [/Users/Dilan/Projects/fabric-under-pressure/results/raw/aw_target_scheduler/formal_prove] engine_0: ##   0:00:00  Solver: yices
SBY 21:15:31 [/Users/Dilan/Projects/fabric-under-pressure/results/raw/aw_target_scheduler/formal_prove] engine_0: ##   0:00:00  Checking assumptions in step 0..
SBY 21:15:31 [/Users/Dilan/Projects/fabric-under-pressure/results/raw/aw_target_scheduler/formal_prove] engine_0: ##   0:00:00  Checking assertions in step 0..
SBY 21:15:31 [/Users/Dilan/Projects/fabric-under-pressure/results/raw/aw_target_scheduler/formal_prove] engine_0: ##   0:00:00  Checking assumptions in step 1..
SBY 21:15:31 [/Users/Dilan/Projects/fabric-under-pressure/results/raw/aw_target_scheduler/formal_prove] engine_0: ##   0:00:00  Checking assertions in step 1..
SBY 21:15:31 [/Users/Dilan/Projects/fabric-under-pressure/results/raw/aw_target_scheduler/formal_prove] engine_0: ##   0:00:00  Checking assumptions in step 2..
SBY 21:15:31 [/Users/Dilan/Projects/fabric-under-pressure/results/raw/aw_target_scheduler/formal_prove] engine_0: ##   0:00:00  Checking assertions in step 2..
SBY 21:15:31 [/Users/Dilan/Projects/fabric-under-pressure/results/raw/aw_target_scheduler/formal_prove] engine_0: ##   0:00:00  Checking assumptions in step 3..
SBY 21:15:31 [/Users/Dilan/Projects/fabric-under-pressure/results/raw/aw_target_scheduler/formal_prove] engine_0: ##   0:00:00  Checking assertions in step 3..
SBY 21:15:31 [/Users/Dilan/Projects/fabric-under-pressure/results/raw/aw_target_scheduler/formal_prove] engine_0: ##   0:00:00  Checking assumptions in step 4..
SBY 21:15:31 [/Users/Dilan/Projects/fabric-under-pressure/results/raw/aw_target_scheduler/formal_prove] engine_0: ##   0:00:00  Checking assertions in step 4..
SBY 21:15:31 [/Users/Dilan/Projects/fabric-under-pressure/results/raw/aw_target_scheduler/formal_prove] engine_0: ##   0:00:00  Checking assumptions in step 5..
SBY 21:15:31 [/Users/Dilan/Projects/fabric-under-pressure/results/raw/aw_target_scheduler/formal_prove] engine_0: ##   0:00:00  Checking assertions in step 5..
SBY 21:15:31 [/Users/Dilan/Projects/fabric-under-pressure/results/raw/aw_target_scheduler/formal_prove] engine_0: ##   0:00:00  Checking assumptions in step 6..
SBY 21:15:31 [/Users/Dilan/Projects/fabric-under-pressure/results/raw/aw_target_scheduler/formal_prove] engine_0: ##   0:00:00  Checking assertions in step 6..
SBY 21:15:31 [/Users/Dilan/Projects/fabric-under-pressure/results/raw/aw_target_scheduler/formal_prove] engine_0: ##   0:00:00  Checking assumptions in step 7..
SBY 21:15:31 [/Users/Dilan/Projects/fabric-under-pressure/results/raw/aw_target_scheduler/formal_prove] engine_0: ##   0:00:00  Checking assertions in step 7..
SBY 21:15:31 [/Users/Dilan/Projects/fabric-under-pressure/results/raw/aw_target_scheduler/formal_prove] engine_0: ##   0:00:00  Checking assumptions in step 8..
SBY 21:15:31 [/Users/Dilan/Projects/fabric-under-pressure/results/raw/aw_target_scheduler/formal_prove] engine_0: ##   0:00:00  Checking assertions in step 8..
SBY 21:15:31 [/Users/Dilan/Projects/fabric-under-pressure/results/raw/aw_target_scheduler/formal_prove] engine_0: ##   0:00:00  Checking assumptions in step 9..
SBY 21:15:31 [/Users/Dilan/Projects/fabric-under-pressure/results/raw/aw_target_scheduler/formal_prove] engine_0: ##   0:00:00  Checking assertions in step 9..
SBY 21:15:31 [/Users/Dilan/Projects/fabric-under-pressure/results/raw/aw_target_scheduler/formal_prove] engine_0: ##   0:00:00  Checking assumptions in step 10..
SBY 21:15:31 [/Users/Dilan/Projects/fabric-under-pressure/results/raw/aw_target_scheduler/formal_prove] engine_0: ##   0:00:00  Checking assertions in step 10..
SBY 21:15:31 [/Users/Dilan/Projects/fabric-under-pressure/results/raw/aw_target_scheduler/formal_prove] engine_0: ##   0:00:00  Checking assumptions in step 11..
SBY 21:15:31 [/Users/Dilan/Projects/fabric-under-pressure/results/raw/aw_target_scheduler/formal_prove] engine_0: ##   0:00:00  Checking assertions in step 11..
SBY 21:15:31 [/Users/Dilan/Projects/fabric-under-pressure/results/raw/aw_target_scheduler/formal_prove] engine_0: ##   0:00:00  Checking assumptions in step 12..
SBY 21:15:31 [/Users/Dilan/Projects/fabric-under-pressure/results/raw/aw_target_scheduler/formal_prove] engine_0: ##   0:00:00  Checking assertions in step 12..
SBY 21:15:31 [/Users/Dilan/Projects/fabric-under-pressure/results/raw/aw_target_scheduler/formal_prove] engine_0: ##   0:00:00  Checking assumptions in step 13..
SBY 21:15:31 [/Users/Dilan/Projects/fabric-under-pressure/results/raw/aw_target_scheduler/formal_prove] engine_0: ##   0:00:00  Checking assertions in step 13..
SBY 21:15:31 [/Users/Dilan/Projects/fabric-under-pressure/results/raw/aw_target_scheduler/formal_prove] engine_0: ##   0:00:00  Checking assumptions in step 14..
SBY 21:15:31 [/Users/Dilan/Projects/fabric-under-pressure/results/raw/aw_target_scheduler/formal_prove] engine_0: ##   0:00:00  Checking assertions in step 14..
SBY 21:15:31 [/Users/Dilan/Projects/fabric-under-pressure/results/raw/aw_target_scheduler/formal_prove] engine_0: ##   0:00:00  Checking assumptions in step 15..
SBY 21:15:31 [/Users/Dilan/Projects/fabric-under-pressure/results/raw/aw_target_scheduler/formal_prove] engine_0: ##   0:00:00  Checking assertions in step 15..
SBY 21:15:31 [/Users/Dilan/Projects/fabric-under-pressure/results/raw/aw_target_scheduler/formal_prove] engine_0: ##   0:00:00  Status: passed
SBY 21:15:31 [/Users/Dilan/Projects/fabric-under-pressure/results/raw/aw_target_scheduler/formal_prove] engine_0: finished (returncode=0)
SBY 21:15:31 [/Users/Dilan/Projects/fabric-under-pressure/results/raw/aw_target_scheduler/formal_prove] engine_0: Status returned by engine: pass
SBY 21:15:31 [/Users/Dilan/Projects/fabric-under-pressure/results/raw/aw_target_scheduler/formal_prove] summary: Elapsed clock time [H:MM:SS (secs)]: 0:00:00 (0)
SBY 21:15:31 [/Users/Dilan/Projects/fabric-under-pressure/results/raw/aw_target_scheduler/formal_prove] summary: Elapsed process time [H:MM:SS (secs)]: 0:00:00 (0)
SBY 21:15:31 [/Users/Dilan/Projects/fabric-under-pressure/results/raw/aw_target_scheduler/formal_prove] summary: engine_0 (smtbmc) returned pass
SBY 21:15:31 [/Users/Dilan/Projects/fabric-under-pressure/results/raw/aw_target_scheduler/formal_prove] summary: engine_0 did not produce any traces
SBY 21:15:31 [/Users/Dilan/Projects/fabric-under-pressure/results/raw/aw_target_scheduler/formal_prove] DONE (PASS, rc=0)
SBY 21:15:31 [/Users/Dilan/Projects/fabric-under-pressure/results/raw/aw_target_scheduler/formal_cover] Removing directory '/Users/Dilan/Projects/fabric-under-pressure/results/raw/aw_target_scheduler/formal_cover'.
SBY 21:15:31 [/Users/Dilan/Projects/fabric-under-pressure/results/raw/aw_target_scheduler/formal_cover] Copy '/Users/Dilan/Projects/fabric-under-pressure/formal/../rtl/axi_rr_arbiter_3.sv' to '/Users/Dilan/Projects/fabric-under-pressure/results/raw/aw_target_scheduler/formal_cover/src/axi_rr_arbiter_3.sv'.
SBY 21:15:31 [/Users/Dilan/Projects/fabric-under-pressure/results/raw/aw_target_scheduler/formal_cover] Copy '/Users/Dilan/Projects/fabric-under-pressure/formal/../rtl/axi_aw_target_scheduler_a.sv' to '/Users/Dilan/Projects/fabric-under-pressure/results/raw/aw_target_scheduler/formal_cover/src/axi_aw_target_scheduler_a.sv'.
SBY 21:15:31 [/Users/Dilan/Projects/fabric-under-pressure/results/raw/aw_target_scheduler/formal_cover] Copy '/Users/Dilan/Projects/fabric-under-pressure/formal/aw_target_scheduler_formal.sv' to '/Users/Dilan/Projects/fabric-under-pressure/results/raw/aw_target_scheduler/formal_cover/src/aw_target_scheduler_formal.sv'.
SBY 21:15:31 [/Users/Dilan/Projects/fabric-under-pressure/results/raw/aw_target_scheduler/formal_cover] engine_0: smtbmc
SBY 21:15:31 [/Users/Dilan/Projects/fabric-under-pressure/results/raw/aw_target_scheduler/formal_cover] base: starting process "cd /Users/Dilan/Projects/fabric-under-pressure/results/raw/aw_target_scheduler/formal_cover/src; yosys -ql ../model/design.log ../model/design.ys"
SBY 21:15:31 [/Users/Dilan/Projects/fabric-under-pressure/results/raw/aw_target_scheduler/formal_cover] base: finished (returncode=0)
SBY 21:15:31 [/Users/Dilan/Projects/fabric-under-pressure/results/raw/aw_target_scheduler/formal_cover] prep: starting process "cd /Users/Dilan/Projects/fabric-under-pressure/results/raw/aw_target_scheduler/formal_cover/model; yosys -ql design_prep.log design_prep.ys"
SBY 21:15:31 [/Users/Dilan/Projects/fabric-under-pressure/results/raw/aw_target_scheduler/formal_cover] prep: finished (returncode=0)
SBY 21:15:31 [/Users/Dilan/Projects/fabric-under-pressure/results/raw/aw_target_scheduler/formal_cover] smt2: starting process "cd /Users/Dilan/Projects/fabric-under-pressure/results/raw/aw_target_scheduler/formal_cover/model; yosys -ql design_smt2.log design_smt2.ys"
SBY 21:15:31 [/Users/Dilan/Projects/fabric-under-pressure/results/raw/aw_target_scheduler/formal_cover] smt2: finished (returncode=0)
SBY 21:15:31 [/Users/Dilan/Projects/fabric-under-pressure/results/raw/aw_target_scheduler/formal_cover] engine_0: starting process "cd /Users/Dilan/Projects/fabric-under-pressure/results/raw/aw_target_scheduler/formal_cover; yosys-smtbmc --presat --unroll -c --noprogress -t 16  --append 0 --dump-vcd engine_0/trace%.vcd --dump-yw engine_0/trace%.yw --dump-vlogtb engine_0/trace%_tb.v --dump-smtc engine_0/trace%.smtc model/design_smt2.smt2"
SBY 21:15:31 [/Users/Dilan/Projects/fabric-under-pressure/results/raw/aw_target_scheduler/formal_cover] engine_0: ##   0:00:00  Solver: yices
SBY 21:15:31 [/Users/Dilan/Projects/fabric-under-pressure/results/raw/aw_target_scheduler/formal_cover] engine_0: ##   0:00:00  Checking cover reachability in step 0..
SBY 21:15:31 [/Users/Dilan/Projects/fabric-under-pressure/results/raw/aw_target_scheduler/formal_cover] engine_0: ##   0:00:00  Checking cover reachability in step 1..
SBY 21:15:31 [/Users/Dilan/Projects/fabric-under-pressure/results/raw/aw_target_scheduler/formal_cover] engine_0: ##   0:00:00  Reached cover statement in step 1 at aw_target_scheduler_formal: aw_target_scheduler_formal.sv:60.5-60.62 (_witness_.check_cover_aw_target_scheduler_formal_sv_60_78)
SBY 21:15:31 [/Users/Dilan/Projects/fabric-under-pressure/results/raw/aw_target_scheduler/formal_cover] engine_0: ##   0:00:00  Writing trace to VCD file: engine_0/trace0.vcd
SBY 21:15:31 [/Users/Dilan/Projects/fabric-under-pressure/results/raw/aw_target_scheduler/formal_cover] engine_0: ##   0:00:00  Writing trace to Verilog testbench: engine_0/trace0_tb.v
SBY 21:15:31 [/Users/Dilan/Projects/fabric-under-pressure/results/raw/aw_target_scheduler/formal_cover] engine_0: ##   0:00:00  Writing trace to constraints file: engine_0/trace0.smtc
SBY 21:15:31 [/Users/Dilan/Projects/fabric-under-pressure/results/raw/aw_target_scheduler/formal_cover] engine_0: ##   0:00:00  Writing trace to Yosys witness file: engine_0/trace0.yw
SBY 21:15:31 [/Users/Dilan/Projects/fabric-under-pressure/results/raw/aw_target_scheduler/formal_cover] engine_0: ##   0:00:00  Checking cover reachability in step 1..
SBY 21:15:31 [/Users/Dilan/Projects/fabric-under-pressure/results/raw/aw_target_scheduler/formal_cover] engine_0: ##   0:00:00  Reached cover statement in step 1 at aw_target_scheduler_formal: aw_target_scheduler_formal.sv:63.5-63.63 (_witness_.check_cover_aw_target_scheduler_formal_sv_63_93)
SBY 21:15:31 [/Users/Dilan/Projects/fabric-under-pressure/results/raw/aw_target_scheduler/formal_cover] engine_0: ##   0:00:00  Writing trace to VCD file: engine_0/trace1.vcd
SBY 21:15:31 [/Users/Dilan/Projects/fabric-under-pressure/results/raw/aw_target_scheduler/formal_cover] engine_0: ##   0:00:00  Writing trace to Verilog testbench: engine_0/trace1_tb.v
SBY 21:15:31 [/Users/Dilan/Projects/fabric-under-pressure/results/raw/aw_target_scheduler/formal_cover] engine_0: ##   0:00:00  Writing trace to constraints file: engine_0/trace1.smtc
SBY 21:15:31 [/Users/Dilan/Projects/fabric-under-pressure/results/raw/aw_target_scheduler/formal_cover] engine_0: ##   0:00:00  Writing trace to Yosys witness file: engine_0/trace1.yw
SBY 21:15:31 [/Users/Dilan/Projects/fabric-under-pressure/results/raw/aw_target_scheduler/formal_cover] engine_0: ##   0:00:00  Checking cover reachability in step 1..
SBY 21:15:31 [/Users/Dilan/Projects/fabric-under-pressure/results/raw/aw_target_scheduler/formal_cover] engine_0: ##   0:00:00  Reached cover statement in step 1 at aw_target_scheduler_formal: aw_target_scheduler_formal.sv:61.5-61.62 (_witness_.check_cover_aw_target_scheduler_formal_sv_61_83)
SBY 21:15:31 [/Users/Dilan/Projects/fabric-under-pressure/results/raw/aw_target_scheduler/formal_cover] engine_0: ##   0:00:00  Writing trace to VCD file: engine_0/trace2.vcd
SBY 21:15:31 [/Users/Dilan/Projects/fabric-under-pressure/results/raw/aw_target_scheduler/formal_cover] engine_0: ##   0:00:00  Writing trace to Verilog testbench: engine_0/trace2_tb.v
SBY 21:15:31 [/Users/Dilan/Projects/fabric-under-pressure/results/raw/aw_target_scheduler/formal_cover] engine_0: ##   0:00:00  Writing trace to constraints file: engine_0/trace2.smtc
SBY 21:15:31 [/Users/Dilan/Projects/fabric-under-pressure/results/raw/aw_target_scheduler/formal_cover] engine_0: ##   0:00:00  Writing trace to Yosys witness file: engine_0/trace2.yw
SBY 21:15:31 [/Users/Dilan/Projects/fabric-under-pressure/results/raw/aw_target_scheduler/formal_cover] engine_0: ##   0:00:00  Checking cover reachability in step 1..
SBY 21:15:31 [/Users/Dilan/Projects/fabric-under-pressure/results/raw/aw_target_scheduler/formal_cover] engine_0: ##   0:00:00  Reached cover statement in step 1 at aw_target_scheduler_formal: aw_target_scheduler_formal.sv:62.5-62.62 (_witness_.check_cover_aw_target_scheduler_formal_sv_62_88)
SBY 21:15:31 [/Users/Dilan/Projects/fabric-under-pressure/results/raw/aw_target_scheduler/formal_cover] engine_0: ##   0:00:00  Writing trace to VCD file: engine_0/trace3.vcd
SBY 21:15:31 [/Users/Dilan/Projects/fabric-under-pressure/results/raw/aw_target_scheduler/formal_cover] engine_0: ##   0:00:00  Writing trace to Verilog testbench: engine_0/trace3_tb.v
SBY 21:15:31 [/Users/Dilan/Projects/fabric-under-pressure/results/raw/aw_target_scheduler/formal_cover] engine_0: ##   0:00:00  Writing trace to constraints file: engine_0/trace3.smtc
SBY 21:15:31 [/Users/Dilan/Projects/fabric-under-pressure/results/raw/aw_target_scheduler/formal_cover] engine_0: ##   0:00:00  Writing trace to Yosys witness file: engine_0/trace3.yw
SBY 21:15:31 [/Users/Dilan/Projects/fabric-under-pressure/results/raw/aw_target_scheduler/formal_cover] engine_0: ##   0:00:00  Checking cover reachability in step 1..
SBY 21:15:31 [/Users/Dilan/Projects/fabric-under-pressure/results/raw/aw_target_scheduler/formal_cover] engine_0: ##   0:00:00  Reached cover statement in step 1 at aw_target_scheduler_formal: aw_target_scheduler_formal.sv:65.5-65.67 (_witness_.check_cover_aw_target_scheduler_formal_sv_65_100)
SBY 21:15:31 [/Users/Dilan/Projects/fabric-under-pressure/results/raw/aw_target_scheduler/formal_cover] engine_0: ##   0:00:00  Writing trace to VCD file: engine_0/trace4.vcd
SBY 21:15:31 [/Users/Dilan/Projects/fabric-under-pressure/results/raw/aw_target_scheduler/formal_cover] engine_0: ##   0:00:00  Writing trace to Verilog testbench: engine_0/trace4_tb.v
SBY 21:15:31 [/Users/Dilan/Projects/fabric-under-pressure/results/raw/aw_target_scheduler/formal_cover] engine_0: ##   0:00:00  Writing trace to constraints file: engine_0/trace4.smtc
SBY 21:15:31 [/Users/Dilan/Projects/fabric-under-pressure/results/raw/aw_target_scheduler/formal_cover] engine_0: ##   0:00:00  Writing trace to Yosys witness file: engine_0/trace4.yw
SBY 21:15:31 [/Users/Dilan/Projects/fabric-under-pressure/results/raw/aw_target_scheduler/formal_cover] engine_0: ##   0:00:00  Checking cover reachability in step 1..
SBY 21:15:31 [/Users/Dilan/Projects/fabric-under-pressure/results/raw/aw_target_scheduler/formal_cover] engine_0: ##   0:00:00  Checking cover reachability in step 2..
SBY 21:15:31 [/Users/Dilan/Projects/fabric-under-pressure/results/raw/aw_target_scheduler/formal_cover] engine_0: ##   0:00:00  Reached cover statement in step 2 at aw_target_scheduler_formal: aw_target_scheduler_formal.sv:64.5-64.38 (_witness_.check_cover_aw_target_scheduler_formal_sv_64_98)
SBY 21:15:31 [/Users/Dilan/Projects/fabric-under-pressure/results/raw/aw_target_scheduler/formal_cover] engine_0: ##   0:00:00  Writing trace to VCD file: engine_0/trace5.vcd
SBY 21:15:31 [/Users/Dilan/Projects/fabric-under-pressure/results/raw/aw_target_scheduler/formal_cover] engine_0: ##   0:00:00  Writing trace to Verilog testbench: engine_0/trace5_tb.v
SBY 21:15:31 [/Users/Dilan/Projects/fabric-under-pressure/results/raw/aw_target_scheduler/formal_cover] engine_0: ##   0:00:00  Writing trace to constraints file: engine_0/trace5.smtc
SBY 21:15:31 [/Users/Dilan/Projects/fabric-under-pressure/results/raw/aw_target_scheduler/formal_cover] engine_0: ##   0:00:00  Writing trace to Yosys witness file: engine_0/trace5.yw
SBY 21:15:31 [/Users/Dilan/Projects/fabric-under-pressure/results/raw/aw_target_scheduler/formal_cover] engine_0: ##   0:00:00  Status: passed
SBY 21:15:31 [/Users/Dilan/Projects/fabric-under-pressure/results/raw/aw_target_scheduler/formal_cover] engine_0: finished (returncode=0)
SBY 21:15:31 [/Users/Dilan/Projects/fabric-under-pressure/results/raw/aw_target_scheduler/formal_cover] engine_0: Status returned by engine: pass
SBY 21:15:31 [/Users/Dilan/Projects/fabric-under-pressure/results/raw/aw_target_scheduler/formal_cover] summary: Elapsed clock time [H:MM:SS (secs)]: 0:00:00 (0)
SBY 21:15:31 [/Users/Dilan/Projects/fabric-under-pressure/results/raw/aw_target_scheduler/formal_cover] summary: Elapsed process time [H:MM:SS (secs)]: 0:00:00 (0)
SBY 21:15:31 [/Users/Dilan/Projects/fabric-under-pressure/results/raw/aw_target_scheduler/formal_cover] summary: engine_0 (smtbmc) returned pass
SBY 21:15:31 [/Users/Dilan/Projects/fabric-under-pressure/results/raw/aw_target_scheduler/formal_cover] summary: cover trace: /Users/Dilan/Projects/fabric-under-pressure/results/raw/aw_target_scheduler/formal_cover/engine_0/trace0.vcd
SBY 21:15:31 [/Users/Dilan/Projects/fabric-under-pressure/results/raw/aw_target_scheduler/formal_cover] summary:   reached cover statement aw_target_scheduler_formal._witness_.check_cover_aw_target_scheduler_formal_sv_60_78 at aw_target_scheduler_formal.sv:60.5-60.62 step 1
SBY 21:15:31 [/Users/Dilan/Projects/fabric-under-pressure/results/raw/aw_target_scheduler/formal_cover] summary: cover trace: /Users/Dilan/Projects/fabric-under-pressure/results/raw/aw_target_scheduler/formal_cover/engine_0/trace1.vcd
SBY 21:15:31 [/Users/Dilan/Projects/fabric-under-pressure/results/raw/aw_target_scheduler/formal_cover] summary:   reached cover statement aw_target_scheduler_formal._witness_.check_cover_aw_target_scheduler_formal_sv_63_93 at aw_target_scheduler_formal.sv:63.5-63.63 step 1
SBY 21:15:31 [/Users/Dilan/Projects/fabric-under-pressure/results/raw/aw_target_scheduler/formal_cover] summary: cover trace: /Users/Dilan/Projects/fabric-under-pressure/results/raw/aw_target_scheduler/formal_cover/engine_0/trace2.vcd
SBY 21:15:31 [/Users/Dilan/Projects/fabric-under-pressure/results/raw/aw_target_scheduler/formal_cover] summary:   reached cover statement aw_target_scheduler_formal._witness_.check_cover_aw_target_scheduler_formal_sv_61_83 at aw_target_scheduler_formal.sv:61.5-61.62 step 1
SBY 21:15:31 [/Users/Dilan/Projects/fabric-under-pressure/results/raw/aw_target_scheduler/formal_cover] summary: cover trace: /Users/Dilan/Projects/fabric-under-pressure/results/raw/aw_target_scheduler/formal_cover/engine_0/trace3.vcd
SBY 21:15:31 [/Users/Dilan/Projects/fabric-under-pressure/results/raw/aw_target_scheduler/formal_cover] summary:   reached cover statement aw_target_scheduler_formal._witness_.check_cover_aw_target_scheduler_formal_sv_62_88 at aw_target_scheduler_formal.sv:62.5-62.62 step 1
SBY 21:15:31 [/Users/Dilan/Projects/fabric-under-pressure/results/raw/aw_target_scheduler/formal_cover] summary: cover trace: /Users/Dilan/Projects/fabric-under-pressure/results/raw/aw_target_scheduler/formal_cover/engine_0/trace4.vcd
SBY 21:15:31 [/Users/Dilan/Projects/fabric-under-pressure/results/raw/aw_target_scheduler/formal_cover] summary:   reached cover statement aw_target_scheduler_formal._witness_.check_cover_aw_target_scheduler_formal_sv_65_100 at aw_target_scheduler_formal.sv:65.5-65.67 step 1
SBY 21:15:31 [/Users/Dilan/Projects/fabric-under-pressure/results/raw/aw_target_scheduler/formal_cover] summary: and 1 further trace
SBY 21:15:31 [/Users/Dilan/Projects/fabric-under-pressure/results/raw/aw_target_scheduler/formal_cover] summary: see /Users/Dilan/Projects/fabric-under-pressure/results/raw/aw_target_scheduler/formal_cover/PASS for a complete summary
SBY 21:15:31 [/Users/Dilan/Projects/fabric-under-pressure/results/raw/aw_target_scheduler/formal_cover] DONE (PASS, rc=0)
SBY 21:15:31 [/Users/Dilan/Projects/fabric-under-pressure/results/raw/aw_target_scheduler/formal_composition_prove] Removing directory '/Users/Dilan/Projects/fabric-under-pressure/results/raw/aw_target_scheduler/formal_composition_prove'.
SBY 21:15:31 [/Users/Dilan/Projects/fabric-under-pressure/results/raw/aw_target_scheduler/formal_composition_prove] Copy '/Users/Dilan/Projects/fabric-under-pressure/formal/../rtl/axi_rr_arbiter_3.sv' to '/Users/Dilan/Projects/fabric-under-pressure/results/raw/aw_target_scheduler/formal_composition_prove/src/axi_rr_arbiter_3.sv'.
SBY 21:15:31 [/Users/Dilan/Projects/fabric-under-pressure/results/raw/aw_target_scheduler/formal_composition_prove] Copy '/Users/Dilan/Projects/fabric-under-pressure/formal/../rtl/axi_aw_target_scheduler_a.sv' to '/Users/Dilan/Projects/fabric-under-pressure/results/raw/aw_target_scheduler/formal_composition_prove/src/axi_aw_target_scheduler_a.sv'.
SBY 21:15:31 [/Users/Dilan/Projects/fabric-under-pressure/results/raw/aw_target_scheduler/formal_composition_prove] Copy '/Users/Dilan/Projects/fabric-under-pressure/formal/../rtl/axi_write_owner.sv' to '/Users/Dilan/Projects/fabric-under-pressure/results/raw/aw_target_scheduler/formal_composition_prove/src/axi_write_owner.sv'.
SBY 21:15:31 [/Users/Dilan/Projects/fabric-under-pressure/results/raw/aw_target_scheduler/formal_composition_prove] Copy '/Users/Dilan/Projects/fabric-under-pressure/formal/aw_target_scheduler_composition_formal.sv' to '/Users/Dilan/Projects/fabric-under-pressure/results/raw/aw_target_scheduler/formal_composition_prove/src/aw_target_scheduler_composition_formal.sv'.
SBY 21:15:31 [/Users/Dilan/Projects/fabric-under-pressure/results/raw/aw_target_scheduler/formal_composition_prove] engine_0: smtbmc
SBY 21:15:31 [/Users/Dilan/Projects/fabric-under-pressure/results/raw/aw_target_scheduler/formal_composition_prove] base: starting process "cd /Users/Dilan/Projects/fabric-under-pressure/results/raw/aw_target_scheduler/formal_composition_prove/src; yosys -ql ../model/design.log ../model/design.ys"
SBY 21:15:31 [/Users/Dilan/Projects/fabric-under-pressure/results/raw/aw_target_scheduler/formal_composition_prove] base: finished (returncode=0)
SBY 21:15:31 [/Users/Dilan/Projects/fabric-under-pressure/results/raw/aw_target_scheduler/formal_composition_prove] prep: starting process "cd /Users/Dilan/Projects/fabric-under-pressure/results/raw/aw_target_scheduler/formal_composition_prove/model; yosys -ql design_prep.log design_prep.ys"
SBY 21:15:31 [/Users/Dilan/Projects/fabric-under-pressure/results/raw/aw_target_scheduler/formal_composition_prove] prep: finished (returncode=0)
SBY 21:15:31 [/Users/Dilan/Projects/fabric-under-pressure/results/raw/aw_target_scheduler/formal_composition_prove] smt2: starting process "cd /Users/Dilan/Projects/fabric-under-pressure/results/raw/aw_target_scheduler/formal_composition_prove/model; yosys -ql design_smt2.log design_smt2.ys"
SBY 21:15:31 [/Users/Dilan/Projects/fabric-under-pressure/results/raw/aw_target_scheduler/formal_composition_prove] smt2: finished (returncode=0)
SBY 21:15:31 [/Users/Dilan/Projects/fabric-under-pressure/results/raw/aw_target_scheduler/formal_composition_prove] engine_0: starting process "cd /Users/Dilan/Projects/fabric-under-pressure/results/raw/aw_target_scheduler/formal_composition_prove; yosys-smtbmc --presat --unroll --noprogress -t 24  --append 0 --dump-vcd engine_0/trace.vcd --dump-yw engine_0/trace.yw --dump-vlogtb engine_0/trace_tb.v --dump-smtc engine_0/trace.smtc model/design_smt2.smt2"
SBY 21:15:31 [/Users/Dilan/Projects/fabric-under-pressure/results/raw/aw_target_scheduler/formal_composition_prove] engine_0: ##   0:00:00  Solver: yices
SBY 21:15:32 [/Users/Dilan/Projects/fabric-under-pressure/results/raw/aw_target_scheduler/formal_composition_prove] engine_0: ##   0:00:00  Checking assumptions in step 0..
SBY 21:15:32 [/Users/Dilan/Projects/fabric-under-pressure/results/raw/aw_target_scheduler/formal_composition_prove] engine_0: ##   0:00:00  Checking assertions in step 0..
SBY 21:15:32 [/Users/Dilan/Projects/fabric-under-pressure/results/raw/aw_target_scheduler/formal_composition_prove] engine_0: ##   0:00:00  Checking assumptions in step 1..
SBY 21:15:32 [/Users/Dilan/Projects/fabric-under-pressure/results/raw/aw_target_scheduler/formal_composition_prove] engine_0: ##   0:00:00  Checking assertions in step 1..
SBY 21:15:32 [/Users/Dilan/Projects/fabric-under-pressure/results/raw/aw_target_scheduler/formal_composition_prove] engine_0: ##   0:00:00  Checking assumptions in step 2..
SBY 21:15:32 [/Users/Dilan/Projects/fabric-under-pressure/results/raw/aw_target_scheduler/formal_composition_prove] engine_0: ##   0:00:00  Checking assertions in step 2..
SBY 21:15:32 [/Users/Dilan/Projects/fabric-under-pressure/results/raw/aw_target_scheduler/formal_composition_prove] engine_0: ##   0:00:00  Checking assumptions in step 3..
SBY 21:15:32 [/Users/Dilan/Projects/fabric-under-pressure/results/raw/aw_target_scheduler/formal_composition_prove] engine_0: ##   0:00:00  Checking assertions in step 3..
SBY 21:15:32 [/Users/Dilan/Projects/fabric-under-pressure/results/raw/aw_target_scheduler/formal_composition_prove] engine_0: ##   0:00:00  Checking assumptions in step 4..
SBY 21:15:32 [/Users/Dilan/Projects/fabric-under-pressure/results/raw/aw_target_scheduler/formal_composition_prove] engine_0: ##   0:00:00  Checking assertions in step 4..
SBY 21:15:32 [/Users/Dilan/Projects/fabric-under-pressure/results/raw/aw_target_scheduler/formal_composition_prove] engine_0: ##   0:00:00  Checking assumptions in step 5..
SBY 21:15:32 [/Users/Dilan/Projects/fabric-under-pressure/results/raw/aw_target_scheduler/formal_composition_prove] engine_0: ##   0:00:00  Checking assertions in step 5..
SBY 21:15:32 [/Users/Dilan/Projects/fabric-under-pressure/results/raw/aw_target_scheduler/formal_composition_prove] engine_0: ##   0:00:00  Checking assumptions in step 6..
SBY 21:15:32 [/Users/Dilan/Projects/fabric-under-pressure/results/raw/aw_target_scheduler/formal_composition_prove] engine_0: ##   0:00:00  Checking assertions in step 6..
SBY 21:15:32 [/Users/Dilan/Projects/fabric-under-pressure/results/raw/aw_target_scheduler/formal_composition_prove] engine_0: ##   0:00:00  Checking assumptions in step 7..
SBY 21:15:32 [/Users/Dilan/Projects/fabric-under-pressure/results/raw/aw_target_scheduler/formal_composition_prove] engine_0: ##   0:00:00  Checking assertions in step 7..
SBY 21:15:32 [/Users/Dilan/Projects/fabric-under-pressure/results/raw/aw_target_scheduler/formal_composition_prove] engine_0: ##   0:00:00  Checking assumptions in step 8..
SBY 21:15:32 [/Users/Dilan/Projects/fabric-under-pressure/results/raw/aw_target_scheduler/formal_composition_prove] engine_0: ##   0:00:00  Checking assertions in step 8..
SBY 21:15:32 [/Users/Dilan/Projects/fabric-under-pressure/results/raw/aw_target_scheduler/formal_composition_prove] engine_0: ##   0:00:00  Checking assumptions in step 9..
SBY 21:15:32 [/Users/Dilan/Projects/fabric-under-pressure/results/raw/aw_target_scheduler/formal_composition_prove] engine_0: ##   0:00:00  Checking assertions in step 9..
SBY 21:15:32 [/Users/Dilan/Projects/fabric-under-pressure/results/raw/aw_target_scheduler/formal_composition_prove] engine_0: ##   0:00:00  Checking assumptions in step 10..
SBY 21:15:32 [/Users/Dilan/Projects/fabric-under-pressure/results/raw/aw_target_scheduler/formal_composition_prove] engine_0: ##   0:00:00  Checking assertions in step 10..
SBY 21:15:32 [/Users/Dilan/Projects/fabric-under-pressure/results/raw/aw_target_scheduler/formal_composition_prove] engine_0: ##   0:00:00  Checking assumptions in step 11..
SBY 21:15:32 [/Users/Dilan/Projects/fabric-under-pressure/results/raw/aw_target_scheduler/formal_composition_prove] engine_0: ##   0:00:00  Checking assertions in step 11..
SBY 21:15:32 [/Users/Dilan/Projects/fabric-under-pressure/results/raw/aw_target_scheduler/formal_composition_prove] engine_0: ##   0:00:00  Checking assumptions in step 12..
SBY 21:15:32 [/Users/Dilan/Projects/fabric-under-pressure/results/raw/aw_target_scheduler/formal_composition_prove] engine_0: ##   0:00:00  Checking assertions in step 12..
SBY 21:15:32 [/Users/Dilan/Projects/fabric-under-pressure/results/raw/aw_target_scheduler/formal_composition_prove] engine_0: ##   0:00:00  Checking assumptions in step 13..
SBY 21:15:32 [/Users/Dilan/Projects/fabric-under-pressure/results/raw/aw_target_scheduler/formal_composition_prove] engine_0: ##   0:00:00  Checking assertions in step 13..
SBY 21:15:32 [/Users/Dilan/Projects/fabric-under-pressure/results/raw/aw_target_scheduler/formal_composition_prove] engine_0: ##   0:00:00  Checking assumptions in step 14..
SBY 21:15:32 [/Users/Dilan/Projects/fabric-under-pressure/results/raw/aw_target_scheduler/formal_composition_prove] engine_0: ##   0:00:00  Checking assertions in step 14..
SBY 21:15:32 [/Users/Dilan/Projects/fabric-under-pressure/results/raw/aw_target_scheduler/formal_composition_prove] engine_0: ##   0:00:00  Checking assumptions in step 15..
SBY 21:15:32 [/Users/Dilan/Projects/fabric-under-pressure/results/raw/aw_target_scheduler/formal_composition_prove] engine_0: ##   0:00:00  Checking assertions in step 15..
SBY 21:15:32 [/Users/Dilan/Projects/fabric-under-pressure/results/raw/aw_target_scheduler/formal_composition_prove] engine_0: ##   0:00:00  Checking assumptions in step 16..
SBY 21:15:32 [/Users/Dilan/Projects/fabric-under-pressure/results/raw/aw_target_scheduler/formal_composition_prove] engine_0: ##   0:00:00  Checking assertions in step 16..
SBY 21:15:32 [/Users/Dilan/Projects/fabric-under-pressure/results/raw/aw_target_scheduler/formal_composition_prove] engine_0: ##   0:00:00  Checking assumptions in step 17..
SBY 21:15:32 [/Users/Dilan/Projects/fabric-under-pressure/results/raw/aw_target_scheduler/formal_composition_prove] engine_0: ##   0:00:00  Checking assertions in step 17..
SBY 21:15:32 [/Users/Dilan/Projects/fabric-under-pressure/results/raw/aw_target_scheduler/formal_composition_prove] engine_0: ##   0:00:00  Checking assumptions in step 18..
SBY 21:15:32 [/Users/Dilan/Projects/fabric-under-pressure/results/raw/aw_target_scheduler/formal_composition_prove] engine_0: ##   0:00:00  Checking assertions in step 18..
SBY 21:15:32 [/Users/Dilan/Projects/fabric-under-pressure/results/raw/aw_target_scheduler/formal_composition_prove] engine_0: ##   0:00:00  Checking assumptions in step 19..
SBY 21:15:32 [/Users/Dilan/Projects/fabric-under-pressure/results/raw/aw_target_scheduler/formal_composition_prove] engine_0: ##   0:00:00  Checking assertions in step 19..
SBY 21:15:32 [/Users/Dilan/Projects/fabric-under-pressure/results/raw/aw_target_scheduler/formal_composition_prove] engine_0: ##   0:00:00  Checking assumptions in step 20..
SBY 21:15:32 [/Users/Dilan/Projects/fabric-under-pressure/results/raw/aw_target_scheduler/formal_composition_prove] engine_0: ##   0:00:00  Checking assertions in step 20..
SBY 21:15:32 [/Users/Dilan/Projects/fabric-under-pressure/results/raw/aw_target_scheduler/formal_composition_prove] engine_0: ##   0:00:00  Checking assumptions in step 21..
SBY 21:15:32 [/Users/Dilan/Projects/fabric-under-pressure/results/raw/aw_target_scheduler/formal_composition_prove] engine_0: ##   0:00:00  Checking assertions in step 21..
SBY 21:15:32 [/Users/Dilan/Projects/fabric-under-pressure/results/raw/aw_target_scheduler/formal_composition_prove] engine_0: ##   0:00:00  Checking assumptions in step 22..
SBY 21:15:32 [/Users/Dilan/Projects/fabric-under-pressure/results/raw/aw_target_scheduler/formal_composition_prove] engine_0: ##   0:00:00  Checking assertions in step 22..
SBY 21:15:32 [/Users/Dilan/Projects/fabric-under-pressure/results/raw/aw_target_scheduler/formal_composition_prove] engine_0: ##   0:00:00  Checking assumptions in step 23..
SBY 21:15:32 [/Users/Dilan/Projects/fabric-under-pressure/results/raw/aw_target_scheduler/formal_composition_prove] engine_0: ##   0:00:00  Checking assertions in step 23..
SBY 21:15:32 [/Users/Dilan/Projects/fabric-under-pressure/results/raw/aw_target_scheduler/formal_composition_prove] engine_0: ##   0:00:00  Status: passed
SBY 21:15:32 [/Users/Dilan/Projects/fabric-under-pressure/results/raw/aw_target_scheduler/formal_composition_prove] engine_0: finished (returncode=0)
SBY 21:15:32 [/Users/Dilan/Projects/fabric-under-pressure/results/raw/aw_target_scheduler/formal_composition_prove] engine_0: Status returned by engine: pass
SBY 21:15:32 [/Users/Dilan/Projects/fabric-under-pressure/results/raw/aw_target_scheduler/formal_composition_prove] summary: Elapsed clock time [H:MM:SS (secs)]: 0:00:00 (0)
SBY 21:15:32 [/Users/Dilan/Projects/fabric-under-pressure/results/raw/aw_target_scheduler/formal_composition_prove] summary: Elapsed process time [H:MM:SS (secs)]: 0:00:00 (0)
SBY 21:15:32 [/Users/Dilan/Projects/fabric-under-pressure/results/raw/aw_target_scheduler/formal_composition_prove] summary: engine_0 (smtbmc) returned pass
SBY 21:15:32 [/Users/Dilan/Projects/fabric-under-pressure/results/raw/aw_target_scheduler/formal_composition_prove] summary: engine_0 did not produce any traces
SBY 21:15:32 [/Users/Dilan/Projects/fabric-under-pressure/results/raw/aw_target_scheduler/formal_composition_prove] DONE (PASS, rc=0)
SBY 21:15:32 [/Users/Dilan/Projects/fabric-under-pressure/results/raw/aw_target_scheduler/formal_composition_cover] Removing directory '/Users/Dilan/Projects/fabric-under-pressure/results/raw/aw_target_scheduler/formal_composition_cover'.
SBY 21:15:32 [/Users/Dilan/Projects/fabric-under-pressure/results/raw/aw_target_scheduler/formal_composition_cover] Copy '/Users/Dilan/Projects/fabric-under-pressure/formal/../rtl/axi_rr_arbiter_3.sv' to '/Users/Dilan/Projects/fabric-under-pressure/results/raw/aw_target_scheduler/formal_composition_cover/src/axi_rr_arbiter_3.sv'.
SBY 21:15:32 [/Users/Dilan/Projects/fabric-under-pressure/results/raw/aw_target_scheduler/formal_composition_cover] Copy '/Users/Dilan/Projects/fabric-under-pressure/formal/../rtl/axi_aw_target_scheduler_a.sv' to '/Users/Dilan/Projects/fabric-under-pressure/results/raw/aw_target_scheduler/formal_composition_cover/src/axi_aw_target_scheduler_a.sv'.
SBY 21:15:32 [/Users/Dilan/Projects/fabric-under-pressure/results/raw/aw_target_scheduler/formal_composition_cover] Copy '/Users/Dilan/Projects/fabric-under-pressure/formal/../rtl/axi_write_owner.sv' to '/Users/Dilan/Projects/fabric-under-pressure/results/raw/aw_target_scheduler/formal_composition_cover/src/axi_write_owner.sv'.
SBY 21:15:32 [/Users/Dilan/Projects/fabric-under-pressure/results/raw/aw_target_scheduler/formal_composition_cover] Copy '/Users/Dilan/Projects/fabric-under-pressure/formal/aw_target_scheduler_composition_formal.sv' to '/Users/Dilan/Projects/fabric-under-pressure/results/raw/aw_target_scheduler/formal_composition_cover/src/aw_target_scheduler_composition_formal.sv'.
SBY 21:15:32 [/Users/Dilan/Projects/fabric-under-pressure/results/raw/aw_target_scheduler/formal_composition_cover] engine_0: smtbmc
SBY 21:15:32 [/Users/Dilan/Projects/fabric-under-pressure/results/raw/aw_target_scheduler/formal_composition_cover] base: starting process "cd /Users/Dilan/Projects/fabric-under-pressure/results/raw/aw_target_scheduler/formal_composition_cover/src; yosys -ql ../model/design.log ../model/design.ys"
SBY 21:15:32 [/Users/Dilan/Projects/fabric-under-pressure/results/raw/aw_target_scheduler/formal_composition_cover] base: finished (returncode=0)
SBY 21:15:32 [/Users/Dilan/Projects/fabric-under-pressure/results/raw/aw_target_scheduler/formal_composition_cover] prep: starting process "cd /Users/Dilan/Projects/fabric-under-pressure/results/raw/aw_target_scheduler/formal_composition_cover/model; yosys -ql design_prep.log design_prep.ys"
SBY 21:15:32 [/Users/Dilan/Projects/fabric-under-pressure/results/raw/aw_target_scheduler/formal_composition_cover] prep: finished (returncode=0)
SBY 21:15:32 [/Users/Dilan/Projects/fabric-under-pressure/results/raw/aw_target_scheduler/formal_composition_cover] smt2: starting process "cd /Users/Dilan/Projects/fabric-under-pressure/results/raw/aw_target_scheduler/formal_composition_cover/model; yosys -ql design_smt2.log design_smt2.ys"
SBY 21:15:32 [/Users/Dilan/Projects/fabric-under-pressure/results/raw/aw_target_scheduler/formal_composition_cover] smt2: finished (returncode=0)
SBY 21:15:32 [/Users/Dilan/Projects/fabric-under-pressure/results/raw/aw_target_scheduler/formal_composition_cover] engine_0: starting process "cd /Users/Dilan/Projects/fabric-under-pressure/results/raw/aw_target_scheduler/formal_composition_cover; yosys-smtbmc --presat --unroll -c --noprogress -t 32  --append 0 --dump-vcd engine_0/trace%.vcd --dump-yw engine_0/trace%.yw --dump-vlogtb engine_0/trace%_tb.v --dump-smtc engine_0/trace%.smtc model/design_smt2.smt2"
SBY 21:15:32 [/Users/Dilan/Projects/fabric-under-pressure/results/raw/aw_target_scheduler/formal_composition_cover] engine_0: ##   0:00:00  Solver: yices
SBY 21:15:32 [/Users/Dilan/Projects/fabric-under-pressure/results/raw/aw_target_scheduler/formal_composition_cover] engine_0: ##   0:00:00  Checking cover reachability in step 0..
SBY 21:15:32 [/Users/Dilan/Projects/fabric-under-pressure/results/raw/aw_target_scheduler/formal_composition_cover] engine_0: ##   0:00:00  Checking cover reachability in step 1..
SBY 21:15:32 [/Users/Dilan/Projects/fabric-under-pressure/results/raw/aw_target_scheduler/formal_composition_cover] engine_0: ##   0:00:00  Checking cover reachability in step 2..
SBY 21:15:32 [/Users/Dilan/Projects/fabric-under-pressure/results/raw/aw_target_scheduler/formal_composition_cover] engine_0: ##   0:00:00  Reached cover statement in step 2 at aw_target_scheduler_composition_formal: aw_target_scheduler_composition_formal.sv:80.7-80.29 (_witness_.check_cover_aw_target_scheduler_composition_formal_sv_80_37)
SBY 21:15:32 [/Users/Dilan/Projects/fabric-under-pressure/results/raw/aw_target_scheduler/formal_composition_cover] engine_0: ##   0:00:00  Writing trace to VCD file: engine_0/trace0.vcd
SBY 21:15:32 [/Users/Dilan/Projects/fabric-under-pressure/results/raw/aw_target_scheduler/formal_composition_cover] engine_0: ##   0:00:00  Writing trace to Verilog testbench: engine_0/trace0_tb.v
SBY 21:15:32 [/Users/Dilan/Projects/fabric-under-pressure/results/raw/aw_target_scheduler/formal_composition_cover] engine_0: ##   0:00:00  Writing trace to constraints file: engine_0/trace0.smtc
SBY 21:15:32 [/Users/Dilan/Projects/fabric-under-pressure/results/raw/aw_target_scheduler/formal_composition_cover] engine_0: ##   0:00:00  Writing trace to Yosys witness file: engine_0/trace0.yw
SBY 21:15:32 [/Users/Dilan/Projects/fabric-under-pressure/results/raw/aw_target_scheduler/formal_composition_cover] engine_0: ##   0:00:00  Checking cover reachability in step 2..
SBY 21:15:32 [/Users/Dilan/Projects/fabric-under-pressure/results/raw/aw_target_scheduler/formal_composition_cover] engine_0: ##   0:00:00  Checking cover reachability in step 3..
SBY 21:15:32 [/Users/Dilan/Projects/fabric-under-pressure/results/raw/aw_target_scheduler/formal_composition_cover] engine_0: ##   0:00:00  Reached cover statement in step 3 at aw_target_scheduler_composition_formal: aw_target_scheduler_composition_formal.sv:81.7-81.32 (_witness_.check_cover_aw_target_scheduler_composition_formal_sv_81_38)
SBY 21:15:32 [/Users/Dilan/Projects/fabric-under-pressure/results/raw/aw_target_scheduler/formal_composition_cover] engine_0: ##   0:00:00  Reached cover statement in step 3 at aw_target_scheduler_composition_formal: aw_target_scheduler_composition_formal.sv:82.7-82.51 (_witness_.check_cover_aw_target_scheduler_composition_formal_sv_82_39)
SBY 21:15:32 [/Users/Dilan/Projects/fabric-under-pressure/results/raw/aw_target_scheduler/formal_composition_cover] engine_0: ##   0:00:00  Writing trace to VCD file: engine_0/trace1.vcd
SBY 21:15:32 [/Users/Dilan/Projects/fabric-under-pressure/results/raw/aw_target_scheduler/formal_composition_cover] engine_0: ##   0:00:00  Writing trace to Verilog testbench: engine_0/trace1_tb.v
SBY 21:15:32 [/Users/Dilan/Projects/fabric-under-pressure/results/raw/aw_target_scheduler/formal_composition_cover] engine_0: ##   0:00:00  Writing trace to constraints file: engine_0/trace1.smtc
SBY 21:15:32 [/Users/Dilan/Projects/fabric-under-pressure/results/raw/aw_target_scheduler/formal_composition_cover] engine_0: ##   0:00:00  Writing trace to Yosys witness file: engine_0/trace1.yw
SBY 21:15:32 [/Users/Dilan/Projects/fabric-under-pressure/results/raw/aw_target_scheduler/formal_composition_cover] engine_0: ##   0:00:00  Status: passed
SBY 21:15:32 [/Users/Dilan/Projects/fabric-under-pressure/results/raw/aw_target_scheduler/formal_composition_cover] engine_0: finished (returncode=0)
SBY 21:15:32 [/Users/Dilan/Projects/fabric-under-pressure/results/raw/aw_target_scheduler/formal_composition_cover] engine_0: Status returned by engine: pass
SBY 21:15:32 [/Users/Dilan/Projects/fabric-under-pressure/results/raw/aw_target_scheduler/formal_composition_cover] summary: Elapsed clock time [H:MM:SS (secs)]: 0:00:00 (0)
SBY 21:15:32 [/Users/Dilan/Projects/fabric-under-pressure/results/raw/aw_target_scheduler/formal_composition_cover] summary: Elapsed process time [H:MM:SS (secs)]: 0:00:00 (0)
SBY 21:15:32 [/Users/Dilan/Projects/fabric-under-pressure/results/raw/aw_target_scheduler/formal_composition_cover] summary: engine_0 (smtbmc) returned pass
SBY 21:15:32 [/Users/Dilan/Projects/fabric-under-pressure/results/raw/aw_target_scheduler/formal_composition_cover] summary: cover trace: /Users/Dilan/Projects/fabric-under-pressure/results/raw/aw_target_scheduler/formal_composition_cover/engine_0/trace0.vcd
SBY 21:15:32 [/Users/Dilan/Projects/fabric-under-pressure/results/raw/aw_target_scheduler/formal_composition_cover] summary:   reached cover statement aw_target_scheduler_composition_formal._witness_.check_cover_aw_target_scheduler_composition_formal_sv_80_37 at aw_target_scheduler_composition_formal.sv:80.7-80.29 step 2
SBY 21:15:32 [/Users/Dilan/Projects/fabric-under-pressure/results/raw/aw_target_scheduler/formal_composition_cover] summary: cover trace: /Users/Dilan/Projects/fabric-under-pressure/results/raw/aw_target_scheduler/formal_composition_cover/engine_0/trace1.vcd
SBY 21:15:32 [/Users/Dilan/Projects/fabric-under-pressure/results/raw/aw_target_scheduler/formal_composition_cover] summary:   reached cover statement aw_target_scheduler_composition_formal._witness_.check_cover_aw_target_scheduler_composition_formal_sv_81_38 at aw_target_scheduler_composition_formal.sv:81.7-81.32 step 3
SBY 21:15:32 [/Users/Dilan/Projects/fabric-under-pressure/results/raw/aw_target_scheduler/formal_composition_cover] summary:   reached cover statement aw_target_scheduler_composition_formal._witness_.check_cover_aw_target_scheduler_composition_formal_sv_82_39 at aw_target_scheduler_composition_formal.sv:82.7-82.51 step 3
SBY 21:15:32 [/Users/Dilan/Projects/fabric-under-pressure/results/raw/aw_target_scheduler/formal_composition_cover] DONE (PASS, rc=0)
