
-- Running command `read_verilog -sv /Users/Dilan/Projects/fabric-under-pressure/rtl/axi_rr_arbiter_3.sv; synth_ecp5 -top axi_rr_arbiter_3 -json /Users/Dilan/Projects/fabric-under-pressure/results/raw/rr_arbiter/axi_rr_arbiter_3_ecp5.json; stat' --

1. Executing Verilog-2005 frontend: /Users/Dilan/Projects/fabric-under-pressure/rtl/axi_rr_arbiter_3.sv
Parsing SystemVerilog input from `/Users/Dilan/Projects/fabric-under-pressure/rtl/axi_rr_arbiter_3.sv' to AST representation.
Generating RTLIL representation for module `\axi_rr_arbiter_3'.
Successfully finished Verilog frontend.

2. Executing SYNTH_LATTICE pass.

2.1. Executing Verilog-2005 frontend: /Users/Dilan/eda/fabric-under-pressure/oss-cad-suite/libexec/../share/yosys/lattice/cells_sim_ecp5.v
Parsing Verilog input from `/Users/Dilan/eda/fabric-under-pressure/oss-cad-suite/libexec/../share/yosys/lattice/cells_sim_ecp5.v' to AST representation.
Generating RTLIL representation for module `\LUT4'.
Generating RTLIL representation for module `\$__ABC9_LUT5'.
Generating RTLIL representation for module `\$__ABC9_LUT6'.
Generating RTLIL representation for module `\$__ABC9_LUT7'.
Generating RTLIL representation for module `\L6MUX21'.
Generating RTLIL representation for module `\TRELLIS_RAM16X2'.
Generating RTLIL representation for module `\PFUMX'.
Generating RTLIL representation for module `\TRELLIS_DPR16X4'.
Generating RTLIL representation for module `\DPR16X4C'.
Generating RTLIL representation for module `\LUT2'.
Generating RTLIL representation for module `\TRELLIS_FF'.
Generating RTLIL representation for module `\TRELLIS_IO'.
Generating RTLIL representation for module `\INV'.
Generating RTLIL representation for module `\TRELLIS_COMB'.
Generating RTLIL representation for module `\VLO'.
Generating RTLIL representation for module `\VHI'.
Generating RTLIL representation for module `\FD1P3AX'.
Generating RTLIL representation for module `\FD1P3AY'.
Generating RTLIL representation for module `\FD1P3BX'.
Generating RTLIL representation for module `\FD1P3DX'.
Generating RTLIL representation for module `\FD1P3IX'.
Generating RTLIL representation for module `\FD1P3JX'.
Generating RTLIL representation for module `\FD1S3AX'.
Generating RTLIL representation for module `\FD1S3AY'.
Generating RTLIL representation for module `\FD1S3BX'.
Generating RTLIL representation for module `\FD1S3DX'.
Generating RTLIL representation for module `\FD1S3IX'.
Generating RTLIL representation for module `\FD1S3JX'.
Generating RTLIL representation for module `\IFS1P3BX'.
Generating RTLIL representation for module `\IFS1P3DX'.
Generating RTLIL representation for module `\IFS1P3IX'.
Generating RTLIL representation for module `\IFS1P3JX'.
Generating RTLIL representation for module `\OFS1P3BX'.
Generating RTLIL representation for module `\OFS1P3DX'.
Generating RTLIL representation for module `\OFS1P3IX'.
Generating RTLIL representation for module `\OFS1P3JX'.
Generating RTLIL representation for module `\IB'.
Generating RTLIL representation for module `\IBPU'.
Generating RTLIL representation for module `\IBPD'.
Generating RTLIL representation for module `\OB'.
Generating RTLIL representation for module `\OBZ'.
Generating RTLIL representation for module `\OBZPU'.
Generating RTLIL representation for module `\OBZPD'.
Generating RTLIL representation for module `\OBCO'.
Generating RTLIL representation for module `\BB'.
Generating RTLIL representation for module `\BBPU'.
Generating RTLIL representation for module `\BBPD'.
Generating RTLIL representation for module `\ILVDS'.
Generating RTLIL representation for module `\OLVDS'.
Generating RTLIL representation for module `\CCU2C'.
Generating RTLIL representation for module `\DP16KD'.
Replacing existing blackbox module `\FD1P3AX' at /Users/Dilan/eda/fabric-under-pressure/oss-cad-suite/libexec/../share/yosys/lattice/cells_ff.vh:2.1-2.261.
Generating RTLIL representation for module `\FD1P3AX'.
Replacing existing blackbox module `\FD1P3AY' at /Users/Dilan/eda/fabric-under-pressure/oss-cad-suite/libexec/../share/yosys/lattice/cells_ff.vh:3.1-3.261.
Generating RTLIL representation for module `\FD1P3AY'.
Replacing existing blackbox module `\FD1P3BX' at /Users/Dilan/eda/fabric-under-pressure/oss-cad-suite/libexec/../share/yosys/lattice/cells_ff.vh:4.1-4.261.
Generating RTLIL representation for module `\FD1P3BX'.
Replacing existing blackbox module `\FD1P3DX' at /Users/Dilan/eda/fabric-under-pressure/oss-cad-suite/libexec/../share/yosys/lattice/cells_ff.vh:5.1-5.261.
Generating RTLIL representation for module `\FD1P3DX'.
Replacing existing blackbox module `\FD1P3IX' at /Users/Dilan/eda/fabric-under-pressure/oss-cad-suite/libexec/../share/yosys/lattice/cells_ff.vh:6.1-6.261.
Generating RTLIL representation for module `\FD1P3IX'.
Replacing existing blackbox module `\FD1P3JX' at /Users/Dilan/eda/fabric-under-pressure/oss-cad-suite/libexec/../share/yosys/lattice/cells_ff.vh:7.1-7.261.
Generating RTLIL representation for module `\FD1P3JX'.
Replacing existing blackbox module `\FD1S3AX' at /Users/Dilan/eda/fabric-under-pressure/oss-cad-suite/libexec/../share/yosys/lattice/cells_ff.vh:8.1-8.261.
Generating RTLIL representation for module `\FD1S3AX'.
Replacing existing blackbox module `\FD1S3AY' at /Users/Dilan/eda/fabric-under-pressure/oss-cad-suite/libexec/../share/yosys/lattice/cells_ff.vh:9.1-9.261.
Generating RTLIL representation for module `\FD1S3AY'.
Replacing existing blackbox module `\FD1S3BX' at /Users/Dilan/eda/fabric-under-pressure/oss-cad-suite/libexec/../share/yosys/lattice/cells_ff.vh:10.1-10.261.
Generating RTLIL representation for module `\FD1S3BX'.
Replacing existing blackbox module `\FD1S3DX' at /Users/Dilan/eda/fabric-under-pressure/oss-cad-suite/libexec/../share/yosys/lattice/cells_ff.vh:11.1-11.261.
Generating RTLIL representation for module `\FD1S3DX'.
Replacing existing blackbox module `\FD1S3IX' at /Users/Dilan/eda/fabric-under-pressure/oss-cad-suite/libexec/../share/yosys/lattice/cells_ff.vh:12.1-12.261.
Generating RTLIL representation for module `\FD1S3IX'.
Replacing existing blackbox module `\FD1S3JX' at /Users/Dilan/eda/fabric-under-pressure/oss-cad-suite/libexec/../share/yosys/lattice/cells_ff.vh:13.1-13.261.
Generating RTLIL representation for module `\FD1S3JX'.
Replacing existing blackbox module `\IFS1P3BX' at /Users/Dilan/eda/fabric-under-pressure/oss-cad-suite/libexec/../share/yosys/lattice/cells_ff.vh:26.1-26.301.
Generating RTLIL representation for module `\IFS1P3BX'.
Replacing existing blackbox module `\IFS1P3DX' at /Users/Dilan/eda/fabric-under-pressure/oss-cad-suite/libexec/../share/yosys/lattice/cells_ff.vh:27.1-27.301.
Generating RTLIL representation for module `\IFS1P3DX'.
Replacing existing blackbox module `\IFS1P3IX' at /Users/Dilan/eda/fabric-under-pressure/oss-cad-suite/libexec/../share/yosys/lattice/cells_ff.vh:28.1-28.301.
Generating RTLIL representation for module `\IFS1P3IX'.
Replacing existing blackbox module `\IFS1P3JX' at /Users/Dilan/eda/fabric-under-pressure/oss-cad-suite/libexec/../share/yosys/lattice/cells_ff.vh:29.1-29.301.
Generating RTLIL representation for module `\IFS1P3JX'.
Replacing existing blackbox module `\OFS1P3BX' at /Users/Dilan/eda/fabric-under-pressure/oss-cad-suite/libexec/../share/yosys/lattice/cells_ff.vh:31.1-31.302.
Generating RTLIL representation for module `\OFS1P3BX'.
Replacing existing blackbox module `\OFS1P3DX' at /Users/Dilan/eda/fabric-under-pressure/oss-cad-suite/libexec/../share/yosys/lattice/cells_ff.vh:32.1-32.302.
Generating RTLIL representation for module `\OFS1P3DX'.
Replacing existing blackbox module `\OFS1P3IX' at /Users/Dilan/eda/fabric-under-pressure/oss-cad-suite/libexec/../share/yosys/lattice/cells_ff.vh:33.1-33.302.
Generating RTLIL representation for module `\OFS1P3IX'.
Replacing existing blackbox module `\OFS1P3JX' at /Users/Dilan/eda/fabric-under-pressure/oss-cad-suite/libexec/../share/yosys/lattice/cells_ff.vh:34.1-34.302.
Generating RTLIL representation for module `\OFS1P3JX'.
Replacing existing blackbox module `\IB' at /Users/Dilan/eda/fabric-under-pressure/oss-cad-suite/libexec/../share/yosys/lattice/cells_io.vh:2.1-2.157.
Generating RTLIL representation for module `\IB'.
Replacing existing blackbox module `\IBPU' at /Users/Dilan/eda/fabric-under-pressure/oss-cad-suite/libexec/../share/yosys/lattice/cells_io.vh:3.1-3.157.
Generating RTLIL representation for module `\IBPU'.
Replacing existing blackbox module `\IBPD' at /Users/Dilan/eda/fabric-under-pressure/oss-cad-suite/libexec/../share/yosys/lattice/cells_io.vh:4.1-4.157.
Generating RTLIL representation for module `\IBPD'.
Replacing existing blackbox module `\OB' at /Users/Dilan/eda/fabric-under-pressure/oss-cad-suite/libexec/../share/yosys/lattice/cells_io.vh:5.1-5.157.
Generating RTLIL representation for module `\OB'.
Replacing existing blackbox module `\OBZ' at /Users/Dilan/eda/fabric-under-pressure/oss-cad-suite/libexec/../share/yosys/lattice/cells_io.vh:6.1-6.164.
Generating RTLIL representation for module `\OBZ'.
Replacing existing blackbox module `\OBZPU' at /Users/Dilan/eda/fabric-under-pressure/oss-cad-suite/libexec/../share/yosys/lattice/cells_io.vh:7.1-7.164.
Generating RTLIL representation for module `\OBZPU'.
Replacing existing blackbox module `\OBZPD' at /Users/Dilan/eda/fabric-under-pressure/oss-cad-suite/libexec/../share/yosys/lattice/cells_io.vh:8.1-8.164.
Generating RTLIL representation for module `\OBZPD'.
Replacing existing blackbox module `\OBCO' at /Users/Dilan/eda/fabric-under-pressure/oss-cad-suite/libexec/../share/yosys/lattice/cells_io.vh:9.1-9.90.
Generating RTLIL representation for module `\OBCO'.
Replacing existing blackbox module `\BB' at /Users/Dilan/eda/fabric-under-pressure/oss-cad-suite/libexec/../share/yosys/lattice/cells_io.vh:10.1-10.179.
Generating RTLIL representation for module `\BB'.
Replacing existing blackbox module `\BBPU' at /Users/Dilan/eda/fabric-under-pressure/oss-cad-suite/libexec/../share/yosys/lattice/cells_io.vh:11.1-11.179.
Generating RTLIL representation for module `\BBPU'.
Replacing existing blackbox module `\BBPD' at /Users/Dilan/eda/fabric-under-pressure/oss-cad-suite/libexec/../share/yosys/lattice/cells_io.vh:12.1-12.179.
Generating RTLIL representation for module `\BBPD'.
Replacing existing blackbox module `\ILVDS' at /Users/Dilan/eda/fabric-under-pressure/oss-cad-suite/libexec/../share/yosys/lattice/cells_io.vh:13.1-13.139.
Generating RTLIL representation for module `\ILVDS'.
Replacing existing blackbox module `\OLVDS' at /Users/Dilan/eda/fabric-under-pressure/oss-cad-suite/libexec/../share/yosys/lattice/cells_io.vh:14.1-14.146.
Generating RTLIL representation for module `\OLVDS'.
Successfully finished Verilog frontend.

2.2. Executing Verilog-2005 frontend: /Users/Dilan/eda/fabric-under-pressure/oss-cad-suite/libexec/../share/yosys/lattice/cells_bb_ecp5.v
Parsing Verilog input from `/Users/Dilan/eda/fabric-under-pressure/oss-cad-suite/libexec/../share/yosys/lattice/cells_bb_ecp5.v' to AST representation.
Generating RTLIL representation for module `\GSR'.
Generating RTLIL representation for module `\PUR'.
Generating RTLIL representation for module `\SGSR'.
Generating RTLIL representation for module `\PDPW16KD'.
Generating RTLIL representation for module `\MULT18X18D'.
Generating RTLIL representation for module `\ALU54B'.
Generating RTLIL representation for module `\CLKDIVF'.
Generating RTLIL representation for module `\PCSCLKDIV'.
Generating RTLIL representation for module `\DCSC'.
Generating RTLIL representation for module `\DCCA'.
Generating RTLIL representation for module `\ECLKSYNCB'.
Generating RTLIL representation for module `\ECLKBRIDGECS'.
Generating RTLIL representation for module `\DELAYF'.
Generating RTLIL representation for module `\DELAYG'.
Generating RTLIL representation for module `\USRMCLK'.
Generating RTLIL representation for module `\DQSBUFM'.
Generating RTLIL representation for module `\DDRDLLA'.
Generating RTLIL representation for module `\DLLDELD'.
Generating RTLIL representation for module `\IDDRX1F'.
Generating RTLIL representation for module `\IDDRX2F'.
Generating RTLIL representation for module `\IDDR71B'.
Generating RTLIL representation for module `\IDDRX2DQA'.
Generating RTLIL representation for module `\ODDRX1F'.
Generating RTLIL representation for module `\ODDRX2F'.
Generating RTLIL representation for module `\ODDR71B'.
Generating RTLIL representation for module `\OSHX2A'.
Generating RTLIL representation for module `\TSHX2DQA'.
Generating RTLIL representation for module `\TSHX2DQSA'.
Generating RTLIL representation for module `\ODDRX2DQA'.
Generating RTLIL representation for module `\ODDRX2DQSB'.
Generating RTLIL representation for module `\EHXPLLL'.
Generating RTLIL representation for module `\DTR'.
Generating RTLIL representation for module `\OSCG'.
Generating RTLIL representation for module `\EXTREFB'.
Generating RTLIL representation for module `\JTAGG'.
Generating RTLIL representation for module `\DCUA'.
Successfully finished Verilog frontend.

2.3. Executing HIERARCHY pass (managing design hierarchy).

2.3.1. Analyzing design hierarchy..
Top module:  \axi_rr_arbiter_3

2.3.2. Analyzing design hierarchy..
Top module:  \axi_rr_arbiter_3
Removed 0 unused modules.

2.4. Executing PROC pass (convert processes to netlists).

2.4.1. Executing PROC_CLEAN pass (remove empty switches from decision trees).
Cleaned up 0 empty switches.

2.4.2. Executing PROC_RMDEAD pass (remove dead branches from decision trees).
Marked 1 switch rules as full_case in process $proc$/Users/Dilan/Projects/fabric-under-pressure/rtl/axi_rr_arbiter_3.sv:130$19 in module axi_rr_arbiter_3.
Marked 4 switch rules as full_case in process $proc$/Users/Dilan/Projects/fabric-under-pressure/rtl/axi_rr_arbiter_3.sv:108$4 in module axi_rr_arbiter_3.
Marked 10 switch rules as full_case in process $proc$/Users/Dilan/Projects/fabric-under-pressure/rtl/axi_rr_arbiter_3.sv:49$3 in module axi_rr_arbiter_3.
Removed a total of 0 dead cases.

2.4.3. Executing PROC_PRUNE pass (remove redundant assignments in processes).
Removed 4 redundant assignments.
Promoted 15 assignments to connections.

2.4.4. Executing PROC_INIT pass (extract init attributes).

2.4.5. Executing PROC_ARST pass (detect async resets in processes).
Found async reset \ARESETn in `\axi_rr_arbiter_3.$proc$/Users/Dilan/Projects/fabric-under-pressure/rtl/axi_rr_arbiter_3.sv:130$19'.

2.4.6. Executing PROC_ROM pass (convert switches to ROMs).
Converted 0 switches.
<suppressed ~14 debug messages>

2.4.7. Executing PROC_MUX pass (convert decision trees to multiplexers).
Creating decoders for process `\axi_rr_arbiter_3.$proc$/Users/Dilan/Projects/fabric-under-pressure/rtl/axi_rr_arbiter_3.sv:144$21'.
Creating decoders for process `\axi_rr_arbiter_3.$proc$/Users/Dilan/Projects/fabric-under-pressure/rtl/axi_rr_arbiter_3.sv:130$19'.
     1/4: $0\selected_manager_q[1:0]
     2/4: $0\grant_valid_q[0:0]
     3/4: $0\grant_q[2:0]
     4/4: $0\pointer_q[1:0]
Creating decoders for process `\axi_rr_arbiter_3.$proc$/Users/Dilan/Projects/fabric-under-pressure/rtl/axi_rr_arbiter_3.sv:108$4'.
     1/20: $3\next_pointer$func$/Users/Dilan/Projects/fabric-under-pressure/rtl/axi_rr_arbiter_3.sv:118$2.$result[1:0]$18
     2/20: $3\next_pointer$func$/Users/Dilan/Projects/fabric-under-pressure/rtl/axi_rr_arbiter_3.sv:117$1.$result[1:0]$17
     3/20: $2\selected_manager_d[1:0]
     4/20: $2\grant_valid_d[0:0]
     5/20: $2\grant_d[2:0]
     6/20: $2\selection_pointer[1:0]
     7/20: $2\next_pointer$func$/Users/Dilan/Projects/fabric-under-pressure/rtl/axi_rr_arbiter_3.sv:118$2.$result[1:0]$15
     8/20: $2\next_pointer$func$/Users/Dilan/Projects/fabric-under-pressure/rtl/axi_rr_arbiter_3.sv:118$2.winner[1:0]$16
     9/20: $2\pointer_d[1:0]
    10/20: $2\next_pointer$func$/Users/Dilan/Projects/fabric-under-pressure/rtl/axi_rr_arbiter_3.sv:117$1.$result[1:0]$13
    11/20: $2\next_pointer$func$/Users/Dilan/Projects/fabric-under-pressure/rtl/axi_rr_arbiter_3.sv:117$1.winner[1:0]$14
    12/20: $1\next_pointer$func$/Users/Dilan/Projects/fabric-under-pressure/rtl/axi_rr_arbiter_3.sv:118$2.winner[1:0]$12
    13/20: $1\next_pointer$func$/Users/Dilan/Projects/fabric-under-pressure/rtl/axi_rr_arbiter_3.sv:118$2.$result[1:0]$11
    14/20: $1\next_pointer$func$/Users/Dilan/Projects/fabric-under-pressure/rtl/axi_rr_arbiter_3.sv:117$1.winner[1:0]$10
    15/20: $1\next_pointer$func$/Users/Dilan/Projects/fabric-under-pressure/rtl/axi_rr_arbiter_3.sv:117$1.$result[1:0]$9
    16/20: $1\selection_pointer[1:0]
    17/20: $1\selected_manager_d[1:0]
    18/20: $1\grant_valid_d[0:0]
    19/20: $1\grant_d[2:0]
    20/20: $1\pointer_d[1:0]
Creating decoders for process `\axi_rr_arbiter_3.$proc$/Users/Dilan/Projects/fabric-under-pressure/rtl/axi_rr_arbiter_3.sv:49$3'.
     1/30: $10\candidate_valid[0:0]
     2/30: $10\candidate_manager[1:0]
     3/30: $10\candidate_grant[2:0]
     4/30: $9\candidate_valid[0:0]
     5/30: $9\candidate_manager[1:0]
     6/30: $9\candidate_grant[2:0]
     7/30: $8\candidate_valid[0:0]
     8/30: $8\candidate_manager[1:0]
     9/30: $8\candidate_grant[2:0]
    10/30: $7\candidate_valid[0:0]
    11/30: $7\candidate_manager[1:0]
    12/30: $7\candidate_grant[2:0]
    13/30: $6\candidate_valid[0:0]
    14/30: $6\candidate_manager[1:0]
    15/30: $6\candidate_grant[2:0]
    16/30: $5\candidate_valid[0:0]
    17/30: $5\candidate_manager[1:0]
    18/30: $5\candidate_grant[2:0]
    19/30: $4\candidate_valid[0:0]
    20/30: $4\candidate_manager[1:0]
    21/30: $4\candidate_grant[2:0]
    22/30: $3\candidate_valid[0:0]
    23/30: $3\candidate_manager[1:0]
    24/30: $3\candidate_grant[2:0]
    25/30: $2\candidate_valid[0:0]
    26/30: $2\candidate_manager[1:0]
    27/30: $2\candidate_grant[2:0]
    28/30: $1\candidate_manager[1:0]
    29/30: $1\candidate_valid[0:0]
    30/30: $1\candidate_grant[2:0]

2.4.8. Executing PROC_DLATCH pass (convert process syncs to latches).
No latch inferred for signal `\axi_rr_arbiter_3.\grant' from process `\axi_rr_arbiter_3.$proc$/Users/Dilan/Projects/fabric-under-pressure/rtl/axi_rr_arbiter_3.sv:144$21'.
No latch inferred for signal `\axi_rr_arbiter_3.\grant_valid' from process `\axi_rr_arbiter_3.$proc$/Users/Dilan/Projects/fabric-under-pressure/rtl/axi_rr_arbiter_3.sv:144$21'.
No latch inferred for signal `\axi_rr_arbiter_3.\selected_manager' from process `\axi_rr_arbiter_3.$proc$/Users/Dilan/Projects/fabric-under-pressure/rtl/axi_rr_arbiter_3.sv:144$21'.
No latch inferred for signal `\axi_rr_arbiter_3.\pointer_d' from process `\axi_rr_arbiter_3.$proc$/Users/Dilan/Projects/fabric-under-pressure/rtl/axi_rr_arbiter_3.sv:108$4'.
No latch inferred for signal `\axi_rr_arbiter_3.\grant_d' from process `\axi_rr_arbiter_3.$proc$/Users/Dilan/Projects/fabric-under-pressure/rtl/axi_rr_arbiter_3.sv:108$4'.
No latch inferred for signal `\axi_rr_arbiter_3.\grant_valid_d' from process `\axi_rr_arbiter_3.$proc$/Users/Dilan/Projects/fabric-under-pressure/rtl/axi_rr_arbiter_3.sv:108$4'.
No latch inferred for signal `\axi_rr_arbiter_3.\selected_manager_d' from process `\axi_rr_arbiter_3.$proc$/Users/Dilan/Projects/fabric-under-pressure/rtl/axi_rr_arbiter_3.sv:108$4'.
No latch inferred for signal `\axi_rr_arbiter_3.\selection_pointer' from process `\axi_rr_arbiter_3.$proc$/Users/Dilan/Projects/fabric-under-pressure/rtl/axi_rr_arbiter_3.sv:108$4'.
No latch inferred for signal `\axi_rr_arbiter_3.\candidate_grant' from process `\axi_rr_arbiter_3.$proc$/Users/Dilan/Projects/fabric-under-pressure/rtl/axi_rr_arbiter_3.sv:49$3'.
No latch inferred for signal `\axi_rr_arbiter_3.\candidate_valid' from process `\axi_rr_arbiter_3.$proc$/Users/Dilan/Projects/fabric-under-pressure/rtl/axi_rr_arbiter_3.sv:49$3'.
No latch inferred for signal `\axi_rr_arbiter_3.\candidate_manager' from process `\axi_rr_arbiter_3.$proc$/Users/Dilan/Projects/fabric-under-pressure/rtl/axi_rr_arbiter_3.sv:49$3'.

2.4.9. Executing PROC_DFF pass (convert process syncs to FFs).
Creating register for signal `\axi_rr_arbiter_3.\pointer_q' using process `\axi_rr_arbiter_3.$proc$/Users/Dilan/Projects/fabric-under-pressure/rtl/axi_rr_arbiter_3.sv:130$19'.
  created $adff cell `$procdff$638' with positive edge clock and positive level reset.
Creating register for signal `\axi_rr_arbiter_3.\grant_q' using process `\axi_rr_arbiter_3.$proc$/Users/Dilan/Projects/fabric-under-pressure/rtl/axi_rr_arbiter_3.sv:130$19'.
  created $adff cell `$procdff$643' with positive edge clock and positive level reset.
Creating register for signal `\axi_rr_arbiter_3.\grant_valid_q' using process `\axi_rr_arbiter_3.$proc$/Users/Dilan/Projects/fabric-under-pressure/rtl/axi_rr_arbiter_3.sv:130$19'.
  created $adff cell `$procdff$648' with positive edge clock and positive level reset.
Creating register for signal `\axi_rr_arbiter_3.\selected_manager_q' using process `\axi_rr_arbiter_3.$proc$/Users/Dilan/Projects/fabric-under-pressure/rtl/axi_rr_arbiter_3.sv:130$19'.
  created $adff cell `$procdff$653' with positive edge clock and positive level reset.

2.4.10. Executing PROC_MEMWR pass (convert process memory writes to cells).

2.4.11. Executing PROC_CLEAN pass (remove empty switches from decision trees).
Removing empty process `axi_rr_arbiter_3.$proc$/Users/Dilan/Projects/fabric-under-pressure/rtl/axi_rr_arbiter_3.sv:144$21'.
Removing empty process `axi_rr_arbiter_3.$proc$/Users/Dilan/Projects/fabric-under-pressure/rtl/axi_rr_arbiter_3.sv:130$19'.
Found and cleaned up 4 empty switches in `\axi_rr_arbiter_3.$proc$/Users/Dilan/Projects/fabric-under-pressure/rtl/axi_rr_arbiter_3.sv:108$4'.
Removing empty process `axi_rr_arbiter_3.$proc$/Users/Dilan/Projects/fabric-under-pressure/rtl/axi_rr_arbiter_3.sv:108$4'.
Found and cleaned up 10 empty switches in `\axi_rr_arbiter_3.$proc$/Users/Dilan/Projects/fabric-under-pressure/rtl/axi_rr_arbiter_3.sv:49$3'.
Removing empty process `axi_rr_arbiter_3.$proc$/Users/Dilan/Projects/fabric-under-pressure/rtl/axi_rr_arbiter_3.sv:49$3'.
Cleaned up 14 empty switches.

2.4.12. Executing OPT_EXPR pass (perform const folding).
Optimizing module axi_rr_arbiter_3.
<suppressed ~22 debug messages>

2.5. Executing CHECK pass (checking for obvious problems).
Checking module axi_rr_arbiter_3...
Found and reported 0 problems.

2.6. Executing FLATTEN pass (flatten design).

2.7. Executing TRIBUF pass.

2.8. Executing DEMINOUT pass (demote inout ports to input or output).

2.9. Executing OPT_EXPR pass (perform const folding).
Optimizing module axi_rr_arbiter_3.

2.10. Executing CHECK pass (checking for obvious problems).
Checking module axi_rr_arbiter_3...
Found and reported 0 problems.

2.11. Executing OPT_CLEAN pass (remove unused cells and wires).
Finding unused cells or wires in module \axi_rr_arbiter_3..
Removed 17 unused cells and 184 unused wires.
<suppressed ~18 debug messages>

2.12. Executing OPT pass (performing simple optimizations).

2.12.1. Executing OPT_EXPR pass (perform const folding).
Optimizing module axi_rr_arbiter_3.

2.12.2. Executing OPT_MERGE pass (detect identical cells).
Finding identical cells in module `\axi_rr_arbiter_3'.
Computing hashes of 148 cells of `\axi_rr_arbiter_3'.
Finding duplicate cells in `\axi_rr_arbiter_3'.
Computing hashes of 113 cells of `\axi_rr_arbiter_3'.
Finding duplicate cells in `\axi_rr_arbiter_3'.
<suppressed ~105 debug messages>
Removed a total of 35 cells.

2.12.3. Executing OPT_MUXTREE pass (detect dead branches in mux trees).
Running muxtree optimizer on module \axi_rr_arbiter_3..
  Creating internal representation of mux trees.
  Evaluating internal representation of mux trees.
      Replacing known input bits on port A of cell $procmux$277: \grant_valid_q -> 1'1
  Analyzing evaluation results.
    dead port 1/2 on $mux $procmux$530.
    dead port 1/2 on $mux $procmux$527.
    dead port 2/2 on $mux $procmux$518.
    dead port 2/2 on $mux $procmux$511.
    dead port 2/2 on $mux $procmux$601.
    dead port 2/2 on $mux $procmux$504.
    dead port 2/2 on $mux $procmux$497.
    dead port 1/2 on $mux $procmux$495.
    dead port 2/2 on $mux $procmux$487.
    dead port 2/2 on $mux $procmux$593.
    dead port 1/2 on $mux $procmux$485.
    dead port 2/2 on $mux $procmux$477.
    dead port 1/2 on $mux $procmux$475.
    dead port 2/2 on $mux $procmux$467.
    dead port 1/2 on $mux $procmux$591.
    dead port 1/2 on $mux $procmux$465.
    dead port 1/2 on $mux $procmux$462.
    dead port 2/2 on $mux $procmux$454.
    dead port 1/2 on $mux $procmux$452.
    dead port 1/2 on $mux $procmux$449.
    dead port 2/2 on $mux $procmux$442.
    dead port 2/2 on $mux $procmux$582.
    dead port 1/2 on $mux $procmux$440.
    dead port 1/2 on $mux $procmux$437.
    dead port 2/2 on $mux $procmux$429.
    dead port 2/2 on $mux $procmux$617.
    dead port 2/2 on $mux $procmux$423.
    dead port 1/2 on $mux $procmux$580.
    dead port 2/2 on $mux $procmux$417.
    dead port 2/2 on $mux $procmux$411.
    dead port 2/2 on $mux $procmux$571.
    dead port 1/2 on $mux $procmux$409.
    dead port 2/2 on $mux $procmux$402.
    dead port 1/2 on $mux $procmux$400.
    dead port 2/2 on $mux $procmux$393.
    dead port 1/2 on $mux $procmux$569.
    dead port 1/2 on $mux $procmux$391.
    dead port 2/2 on $mux $procmux$384.
    dead port 1/2 on $mux $procmux$382.
    dead port 1/2 on $mux $procmux$379.
    dead port 2/2 on $mux $procmux$372.
    dead port 2/2 on $mux $procmux$560.
    dead port 1/2 on $mux $procmux$370.
    dead port 1/2 on $mux $procmux$367.
    dead port 2/2 on $mux $procmux$360.
    dead port 1/2 on $mux $procmux$358.
    dead port 1/2 on $mux $procmux$355.
    dead port 1/2 on $mux $procmux$558.
    dead port 1/2 on $mux $procmux$555.
    dead port 2/2 on $mux $procmux$546.
    dead port 2/2 on $mux $procmux$609.
    dead port 1/2 on $mux $procmux$544.
    dead port 2/2 on $mux $procmux$309.
    dead port 1/2 on $mux $procmux$541.
    dead port 2/2 on $mux $procmux$291.
    dead port 2/2 on $mux $procmux$285.
    dead port 2/2 on $mux $procmux$279.
    dead port 2/2 on $mux $procmux$273.
    dead port 2/2 on $mux $procmux$267.
    dead port 2/2 on $mux $procmux$265.
    dead port 2/2 on $mux $procmux$256.
    dead port 2/2 on $mux $procmux$254.
    dead port 2/2 on $mux $procmux$532.
Removed 63 multiplexer ports.
<suppressed ~278 debug messages>

2.12.4. Executing OPT_REDUCE pass (consolidate $*mux and $reduce_* inputs).
  Optimizing cells in module \axi_rr_arbiter_3.
Performed a total of 0 changes.

2.12.5. Executing OPT_MERGE pass (detect identical cells).
Finding identical cells in module `\axi_rr_arbiter_3'.
Computing hashes of 50 cells of `\axi_rr_arbiter_3'.
Finding duplicate cells in `\axi_rr_arbiter_3'.
Computing hashes of 48 cells of `\axi_rr_arbiter_3'.
Finding duplicate cells in `\axi_rr_arbiter_3'.
Computing hashes of 46 cells of `\axi_rr_arbiter_3'.
Finding duplicate cells in `\axi_rr_arbiter_3'.
Computing hashes of 45 cells of `\axi_rr_arbiter_3'.
Finding duplicate cells in `\axi_rr_arbiter_3'.
<suppressed ~15 debug messages>
Removed a total of 5 cells.

2.12.6. Executing OPT_DFF pass (perform DFF optimizations).

2.12.7. Executing OPT_CLEAN pass (remove unused cells and wires).
Finding unused cells or wires in module \axi_rr_arbiter_3..
Removed 0 unused cells and 102 unused wires.
<suppressed ~1 debug messages>

2.12.8. Executing OPT_EXPR pass (perform const folding).
Optimizing module axi_rr_arbiter_3.

2.12.9. Rerunning OPT passes. (Maybe there is more to do..)

2.12.10. Executing OPT_MUXTREE pass (detect dead branches in mux trees).
Running muxtree optimizer on module \axi_rr_arbiter_3..
  Creating internal representation of mux trees.
  Evaluating internal representation of mux trees.
  Analyzing evaluation results.
Removed 0 multiplexer ports.
<suppressed ~106 debug messages>

2.12.11. Executing OPT_REDUCE pass (consolidate $*mux and $reduce_* inputs).
  Optimizing cells in module \axi_rr_arbiter_3.
Performed a total of 0 changes.

2.12.12. Executing OPT_MERGE pass (detect identical cells).
Finding identical cells in module `\axi_rr_arbiter_3'.
Computing hashes of 45 cells of `\axi_rr_arbiter_3'.
Finding duplicate cells in `\axi_rr_arbiter_3'.
Removed a total of 0 cells.

2.12.13. Executing OPT_DFF pass (perform DFF optimizations).

2.12.14. Executing OPT_CLEAN pass (remove unused cells and wires).
Finding unused cells or wires in module \axi_rr_arbiter_3..

2.12.15. Executing OPT_EXPR pass (perform const folding).
Optimizing module axi_rr_arbiter_3.

2.12.16. Finished fast OPT passes. (There is nothing left to do.)

2.13. Executing FSM pass (extract and optimize FSM).

2.13.1. Executing FSM_DETECT pass (finding FSMs in design).
Not marking axi_rr_arbiter_3.selected_manager_q as FSM state register:
    Register is connected to module port.
    Users of register don't seem to benefit from recoding.
Not marking axi_rr_arbiter_3.grant_q as FSM state register:
    Register is connected to module port.
    Users of register don't seem to benefit from recoding.
Found FSM state register axi_rr_arbiter_3.pointer_q.

2.13.2. Executing FSM_EXTRACT pass (extracting FSM from design).
Extracting FSM `\pointer_q' from module `\axi_rr_arbiter_3'.
  found $adff cell for state register: $procdff$638
  root of input selection tree: \pointer_d
  found reset state: 2'00 (from async reset)
  found ctrl input: \grant_valid_q
  found ctrl input: \downstream_ready
  found ctrl input: $procmux$252_CMP
  found ctrl input: $procmux$253_CMP
  found state code: 2'10
  found state code: 2'01
  ctrl inputs: { $procmux$253_CMP $procmux$252_CMP \grant_valid_q \downstream_ready }
  ctrl outputs: \pointer_d
  transition:       2'00 4'--0- ->       2'00 2'00
  transition:       2'00 4'--10 ->       2'00 2'00
  transition:       2'00 4'0011 ->       2'00 2'00
  transition:       2'00 4'1-11 ->       2'01 2'01
  transition:       2'00 4'-111 ->       2'10 2'10
  transition:       2'10 4'--0- ->       2'10 2'10
  transition:       2'10 4'--10 ->       2'10 2'10
  transition:       2'10 4'0011 ->       2'00 2'00
  transition:       2'10 4'1-11 ->       2'01 2'01
  transition:       2'10 4'-111 ->       2'10 2'10
  transition:       2'01 4'--0- ->       2'01 2'01
  transition:       2'01 4'--10 ->       2'01 2'01
  transition:       2'01 4'0011 ->       2'00 2'00
  transition:       2'01 4'1-11 ->       2'01 2'01
  transition:       2'01 4'-111 ->       2'10 2'10

2.13.3. Executing FSM_OPT pass (simple optimizations of FSMs).
Optimizing FSM `$fsm$\pointer_q$654' from module `\axi_rr_arbiter_3'.

2.13.4. Executing OPT_CLEAN pass (remove unused cells and wires).
Finding unused cells or wires in module \axi_rr_arbiter_3..
Removed 4 unused cells and 4 unused wires.
<suppressed ~5 debug messages>

2.13.5. Executing FSM_OPT pass (simple optimizations of FSMs).
Optimizing FSM `$fsm$\pointer_q$654' from module `\axi_rr_arbiter_3'.

2.13.6. Executing FSM_RECODE pass (re-assigning FSM state encoding).
Recoding FSM `$fsm$\pointer_q$654' from module `\axi_rr_arbiter_3' using `auto' encoding:
  mapping auto encoding to `one-hot` for this FSM.
  00 -> --1
  10 -> -1-
  01 -> 1--

2.13.7. Executing FSM_INFO pass (dumping all available information on FSM cells).

FSM `$fsm$\pointer_q$654' from module `axi_rr_arbiter_3':
-------------------------------------

  Information on FSM $fsm$\pointer_q$654 (\pointer_q):

  Number of input signals:    4
  Number of output signals:   2
  Number of state bits:       3

  Input signals:
    0: \downstream_ready
    1: \grant_valid_q
    2: $procmux$252_CMP
    3: $procmux$253_CMP

  Output signals:
    0: \pointer_d [0]
    1: \pointer_d [1]

  State encoding:
    0:      3'--1  <RESET STATE>
    1:      3'-1-
    2:      3'1--

  Transition Table (state_in, ctrl_in, state_out, ctrl_out):
      0:     0 4'--10   ->     0 2'00
      1:     0 4'0011   ->     0 2'00
      2:     0 4'--0-   ->     0 2'00
      3:     0 4'-111   ->     1 2'10
      4:     0 4'1-11   ->     2 2'01
      5:     1 4'0011   ->     0 2'00
      6:     1 4'--10   ->     1 2'10
      7:     1 4'-111   ->     1 2'10
      8:     1 4'--0-   ->     1 2'10
      9:     1 4'1-11   ->     2 2'01
     10:     2 4'0011   ->     0 2'00
     11:     2 4'-111   ->     1 2'10
     12:     2 4'--10   ->     2 2'01
     13:     2 4'1-11   ->     2 2'01
     14:     2 4'--0-   ->     2 2'01

-------------------------------------

2.13.8. Executing FSM_MAP pass (mapping FSMs to basic logic).
Mapping FSM `$fsm$\pointer_q$654' from module `\axi_rr_arbiter_3'.

2.14. Executing OPT pass (performing simple optimizations).

2.14.1. Executing OPT_EXPR pass (perform const folding).
Optimizing module axi_rr_arbiter_3.
<suppressed ~5 debug messages>

2.14.2. Executing OPT_MERGE pass (detect identical cells).
Finding identical cells in module `\axi_rr_arbiter_3'.
Computing hashes of 72 cells of `\axi_rr_arbiter_3'.
Finding duplicate cells in `\axi_rr_arbiter_3'.
Computing hashes of 62 cells of `\axi_rr_arbiter_3'.
Finding duplicate cells in `\axi_rr_arbiter_3'.
Computing hashes of 58 cells of `\axi_rr_arbiter_3'.
Finding duplicate cells in `\axi_rr_arbiter_3'.
Computing hashes of 56 cells of `\axi_rr_arbiter_3'.
Finding duplicate cells in `\axi_rr_arbiter_3'.
<suppressed ~48 debug messages>
Removed a total of 16 cells.

2.14.3. Executing OPT_MUXTREE pass (detect dead branches in mux trees).
Running muxtree optimizer on module \axi_rr_arbiter_3..
  Creating internal representation of mux trees.
  Evaluating internal representation of mux trees.
  Analyzing evaluation results.
Removed 0 multiplexer ports.
<suppressed ~102 debug messages>

2.14.4. Executing OPT_REDUCE pass (consolidate $*mux and $reduce_* inputs).
  Optimizing cells in module \axi_rr_arbiter_3.
Performed a total of 0 changes.

2.14.5. Executing OPT_MERGE pass (detect identical cells).
Finding identical cells in module `\axi_rr_arbiter_3'.
Computing hashes of 56 cells of `\axi_rr_arbiter_3'.
Finding duplicate cells in `\axi_rr_arbiter_3'.
Removed a total of 0 cells.

2.14.6. Executing OPT_DFF pass (perform DFF optimizations).
Adding EN signal on $procdff$643 ($adff) from module axi_rr_arbiter_3 (D = \grant_d, Q = \grant_q).
Adding EN signal on $procdff$653 ($adff) from module axi_rr_arbiter_3 (D = \selected_manager_d, Q = \selected_manager_q).

2.14.7. Executing OPT_CLEAN pass (remove unused cells and wires).
Finding unused cells or wires in module \axi_rr_arbiter_3..
Removed 0 unused cells and 16 unused wires.
<suppressed ~1 debug messages>

2.14.8. Executing OPT_EXPR pass (perform const folding).
Optimizing module axi_rr_arbiter_3.

2.14.9. Rerunning OPT passes. (Maybe there is more to do..)

2.14.10. Executing OPT_MUXTREE pass (detect dead branches in mux trees).
Running muxtree optimizer on module \axi_rr_arbiter_3..
  Creating internal representation of mux trees.
  Evaluating internal representation of mux trees.
  Analyzing evaluation results.
Removed 0 multiplexer ports.
<suppressed ~102 debug messages>

2.14.11. Executing OPT_REDUCE pass (consolidate $*mux and $reduce_* inputs).
  Optimizing cells in module \axi_rr_arbiter_3.
Performed a total of 0 changes.

2.14.12. Executing OPT_MERGE pass (detect identical cells).
Finding identical cells in module `\axi_rr_arbiter_3'.
Computing hashes of 58 cells of `\axi_rr_arbiter_3'.
Finding duplicate cells in `\axi_rr_arbiter_3'.
Computing hashes of 57 cells of `\axi_rr_arbiter_3'.
Finding duplicate cells in `\axi_rr_arbiter_3'.
<suppressed ~3 debug messages>
Removed a total of 1 cells.

2.14.13. Executing OPT_DFF pass (perform DFF optimizations).

2.14.14. Executing OPT_CLEAN pass (remove unused cells and wires).
Finding unused cells or wires in module \axi_rr_arbiter_3..
Removed 0 unused cells and 1 unused wires.
<suppressed ~1 debug messages>

2.14.15. Executing OPT_EXPR pass (perform const folding).
Optimizing module axi_rr_arbiter_3.

2.14.16. Rerunning OPT passes. (Maybe there is more to do..)

2.14.17. Executing OPT_MUXTREE pass (detect dead branches in mux trees).
Running muxtree optimizer on module \axi_rr_arbiter_3..
  Creating internal representation of mux trees.
  Evaluating internal representation of mux trees.
  Analyzing evaluation results.
Removed 0 multiplexer ports.
<suppressed ~102 debug messages>

2.14.18. Executing OPT_REDUCE pass (consolidate $*mux and $reduce_* inputs).
  Optimizing cells in module \axi_rr_arbiter_3.
Performed a total of 0 changes.

2.14.19. Executing OPT_MERGE pass (detect identical cells).
Finding identical cells in module `\axi_rr_arbiter_3'.
Computing hashes of 57 cells of `\axi_rr_arbiter_3'.
Finding duplicate cells in `\axi_rr_arbiter_3'.
Removed a total of 0 cells.

2.14.20. Executing OPT_DFF pass (perform DFF optimizations).

2.14.21. Executing OPT_CLEAN pass (remove unused cells and wires).
Finding unused cells or wires in module \axi_rr_arbiter_3..

2.14.22. Executing OPT_EXPR pass (perform const folding).
Optimizing module axi_rr_arbiter_3.

2.14.23. Finished fast OPT passes. (There is nothing left to do.)

2.15. Executing WREDUCE pass (reducing word size of cells).
Removed top 2 bits (of 4) from port B of cell axi_rr_arbiter_3.$auto$fsm_map.cc:77:implement_pattern_cache$665 ($eq).
Removed top 1 bits (of 2) from port B of cell axi_rr_arbiter_3.$procmux$263_CMP0 ($eq).
Removed top 1 bits (of 2) from mux cell axi_rr_arbiter_3.$procmux$364 ($mux).
Removed top 1 bits (of 3) from mux cell axi_rr_arbiter_3.$procmux$376 ($mux).
Removed top 1 bits (of 2) from mux cell axi_rr_arbiter_3.$procmux$397 ($mux).
Removed top 1 bits (of 3) from mux cell axi_rr_arbiter_3.$procmux$406 ($mux).
Removed top 2 bits (of 3) from mux cell axi_rr_arbiter_3.$procmux$459 ($mux).
Removed top 1 bits (of 2) from port B of cell axi_rr_arbiter_3.$procmux$622_CMP0 ($eq).
Removed top 1 bits (of 3) from wire axi_rr_arbiter_3.$9\candidate_grant[2:0].
Removed top 1 bits (of 3) from wire axi_rr_arbiter_3.$10\candidate_grant[2:0].
Removed top 2 bits (of 3) from wire axi_rr_arbiter_3.$7\candidate_grant[2:0].
Removed top 1 bits (of 2) from wire axi_rr_arbiter_3.$9\candidate_manager[1:0].
Removed top 1 bits (of 2) from wire axi_rr_arbiter_3.$10\candidate_manager[1:0].

2.16. Executing PEEPOPT pass (run peephole optimizers).

2.17. Executing OPT_CLEAN pass (remove unused cells and wires).
Finding unused cells or wires in module \axi_rr_arbiter_3..
Removed 0 unused cells and 5 unused wires.
<suppressed ~1 debug messages>

2.18. Executing SHARE pass (SAT-based resource sharing).

2.19. Executing TECHMAP pass (map to technology primitives).

2.19.1. Executing Verilog-2005 frontend: /Users/Dilan/eda/fabric-under-pressure/oss-cad-suite/libexec/../share/yosys/cmp2lut.v
Parsing Verilog input from `/Users/Dilan/eda/fabric-under-pressure/oss-cad-suite/libexec/../share/yosys/cmp2lut.v' to AST representation.
Generating RTLIL representation for module `\_90_lut_cmp_'.
Successfully finished Verilog frontend.

2.19.2. Continuing TECHMAP pass.
No more expansions possible.
<suppressed ~6 debug messages>

2.20. Executing OPT_EXPR pass (perform const folding).
Optimizing module axi_rr_arbiter_3.

2.21. Executing OPT_CLEAN pass (remove unused cells and wires).
Finding unused cells or wires in module \axi_rr_arbiter_3..

2.22. Executing TECHMAP pass (map to technology primitives).

2.22.1. Executing Verilog-2005 frontend: /Users/Dilan/eda/fabric-under-pressure/oss-cad-suite/libexec/../share/yosys/mul2dsp.v
Parsing Verilog input from `/Users/Dilan/eda/fabric-under-pressure/oss-cad-suite/libexec/../share/yosys/mul2dsp.v' to AST representation.
Generating RTLIL representation for module `\_80_mul'.
Generating RTLIL representation for module `\_90_soft_mul'.
Successfully finished Verilog frontend.

2.22.2. Continuing TECHMAP pass.
No more expansions possible.
<suppressed ~4 debug messages>

2.23. Executing TECHMAP pass (map to technology primitives).

2.23.1. Executing Verilog-2005 frontend: /Users/Dilan/eda/fabric-under-pressure/oss-cad-suite/libexec/../share/yosys/lattice/dsp_map_18x18.v
Parsing Verilog input from `/Users/Dilan/eda/fabric-under-pressure/oss-cad-suite/libexec/../share/yosys/lattice/dsp_map_18x18.v' to AST representation.
Generating RTLIL representation for module `$__MUL18X18'.
Successfully finished Verilog frontend.

2.23.2. Continuing TECHMAP pass.
No more expansions possible.
<suppressed ~3 debug messages>

2.24. Executing ALUMACC pass (create $alu and $macc cells).
Extracting $alu and $macc cells in module axi_rr_arbiter_3:
  created 0 $alu and 0 $macc cells.

2.25. Executing OPT pass (performing simple optimizations).

2.25.1. Executing OPT_EXPR pass (perform const folding).
Optimizing module axi_rr_arbiter_3.

2.25.2. Executing OPT_MERGE pass (detect identical cells).
Finding identical cells in module `\axi_rr_arbiter_3'.
Computing hashes of 57 cells of `\axi_rr_arbiter_3'.
Finding duplicate cells in `\axi_rr_arbiter_3'.
Removed a total of 0 cells.

2.25.3. Executing OPT_MUXTREE pass (detect dead branches in mux trees).
Running muxtree optimizer on module \axi_rr_arbiter_3..
  Creating internal representation of mux trees.
  Evaluating internal representation of mux trees.
  Analyzing evaluation results.
Removed 0 multiplexer ports.
<suppressed ~102 debug messages>

2.25.4. Executing OPT_REDUCE pass (consolidate $*mux and $reduce_* inputs).
  Optimizing cells in module \axi_rr_arbiter_3.
Performed a total of 0 changes.

2.25.5. Executing OPT_MERGE pass (detect identical cells).
Finding identical cells in module `\axi_rr_arbiter_3'.
Computing hashes of 57 cells of `\axi_rr_arbiter_3'.
Finding duplicate cells in `\axi_rr_arbiter_3'.
Computing hashes of 55 cells of `\axi_rr_arbiter_3'.
Finding duplicate cells in `\axi_rr_arbiter_3'.
<suppressed ~6 debug messages>
Removed a total of 2 cells.

2.25.6. Executing OPT_DFF pass (perform DFF optimizations).

2.25.7. Executing OPT_CLEAN pass (remove unused cells and wires).
Finding unused cells or wires in module \axi_rr_arbiter_3..
Removed 0 unused cells and 2 unused wires.
<suppressed ~1 debug messages>

2.25.8. Executing OPT_EXPR pass (perform const folding).
Optimizing module axi_rr_arbiter_3.

2.25.9. Rerunning OPT passes. (Maybe there is more to do..)

2.25.10. Executing OPT_MUXTREE pass (detect dead branches in mux trees).
Running muxtree optimizer on module \axi_rr_arbiter_3..
  Creating internal representation of mux trees.
  Evaluating internal representation of mux trees.
  Analyzing evaluation results.
Removed 0 multiplexer ports.
<suppressed ~106 debug messages>

2.25.11. Executing OPT_REDUCE pass (consolidate $*mux and $reduce_* inputs).
  Optimizing cells in module \axi_rr_arbiter_3.
Performed a total of 0 changes.

2.25.12. Executing OPT_MERGE pass (detect identical cells).
Finding identical cells in module `\axi_rr_arbiter_3'.
Computing hashes of 55 cells of `\axi_rr_arbiter_3'.
Finding duplicate cells in `\axi_rr_arbiter_3'.
Removed a total of 0 cells.

2.25.13. Executing OPT_DFF pass (perform DFF optimizations).

2.25.14. Executing OPT_CLEAN pass (remove unused cells and wires).
Finding unused cells or wires in module \axi_rr_arbiter_3..

2.25.15. Executing OPT_EXPR pass (perform const folding).
Optimizing module axi_rr_arbiter_3.

2.25.16. Finished fast OPT passes. (There is nothing left to do.)

2.26. Executing MEMORY pass.

2.26.1. Executing OPT_MEM pass (optimize memories).
Performed a total of 0 transformations.

2.26.2. Executing OPT_MEM_PRIORITY pass (removing unnecessary memory write priority relations).
Performed a total of 0 transformations.

2.26.3. Executing OPT_MEM_FEEDBACK pass (finding memory read-to-write feedback paths).

2.26.4. Executing MEMORY_BMUX2ROM pass (converting muxes to ROMs).

2.26.5. Executing MEMORY_DFF pass (merging $dff cells to $memrd).

2.26.6. Executing OPT_CLEAN pass (remove unused cells and wires).
Finding unused cells or wires in module \axi_rr_arbiter_3..

2.26.7. Executing MEMORY_SHARE pass (consolidating $memrd/$memwr cells).

2.26.8. Executing OPT_MEM_WIDEN pass (optimize memories where all ports are wide).
Performed a total of 0 transformations.

2.26.9. Executing OPT_CLEAN pass (remove unused cells and wires).
Finding unused cells or wires in module \axi_rr_arbiter_3..

2.26.10. Executing MEMORY_COLLECT pass (generating $mem cells).

2.27. Executing OPT_CLEAN pass (remove unused cells and wires).
Finding unused cells or wires in module \axi_rr_arbiter_3..

2.28. Executing MEMORY_LIBMAP pass (mapping memories to cells).

2.29. Executing TECHMAP pass (map to technology primitives).

2.29.1. Executing Verilog-2005 frontend: /Users/Dilan/eda/fabric-under-pressure/oss-cad-suite/libexec/../share/yosys/lattice/lutrams_map_trellis.v
Parsing Verilog input from `/Users/Dilan/eda/fabric-under-pressure/oss-cad-suite/libexec/../share/yosys/lattice/lutrams_map_trellis.v' to AST representation.
Generating RTLIL representation for module `$__TRELLIS_DPR16X4_'.
Successfully finished Verilog frontend.

2.29.2. Executing Verilog-2005 frontend: /Users/Dilan/eda/fabric-under-pressure/oss-cad-suite/libexec/../share/yosys/lattice/brams_map_16kd.v
Parsing Verilog input from `/Users/Dilan/eda/fabric-under-pressure/oss-cad-suite/libexec/../share/yosys/lattice/brams_map_16kd.v' to AST representation.
Generating RTLIL representation for module `$__DP16KD_'.
Generating RTLIL representation for module `$__PDPW16KD_'.
Successfully finished Verilog frontend.

2.29.3. Continuing TECHMAP pass.
No more expansions possible.
<suppressed ~5 debug messages>

2.30. Executing OPT pass (performing simple optimizations).

2.30.1. Executing OPT_EXPR pass (perform const folding).
Optimizing module axi_rr_arbiter_3.
<suppressed ~7 debug messages>

2.30.2. Executing OPT_MERGE pass (detect identical cells).
Finding identical cells in module `\axi_rr_arbiter_3'.
Computing hashes of 48 cells of `\axi_rr_arbiter_3'.
Finding duplicate cells in `\axi_rr_arbiter_3'.
Removed a total of 0 cells.

2.30.3. Executing OPT_DFF pass (perform DFF optimizations).

2.30.4. Executing OPT_CLEAN pass (remove unused cells and wires).
Finding unused cells or wires in module \axi_rr_arbiter_3..
Removed 0 unused cells and 5 unused wires.
<suppressed ~1 debug messages>

2.30.5. Finished fast OPT passes.

2.31. Executing MEMORY_MAP pass (converting memories to logic and flip-flops).

2.32. Executing OPT pass (performing simple optimizations).

2.32.1. Executing OPT_EXPR pass (perform const folding).
Optimizing module axi_rr_arbiter_3.

2.32.2. Executing OPT_MERGE pass (detect identical cells).
Finding identical cells in module `\axi_rr_arbiter_3'.
Computing hashes of 48 cells of `\axi_rr_arbiter_3'.
Finding duplicate cells in `\axi_rr_arbiter_3'.
Removed a total of 0 cells.

2.32.3. Executing OPT_MUXTREE pass (detect dead branches in mux trees).
Running muxtree optimizer on module \axi_rr_arbiter_3..
  Creating internal representation of mux trees.
  Evaluating internal representation of mux trees.
  Analyzing evaluation results.
Removed 0 multiplexer ports.
<suppressed ~47 debug messages>

2.32.4. Executing OPT_REDUCE pass (consolidate $*mux and $reduce_* inputs).
  Optimizing cells in module \axi_rr_arbiter_3.
    Consolidated identical input bits for $mux cell $procmux$492:
      Old ports: A={ 2'00 \request [0] }, B=3'100, Y=$6\candidate_grant[2:0]
      New ports: A={ 1'0 \request [0] }, B=2'10, Y={ $6\candidate_grant[2:0] [2] $6\candidate_grant[2:0] [0] }
      New connections: $6\candidate_grant[2:0] [1] = 1'0
    Consolidated identical input bits for $mux cell $procmux$552:
      Old ports: A=3'000, B=3'100, Y=$4\candidate_grant[2:0]
      New ports: A=1'0, B=1'1, Y=$4\candidate_grant[2:0] [2]
      New connections: $4\candidate_grant[2:0] [1:0] = 2'00
    Consolidated identical input bits for $mux cell $procmux$482:
      Old ports: A=2'00, B=2'10, Y=$4\candidate_manager[1:0]
      New ports: A=1'0, B=1'1, Y=$4\candidate_manager[1:0] [1]
      New connections: $4\candidate_manager[1:0] [0] = 1'0
    Consolidated identical input bits for $mux cell $procmux$376:
      Old ports: A=2'00, B=2'10, Y=$10\candidate_grant[2:0]
      New ports: A=1'0, B=1'1, Y=$10\candidate_grant[2:0] [1]
      New connections: $10\candidate_grant[2:0] [0] = 1'0
  Optimizing cells in module \axi_rr_arbiter_3.
    Consolidated identical input bits for $mux cell $procmux$588:
      Old ports: A=$4\candidate_grant[2:0], B=3'010, Y=$3\candidate_grant[2:0]
      New ports: A={ $4\candidate_grant[2:0] [2] 1'0 }, B=2'01, Y=$3\candidate_grant[2:0] [2:1]
      New connections: $3\candidate_grant[2:0] [0] = 1'0
  Optimizing cells in module \axi_rr_arbiter_3.
Performed a total of 5 changes.

2.32.5. Executing OPT_MERGE pass (detect identical cells).
Finding identical cells in module `\axi_rr_arbiter_3'.
Computing hashes of 48 cells of `\axi_rr_arbiter_3'.
Finding duplicate cells in `\axi_rr_arbiter_3'.
Computing hashes of 47 cells of `\axi_rr_arbiter_3'.
Finding duplicate cells in `\axi_rr_arbiter_3'.
Computing hashes of 46 cells of `\axi_rr_arbiter_3'.
Finding duplicate cells in `\axi_rr_arbiter_3'.
<suppressed ~6 debug messages>
Removed a total of 2 cells.

2.32.6. Executing OPT_DFF pass (perform DFF optimizations).

2.32.7. Executing OPT_CLEAN pass (remove unused cells and wires).
Finding unused cells or wires in module \axi_rr_arbiter_3..
Removed 0 unused cells and 2 unused wires.
<suppressed ~1 debug messages>

2.32.8. Executing OPT_EXPR pass (perform const folding).
Optimizing module axi_rr_arbiter_3.
<suppressed ~2 debug messages>

2.32.9. Rerunning OPT passes. (Maybe there is more to do..)

2.32.10. Executing OPT_MUXTREE pass (detect dead branches in mux trees).
Running muxtree optimizer on module \axi_rr_arbiter_3..
  Creating internal representation of mux trees.
  Evaluating internal representation of mux trees.
  Analyzing evaluation results.
Removed 0 multiplexer ports.
<suppressed ~42 debug messages>

2.32.11. Executing OPT_REDUCE pass (consolidate $*mux and $reduce_* inputs).
  Optimizing cells in module \axi_rr_arbiter_3.
Performed a total of 0 changes.

2.32.12. Executing OPT_MERGE pass (detect identical cells).
Finding identical cells in module `\axi_rr_arbiter_3'.
Computing hashes of 44 cells of `\axi_rr_arbiter_3'.
Finding duplicate cells in `\axi_rr_arbiter_3'.
Removed a total of 0 cells.

2.32.13. Executing OPT_DFF pass (perform DFF optimizations).

2.32.14. Executing OPT_CLEAN pass (remove unused cells and wires).
Finding unused cells or wires in module \axi_rr_arbiter_3..
Removed 0 unused cells and 2 unused wires.
<suppressed ~1 debug messages>

2.32.15. Executing OPT_EXPR pass (perform const folding).
Optimizing module axi_rr_arbiter_3.

2.32.16. Rerunning OPT passes. (Maybe there is more to do..)

2.32.17. Executing OPT_MUXTREE pass (detect dead branches in mux trees).
Running muxtree optimizer on module \axi_rr_arbiter_3..
  Creating internal representation of mux trees.
  Evaluating internal representation of mux trees.
  Analyzing evaluation results.
Removed 0 multiplexer ports.
<suppressed ~42 debug messages>

2.32.18. Executing OPT_REDUCE pass (consolidate $*mux and $reduce_* inputs).
  Optimizing cells in module \axi_rr_arbiter_3.
Performed a total of 0 changes.

2.32.19. Executing OPT_MERGE pass (detect identical cells).
Finding identical cells in module `\axi_rr_arbiter_3'.
Computing hashes of 44 cells of `\axi_rr_arbiter_3'.
Finding duplicate cells in `\axi_rr_arbiter_3'.
Removed a total of 0 cells.

2.32.20. Executing OPT_DFF pass (perform DFF optimizations).

2.32.21. Executing OPT_CLEAN pass (remove unused cells and wires).
Finding unused cells or wires in module \axi_rr_arbiter_3..

2.32.22. Executing OPT_EXPR pass (perform const folding).
Optimizing module axi_rr_arbiter_3.

2.32.23. Finished fast OPT passes. (There is nothing left to do.)

2.33. Executing TECHMAP pass (map to technology primitives).

2.33.1. Executing Verilog-2005 frontend: /Users/Dilan/eda/fabric-under-pressure/oss-cad-suite/libexec/../share/yosys/techmap.v
Parsing Verilog input from `/Users/Dilan/eda/fabric-under-pressure/oss-cad-suite/libexec/../share/yosys/techmap.v' to AST representation.
Generating RTLIL representation for module `\_90_simplemap_bool_ops'.
Generating RTLIL representation for module `\_90_simplemap_reduce_ops'.
Generating RTLIL representation for module `\_90_simplemap_logic_ops'.
Generating RTLIL representation for module `\_90_simplemap_compare_ops'.
Generating RTLIL representation for module `\_90_simplemap_various'.
Generating RTLIL representation for module `\_90_simplemap_registers'.
Generating RTLIL representation for module `\_90_shift_ops_shr_shl_sshl_sshr'.
Generating RTLIL representation for module `\_90_shift_shiftx'.
Generating RTLIL representation for module `\_90_fa'.
Generating RTLIL representation for module `\_90_lcu_brent_kung'.
Generating RTLIL representation for module `\_90_alu'.
Generating RTLIL representation for module `\_90_macc'.
Generating RTLIL representation for module `\_90_alumacc'.
Generating RTLIL representation for module `$__div_mod_u'.
Generating RTLIL representation for module `$__div_mod_trunc'.
Generating RTLIL representation for module `\_90_div'.
Generating RTLIL representation for module `\_90_mod'.
Generating RTLIL representation for module `$__div_mod_floor'.
Generating RTLIL representation for module `\_90_divfloor'.
Generating RTLIL representation for module `\_90_modfloor'.
Generating RTLIL representation for module `\_90_pow'.
Generating RTLIL representation for module `\_90_demux'.
Generating RTLIL representation for module `\_90_lut'.
Generating RTLIL representation for module `$connect'.
Generating RTLIL representation for module `$input_port'.
Successfully finished Verilog frontend.

2.33.2. Executing Verilog-2005 frontend: /Users/Dilan/eda/fabric-under-pressure/oss-cad-suite/libexec/../share/yosys/lattice/arith_map_ccu2c.v
Parsing Verilog input from `/Users/Dilan/eda/fabric-under-pressure/oss-cad-suite/libexec/../share/yosys/lattice/arith_map_ccu2c.v' to AST representation.
Generating RTLIL representation for module `\_80_ccu2c_alu'.
Successfully finished Verilog frontend.

2.33.3. Continuing TECHMAP pass.
Using extmapper simplemap for cells of type $ne.
Using extmapper simplemap for cells of type $adffe.
Using extmapper simplemap for cells of type $not.
Using extmapper simplemap for cells of type $eq.
Using extmapper simplemap for cells of type $and.
Using extmapper simplemap for cells of type $reduce_or.
Using extmapper simplemap for cells of type $adff.
Using extmapper simplemap for cells of type $logic_not.
Using extmapper simplemap for cells of type $mux.
Using extmapper simplemap for cells of type $pmux.
No more expansions possible.
<suppressed ~121 debug messages>

2.34. Executing OPT pass (performing simple optimizations).

2.34.1. Executing OPT_EXPR pass (perform const folding).
Optimizing module axi_rr_arbiter_3.
<suppressed ~29 debug messages>

2.34.2. Executing OPT_MERGE pass (detect identical cells).
Finding identical cells in module `\axi_rr_arbiter_3'.
Computing hashes of 119 cells of `\axi_rr_arbiter_3'.
Finding duplicate cells in `\axi_rr_arbiter_3'.
Computing hashes of 102 cells of `\axi_rr_arbiter_3'.
Finding duplicate cells in `\axi_rr_arbiter_3'.
Computing hashes of 93 cells of `\axi_rr_arbiter_3'.
Finding duplicate cells in `\axi_rr_arbiter_3'.
Computing hashes of 91 cells of `\axi_rr_arbiter_3'.
Finding duplicate cells in `\axi_rr_arbiter_3'.
Computing hashes of 89 cells of `\axi_rr_arbiter_3'.
Finding duplicate cells in `\axi_rr_arbiter_3'.
Computing hashes of 87 cells of `\axi_rr_arbiter_3'.
Finding duplicate cells in `\axi_rr_arbiter_3'.
Computing hashes of 85 cells of `\axi_rr_arbiter_3'.
Finding duplicate cells in `\axi_rr_arbiter_3'.
Computing hashes of 84 cells of `\axi_rr_arbiter_3'.
Finding duplicate cells in `\axi_rr_arbiter_3'.
<suppressed ~105 debug messages>
Removed a total of 35 cells.

2.34.3. Executing OPT_DFF pass (perform DFF optimizations).

2.34.4. Executing OPT_CLEAN pass (remove unused cells and wires).
Finding unused cells or wires in module \axi_rr_arbiter_3..
Removed 10 unused cells and 57 unused wires.
<suppressed ~11 debug messages>

2.34.5. Finished fast OPT passes.

2.35. Executing OPT_CLEAN pass (remove unused cells and wires).
Finding unused cells or wires in module \axi_rr_arbiter_3..

2.36. Executing DFFLEGALIZE pass (convert FFs and LATCHes to types supported by the target).

2.37. Executing OPT_MERGE pass (detect identical cells).
Finding identical cells in module `\axi_rr_arbiter_3'.
Computing hashes of 80 cells of `\axi_rr_arbiter_3'.
Finding duplicate cells in `\axi_rr_arbiter_3'.
Computing hashes of 75 cells of `\axi_rr_arbiter_3'.
Finding duplicate cells in `\axi_rr_arbiter_3'.
<suppressed ~15 debug messages>
Removed a total of 5 cells.

2.38. Executing TECHMAP pass (map to technology primitives).

2.38.1. Executing Verilog-2005 frontend: /Users/Dilan/eda/fabric-under-pressure/oss-cad-suite/libexec/../share/yosys/lattice/cells_map_trellis.v
Parsing Verilog input from `/Users/Dilan/eda/fabric-under-pressure/oss-cad-suite/libexec/../share/yosys/lattice/cells_map_trellis.v' to AST representation.
Generating RTLIL representation for module `$_DFF_N_'.
Generating RTLIL representation for module `$_DFF_P_'.
Generating RTLIL representation for module `$_DFFE_NN_'.
Generating RTLIL representation for module `$_DFFE_PN_'.
Generating RTLIL representation for module `$_DFFE_NP_'.
Generating RTLIL representation for module `$_DFFE_PP_'.
Generating RTLIL representation for module `$_DFF_NP0_'.
Generating RTLIL representation for module `$_DFF_NP1_'.
Generating RTLIL representation for module `$_DFF_PP0_'.
Generating RTLIL representation for module `$_DFF_PP1_'.
Generating RTLIL representation for module `$_SDFF_NP0_'.
Generating RTLIL representation for module `$_SDFF_NP1_'.
Generating RTLIL representation for module `$_SDFF_PP0_'.
Generating RTLIL representation for module `$_SDFF_PP1_'.
Generating RTLIL representation for module `$_DFFE_NP0P_'.
Generating RTLIL representation for module `$_DFFE_NP1P_'.
Generating RTLIL representation for module `$_DFFE_PP0P_'.
Generating RTLIL representation for module `$_DFFE_PP1P_'.
Generating RTLIL representation for module `$_DFFE_NP0N_'.
Generating RTLIL representation for module `$_DFFE_NP1N_'.
Generating RTLIL representation for module `$_DFFE_PP0N_'.
Generating RTLIL representation for module `$_DFFE_PP1N_'.
Generating RTLIL representation for module `$_SDFFE_NP0P_'.
Generating RTLIL representation for module `$_SDFFE_NP1P_'.
Generating RTLIL representation for module `$_SDFFE_PP0P_'.
Generating RTLIL representation for module `$_SDFFE_PP1P_'.
Generating RTLIL representation for module `$_SDFFE_NP0N_'.
Generating RTLIL representation for module `$_SDFFE_NP1N_'.
Generating RTLIL representation for module `$_SDFFE_PP0N_'.
Generating RTLIL representation for module `$_SDFFE_PP1N_'.
Generating RTLIL representation for module `$_ALDFF_NP_'.
Generating RTLIL representation for module `$_ALDFF_PP_'.
Generating RTLIL representation for module `$_ALDFFE_NPN_'.
Generating RTLIL representation for module `$_ALDFFE_NPP_'.
Generating RTLIL representation for module `$_ALDFFE_PPN_'.
Generating RTLIL representation for module `$_ALDFFE_PPP_'.
Generating RTLIL representation for module `\FD1P3AX'.
Generating RTLIL representation for module `\FD1P3AY'.
Generating RTLIL representation for module `\FD1P3BX'.
Generating RTLIL representation for module `\FD1P3DX'.
Generating RTLIL representation for module `\FD1P3IX'.
Generating RTLIL representation for module `\FD1P3JX'.
Generating RTLIL representation for module `\FD1S3AX'.
Generating RTLIL representation for module `\FD1S3AY'.
Generating RTLIL representation for module `\FD1S3BX'.
Generating RTLIL representation for module `\FD1S3DX'.
Generating RTLIL representation for module `\FD1S3IX'.
Generating RTLIL representation for module `\FD1S3JX'.
Generating RTLIL representation for module `\IFS1P3BX'.
Generating RTLIL representation for module `\IFS1P3DX'.
Generating RTLIL representation for module `\IFS1P3IX'.
Generating RTLIL representation for module `\IFS1P3JX'.
Generating RTLIL representation for module `\OFS1P3BX'.
Generating RTLIL representation for module `\OFS1P3DX'.
Generating RTLIL representation for module `\OFS1P3IX'.
Generating RTLIL representation for module `\OFS1P3JX'.
Generating RTLIL representation for module `\IB'.
Generating RTLIL representation for module `\IBPU'.
Generating RTLIL representation for module `\IBPD'.
Generating RTLIL representation for module `\OB'.
Generating RTLIL representation for module `\OBZ'.
Generating RTLIL representation for module `\OBZPU'.
Generating RTLIL representation for module `\OBZPD'.
Generating RTLIL representation for module `\OBCO'.
Generating RTLIL representation for module `\BB'.
Generating RTLIL representation for module `\BBPU'.
Generating RTLIL representation for module `\BBPD'.
Generating RTLIL representation for module `\ILVDS'.
Generating RTLIL representation for module `\OLVDS'.
Successfully finished Verilog frontend.

2.38.2. Continuing TECHMAP pass.
Using template $_DFF_PP0_ for cells of type $_DFF_PP0_.
Using template $_DFFE_PP0P_ for cells of type $_DFFE_PP0P_.
No more expansions possible.
<suppressed ~77 debug messages>

2.39. Executing OPT_EXPR pass (perform const folding).
Optimizing module axi_rr_arbiter_3.
<suppressed ~1 debug messages>

2.40. Executing SIMPLEMAP pass (map simple cells to gate primitives).

2.41. Executing LATTICE_GSR pass (implement FF init values).
Handling GSR in axi_rr_arbiter_3.

2.42. Executing ATTRMVCP pass (move or copy attributes).

2.43. Executing OPT_CLEAN pass (remove unused cells and wires).
Finding unused cells or wires in module \axi_rr_arbiter_3..
Removed 0 unused cells and 38 unused wires.
<suppressed ~1 debug messages>

2.44. Executing CHECK pass (checking for obvious problems).
Checking module axi_rr_arbiter_3...
Found and reported 0 problems.

2.45. Executing TECHMAP pass (map to technology primitives).

2.45.1. Executing Verilog-2005 frontend: /Users/Dilan/eda/fabric-under-pressure/oss-cad-suite/libexec/../share/yosys/lattice/latches_map.v
Parsing Verilog input from `/Users/Dilan/eda/fabric-under-pressure/oss-cad-suite/libexec/../share/yosys/lattice/latches_map.v' to AST representation.
Generating RTLIL representation for module `$_DLATCH_N_'.
Generating RTLIL representation for module `$_DLATCH_P_'.
Successfully finished Verilog frontend.

2.45.2. Continuing TECHMAP pass.
No more expansions possible.
<suppressed ~4 debug messages>

2.46. Executing ABC9 pass.

2.46.1. Executing ABC9_OPS pass (helper functions for ABC9).

2.46.2. Executing ABC9_OPS pass (helper functions for ABC9).

2.46.3. Executing PROC pass (convert processes to netlists).

2.46.3.1. Executing PROC_CLEAN pass (remove empty switches from decision trees).
Cleaned up 0 empty switches.

2.46.3.2. Executing PROC_RMDEAD pass (remove dead branches from decision trees).
Marked 1 switch rules as full_case in process $proc$/Users/Dilan/eda/fabric-under-pressure/oss-cad-suite/libexec/../share/yosys/lattice/common_sim.vh:282$1220 in module $paramod$37e41664cab9052a9b41c89036e0524f666a0fee\TRELLIS_FF.
Removed a total of 0 dead cases.

2.46.3.3. Executing PROC_PRUNE pass (remove redundant assignments in processes).
Removed 0 redundant assignments.
Promoted 1 assignment to connection.

2.46.3.4. Executing PROC_INIT pass (extract init attributes).
Found init rule in `$paramod$37e41664cab9052a9b41c89036e0524f666a0fee\TRELLIS_FF.$proc$/Users/Dilan/eda/fabric-under-pressure/oss-cad-suite/libexec/../share/yosys/lattice/common_sim.vh:278$1221'.
  Set init value: \Q = 1'0

2.46.3.5. Executing PROC_ARST pass (detect async resets in processes).
Found async reset \muxlsr in `$paramod$37e41664cab9052a9b41c89036e0524f666a0fee\TRELLIS_FF.$proc$/Users/Dilan/eda/fabric-under-pressure/oss-cad-suite/libexec/../share/yosys/lattice/common_sim.vh:282$1220'.

2.46.3.6. Executing PROC_ROM pass (convert switches to ROMs).
Converted 0 switches.
<suppressed ~1 debug messages>

2.46.3.7. Executing PROC_MUX pass (convert decision trees to multiplexers).
Creating decoders for process `$paramod$37e41664cab9052a9b41c89036e0524f666a0fee\TRELLIS_FF.$proc$/Users/Dilan/eda/fabric-under-pressure/oss-cad-suite/libexec/../share/yosys/lattice/common_sim.vh:278$1221'.
Creating decoders for process `$paramod$37e41664cab9052a9b41c89036e0524f666a0fee\TRELLIS_FF.$proc$/Users/Dilan/eda/fabric-under-pressure/oss-cad-suite/libexec/../share/yosys/lattice/common_sim.vh:282$1220'.
     1/1: $0\Q[0:0]

2.46.3.8. Executing PROC_DLATCH pass (convert process syncs to latches).

2.46.3.9. Executing PROC_DFF pass (convert process syncs to FFs).
Creating register for signal `$paramod$37e41664cab9052a9b41c89036e0524f666a0fee\TRELLIS_FF.\Q' using process `$paramod$37e41664cab9052a9b41c89036e0524f666a0fee\TRELLIS_FF.$proc$/Users/Dilan/eda/fabric-under-pressure/oss-cad-suite/libexec/../share/yosys/lattice/common_sim.vh:282$1220'.
  created $adff cell `$procdff$1226' with positive edge clock and positive level reset.

2.46.3.10. Executing PROC_MEMWR pass (convert process memory writes to cells).

2.46.3.11. Executing PROC_CLEAN pass (remove empty switches from decision trees).
Removing empty process `$paramod$37e41664cab9052a9b41c89036e0524f666a0fee\TRELLIS_FF.$proc$/Users/Dilan/eda/fabric-under-pressure/oss-cad-suite/libexec/../share/yosys/lattice/common_sim.vh:278$1221'.
Found and cleaned up 1 empty switch in `$paramod$37e41664cab9052a9b41c89036e0524f666a0fee\TRELLIS_FF.$proc$/Users/Dilan/eda/fabric-under-pressure/oss-cad-suite/libexec/../share/yosys/lattice/common_sim.vh:282$1220'.
Removing empty process `$paramod$37e41664cab9052a9b41c89036e0524f666a0fee\TRELLIS_FF.$proc$/Users/Dilan/eda/fabric-under-pressure/oss-cad-suite/libexec/../share/yosys/lattice/common_sim.vh:282$1220'.
Cleaned up 1 empty switch.

2.46.4. Executing PROC pass (convert processes to netlists).

2.46.4.1. Executing PROC_CLEAN pass (remove empty switches from decision trees).
Cleaned up 0 empty switches.

2.46.4.2. Executing PROC_RMDEAD pass (remove dead branches from decision trees).
Marked 1 switch rules as full_case in process $proc$/Users/Dilan/eda/fabric-under-pressure/oss-cad-suite/libexec/../share/yosys/lattice/common_sim.vh:282$1234 in module $paramod$68581f66a8fa831820fa7633bd24ba569ae9d7e3\TRELLIS_FF.
Removed a total of 0 dead cases.

2.46.4.3. Executing PROC_PRUNE pass (remove redundant assignments in processes).
Removed 0 redundant assignments.
Promoted 1 assignment to connection.

2.46.4.4. Executing PROC_INIT pass (extract init attributes).
Found init rule in `$paramod$68581f66a8fa831820fa7633bd24ba569ae9d7e3\TRELLIS_FF.$proc$/Users/Dilan/eda/fabric-under-pressure/oss-cad-suite/libexec/../share/yosys/lattice/common_sim.vh:278$1235'.
  Set init value: \Q = 1'0

2.46.4.5. Executing PROC_ARST pass (detect async resets in processes).
Found async reset \muxlsr in `$paramod$68581f66a8fa831820fa7633bd24ba569ae9d7e3\TRELLIS_FF.$proc$/Users/Dilan/eda/fabric-under-pressure/oss-cad-suite/libexec/../share/yosys/lattice/common_sim.vh:282$1234'.

2.46.4.6. Executing PROC_ROM pass (convert switches to ROMs).
Converted 0 switches.
<suppressed ~1 debug messages>

2.46.4.7. Executing PROC_MUX pass (convert decision trees to multiplexers).
Creating decoders for process `$paramod$68581f66a8fa831820fa7633bd24ba569ae9d7e3\TRELLIS_FF.$proc$/Users/Dilan/eda/fabric-under-pressure/oss-cad-suite/libexec/../share/yosys/lattice/common_sim.vh:278$1235'.
Creating decoders for process `$paramod$68581f66a8fa831820fa7633bd24ba569ae9d7e3\TRELLIS_FF.$proc$/Users/Dilan/eda/fabric-under-pressure/oss-cad-suite/libexec/../share/yosys/lattice/common_sim.vh:282$1234'.
     1/1: $0\Q[0:0]

2.46.4.8. Executing PROC_DLATCH pass (convert process syncs to latches).

2.46.4.9. Executing PROC_DFF pass (convert process syncs to FFs).
Creating register for signal `$paramod$68581f66a8fa831820fa7633bd24ba569ae9d7e3\TRELLIS_FF.\Q' using process `$paramod$68581f66a8fa831820fa7633bd24ba569ae9d7e3\TRELLIS_FF.$proc$/Users/Dilan/eda/fabric-under-pressure/oss-cad-suite/libexec/../share/yosys/lattice/common_sim.vh:282$1234'.
  created $adff cell `$procdff$1240' with positive edge clock and positive level reset.

2.46.4.10. Executing PROC_MEMWR pass (convert process memory writes to cells).

2.46.4.11. Executing PROC_CLEAN pass (remove empty switches from decision trees).
Removing empty process `$paramod$68581f66a8fa831820fa7633bd24ba569ae9d7e3\TRELLIS_FF.$proc$/Users/Dilan/eda/fabric-under-pressure/oss-cad-suite/libexec/../share/yosys/lattice/common_sim.vh:278$1235'.
Found and cleaned up 1 empty switch in `$paramod$68581f66a8fa831820fa7633bd24ba569ae9d7e3\TRELLIS_FF.$proc$/Users/Dilan/eda/fabric-under-pressure/oss-cad-suite/libexec/../share/yosys/lattice/common_sim.vh:282$1234'.
Removing empty process `$paramod$68581f66a8fa831820fa7633bd24ba569ae9d7e3\TRELLIS_FF.$proc$/Users/Dilan/eda/fabric-under-pressure/oss-cad-suite/libexec/../share/yosys/lattice/common_sim.vh:282$1234'.
Cleaned up 1 empty switch.

2.46.5. Executing SCC pass (detecting logic loops).
Found 0 SCCs in module axi_rr_arbiter_3.
Found 0 SCCs.

2.46.6. Executing ABC9_OPS pass (helper functions for ABC9).

2.46.7. Executing TECHMAP pass (map to technology primitives).

2.46.7.1. Executing Verilog-2005 frontend: /Users/Dilan/eda/fabric-under-pressure/oss-cad-suite/libexec/../share/yosys/techmap.v
Parsing Verilog input from `/Users/Dilan/eda/fabric-under-pressure/oss-cad-suite/libexec/../share/yosys/techmap.v' to AST representation.
Generating RTLIL representation for module `\_90_simplemap_bool_ops'.
Generating RTLIL representation for module `\_90_simplemap_reduce_ops'.
Generating RTLIL representation for module `\_90_simplemap_logic_ops'.
Generating RTLIL representation for module `\_90_simplemap_compare_ops'.
Generating RTLIL representation for module `\_90_simplemap_various'.
Generating RTLIL representation for module `\_90_simplemap_registers'.
Generating RTLIL representation for module `\_90_shift_ops_shr_shl_sshl_sshr'.
Generating RTLIL representation for module `\_90_shift_shiftx'.
Generating RTLIL representation for module `\_90_fa'.
Generating RTLIL representation for module `\_90_lcu_brent_kung'.
Generating RTLIL representation for module `\_90_alu'.
Generating RTLIL representation for module `\_90_macc'.
Generating RTLIL representation for module `\_90_alumacc'.
Generating RTLIL representation for module `$__div_mod_u'.
Generating RTLIL representation for module `$__div_mod_trunc'.
Generating RTLIL representation for module `\_90_div'.
Generating RTLIL representation for module `\_90_mod'.
Generating RTLIL representation for module `$__div_mod_floor'.
Generating RTLIL representation for module `\_90_divfloor'.
Generating RTLIL representation for module `\_90_modfloor'.
Generating RTLIL representation for module `\_90_pow'.
Generating RTLIL representation for module `\_90_demux'.
Generating RTLIL representation for module `\_90_lut'.
Generating RTLIL representation for module `$connect'.
Generating RTLIL representation for module `$input_port'.
Successfully finished Verilog frontend.

2.46.7.2. Continuing TECHMAP pass.
No more expansions possible.
<suppressed ~169 debug messages>

2.46.8. Executing OPT pass (performing simple optimizations).

2.46.8.1. Executing OPT_EXPR pass (perform const folding).
Optimizing module $paramod$37e41664cab9052a9b41c89036e0524f666a0fee\TRELLIS_FF.
Optimizing module $paramod$68581f66a8fa831820fa7633bd24ba569ae9d7e3\TRELLIS_FF.

2.46.8.2. Executing OPT_MERGE pass (detect identical cells).
Finding identical cells in module `$paramod$37e41664cab9052a9b41c89036e0524f666a0fee\TRELLIS_FF'.
Computing hashes of 2 cells of `$paramod$37e41664cab9052a9b41c89036e0524f666a0fee\TRELLIS_FF'.
Finding duplicate cells in `$paramod$37e41664cab9052a9b41c89036e0524f666a0fee\TRELLIS_FF'.
Finding identical cells in module `$paramod$68581f66a8fa831820fa7633bd24ba569ae9d7e3\TRELLIS_FF'.
Computing hashes of 2 cells of `$paramod$68581f66a8fa831820fa7633bd24ba569ae9d7e3\TRELLIS_FF'.
Finding duplicate cells in `$paramod$68581f66a8fa831820fa7633bd24ba569ae9d7e3\TRELLIS_FF'.
Removed a total of 0 cells.

2.46.8.3. Executing OPT_MUXTREE pass (detect dead branches in mux trees).
Running muxtree optimizer on module $paramod$37e41664cab9052a9b41c89036e0524f666a0fee\TRELLIS_FF..
  Creating internal representation of mux trees.
  No muxes found in this module.
Running muxtree optimizer on module $paramod$68581f66a8fa831820fa7633bd24ba569ae9d7e3\TRELLIS_FF..
  Creating internal representation of mux trees.
  No muxes found in this module.
Removed 0 multiplexer ports.

2.46.8.4. Executing OPT_REDUCE pass (consolidate $*mux and $reduce_* inputs).
  Optimizing cells in module $paramod$37e41664cab9052a9b41c89036e0524f666a0fee\TRELLIS_FF.
  Optimizing cells in module $paramod$68581f66a8fa831820fa7633bd24ba569ae9d7e3\TRELLIS_FF.
Performed a total of 0 changes.

2.46.8.5. Executing OPT_MERGE pass (detect identical cells).
Finding identical cells in module `$paramod$37e41664cab9052a9b41c89036e0524f666a0fee\TRELLIS_FF'.
Computing hashes of 2 cells of `$paramod$37e41664cab9052a9b41c89036e0524f666a0fee\TRELLIS_FF'.
Finding duplicate cells in `$paramod$37e41664cab9052a9b41c89036e0524f666a0fee\TRELLIS_FF'.
Finding identical cells in module `$paramod$68581f66a8fa831820fa7633bd24ba569ae9d7e3\TRELLIS_FF'.
Computing hashes of 2 cells of `$paramod$68581f66a8fa831820fa7633bd24ba569ae9d7e3\TRELLIS_FF'.
Finding duplicate cells in `$paramod$68581f66a8fa831820fa7633bd24ba569ae9d7e3\TRELLIS_FF'.
Removed a total of 0 cells.

2.46.8.6. Executing OPT_DFF pass (perform DFF optimizations).

2.46.8.7. Executing OPT_CLEAN pass (remove unused cells and wires).
Finding unused cells or wires in module $paramod$37e41664cab9052a9b41c89036e0524f666a0fee\TRELLIS_FF..
Finding unused cells or wires in module $paramod$68581f66a8fa831820fa7633bd24ba569ae9d7e3\TRELLIS_FF..

2.46.8.8. Executing OPT_EXPR pass (perform const folding).
Optimizing module $paramod$37e41664cab9052a9b41c89036e0524f666a0fee\TRELLIS_FF.
Optimizing module $paramod$68581f66a8fa831820fa7633bd24ba569ae9d7e3\TRELLIS_FF.

2.46.8.9. Finished fast OPT passes. (There is nothing left to do.)

2.46.9. Executing TECHMAP pass (map to technology primitives).

2.46.9.1. Executing Verilog-2005 frontend: /Users/Dilan/eda/fabric-under-pressure/oss-cad-suite/libexec/../share/yosys/abc9_map.v
Parsing Verilog input from `/Users/Dilan/eda/fabric-under-pressure/oss-cad-suite/libexec/../share/yosys/abc9_map.v' to AST representation.
Successfully finished Verilog frontend.

2.46.9.2. Continuing TECHMAP pass.
Using template $paramod$68581f66a8fa831820fa7633bd24ba569ae9d7e3\TRELLIS_FF for cells of type $paramod$68581f66a8fa831820fa7633bd24ba569ae9d7e3\TRELLIS_FF.
Using template $paramod$37e41664cab9052a9b41c89036e0524f666a0fee\TRELLIS_FF for cells of type $paramod$37e41664cab9052a9b41c89036e0524f666a0fee\TRELLIS_FF.
No more expansions possible.
<suppressed ~10 debug messages>

2.46.10. Executing Verilog-2005 frontend: /Users/Dilan/eda/fabric-under-pressure/oss-cad-suite/libexec/../share/yosys/abc9_model.v
Parsing Verilog input from `/Users/Dilan/eda/fabric-under-pressure/oss-cad-suite/libexec/../share/yosys/abc9_model.v' to AST representation.
Generating RTLIL representation for module `$__ABC9_DELAY'.
Generating RTLIL representation for module `$__ABC9_SCC_BREAKER'.
Generating RTLIL representation for module `$__DFF_N__$abc9_flop'.
Generating RTLIL representation for module `$__DFF_P__$abc9_flop'.
Successfully finished Verilog frontend.

2.46.11. Executing ABC9_OPS pass (helper functions for ABC9).
<suppressed ~2 debug messages>

2.46.12. Executing ABC9_OPS pass (helper functions for ABC9).

2.46.13. Executing ABC9_OPS pass (helper functions for ABC9).
<suppressed ~2 debug messages>

2.46.14. Executing TECHMAP pass (map to technology primitives).

2.46.14.1. Executing Verilog-2005 frontend: /Users/Dilan/eda/fabric-under-pressure/oss-cad-suite/libexec/../share/yosys/techmap.v
Parsing Verilog input from `/Users/Dilan/eda/fabric-under-pressure/oss-cad-suite/libexec/../share/yosys/techmap.v' to AST representation.
Generating RTLIL representation for module `\_90_simplemap_bool_ops'.
Generating RTLIL representation for module `\_90_simplemap_reduce_ops'.
Generating RTLIL representation for module `\_90_simplemap_logic_ops'.
Generating RTLIL representation for module `\_90_simplemap_compare_ops'.
Generating RTLIL representation for module `\_90_simplemap_various'.
Generating RTLIL representation for module `\_90_simplemap_registers'.
Generating RTLIL representation for module `\_90_shift_ops_shr_shl_sshl_sshr'.
Generating RTLIL representation for module `\_90_shift_shiftx'.
Generating RTLIL representation for module `\_90_fa'.
Generating RTLIL representation for module `\_90_lcu_brent_kung'.
Generating RTLIL representation for module `\_90_alu'.
Generating RTLIL representation for module `\_90_macc'.
Generating RTLIL representation for module `\_90_alumacc'.
Generating RTLIL representation for module `$__div_mod_u'.
Generating RTLIL representation for module `$__div_mod_trunc'.
Generating RTLIL representation for module `\_90_div'.
Generating RTLIL representation for module `\_90_mod'.
Generating RTLIL representation for module `$__div_mod_floor'.
Generating RTLIL representation for module `\_90_divfloor'.
Generating RTLIL representation for module `\_90_modfloor'.
Generating RTLIL representation for module `\_90_pow'.
Generating RTLIL representation for module `\_90_demux'.
Generating RTLIL representation for module `\_90_lut'.
Generating RTLIL representation for module `$connect'.
Generating RTLIL representation for module `$input_port'.
Successfully finished Verilog frontend.

2.46.14.2. Continuing TECHMAP pass.
No more expansions possible.
<suppressed ~173 debug messages>

2.46.15. Executing OPT pass (performing simple optimizations).

2.46.15.1. Executing OPT_EXPR pass (perform const folding).
Optimizing module axi_rr_arbiter_3.

2.46.15.2. Executing OPT_MERGE pass (detect identical cells).
Finding identical cells in module `\axi_rr_arbiter_3'.
Computing hashes of 0 cells of `\axi_rr_arbiter_3'.
Finding duplicate cells in `\axi_rr_arbiter_3'.
Removed a total of 0 cells.

2.46.15.3. Executing OPT_MUXTREE pass (detect dead branches in mux trees).
Running muxtree optimizer on module \axi_rr_arbiter_3..
  Creating internal representation of mux trees.
  No muxes found in this module.
Removed 0 multiplexer ports.

2.46.15.4. Executing OPT_REDUCE pass (consolidate $*mux and $reduce_* inputs).
  Optimizing cells in module \axi_rr_arbiter_3.
Performed a total of 0 changes.

2.46.15.5. Executing OPT_MERGE pass (detect identical cells).
Finding identical cells in module `\axi_rr_arbiter_3'.
Computing hashes of 0 cells of `\axi_rr_arbiter_3'.
Finding duplicate cells in `\axi_rr_arbiter_3'.
Removed a total of 0 cells.

2.46.15.6. Executing OPT_DFF pass (perform DFF optimizations).

2.46.15.7. Executing OPT_CLEAN pass (remove unused cells and wires).
Finding unused cells or wires in module \axi_rr_arbiter_3..

2.46.15.8. Executing OPT_EXPR pass (perform const folding).
Optimizing module axi_rr_arbiter_3.

2.46.15.9. Finished fast OPT passes. (There is nothing left to do.)

2.46.16. Executing AIGMAP pass (map logic to AIG).
Module axi_rr_arbiter_3: replaced 41 cells with 218 new cells, skipped 40 cells.
  replaced 2 cell types:
      18 $_MUX_
      23 $_OR_
  not replaced 6 cell types:
      16 $_AND_
      12 $_NOT_
       3 $paramod$37e41664cab9052a9b41c89036e0524f666a0fee\TRELLIS_FF
       3 $paramod$68581f66a8fa831820fa7633bd24ba569ae9d7e3\TRELLIS_FF
       3 $paramod$37e41664cab9052a9b41c89036e0524f666a0fee\TRELLIS_FF_$abc9_byp
       3 $paramod$68581f66a8fa831820fa7633bd24ba569ae9d7e3\TRELLIS_FF_$abc9_byp

2.46.16.1. Executing ABC9_OPS pass (helper functions for ABC9).

2.46.16.2. Executing ABC9_OPS pass (helper functions for ABC9).
Warning: Feature 'write_xaiger2' is experimental.

2.46.16.3. Executing XAIGER2 backend.
<suppressed ~34 debug messages>
Extracted 85 AND gates and 0 wires from module `axi_rr_arbiter_3' to a netlist network with 18 inputs and 39 outputs.

2.46.16.4. Executing ABC9_EXE pass (technology mapping using ABC9).

2.46.16.5. Executing ABC9.
Running ABC command: "<yosys-exe-dir>/yosys-abc" -s -f <abc-temp-dir>/abc.script 2>&1
ABC: ======== ABC command line "source <abc-temp-dir>/abc.script"
ABC: + read_lut <abc-temp-dir>/input.lut 
ABC: + read_box <abc-temp-dir>/input.box 
ABC: + &read <abc-temp-dir>/input.xaig 
ABC: + &ps 
ABC: <abc-temp-dir>/input : i/o =     12/     27  and =      63  lev =   13 (1.31)  mem = 0.00 MB  box = 6  bb = 6
ABC: + &scorr 
ABC: Warning: The network is combinational.
ABC: + &sweep 
ABC: + &dc2 
ABC: + &dch -f -r 
ABC: + &ps 
ABC: <abc-temp-dir>/input : i/o =     12/     27  and =      46  lev =    7 (0.90)  mem = 0.00 MB  ch =    7  box = 6  bb = 6
ABC: cst =       0  cls =      7  lit =       7  unused =      50  proof =     0
ABC: + &if -W 300 -v 
ABC: K = 7. Memory (bytes): Truth =    0. Cut =   76. Obj =  156. Set =  780. CutMin = no
ABC: Node =      46.  Ch =     7.  Total mem =    0.02 MB. Peak cut mem =    0.01 MB.
ABC: P:  Del = 1507.00.  Ar =      57.0.  Edge =       68.  Cut =      517.  T =     0.00 sec
ABC: P:  Del = 1507.00.  Ar =      57.0.  Edge =       68.  Cut =      517.  T =     0.00 sec
ABC: P:  Del = 1507.00.  Ar =      55.0.  Edge =       66.  Cut =      915.  T =     0.00 sec
ABC: F:  Del = 1507.00.  Ar =      51.0.  Edge =       65.  Cut =      808.  T =     0.00 sec
ABC: A:  Del = 1507.00.  Ar =      51.0.  Edge =       59.  Cut =      604.  T =     0.00 sec
ABC: A:  Del = 1507.00.  Ar =      51.0.  Edge =       59.  Cut =      632.  T =     0.00 sec
ABC: Total time =     0.00 sec
ABC: + &write -n <abc-temp-dir>/output.aig 
ABC: + &mfs 
ABC: + &ps -l 
ABC: <abc-temp-dir>/input : i/o =     12/     27  and =      58  lev =    8 (0.90)  mem = 0.00 MB  box = 6  bb = 6
ABC: Mapping (K=7)  :  lut =     13  edge =      55  lev =    3 (0.49)  levB =    4  mem = 0.00 MB
ABC: LUT = 13 : 2=4 30.8 %  3=2 15.4 %  4=1 7.7 %  5=1 7.7 %  6=3 23.1 %  7=2 15.4 %  Ave = 4.23
ABC: + &write -n <abc-temp-dir>/output.aig 
ABC: + &verify 
ABC: Networks are equivalent.  Time =     0.01 sec
ABC: + time 
ABC: elapse: 0.04 seconds, total: 0.04 seconds

2.46.16.6. Executing AIGER frontend.
<suppressed ~10 debug messages>
Removed 85 unused cells and 127 unused wires.

2.46.16.7. Executing ABC_OPS_REINTEGRATE pass (reintegrate ABC mapped design into module).
ABC RESULTS:              $lut cells:       14
ABC RESULTS:   $paramod$37e41664cab9052a9b41c89036e0524f666a0fee\TRELLIS_FF_$abc9_byp cells:        3
ABC RESULTS:   $paramod$68581f66a8fa831820fa7633bd24ba569ae9d7e3\TRELLIS_FF_$abc9_byp cells:        3
ABC RESULTS:           input signals:       10
ABC RESULTS:          output signals:        3
<suppressed ~78 debug messages>
Removing temp directory.

2.46.17. Executing TECHMAP pass (map to technology primitives).

2.46.17.1. Executing Verilog-2005 frontend: /Users/Dilan/eda/fabric-under-pressure/oss-cad-suite/libexec/../share/yosys/abc9_unmap.v
Parsing Verilog input from `/Users/Dilan/eda/fabric-under-pressure/oss-cad-suite/libexec/../share/yosys/abc9_unmap.v' to AST representation.
Generating RTLIL representation for module `$__DFF_x__$abc9_flop'.
Generating RTLIL representation for module `$__ABC9_SCC_BREAKER'.
Successfully finished Verilog frontend.

2.46.17.2. Continuing TECHMAP pass.
Using template $paramod$68581f66a8fa831820fa7633bd24ba569ae9d7e3\TRELLIS_FF for cells of type $paramod$68581f66a8fa831820fa7633bd24ba569ae9d7e3\TRELLIS_FF.
Using template $paramod$37e41664cab9052a9b41c89036e0524f666a0fee\TRELLIS_FF for cells of type $paramod$37e41664cab9052a9b41c89036e0524f666a0fee\TRELLIS_FF.
Using template $paramod$68581f66a8fa831820fa7633bd24ba569ae9d7e3\TRELLIS_FF_$abc9_byp for cells of type $paramod$68581f66a8fa831820fa7633bd24ba569ae9d7e3\TRELLIS_FF_$abc9_byp.
Using template $paramod$37e41664cab9052a9b41c89036e0524f666a0fee\TRELLIS_FF_$abc9_byp for cells of type $paramod$37e41664cab9052a9b41c89036e0524f666a0fee\TRELLIS_FF_$abc9_byp.
No more expansions possible.
<suppressed ~21 debug messages>
Removed 3 unused cells and 127 unused wires.

2.47. Executing TECHMAP pass (map to technology primitives).

2.47.1. Executing Verilog-2005 frontend: /Users/Dilan/eda/fabric-under-pressure/oss-cad-suite/libexec/../share/yosys/lattice/cells_map_trellis.v
Parsing Verilog input from `/Users/Dilan/eda/fabric-under-pressure/oss-cad-suite/libexec/../share/yosys/lattice/cells_map_trellis.v' to AST representation.
Generating RTLIL representation for module `$_DFF_N_'.
Generating RTLIL representation for module `$_DFF_P_'.
Generating RTLIL representation for module `$_DFFE_NN_'.
Generating RTLIL representation for module `$_DFFE_PN_'.
Generating RTLIL representation for module `$_DFFE_NP_'.
Generating RTLIL representation for module `$_DFFE_PP_'.
Generating RTLIL representation for module `$_DFF_NP0_'.
Generating RTLIL representation for module `$_DFF_NP1_'.
Generating RTLIL representation for module `$_DFF_PP0_'.
Generating RTLIL representation for module `$_DFF_PP1_'.
Generating RTLIL representation for module `$_SDFF_NP0_'.
Generating RTLIL representation for module `$_SDFF_NP1_'.
Generating RTLIL representation for module `$_SDFF_PP0_'.
Generating RTLIL representation for module `$_SDFF_PP1_'.
Generating RTLIL representation for module `$_DFFE_NP0P_'.
Generating RTLIL representation for module `$_DFFE_NP1P_'.
Generating RTLIL representation for module `$_DFFE_PP0P_'.
Generating RTLIL representation for module `$_DFFE_PP1P_'.
Generating RTLIL representation for module `$_DFFE_NP0N_'.
Generating RTLIL representation for module `$_DFFE_NP1N_'.
Generating RTLIL representation for module `$_DFFE_PP0N_'.
Generating RTLIL representation for module `$_DFFE_PP1N_'.
Generating RTLIL representation for module `$_SDFFE_NP0P_'.
Generating RTLIL representation for module `$_SDFFE_NP1P_'.
Generating RTLIL representation for module `$_SDFFE_PP0P_'.
Generating RTLIL representation for module `$_SDFFE_PP1P_'.
Generating RTLIL representation for module `$_SDFFE_NP0N_'.
Generating RTLIL representation for module `$_SDFFE_NP1N_'.
Generating RTLIL representation for module `$_SDFFE_PP0N_'.
Generating RTLIL representation for module `$_SDFFE_PP1N_'.
Generating RTLIL representation for module `$_ALDFF_NP_'.
Generating RTLIL representation for module `$_ALDFF_PP_'.
Generating RTLIL representation for module `$_ALDFFE_NPN_'.
Generating RTLIL representation for module `$_ALDFFE_NPP_'.
Generating RTLIL representation for module `$_ALDFFE_PPN_'.
Generating RTLIL representation for module `$_ALDFFE_PPP_'.
Generating RTLIL representation for module `\FD1P3AX'.
Generating RTLIL representation for module `\FD1P3AY'.
Generating RTLIL representation for module `\FD1P3BX'.
Generating RTLIL representation for module `\FD1P3DX'.
Generating RTLIL representation for module `\FD1P3IX'.
Generating RTLIL representation for module `\FD1P3JX'.
Generating RTLIL representation for module `\FD1S3AX'.
Generating RTLIL representation for module `\FD1S3AY'.
Generating RTLIL representation for module `\FD1S3BX'.
Generating RTLIL representation for module `\FD1S3DX'.
Generating RTLIL representation for module `\FD1S3IX'.
Generating RTLIL representation for module `\FD1S3JX'.
Generating RTLIL representation for module `\IFS1P3BX'.
Generating RTLIL representation for module `\IFS1P3DX'.
Generating RTLIL representation for module `\IFS1P3IX'.
Generating RTLIL representation for module `\IFS1P3JX'.
Generating RTLIL representation for module `\OFS1P3BX'.
Generating RTLIL representation for module `\OFS1P3DX'.
Generating RTLIL representation for module `\OFS1P3IX'.
Generating RTLIL representation for module `\OFS1P3JX'.
Generating RTLIL representation for module `\IB'.
Generating RTLIL representation for module `\IBPU'.
Generating RTLIL representation for module `\IBPD'.
Generating RTLIL representation for module `\OB'.
Generating RTLIL representation for module `\OBZ'.
Generating RTLIL representation for module `\OBZPU'.
Generating RTLIL representation for module `\OBZPD'.
Generating RTLIL representation for module `\OBCO'.
Generating RTLIL representation for module `\BB'.
Generating RTLIL representation for module `\BBPU'.
Generating RTLIL representation for module `\BBPD'.
Generating RTLIL representation for module `\ILVDS'.
Generating RTLIL representation for module `\OLVDS'.
Generating RTLIL representation for module `$lut'.
Successfully finished Verilog frontend.

2.47.2. Continuing TECHMAP pass.
Using template $paramod$lut\WIDTH=32'00000000000000000000000000000010\LUT=4'1000 for cells of type $lut.
Using template $paramod$b738327f68fe6bf1555d8b2ce106aa85e35a6229$lut for cells of type $lut.
Using template $paramod$lut\WIDTH=32'00000000000000000000000000000010\LUT=4'1101 for cells of type $lut.
Using template $paramod$lut\WIDTH=32'00000000000000000000000000000011\LUT=8'00000001 for cells of type $lut.
Using template $paramod$f0d7c3a9d4448266e4be48d3a95457fbe4de29e5$lut for cells of type $lut.
Using template $paramod$600e5d6a0c9cecf708a8cb19bc4ccbefd9d72f7a$lut for cells of type $lut.
Using template $paramod$lut\WIDTH=32'00000000000000000000000000000010\LUT=4'0001 for cells of type $lut.
Using template $paramod$lut\WIDTH=32'00000000000000000000000000000011\LUT=8'11001010 for cells of type $lut.
Using template $paramod$2aaf849bc6022d2051a74e5fe55e063f4754630b$lut for cells of type $lut.
Using template $paramod$ad6377899c802fd6788f5b884b8d50e129a56ce4$lut for cells of type $lut.
Using template $paramod$f26efae8dce53dcd767aae9afbafc16e0a447798$lut for cells of type $lut.
Using template $paramod$6b925a71594464c993b26314c4ccacb3fbb2ce85$lut for cells of type $lut.
Using template $paramod$lut\WIDTH=32'00000000000000000000000000000001\LUT=2'01 for cells of type $lut.
No more expansions possible.
<suppressed ~229 debug messages>

2.48. Executing OPT_LUT_INS pass (discard unused LUT inputs).
Optimizing LUTs in axi_rr_arbiter_3.
  Optimizing lut $abc$3784$lut$aiger$o32.genblk1.genblk1.genblk1.genblk1.genblk1.genblk1.lut2 (4 -> 3)
  Optimizing lut $abc$3784$lut$aiger$o32.genblk1.genblk1.genblk1.genblk1.genblk1.genblk1.lut3 (4 -> 2)
  Optimizing lut $abc$3784$lut$aiger$o25.genblk1.genblk1.genblk1.genblk1.genblk1.genblk1.genblk1.lut2 (4 -> 2)
  Optimizing lut $abc$3784$lut$aiger$o25.genblk1.genblk1.genblk1.genblk1.genblk1.genblk1.genblk1.lut3 (4 -> 1)
  Optimizing lut $abc$3784$lut$aiger$o25.genblk1.genblk1.genblk1.genblk1.genblk1.genblk1.genblk1.lut6 (4 -> 3)
  Optimizing lut $abc$3784$lut$aiger$o25.genblk1.genblk1.genblk1.genblk1.genblk1.genblk1.genblk1.lut7 (4 -> 0)
  Optimizing lut $abc$3784$lut$aiger$o21.genblk1.genblk1.genblk1.genblk1.genblk1.genblk1.genblk1.lut1 (4 -> 0)
  Optimizing lut $abc$3784$lut$aiger$o21.genblk1.genblk1.genblk1.genblk1.genblk1.genblk1.genblk1.lut2 (4 -> 0)
  Optimizing lut $abc$3784$lut$aiger$o21.genblk1.genblk1.genblk1.genblk1.genblk1.genblk1.genblk1.lut3 (4 -> 0)
  Optimizing lut $abc$3784$lut$aiger$o21.genblk1.genblk1.genblk1.genblk1.genblk1.genblk1.genblk1.lut4 (4 -> 2)
  Optimizing lut $abc$3784$lut$aiger$o21.genblk1.genblk1.genblk1.genblk1.genblk1.genblk1.genblk1.lut5 (4 -> 1)
  Optimizing lut $abc$3784$lut$aiger$o21.genblk1.genblk1.genblk1.genblk1.genblk1.genblk1.genblk1.lut6 (4 -> 0)
  Optimizing lut $abc$3784$lut$aiger$o21.genblk1.genblk1.genblk1.genblk1.genblk1.genblk1.genblk1.lut7 (4 -> 2)
  Optimizing lut $abc$3784$lut$aiger3783$69.genblk1.genblk1.genblk1.genblk1.genblk1.genblk1.lut1 (4 -> 2)
  Optimizing lut $abc$3784$lut$aiger3783$69.genblk1.genblk1.genblk1.genblk1.genblk1.genblk1.lut2 (4 -> 1)
  Optimizing lut $abc$3784$lut$aiger3783$69.genblk1.genblk1.genblk1.genblk1.genblk1.genblk1.lut3 (4 -> 2)
  Optimizing lut $abc$3784$lut$aiger3783$34.genblk1.genblk1.genblk1.genblk1.genblk1.genblk1.lut2 (4 -> 0)
  Optimizing lut $abc$3784$lut$aiger3783$34.genblk1.genblk1.genblk1.genblk1.genblk1.genblk1.lut3 (4 -> 2)
  Optimizing lut $abc$3784$lut$aiger3783$69.genblk1.genblk1.genblk1.genblk1.genblk1.genblk1.lut0 (4 -> 3)
  Optimizing lut $abc$3784$lut$aiger$o25.genblk1.genblk1.genblk1.genblk1.genblk1.genblk1.genblk1.lut0 (4 -> 3)
  Optimizing lut $abc$3784$lut$aiger3783$34.genblk1.genblk1.genblk1.genblk1.genblk1.genblk1.lut1 (4 -> 3)
  Optimizing lut $abc$3784$lut$aiger3783$34.genblk1.genblk1.genblk1.genblk1.genblk1.genblk1.lut0 (4 -> 0)
  Optimizing lut $auto$abc_ops_reintegrate.cc:655:reintegrate$3785.genblk1.genblk1.genblk1.genblk1.genblk1.lut0 (4 -> 2)
  Optimizing lut $abc$3784$lut$aiger$o25.genblk1.genblk1.genblk1.genblk1.genblk1.genblk1.genblk1.lut1 (4 -> 3)
  Optimizing lut $abc$3784$lut$aiger$o32.genblk1.genblk1.genblk1.genblk1.genblk1.genblk1.lut0 (4 -> 0)
  Optimizing lut $abc$3784$lut$aiger$o21.genblk1.genblk1.genblk1.genblk1.genblk1.genblk1.genblk1.lut0 (4 -> 0)
  Optimizing lut $abc$3784$lut$aiger$o32.genblk1.genblk1.genblk1.genblk1.genblk1.genblk1.lut1 (4 -> 0)
Removed 0 unused cells and 34 unused wires.

2.49. Executing AUTONAME pass.
Renamed 126 objects in module axi_rr_arbiter_3.
<suppressed ~126 debug messages>

2.50. Executing HIERARCHY pass (managing design hierarchy).
Attribute `top' found on module `axi_rr_arbiter_3'. Setting top module to axi_rr_arbiter_3.

2.50.1. Analyzing design hierarchy..
Top module:  \axi_rr_arbiter_3

2.50.2. Analyzing design hierarchy..
Top module:  \axi_rr_arbiter_3
Removed 0 unused modules.

2.51. Printing statistics.

=== axi_rr_arbiter_3 ===

        +----------Local Count, excluding submodules.
        | 
       65 wires
       91 wire bits
       65 public wires
       91 public wire bits
        7 ports
       12 port bits
       68 submodules
        9   L6MUX21
       38   LUT4
       15   PFUMX
        6   TRELLIS_FF

=== design hierarchy ===

        +----------Count including submodules.
        | 
        - axi_rr_arbiter_3

        +----------Count including submodules.
        | 
       65 wires
       91 wire bits
       65 public wires
       91 public wire bits
        7 ports
       12 port bits
        - memories
        - memory bits
        - processes
        - cells
       68 submodules
        9   L6MUX21
       38   LUT4
       15   PFUMX
        6   TRELLIS_FF

2.52. Executing CHECK pass (checking for obvious problems).
Checking module axi_rr_arbiter_3...
Found and reported 0 problems.

2.53. Executing JSON backend.

3. Printing statistics.

=== axi_rr_arbiter_3 ===

        +----------Local Count, excluding submodules.
        | 
       65 wires
       91 wire bits
       65 public wires
       91 public wire bits
        7 ports
       12 port bits
       68 cells
        9   L6MUX21
       38   LUT4
       15   PFUMX
        6   TRELLIS_FF

Warnings: 1 unique messages, 1 total
Warnings: 1 experimental features used (not excluded with -x).
End of script. Logfile hash: fdb87d4f5e, time: 0.56s, user: 0.38s, system: 0.05s, MEM: 31.02 MB peak
Yosys 0.69+75 (git sha1 f0b945f63-dirty, Release, Clang /usr/local/osxcross/target/bin/aarch64-apple-darwin25.5-clang++ 21.1.8)
Time spent: 62% 21x read_verilog (0 sec), 13% 1x abc9_exe (0 sec), ...
