SBY 20:51:34 [/Users/Dilan/Projects/fabric-under-pressure/results/raw/write_owner/formal_prove] Removing directory '/Users/Dilan/Projects/fabric-under-pressure/results/raw/write_owner/formal_prove'.
SBY 20:51:34 [/Users/Dilan/Projects/fabric-under-pressure/results/raw/write_owner/formal_prove] Copy '/Users/Dilan/Projects/fabric-under-pressure/formal/../rtl/axi_write_owner.sv' to '/Users/Dilan/Projects/fabric-under-pressure/results/raw/write_owner/formal_prove/src/axi_write_owner.sv'.
SBY 20:51:34 [/Users/Dilan/Projects/fabric-under-pressure/results/raw/write_owner/formal_prove] Copy '/Users/Dilan/Projects/fabric-under-pressure/formal/axi_write_owner_formal.sv' to '/Users/Dilan/Projects/fabric-under-pressure/results/raw/write_owner/formal_prove/src/axi_write_owner_formal.sv'.
SBY 20:51:34 [/Users/Dilan/Projects/fabric-under-pressure/results/raw/write_owner/formal_prove] engine_0: smtbmc
SBY 20:51:34 [/Users/Dilan/Projects/fabric-under-pressure/results/raw/write_owner/formal_prove] base: starting process "cd /Users/Dilan/Projects/fabric-under-pressure/results/raw/write_owner/formal_prove/src; yosys -ql ../model/design.log ../model/design.ys"
SBY 20:51:34 [/Users/Dilan/Projects/fabric-under-pressure/results/raw/write_owner/formal_prove] base: finished (returncode=0)
SBY 20:51:34 [/Users/Dilan/Projects/fabric-under-pressure/results/raw/write_owner/formal_prove] prep: starting process "cd /Users/Dilan/Projects/fabric-under-pressure/results/raw/write_owner/formal_prove/model; yosys -ql design_prep.log design_prep.ys"
SBY 20:51:35 [/Users/Dilan/Projects/fabric-under-pressure/results/raw/write_owner/formal_prove] prep: finished (returncode=0)
SBY 20:51:35 [/Users/Dilan/Projects/fabric-under-pressure/results/raw/write_owner/formal_prove] smt2: starting process "cd /Users/Dilan/Projects/fabric-under-pressure/results/raw/write_owner/formal_prove/model; yosys -ql design_smt2.log design_smt2.ys"
SBY 20:51:35 [/Users/Dilan/Projects/fabric-under-pressure/results/raw/write_owner/formal_prove] smt2: finished (returncode=0)
SBY 20:51:35 [/Users/Dilan/Projects/fabric-under-pressure/results/raw/write_owner/formal_prove] engine_0: starting process "cd /Users/Dilan/Projects/fabric-under-pressure/results/raw/write_owner/formal_prove; yosys-smtbmc --presat --unroll --noprogress -t 12  --append 0 --dump-vcd engine_0/trace.vcd --dump-yw engine_0/trace.yw --dump-vlogtb engine_0/trace_tb.v --dump-smtc engine_0/trace.smtc model/design_smt2.smt2"
SBY 20:51:35 [/Users/Dilan/Projects/fabric-under-pressure/results/raw/write_owner/formal_prove] engine_0: ##   0:00:00  Solver: yices
SBY 20:51:35 [/Users/Dilan/Projects/fabric-under-pressure/results/raw/write_owner/formal_prove] engine_0: ##   0:00:00  Checking assumptions in step 0..
SBY 20:51:35 [/Users/Dilan/Projects/fabric-under-pressure/results/raw/write_owner/formal_prove] engine_0: ##   0:00:00  Checking assertions in step 0..
SBY 20:51:35 [/Users/Dilan/Projects/fabric-under-pressure/results/raw/write_owner/formal_prove] engine_0: ##   0:00:00  Checking assumptions in step 1..
SBY 20:51:35 [/Users/Dilan/Projects/fabric-under-pressure/results/raw/write_owner/formal_prove] engine_0: ##   0:00:00  Checking assertions in step 1..
SBY 20:51:35 [/Users/Dilan/Projects/fabric-under-pressure/results/raw/write_owner/formal_prove] engine_0: ##   0:00:00  Checking assumptions in step 2..
SBY 20:51:35 [/Users/Dilan/Projects/fabric-under-pressure/results/raw/write_owner/formal_prove] engine_0: ##   0:00:00  Checking assertions in step 2..
SBY 20:51:35 [/Users/Dilan/Projects/fabric-under-pressure/results/raw/write_owner/formal_prove] engine_0: ##   0:00:00  Checking assumptions in step 3..
SBY 20:51:35 [/Users/Dilan/Projects/fabric-under-pressure/results/raw/write_owner/formal_prove] engine_0: ##   0:00:00  Checking assertions in step 3..
SBY 20:51:35 [/Users/Dilan/Projects/fabric-under-pressure/results/raw/write_owner/formal_prove] engine_0: ##   0:00:00  Checking assumptions in step 4..
SBY 20:51:35 [/Users/Dilan/Projects/fabric-under-pressure/results/raw/write_owner/formal_prove] engine_0: ##   0:00:00  Checking assertions in step 4..
SBY 20:51:35 [/Users/Dilan/Projects/fabric-under-pressure/results/raw/write_owner/formal_prove] engine_0: ##   0:00:00  Checking assumptions in step 5..
SBY 20:51:35 [/Users/Dilan/Projects/fabric-under-pressure/results/raw/write_owner/formal_prove] engine_0: ##   0:00:00  Checking assertions in step 5..
SBY 20:51:35 [/Users/Dilan/Projects/fabric-under-pressure/results/raw/write_owner/formal_prove] engine_0: ##   0:00:00  Checking assumptions in step 6..
SBY 20:51:35 [/Users/Dilan/Projects/fabric-under-pressure/results/raw/write_owner/formal_prove] engine_0: ##   0:00:00  Checking assertions in step 6..
SBY 20:51:35 [/Users/Dilan/Projects/fabric-under-pressure/results/raw/write_owner/formal_prove] engine_0: ##   0:00:00  Checking assumptions in step 7..
SBY 20:51:35 [/Users/Dilan/Projects/fabric-under-pressure/results/raw/write_owner/formal_prove] engine_0: ##   0:00:00  Checking assertions in step 7..
SBY 20:51:35 [/Users/Dilan/Projects/fabric-under-pressure/results/raw/write_owner/formal_prove] engine_0: ##   0:00:00  Checking assumptions in step 8..
SBY 20:51:35 [/Users/Dilan/Projects/fabric-under-pressure/results/raw/write_owner/formal_prove] engine_0: ##   0:00:00  Checking assertions in step 8..
SBY 20:51:35 [/Users/Dilan/Projects/fabric-under-pressure/results/raw/write_owner/formal_prove] engine_0: ##   0:00:00  Checking assumptions in step 9..
SBY 20:51:35 [/Users/Dilan/Projects/fabric-under-pressure/results/raw/write_owner/formal_prove] engine_0: ##   0:00:00  Checking assertions in step 9..
SBY 20:51:35 [/Users/Dilan/Projects/fabric-under-pressure/results/raw/write_owner/formal_prove] engine_0: ##   0:00:00  Checking assumptions in step 10..
SBY 20:51:35 [/Users/Dilan/Projects/fabric-under-pressure/results/raw/write_owner/formal_prove] engine_0: ##   0:00:00  Checking assertions in step 10..
SBY 20:51:35 [/Users/Dilan/Projects/fabric-under-pressure/results/raw/write_owner/formal_prove] engine_0: ##   0:00:00  Checking assumptions in step 11..
SBY 20:51:35 [/Users/Dilan/Projects/fabric-under-pressure/results/raw/write_owner/formal_prove] engine_0: ##   0:00:00  Checking assertions in step 11..
SBY 20:51:35 [/Users/Dilan/Projects/fabric-under-pressure/results/raw/write_owner/formal_prove] engine_0: ##   0:00:00  Status: passed
SBY 20:51:35 [/Users/Dilan/Projects/fabric-under-pressure/results/raw/write_owner/formal_prove] engine_0: finished (returncode=0)
SBY 20:51:35 [/Users/Dilan/Projects/fabric-under-pressure/results/raw/write_owner/formal_prove] engine_0: Status returned by engine: pass
SBY 20:51:35 [/Users/Dilan/Projects/fabric-under-pressure/results/raw/write_owner/formal_prove] summary: Elapsed clock time [H:MM:SS (secs)]: 0:00:00 (0)
SBY 20:51:35 [/Users/Dilan/Projects/fabric-under-pressure/results/raw/write_owner/formal_prove] summary: Elapsed process time [H:MM:SS (secs)]: 0:00:00 (0)
SBY 20:51:35 [/Users/Dilan/Projects/fabric-under-pressure/results/raw/write_owner/formal_prove] summary: engine_0 (smtbmc) returned pass
SBY 20:51:35 [/Users/Dilan/Projects/fabric-under-pressure/results/raw/write_owner/formal_prove] summary: engine_0 did not produce any traces
SBY 20:51:35 [/Users/Dilan/Projects/fabric-under-pressure/results/raw/write_owner/formal_prove] DONE (PASS, rc=0)
SBY 20:51:35 [/Users/Dilan/Projects/fabric-under-pressure/results/raw/write_owner/formal_cover] Removing directory '/Users/Dilan/Projects/fabric-under-pressure/results/raw/write_owner/formal_cover'.
SBY 20:51:35 [/Users/Dilan/Projects/fabric-under-pressure/results/raw/write_owner/formal_cover] Copy '/Users/Dilan/Projects/fabric-under-pressure/formal/../rtl/axi_write_owner.sv' to '/Users/Dilan/Projects/fabric-under-pressure/results/raw/write_owner/formal_cover/src/axi_write_owner.sv'.
SBY 20:51:35 [/Users/Dilan/Projects/fabric-under-pressure/results/raw/write_owner/formal_cover] Copy '/Users/Dilan/Projects/fabric-under-pressure/formal/axi_write_owner_formal.sv' to '/Users/Dilan/Projects/fabric-under-pressure/results/raw/write_owner/formal_cover/src/axi_write_owner_formal.sv'.
SBY 20:51:35 [/Users/Dilan/Projects/fabric-under-pressure/results/raw/write_owner/formal_cover] engine_0: smtbmc
SBY 20:51:35 [/Users/Dilan/Projects/fabric-under-pressure/results/raw/write_owner/formal_cover] base: starting process "cd /Users/Dilan/Projects/fabric-under-pressure/results/raw/write_owner/formal_cover/src; yosys -ql ../model/design.log ../model/design.ys"
SBY 20:51:35 [/Users/Dilan/Projects/fabric-under-pressure/results/raw/write_owner/formal_cover] base: finished (returncode=0)
SBY 20:51:35 [/Users/Dilan/Projects/fabric-under-pressure/results/raw/write_owner/formal_cover] prep: starting process "cd /Users/Dilan/Projects/fabric-under-pressure/results/raw/write_owner/formal_cover/model; yosys -ql design_prep.log design_prep.ys"
SBY 20:51:35 [/Users/Dilan/Projects/fabric-under-pressure/results/raw/write_owner/formal_cover] prep: finished (returncode=0)
SBY 20:51:35 [/Users/Dilan/Projects/fabric-under-pressure/results/raw/write_owner/formal_cover] smt2: starting process "cd /Users/Dilan/Projects/fabric-under-pressure/results/raw/write_owner/formal_cover/model; yosys -ql design_smt2.log design_smt2.ys"
SBY 20:51:35 [/Users/Dilan/Projects/fabric-under-pressure/results/raw/write_owner/formal_cover] smt2: finished (returncode=0)
SBY 20:51:35 [/Users/Dilan/Projects/fabric-under-pressure/results/raw/write_owner/formal_cover] engine_0: starting process "cd /Users/Dilan/Projects/fabric-under-pressure/results/raw/write_owner/formal_cover; yosys-smtbmc --presat --unroll -c --noprogress -t 16  --append 0 --dump-vcd engine_0/trace%.vcd --dump-yw engine_0/trace%.yw --dump-vlogtb engine_0/trace%_tb.v --dump-smtc engine_0/trace%.smtc model/design_smt2.smt2"
SBY 20:51:35 [/Users/Dilan/Projects/fabric-under-pressure/results/raw/write_owner/formal_cover] engine_0: ##   0:00:00  Solver: yices
SBY 20:51:35 [/Users/Dilan/Projects/fabric-under-pressure/results/raw/write_owner/formal_cover] engine_0: ##   0:00:00  Checking cover reachability in step 0..
SBY 20:51:35 [/Users/Dilan/Projects/fabric-under-pressure/results/raw/write_owner/formal_cover] engine_0: ##   0:00:00  Checking cover reachability in step 1..
SBY 20:51:35 [/Users/Dilan/Projects/fabric-under-pressure/results/raw/write_owner/formal_cover] engine_0: ##   0:00:00  Reached cover statement in step 1 at axi_write_owner_formal: axi_write_owner_formal.sv:103.5-103.45 (_witness_.check_cover_axi_write_owner_formal_sv_103_116)
SBY 20:51:35 [/Users/Dilan/Projects/fabric-under-pressure/results/raw/write_owner/formal_cover] engine_0: ##   0:00:00  Writing trace to VCD file: engine_0/trace0.vcd
SBY 20:51:35 [/Users/Dilan/Projects/fabric-under-pressure/results/raw/write_owner/formal_cover] engine_0: ##   0:00:00  Writing trace to Verilog testbench: engine_0/trace0_tb.v
SBY 20:51:35 [/Users/Dilan/Projects/fabric-under-pressure/results/raw/write_owner/formal_cover] engine_0: ##   0:00:00  Writing trace to constraints file: engine_0/trace0.smtc
SBY 20:51:35 [/Users/Dilan/Projects/fabric-under-pressure/results/raw/write_owner/formal_cover] engine_0: ##   0:00:00  Writing trace to Yosys witness file: engine_0/trace0.yw
SBY 20:51:35 [/Users/Dilan/Projects/fabric-under-pressure/results/raw/write_owner/formal_cover] engine_0: ##   0:00:00  Checking cover reachability in step 1..
SBY 20:51:35 [/Users/Dilan/Projects/fabric-under-pressure/results/raw/write_owner/formal_cover] engine_0: ##   0:00:00  Reached cover statement in step 1 at axi_write_owner_formal: axi_write_owner_formal.sv:98.5-98.59 (_witness_.check_cover_axi_write_owner_formal_sv_98_91)
SBY 20:51:35 [/Users/Dilan/Projects/fabric-under-pressure/results/raw/write_owner/formal_cover] engine_0: ##   0:00:00  Writing trace to VCD file: engine_0/trace1.vcd
SBY 20:51:35 [/Users/Dilan/Projects/fabric-under-pressure/results/raw/write_owner/formal_cover] engine_0: ##   0:00:00  Writing trace to Verilog testbench: engine_0/trace1_tb.v
SBY 20:51:35 [/Users/Dilan/Projects/fabric-under-pressure/results/raw/write_owner/formal_cover] engine_0: ##   0:00:00  Writing trace to constraints file: engine_0/trace1.smtc
SBY 20:51:35 [/Users/Dilan/Projects/fabric-under-pressure/results/raw/write_owner/formal_cover] engine_0: ##   0:00:00  Writing trace to Yosys witness file: engine_0/trace1.yw
SBY 20:51:35 [/Users/Dilan/Projects/fabric-under-pressure/results/raw/write_owner/formal_cover] engine_0: ##   0:00:00  Checking cover reachability in step 1..
SBY 20:51:35 [/Users/Dilan/Projects/fabric-under-pressure/results/raw/write_owner/formal_cover] engine_0: ##   0:00:00  Reached cover statement in step 1 at axi_write_owner_formal: axi_write_owner_formal.sv:99.5-99.60 (_witness_.check_cover_axi_write_owner_formal_sv_99_95)
SBY 20:51:35 [/Users/Dilan/Projects/fabric-under-pressure/results/raw/write_owner/formal_cover] engine_0: ##   0:00:00  Writing trace to VCD file: engine_0/trace2.vcd
SBY 20:51:35 [/Users/Dilan/Projects/fabric-under-pressure/results/raw/write_owner/formal_cover] engine_0: ##   0:00:00  Writing trace to Verilog testbench: engine_0/trace2_tb.v
SBY 20:51:35 [/Users/Dilan/Projects/fabric-under-pressure/results/raw/write_owner/formal_cover] engine_0: ##   0:00:00  Writing trace to constraints file: engine_0/trace2.smtc
SBY 20:51:35 [/Users/Dilan/Projects/fabric-under-pressure/results/raw/write_owner/formal_cover] engine_0: ##   0:00:00  Writing trace to Yosys witness file: engine_0/trace2.yw
SBY 20:51:35 [/Users/Dilan/Projects/fabric-under-pressure/results/raw/write_owner/formal_cover] engine_0: ##   0:00:00  Checking cover reachability in step 1..
SBY 20:51:35 [/Users/Dilan/Projects/fabric-under-pressure/results/raw/write_owner/formal_cover] engine_0: ##   0:00:00  Checking cover reachability in step 2..
SBY 20:51:35 [/Users/Dilan/Projects/fabric-under-pressure/results/raw/write_owner/formal_cover] engine_0: ##   0:00:00  Reached cover statement in step 2 at axi_write_owner_formal: axi_write_owner_formal.sv:100.5-100.45 (_witness_.check_cover_axi_write_owner_formal_sv_100_99)
SBY 20:51:35 [/Users/Dilan/Projects/fabric-under-pressure/results/raw/write_owner/formal_cover] engine_0: ##   0:00:00  Writing trace to VCD file: engine_0/trace3.vcd
SBY 20:51:35 [/Users/Dilan/Projects/fabric-under-pressure/results/raw/write_owner/formal_cover] engine_0: ##   0:00:00  Writing trace to Verilog testbench: engine_0/trace3_tb.v
SBY 20:51:35 [/Users/Dilan/Projects/fabric-under-pressure/results/raw/write_owner/formal_cover] engine_0: ##   0:00:00  Writing trace to constraints file: engine_0/trace3.smtc
SBY 20:51:35 [/Users/Dilan/Projects/fabric-under-pressure/results/raw/write_owner/formal_cover] engine_0: ##   0:00:00  Writing trace to Yosys witness file: engine_0/trace3.yw
SBY 20:51:35 [/Users/Dilan/Projects/fabric-under-pressure/results/raw/write_owner/formal_cover] engine_0: ##   0:00:00  Checking cover reachability in step 2..
SBY 20:51:35 [/Users/Dilan/Projects/fabric-under-pressure/results/raw/write_owner/formal_cover] engine_0: ##   0:00:00  Reached cover statement in step 2 at axi_write_owner_formal: axi_write_owner_formal.sv:102.5-102.77 (_witness_.check_cover_axi_write_owner_formal_sv_102_109)
SBY 20:51:35 [/Users/Dilan/Projects/fabric-under-pressure/results/raw/write_owner/formal_cover] engine_0: ##   0:00:00  Writing trace to VCD file: engine_0/trace4.vcd
SBY 20:51:35 [/Users/Dilan/Projects/fabric-under-pressure/results/raw/write_owner/formal_cover] engine_0: ##   0:00:00  Writing trace to Verilog testbench: engine_0/trace4_tb.v
SBY 20:51:35 [/Users/Dilan/Projects/fabric-under-pressure/results/raw/write_owner/formal_cover] engine_0: ##   0:00:00  Writing trace to constraints file: engine_0/trace4.smtc
SBY 20:51:35 [/Users/Dilan/Projects/fabric-under-pressure/results/raw/write_owner/formal_cover] engine_0: ##   0:00:00  Writing trace to Yosys witness file: engine_0/trace4.yw
SBY 20:51:35 [/Users/Dilan/Projects/fabric-under-pressure/results/raw/write_owner/formal_cover] engine_0: ##   0:00:00  Checking cover reachability in step 2..
SBY 20:51:35 [/Users/Dilan/Projects/fabric-under-pressure/results/raw/write_owner/formal_cover] engine_0: ##   0:00:00  Reached cover statement in step 2 at axi_write_owner_formal: axi_write_owner_formal.sv:101.5-101.75 (_witness_.check_cover_axi_write_owner_formal_sv_101_103)
SBY 20:51:35 [/Users/Dilan/Projects/fabric-under-pressure/results/raw/write_owner/formal_cover] engine_0: ##   0:00:00  Writing trace to VCD file: engine_0/trace5.vcd
SBY 20:51:35 [/Users/Dilan/Projects/fabric-under-pressure/results/raw/write_owner/formal_cover] engine_0: ##   0:00:00  Writing trace to Verilog testbench: engine_0/trace5_tb.v
SBY 20:51:35 [/Users/Dilan/Projects/fabric-under-pressure/results/raw/write_owner/formal_cover] engine_0: ##   0:00:00  Writing trace to constraints file: engine_0/trace5.smtc
SBY 20:51:35 [/Users/Dilan/Projects/fabric-under-pressure/results/raw/write_owner/formal_cover] engine_0: ##   0:00:00  Writing trace to Yosys witness file: engine_0/trace5.yw
SBY 20:51:35 [/Users/Dilan/Projects/fabric-under-pressure/results/raw/write_owner/formal_cover] engine_0: ##   0:00:00  Checking cover reachability in step 2..
SBY 20:51:35 [/Users/Dilan/Projects/fabric-under-pressure/results/raw/write_owner/formal_cover] engine_0: ##   0:00:00  Reached cover statement in step 2 at axi_write_owner_formal: axi_write_owner_formal.sv:105.5-105.32 (_witness_.check_cover_axi_write_owner_formal_sv_105_123)
SBY 20:51:35 [/Users/Dilan/Projects/fabric-under-pressure/results/raw/write_owner/formal_cover] engine_0: ##   0:00:00  Writing trace to VCD file: engine_0/trace6.vcd
SBY 20:51:35 [/Users/Dilan/Projects/fabric-under-pressure/results/raw/write_owner/formal_cover] engine_0: ##   0:00:00  Writing trace to Verilog testbench: engine_0/trace6_tb.v
SBY 20:51:35 [/Users/Dilan/Projects/fabric-under-pressure/results/raw/write_owner/formal_cover] engine_0: ##   0:00:00  Writing trace to constraints file: engine_0/trace6.smtc
SBY 20:51:35 [/Users/Dilan/Projects/fabric-under-pressure/results/raw/write_owner/formal_cover] engine_0: ##   0:00:00  Writing trace to Yosys witness file: engine_0/trace6.yw
SBY 20:51:35 [/Users/Dilan/Projects/fabric-under-pressure/results/raw/write_owner/formal_cover] engine_0: ##   0:00:00  Checking cover reachability in step 2..
SBY 20:51:35 [/Users/Dilan/Projects/fabric-under-pressure/results/raw/write_owner/formal_cover] engine_0: ##   0:00:00  Reached cover statement in step 2 at axi_write_owner_formal: axi_write_owner_formal.sv:104.5-104.51 (_witness_.check_cover_axi_write_owner_formal_sv_104_120)
SBY 20:51:35 [/Users/Dilan/Projects/fabric-under-pressure/results/raw/write_owner/formal_cover] engine_0: ##   0:00:00  Writing trace to VCD file: engine_0/trace7.vcd
SBY 20:51:35 [/Users/Dilan/Projects/fabric-under-pressure/results/raw/write_owner/formal_cover] engine_0: ##   0:00:00  Writing trace to Verilog testbench: engine_0/trace7_tb.v
SBY 20:51:35 [/Users/Dilan/Projects/fabric-under-pressure/results/raw/write_owner/formal_cover] engine_0: ##   0:00:00  Writing trace to constraints file: engine_0/trace7.smtc
SBY 20:51:35 [/Users/Dilan/Projects/fabric-under-pressure/results/raw/write_owner/formal_cover] engine_0: ##   0:00:00  Writing trace to Yosys witness file: engine_0/trace7.yw
SBY 20:51:35 [/Users/Dilan/Projects/fabric-under-pressure/results/raw/write_owner/formal_cover] engine_0: ##   0:00:00  Status: passed
SBY 20:51:35 [/Users/Dilan/Projects/fabric-under-pressure/results/raw/write_owner/formal_cover] engine_0: finished (returncode=0)
SBY 20:51:35 [/Users/Dilan/Projects/fabric-under-pressure/results/raw/write_owner/formal_cover] engine_0: Status returned by engine: pass
SBY 20:51:35 [/Users/Dilan/Projects/fabric-under-pressure/results/raw/write_owner/formal_cover] summary: Elapsed clock time [H:MM:SS (secs)]: 0:00:00 (0)
SBY 20:51:35 [/Users/Dilan/Projects/fabric-under-pressure/results/raw/write_owner/formal_cover] summary: Elapsed process time [H:MM:SS (secs)]: 0:00:00 (0)
SBY 20:51:35 [/Users/Dilan/Projects/fabric-under-pressure/results/raw/write_owner/formal_cover] summary: engine_0 (smtbmc) returned pass
SBY 20:51:35 [/Users/Dilan/Projects/fabric-under-pressure/results/raw/write_owner/formal_cover] summary: cover trace: /Users/Dilan/Projects/fabric-under-pressure/results/raw/write_owner/formal_cover/engine_0/trace0.vcd
SBY 20:51:35 [/Users/Dilan/Projects/fabric-under-pressure/results/raw/write_owner/formal_cover] summary:   reached cover statement axi_write_owner_formal._witness_.check_cover_axi_write_owner_formal_sv_103_116 at axi_write_owner_formal.sv:103.5-103.45 step 1
SBY 20:51:35 [/Users/Dilan/Projects/fabric-under-pressure/results/raw/write_owner/formal_cover] summary: cover trace: /Users/Dilan/Projects/fabric-under-pressure/results/raw/write_owner/formal_cover/engine_0/trace1.vcd
SBY 20:51:35 [/Users/Dilan/Projects/fabric-under-pressure/results/raw/write_owner/formal_cover] summary:   reached cover statement axi_write_owner_formal._witness_.check_cover_axi_write_owner_formal_sv_98_91 at axi_write_owner_formal.sv:98.5-98.59 step 1
SBY 20:51:35 [/Users/Dilan/Projects/fabric-under-pressure/results/raw/write_owner/formal_cover] summary: cover trace: /Users/Dilan/Projects/fabric-under-pressure/results/raw/write_owner/formal_cover/engine_0/trace2.vcd
SBY 20:51:35 [/Users/Dilan/Projects/fabric-under-pressure/results/raw/write_owner/formal_cover] summary:   reached cover statement axi_write_owner_formal._witness_.check_cover_axi_write_owner_formal_sv_99_95 at axi_write_owner_formal.sv:99.5-99.60 step 1
SBY 20:51:35 [/Users/Dilan/Projects/fabric-under-pressure/results/raw/write_owner/formal_cover] summary: cover trace: /Users/Dilan/Projects/fabric-under-pressure/results/raw/write_owner/formal_cover/engine_0/trace3.vcd
SBY 20:51:35 [/Users/Dilan/Projects/fabric-under-pressure/results/raw/write_owner/formal_cover] summary:   reached cover statement axi_write_owner_formal._witness_.check_cover_axi_write_owner_formal_sv_100_99 at axi_write_owner_formal.sv:100.5-100.45 step 2
SBY 20:51:35 [/Users/Dilan/Projects/fabric-under-pressure/results/raw/write_owner/formal_cover] summary: cover trace: /Users/Dilan/Projects/fabric-under-pressure/results/raw/write_owner/formal_cover/engine_0/trace4.vcd
SBY 20:51:35 [/Users/Dilan/Projects/fabric-under-pressure/results/raw/write_owner/formal_cover] summary:   reached cover statement axi_write_owner_formal._witness_.check_cover_axi_write_owner_formal_sv_102_109 at axi_write_owner_formal.sv:102.5-102.77 step 2
SBY 20:51:35 [/Users/Dilan/Projects/fabric-under-pressure/results/raw/write_owner/formal_cover] summary: and 3 further traces
SBY 20:51:35 [/Users/Dilan/Projects/fabric-under-pressure/results/raw/write_owner/formal_cover] summary: see /Users/Dilan/Projects/fabric-under-pressure/results/raw/write_owner/formal_cover/PASS for a complete summary
SBY 20:51:35 [/Users/Dilan/Projects/fabric-under-pressure/results/raw/write_owner/formal_cover] DONE (PASS, rc=0)
