
 /----------------------------------------------------------------------------\
 |  yosys -- Yosys Open SYnthesis Suite                                       |
 |  Copyright (C) 2012 - 2026  Claire Xenia Wolf <claire@yosyshq.com>         |
 |  Distributed under an ISC-like license, type "license" to see terms        |
 \----------------------------------------------------------------------------/
 Yosys 0.69+75 (git sha1 f0b945f63-dirty, Release, Clang /usr/local/osxcross/target/bin/aarch64-apple-darwin25.5-clang++ 21.1.8)

-- Executing script file `design_smt2.ys' --

1. Executing RTLIL frontend.
Input filename: design_prep.il

2. Executing HIERARCHY pass (managing design hierarchy).
Attribute `top' found on module `axi_write_owner_formal'. Setting top module to axi_write_owner_formal.

2.1. Analyzing design hierarchy..
Top module:  \axi_write_owner_formal
Used module:     \axi_write_owner

2.2. Analyzing design hierarchy..
Top module:  \axi_write_owner_formal
Used module:     \axi_write_owner
Removed 0 unused modules.
Module axi_write_owner_formal directly or indirectly contains formal properties -> setting "keep" attribute.

3. Executing FORMALFF pass.

4. Executing DFFUNMAP pass (unmap clock enable and synchronous reset from FFs).

5. Printing statistics.

=== axi_write_owner ===

        +----------Local Count, excluding submodules.
        | 
       66 wires
      205 wire bits
       29 public wires
       92 public wire bits
       19 ports
       52 port bits
       57 cells
        1   $add
        5   $anyinit
        1   $assume
        1   $eq
        2   $gt
       12   $logic_and
        1   $logic_not
       31   $mux
        1   $ne
        1   $not
        1   $sub

=== axi_write_owner_formal ===

        +----------Local Count, excluding submodules.
        | 
       67 wires
      136 wire bits
       25 public wires
       66 public wire bits
        1 ports
        1 port bits
       67 cells
        1   $add
        2   $anyinit
        8   $anyseq
        3   $assume
        8   $cover
        2   $eq
        2   $gt
        1   $initstate
        1   $le
       21   $logic_and
        5   $logic_not
       11   $mux
        1   $not
        1   $sub
        1 submodules
        1   axi_write_owner

=== design hierarchy ===

        +----------Count including submodules.
        | 
      124 axi_write_owner_formal
       57 axi_write_owner

        +----------Count including submodules.
        | 
      133 wires
      341 wire bits
       54 public wires
      158 public wire bits
       20 ports
       53 port bits
        - memories
        - memory bits
        - processes
      124 cells
        2   $add
        7   $anyinit
        8   $anyseq
        4   $assume
        8   $cover
        3   $eq
        4   $gt
        1   $initstate
        1   $le
       33   $logic_and
        6   $logic_not
       42   $mux
        1   $ne
        2   $not
        2   $sub
        1 submodules
        1   axi_write_owner

6. Executing SMT2 backend.

6.1. Executing BMUXMAP pass.

6.2. Executing DEMUXMAP pass.
Creating SMT-LIBv2 representation of module axi_write_owner.
Creating SMT-LIBv2 representation of module axi_write_owner_formal.

End of script. Logfile hash: 0643c71a95, time: 0.00s, user: 0.02s, system: 0.01s, MEM: 12.33 MB peak
Yosys 0.69+75 (git sha1 f0b945f63-dirty, Release, Clang /usr/local/osxcross/target/bin/aarch64-apple-darwin25.5-clang++ 21.1.8)
Time spent: 59% 2x write_smt2 (0 sec), 20% 2x read_rtlil (0 sec), ...
