SBY 12:54:31 [/Users/Dilan/Projects/fabric-under-pressure/results/raw/write_state_bank/formal_bank_prove] Removing directory '/Users/Dilan/Projects/fabric-under-pressure/results/raw/write_state_bank/formal_bank_prove'.
SBY 12:54:31 [/Users/Dilan/Projects/fabric-under-pressure/results/raw/write_state_bank/formal_bank_prove] Copy '/Users/Dilan/Projects/fabric-under-pressure/formal/../rtl/axi_outstanding_tracker.sv' to '/Users/Dilan/Projects/fabric-under-pressure/results/raw/write_state_bank/formal_bank_prove/src/axi_outstanding_tracker.sv'.
SBY 12:54:31 [/Users/Dilan/Projects/fabric-under-pressure/results/raw/write_state_bank/formal_bank_prove] Copy '/Users/Dilan/Projects/fabric-under-pressure/formal/../rtl/axi_write_owner.sv' to '/Users/Dilan/Projects/fabric-under-pressure/results/raw/write_state_bank/formal_bank_prove/src/axi_write_owner.sv'.
SBY 12:54:31 [/Users/Dilan/Projects/fabric-under-pressure/results/raw/write_state_bank/formal_bank_prove] Copy '/Users/Dilan/Projects/fabric-under-pressure/formal/../rtl/axi_write_state_bank.sv' to '/Users/Dilan/Projects/fabric-under-pressure/results/raw/write_state_bank/formal_bank_prove/src/axi_write_state_bank.sv'.
SBY 12:54:31 [/Users/Dilan/Projects/fabric-under-pressure/results/raw/write_state_bank/formal_bank_prove] Copy '/Users/Dilan/Projects/fabric-under-pressure/formal/axi_write_state_bank_formal.sv' to '/Users/Dilan/Projects/fabric-under-pressure/results/raw/write_state_bank/formal_bank_prove/src/axi_write_state_bank_formal.sv'.
SBY 12:54:31 [/Users/Dilan/Projects/fabric-under-pressure/results/raw/write_state_bank/formal_bank_prove] engine_0: smtbmc
SBY 12:54:31 [/Users/Dilan/Projects/fabric-under-pressure/results/raw/write_state_bank/formal_bank_prove] base: starting process "cd /Users/Dilan/Projects/fabric-under-pressure/results/raw/write_state_bank/formal_bank_prove/src; yosys -ql ../model/design.log ../model/design.ys"
SBY 12:54:31 [/Users/Dilan/Projects/fabric-under-pressure/results/raw/write_state_bank/formal_bank_prove] base: Warning: Replacing memory \len_table with list of registers. See axi_outstanding_tracker.sv:66
SBY 12:54:31 [/Users/Dilan/Projects/fabric-under-pressure/results/raw/write_state_bank/formal_bank_prove] base: Warning: Replacing memory \target_table with list of registers. See axi_outstanding_tracker.sv:65
SBY 12:54:31 [/Users/Dilan/Projects/fabric-under-pressure/results/raw/write_state_bank/formal_bank_prove] base: finished (returncode=0)
SBY 12:54:31 [/Users/Dilan/Projects/fabric-under-pressure/results/raw/write_state_bank/formal_bank_prove] prep: starting process "cd /Users/Dilan/Projects/fabric-under-pressure/results/raw/write_state_bank/formal_bank_prove/model; yosys -ql design_prep.log design_prep.ys"
SBY 12:54:31 [/Users/Dilan/Projects/fabric-under-pressure/results/raw/write_state_bank/formal_bank_prove] prep: finished (returncode=0)
SBY 12:54:31 [/Users/Dilan/Projects/fabric-under-pressure/results/raw/write_state_bank/formal_bank_prove] smt2: starting process "cd /Users/Dilan/Projects/fabric-under-pressure/results/raw/write_state_bank/formal_bank_prove/model; yosys -ql design_smt2.log design_smt2.ys"
SBY 12:54:31 [/Users/Dilan/Projects/fabric-under-pressure/results/raw/write_state_bank/formal_bank_prove] smt2: finished (returncode=0)
SBY 12:54:31 [/Users/Dilan/Projects/fabric-under-pressure/results/raw/write_state_bank/formal_bank_prove] engine_0: starting process "cd /Users/Dilan/Projects/fabric-under-pressure/results/raw/write_state_bank/formal_bank_prove; yosys-smtbmc --presat --unroll --noprogress -t 12  --append 0 --dump-vcd engine_0/trace.vcd --dump-yw engine_0/trace.yw --dump-vlogtb engine_0/trace_tb.v --dump-smtc engine_0/trace.smtc model/design_smt2.smt2"
SBY 12:54:31 [/Users/Dilan/Projects/fabric-under-pressure/results/raw/write_state_bank/formal_bank_prove] engine_0: ##   0:00:00  Solver: yices
SBY 12:54:31 [/Users/Dilan/Projects/fabric-under-pressure/results/raw/write_state_bank/formal_bank_prove] engine_0: ##   0:00:00  Checking assumptions in step 0..
SBY 12:54:31 [/Users/Dilan/Projects/fabric-under-pressure/results/raw/write_state_bank/formal_bank_prove] engine_0: ##   0:00:00  Checking assertions in step 0..
SBY 12:54:32 [/Users/Dilan/Projects/fabric-under-pressure/results/raw/write_state_bank/formal_bank_prove] engine_0: ##   0:00:00  Checking assumptions in step 1..
SBY 12:54:32 [/Users/Dilan/Projects/fabric-under-pressure/results/raw/write_state_bank/formal_bank_prove] engine_0: ##   0:00:00  Checking assertions in step 1..
SBY 12:54:32 [/Users/Dilan/Projects/fabric-under-pressure/results/raw/write_state_bank/formal_bank_prove] engine_0: ##   0:00:00  Checking assumptions in step 2..
SBY 12:54:32 [/Users/Dilan/Projects/fabric-under-pressure/results/raw/write_state_bank/formal_bank_prove] engine_0: ##   0:00:00  Checking assertions in step 2..
SBY 12:54:32 [/Users/Dilan/Projects/fabric-under-pressure/results/raw/write_state_bank/formal_bank_prove] engine_0: ##   0:00:00  Checking assumptions in step 3..
SBY 12:54:32 [/Users/Dilan/Projects/fabric-under-pressure/results/raw/write_state_bank/formal_bank_prove] engine_0: ##   0:00:00  Checking assertions in step 3..
SBY 12:54:32 [/Users/Dilan/Projects/fabric-under-pressure/results/raw/write_state_bank/formal_bank_prove] engine_0: ##   0:00:00  Checking assumptions in step 4..
SBY 12:54:32 [/Users/Dilan/Projects/fabric-under-pressure/results/raw/write_state_bank/formal_bank_prove] engine_0: ##   0:00:00  Checking assertions in step 4..
SBY 12:54:32 [/Users/Dilan/Projects/fabric-under-pressure/results/raw/write_state_bank/formal_bank_prove] engine_0: ##   0:00:00  Checking assumptions in step 5..
SBY 12:54:32 [/Users/Dilan/Projects/fabric-under-pressure/results/raw/write_state_bank/formal_bank_prove] engine_0: ##   0:00:00  Checking assertions in step 5..
SBY 12:54:32 [/Users/Dilan/Projects/fabric-under-pressure/results/raw/write_state_bank/formal_bank_prove] engine_0: ##   0:00:00  Checking assumptions in step 6..
SBY 12:54:32 [/Users/Dilan/Projects/fabric-under-pressure/results/raw/write_state_bank/formal_bank_prove] engine_0: ##   0:00:00  Checking assertions in step 6..
SBY 12:54:32 [/Users/Dilan/Projects/fabric-under-pressure/results/raw/write_state_bank/formal_bank_prove] engine_0: ##   0:00:00  Checking assumptions in step 7..
SBY 12:54:32 [/Users/Dilan/Projects/fabric-under-pressure/results/raw/write_state_bank/formal_bank_prove] engine_0: ##   0:00:00  Checking assertions in step 7..
SBY 12:54:32 [/Users/Dilan/Projects/fabric-under-pressure/results/raw/write_state_bank/formal_bank_prove] engine_0: ##   0:00:00  Checking assumptions in step 8..
SBY 12:54:32 [/Users/Dilan/Projects/fabric-under-pressure/results/raw/write_state_bank/formal_bank_prove] engine_0: ##   0:00:00  Checking assertions in step 8..
SBY 12:54:32 [/Users/Dilan/Projects/fabric-under-pressure/results/raw/write_state_bank/formal_bank_prove] engine_0: ##   0:00:00  Checking assumptions in step 9..
SBY 12:54:32 [/Users/Dilan/Projects/fabric-under-pressure/results/raw/write_state_bank/formal_bank_prove] engine_0: ##   0:00:00  Checking assertions in step 9..
SBY 12:54:32 [/Users/Dilan/Projects/fabric-under-pressure/results/raw/write_state_bank/formal_bank_prove] engine_0: ##   0:00:00  Checking assumptions in step 10..
SBY 12:54:32 [/Users/Dilan/Projects/fabric-under-pressure/results/raw/write_state_bank/formal_bank_prove] engine_0: ##   0:00:00  Checking assertions in step 10..
SBY 12:54:34 [/Users/Dilan/Projects/fabric-under-pressure/results/raw/write_state_bank/formal_bank_prove] engine_0: ##   0:00:02  Checking assumptions in step 11..
SBY 12:54:34 [/Users/Dilan/Projects/fabric-under-pressure/results/raw/write_state_bank/formal_bank_prove] engine_0: ##   0:00:02  Checking assertions in step 11..
SBY 12:54:37 [/Users/Dilan/Projects/fabric-under-pressure/results/raw/write_state_bank/formal_bank_prove] engine_0: ##   0:00:05  Status: passed
SBY 12:54:37 [/Users/Dilan/Projects/fabric-under-pressure/results/raw/write_state_bank/formal_bank_prove] engine_0: finished (returncode=0)
SBY 12:54:37 [/Users/Dilan/Projects/fabric-under-pressure/results/raw/write_state_bank/formal_bank_prove] engine_0: Status returned by engine: pass
SBY 12:54:37 [/Users/Dilan/Projects/fabric-under-pressure/results/raw/write_state_bank/formal_bank_prove] summary: Elapsed clock time [H:MM:SS (secs)]: 0:00:06 (6)
SBY 12:54:37 [/Users/Dilan/Projects/fabric-under-pressure/results/raw/write_state_bank/formal_bank_prove] summary: Elapsed process time [H:MM:SS (secs)]: 0:00:05 (5)
SBY 12:54:37 [/Users/Dilan/Projects/fabric-under-pressure/results/raw/write_state_bank/formal_bank_prove] summary: engine_0 (smtbmc) returned pass
SBY 12:54:37 [/Users/Dilan/Projects/fabric-under-pressure/results/raw/write_state_bank/formal_bank_prove] summary: engine_0 did not produce any traces
SBY 12:54:37 [/Users/Dilan/Projects/fabric-under-pressure/results/raw/write_state_bank/formal_bank_prove] DONE (PASS, rc=0)
