SBY 13:08:06 [/Users/Dilan/Projects/fabric-under-pressure/results/raw/write_state_bank/formal_bank_prove] Removing directory '/Users/Dilan/Projects/fabric-under-pressure/results/raw/write_state_bank/formal_bank_prove'.
SBY 13:08:06 [/Users/Dilan/Projects/fabric-under-pressure/results/raw/write_state_bank/formal_bank_prove] Copy '/Users/Dilan/Projects/fabric-under-pressure/formal/../rtl/axi_outstanding_tracker.sv' to '/Users/Dilan/Projects/fabric-under-pressure/results/raw/write_state_bank/formal_bank_prove/src/axi_outstanding_tracker.sv'.
SBY 13:08:06 [/Users/Dilan/Projects/fabric-under-pressure/results/raw/write_state_bank/formal_bank_prove] Copy '/Users/Dilan/Projects/fabric-under-pressure/formal/../rtl/axi_write_owner.sv' to '/Users/Dilan/Projects/fabric-under-pressure/results/raw/write_state_bank/formal_bank_prove/src/axi_write_owner.sv'.
SBY 13:08:06 [/Users/Dilan/Projects/fabric-under-pressure/results/raw/write_state_bank/formal_bank_prove] Copy '/Users/Dilan/Projects/fabric-under-pressure/formal/../rtl/axi_write_state_bank.sv' to '/Users/Dilan/Projects/fabric-under-pressure/results/raw/write_state_bank/formal_bank_prove/src/axi_write_state_bank.sv'.
SBY 13:08:06 [/Users/Dilan/Projects/fabric-under-pressure/results/raw/write_state_bank/formal_bank_prove] Copy '/Users/Dilan/Projects/fabric-under-pressure/formal/axi_write_state_bank_formal.sv' to '/Users/Dilan/Projects/fabric-under-pressure/results/raw/write_state_bank/formal_bank_prove/src/axi_write_state_bank_formal.sv'.
SBY 13:08:06 [/Users/Dilan/Projects/fabric-under-pressure/results/raw/write_state_bank/formal_bank_prove] engine_0: smtbmc
SBY 13:08:06 [/Users/Dilan/Projects/fabric-under-pressure/results/raw/write_state_bank/formal_bank_prove] base: starting process "cd /Users/Dilan/Projects/fabric-under-pressure/results/raw/write_state_bank/formal_bank_prove/src; yosys -ql ../model/design.log ../model/design.ys"
SBY 13:08:06 [/Users/Dilan/Projects/fabric-under-pressure/results/raw/write_state_bank/formal_bank_prove] base: Warning: Replacing memory \len_table with list of registers. See axi_outstanding_tracker.sv:66
SBY 13:08:06 [/Users/Dilan/Projects/fabric-under-pressure/results/raw/write_state_bank/formal_bank_prove] base: Warning: Replacing memory \target_table with list of registers. See axi_outstanding_tracker.sv:65
SBY 13:08:06 [/Users/Dilan/Projects/fabric-under-pressure/results/raw/write_state_bank/formal_bank_prove] base: finished (returncode=0)
SBY 13:08:06 [/Users/Dilan/Projects/fabric-under-pressure/results/raw/write_state_bank/formal_bank_prove] prep: starting process "cd /Users/Dilan/Projects/fabric-under-pressure/results/raw/write_state_bank/formal_bank_prove/model; yosys -ql design_prep.log design_prep.ys"
SBY 13:08:06 [/Users/Dilan/Projects/fabric-under-pressure/results/raw/write_state_bank/formal_bank_prove] prep: finished (returncode=0)
SBY 13:08:06 [/Users/Dilan/Projects/fabric-under-pressure/results/raw/write_state_bank/formal_bank_prove] smt2: starting process "cd /Users/Dilan/Projects/fabric-under-pressure/results/raw/write_state_bank/formal_bank_prove/model; yosys -ql design_smt2.log design_smt2.ys"
SBY 13:08:06 [/Users/Dilan/Projects/fabric-under-pressure/results/raw/write_state_bank/formal_bank_prove] smt2: finished (returncode=0)
SBY 13:08:06 [/Users/Dilan/Projects/fabric-under-pressure/results/raw/write_state_bank/formal_bank_prove] engine_0: starting process "cd /Users/Dilan/Projects/fabric-under-pressure/results/raw/write_state_bank/formal_bank_prove; yosys-smtbmc --presat --unroll --noprogress -t 12  --append 0 --dump-vcd engine_0/trace.vcd --dump-yw engine_0/trace.yw --dump-vlogtb engine_0/trace_tb.v --dump-smtc engine_0/trace.smtc model/design_smt2.smt2"
SBY 13:08:06 [/Users/Dilan/Projects/fabric-under-pressure/results/raw/write_state_bank/formal_bank_prove] engine_0: ##   0:00:00  Solver: yices
SBY 13:08:06 [/Users/Dilan/Projects/fabric-under-pressure/results/raw/write_state_bank/formal_bank_prove] engine_0: ##   0:00:00  Checking assumptions in step 0..
SBY 13:08:06 [/Users/Dilan/Projects/fabric-under-pressure/results/raw/write_state_bank/formal_bank_prove] engine_0: ##   0:00:00  Checking assertions in step 0..
SBY 13:08:06 [/Users/Dilan/Projects/fabric-under-pressure/results/raw/write_state_bank/formal_bank_prove] engine_0: ##   0:00:00  Checking assumptions in step 1..
SBY 13:08:06 [/Users/Dilan/Projects/fabric-under-pressure/results/raw/write_state_bank/formal_bank_prove] engine_0: ##   0:00:00  Checking assertions in step 1..
SBY 13:08:07 [/Users/Dilan/Projects/fabric-under-pressure/results/raw/write_state_bank/formal_bank_prove] engine_0: ##   0:00:00  Checking assumptions in step 2..
SBY 13:08:07 [/Users/Dilan/Projects/fabric-under-pressure/results/raw/write_state_bank/formal_bank_prove] engine_0: ##   0:00:00  Checking assertions in step 2..
SBY 13:08:07 [/Users/Dilan/Projects/fabric-under-pressure/results/raw/write_state_bank/formal_bank_prove] engine_0: ##   0:00:00  Checking assumptions in step 3..
SBY 13:08:07 [/Users/Dilan/Projects/fabric-under-pressure/results/raw/write_state_bank/formal_bank_prove] engine_0: ##   0:00:00  Checking assertions in step 3..
SBY 13:08:07 [/Users/Dilan/Projects/fabric-under-pressure/results/raw/write_state_bank/formal_bank_prove] engine_0: ##   0:00:00  Checking assumptions in step 4..
SBY 13:08:07 [/Users/Dilan/Projects/fabric-under-pressure/results/raw/write_state_bank/formal_bank_prove] engine_0: ##   0:00:00  Checking assertions in step 4..
SBY 13:08:07 [/Users/Dilan/Projects/fabric-under-pressure/results/raw/write_state_bank/formal_bank_prove] engine_0: ##   0:00:00  Checking assumptions in step 5..
SBY 13:08:07 [/Users/Dilan/Projects/fabric-under-pressure/results/raw/write_state_bank/formal_bank_prove] engine_0: ##   0:00:00  Checking assertions in step 5..
SBY 13:08:07 [/Users/Dilan/Projects/fabric-under-pressure/results/raw/write_state_bank/formal_bank_prove] engine_0: ##   0:00:00  Checking assumptions in step 6..
SBY 13:08:07 [/Users/Dilan/Projects/fabric-under-pressure/results/raw/write_state_bank/formal_bank_prove] engine_0: ##   0:00:00  Checking assertions in step 6..
SBY 13:08:07 [/Users/Dilan/Projects/fabric-under-pressure/results/raw/write_state_bank/formal_bank_prove] engine_0: ##   0:00:00  Checking assumptions in step 7..
SBY 13:08:07 [/Users/Dilan/Projects/fabric-under-pressure/results/raw/write_state_bank/formal_bank_prove] engine_0: ##   0:00:00  Checking assertions in step 7..
SBY 13:08:07 [/Users/Dilan/Projects/fabric-under-pressure/results/raw/write_state_bank/formal_bank_prove] engine_0: ##   0:00:00  Checking assumptions in step 8..
SBY 13:08:07 [/Users/Dilan/Projects/fabric-under-pressure/results/raw/write_state_bank/formal_bank_prove] engine_0: ##   0:00:00  Checking assertions in step 8..
SBY 13:08:07 [/Users/Dilan/Projects/fabric-under-pressure/results/raw/write_state_bank/formal_bank_prove] engine_0: ##   0:00:00  Checking assumptions in step 9..
SBY 13:08:07 [/Users/Dilan/Projects/fabric-under-pressure/results/raw/write_state_bank/formal_bank_prove] engine_0: ##   0:00:00  Checking assertions in step 9..
SBY 13:08:07 [/Users/Dilan/Projects/fabric-under-pressure/results/raw/write_state_bank/formal_bank_prove] engine_0: ##   0:00:00  Checking assumptions in step 10..
SBY 13:08:07 [/Users/Dilan/Projects/fabric-under-pressure/results/raw/write_state_bank/formal_bank_prove] engine_0: ##   0:00:00  Checking assertions in step 10..
SBY 13:08:07 [/Users/Dilan/Projects/fabric-under-pressure/results/raw/write_state_bank/formal_bank_prove] engine_0: ##   0:00:00  Checking assumptions in step 11..
SBY 13:08:07 [/Users/Dilan/Projects/fabric-under-pressure/results/raw/write_state_bank/formal_bank_prove] engine_0: ##   0:00:00  Checking assertions in step 11..
SBY 13:08:07 [/Users/Dilan/Projects/fabric-under-pressure/results/raw/write_state_bank/formal_bank_prove] engine_0: ##   0:00:00  Status: passed
SBY 13:08:07 [/Users/Dilan/Projects/fabric-under-pressure/results/raw/write_state_bank/formal_bank_prove] engine_0: finished (returncode=0)
SBY 13:08:07 [/Users/Dilan/Projects/fabric-under-pressure/results/raw/write_state_bank/formal_bank_prove] engine_0: Status returned by engine: pass
SBY 13:08:07 [/Users/Dilan/Projects/fabric-under-pressure/results/raw/write_state_bank/formal_bank_prove] summary: Elapsed clock time [H:MM:SS (secs)]: 0:00:01 (1)
SBY 13:08:07 [/Users/Dilan/Projects/fabric-under-pressure/results/raw/write_state_bank/formal_bank_prove] summary: Elapsed process time [H:MM:SS (secs)]: 0:00:01 (1)
SBY 13:08:07 [/Users/Dilan/Projects/fabric-under-pressure/results/raw/write_state_bank/formal_bank_prove] summary: engine_0 (smtbmc) returned pass
SBY 13:08:07 [/Users/Dilan/Projects/fabric-under-pressure/results/raw/write_state_bank/formal_bank_prove] summary: engine_0 did not produce any traces
SBY 13:08:07 [/Users/Dilan/Projects/fabric-under-pressure/results/raw/write_state_bank/formal_bank_prove] DONE (PASS, rc=0)
SBY 13:08:07 [/Users/Dilan/Projects/fabric-under-pressure/results/raw/write_state_bank/formal_bank_cover] Removing directory '/Users/Dilan/Projects/fabric-under-pressure/results/raw/write_state_bank/formal_bank_cover'.
SBY 13:08:07 [/Users/Dilan/Projects/fabric-under-pressure/results/raw/write_state_bank/formal_bank_cover] Copy '/Users/Dilan/Projects/fabric-under-pressure/formal/../rtl/axi_outstanding_tracker.sv' to '/Users/Dilan/Projects/fabric-under-pressure/results/raw/write_state_bank/formal_bank_cover/src/axi_outstanding_tracker.sv'.
SBY 13:08:07 [/Users/Dilan/Projects/fabric-under-pressure/results/raw/write_state_bank/formal_bank_cover] Copy '/Users/Dilan/Projects/fabric-under-pressure/formal/../rtl/axi_write_owner.sv' to '/Users/Dilan/Projects/fabric-under-pressure/results/raw/write_state_bank/formal_bank_cover/src/axi_write_owner.sv'.
SBY 13:08:07 [/Users/Dilan/Projects/fabric-under-pressure/results/raw/write_state_bank/formal_bank_cover] Copy '/Users/Dilan/Projects/fabric-under-pressure/formal/../rtl/axi_write_state_bank.sv' to '/Users/Dilan/Projects/fabric-under-pressure/results/raw/write_state_bank/formal_bank_cover/src/axi_write_state_bank.sv'.
SBY 13:08:07 [/Users/Dilan/Projects/fabric-under-pressure/results/raw/write_state_bank/formal_bank_cover] Copy '/Users/Dilan/Projects/fabric-under-pressure/formal/axi_write_state_bank_formal.sv' to '/Users/Dilan/Projects/fabric-under-pressure/results/raw/write_state_bank/formal_bank_cover/src/axi_write_state_bank_formal.sv'.
SBY 13:08:07 [/Users/Dilan/Projects/fabric-under-pressure/results/raw/write_state_bank/formal_bank_cover] engine_0: smtbmc
SBY 13:08:07 [/Users/Dilan/Projects/fabric-under-pressure/results/raw/write_state_bank/formal_bank_cover] base: starting process "cd /Users/Dilan/Projects/fabric-under-pressure/results/raw/write_state_bank/formal_bank_cover/src; yosys -ql ../model/design.log ../model/design.ys"
SBY 13:08:08 [/Users/Dilan/Projects/fabric-under-pressure/results/raw/write_state_bank/formal_bank_cover] base: Warning: Replacing memory \len_table with list of registers. See axi_outstanding_tracker.sv:66
SBY 13:08:08 [/Users/Dilan/Projects/fabric-under-pressure/results/raw/write_state_bank/formal_bank_cover] base: Warning: Replacing memory \target_table with list of registers. See axi_outstanding_tracker.sv:65
SBY 13:08:08 [/Users/Dilan/Projects/fabric-under-pressure/results/raw/write_state_bank/formal_bank_cover] base: finished (returncode=0)
SBY 13:08:08 [/Users/Dilan/Projects/fabric-under-pressure/results/raw/write_state_bank/formal_bank_cover] prep: starting process "cd /Users/Dilan/Projects/fabric-under-pressure/results/raw/write_state_bank/formal_bank_cover/model; yosys -ql design_prep.log design_prep.ys"
SBY 13:08:08 [/Users/Dilan/Projects/fabric-under-pressure/results/raw/write_state_bank/formal_bank_cover] prep: finished (returncode=0)
SBY 13:08:08 [/Users/Dilan/Projects/fabric-under-pressure/results/raw/write_state_bank/formal_bank_cover] smt2: starting process "cd /Users/Dilan/Projects/fabric-under-pressure/results/raw/write_state_bank/formal_bank_cover/model; yosys -ql design_smt2.log design_smt2.ys"
SBY 13:08:08 [/Users/Dilan/Projects/fabric-under-pressure/results/raw/write_state_bank/formal_bank_cover] smt2: finished (returncode=0)
SBY 13:08:08 [/Users/Dilan/Projects/fabric-under-pressure/results/raw/write_state_bank/formal_bank_cover] engine_0: starting process "cd /Users/Dilan/Projects/fabric-under-pressure/results/raw/write_state_bank/formal_bank_cover; yosys-smtbmc --presat --unroll -c --noprogress -t 24  --append 0 --dump-vcd engine_0/trace%.vcd --dump-yw engine_0/trace%.yw --dump-vlogtb engine_0/trace%_tb.v --dump-smtc engine_0/trace%.smtc model/design_smt2.smt2"
SBY 13:08:08 [/Users/Dilan/Projects/fabric-under-pressure/results/raw/write_state_bank/formal_bank_cover] engine_0: ##   0:00:00  Solver: yices
SBY 13:08:08 [/Users/Dilan/Projects/fabric-under-pressure/results/raw/write_state_bank/formal_bank_cover] engine_0: ##   0:00:00  Checking cover reachability in step 0..
SBY 13:08:08 [/Users/Dilan/Projects/fabric-under-pressure/results/raw/write_state_bank/formal_bank_cover] engine_0: ##   0:00:00  Checking cover reachability in step 1..
SBY 13:08:08 [/Users/Dilan/Projects/fabric-under-pressure/results/raw/write_state_bank/formal_bank_cover] engine_0: ##   0:00:00  Reached cover statement in step 1 at axi_write_state_bank_formal: axi_write_state_bank_formal.sv:64.5-64.42 (_witness_.check_cover_axi_write_state_bank_formal_sv_64_96)
SBY 13:08:08 [/Users/Dilan/Projects/fabric-under-pressure/results/raw/write_state_bank/formal_bank_cover] engine_0: ##   0:00:00  Writing trace to VCD file: engine_0/trace0.vcd
SBY 13:08:08 [/Users/Dilan/Projects/fabric-under-pressure/results/raw/write_state_bank/formal_bank_cover] engine_0: ##   0:00:00  Writing trace to Verilog testbench: engine_0/trace0_tb.v
SBY 13:08:08 [/Users/Dilan/Projects/fabric-under-pressure/results/raw/write_state_bank/formal_bank_cover] engine_0: ##   0:00:00  Writing trace to constraints file: engine_0/trace0.smtc
SBY 13:08:08 [/Users/Dilan/Projects/fabric-under-pressure/results/raw/write_state_bank/formal_bank_cover] engine_0: ##   0:00:00  Writing trace to Yosys witness file: engine_0/trace0.yw
SBY 13:08:08 [/Users/Dilan/Projects/fabric-under-pressure/results/raw/write_state_bank/formal_bank_cover] engine_0: ##   0:00:00  Checking cover reachability in step 1..
SBY 13:08:08 [/Users/Dilan/Projects/fabric-under-pressure/results/raw/write_state_bank/formal_bank_cover] engine_0: ##   0:00:00  Checking cover reachability in step 2..
SBY 13:08:08 [/Users/Dilan/Projects/fabric-under-pressure/results/raw/write_state_bank/formal_bank_cover] engine_0: ##   0:00:00  Checking cover reachability in step 3..
SBY 13:08:08 [/Users/Dilan/Projects/fabric-under-pressure/results/raw/write_state_bank/formal_bank_cover] engine_0: ##   0:00:00  Reached cover statement in step 3 at axi_write_state_bank_formal: axi_write_state_bank_formal.sv:69.5-69.52 (_witness_.check_cover_axi_write_state_bank_formal_sv_69_112)
SBY 13:08:08 [/Users/Dilan/Projects/fabric-under-pressure/results/raw/write_state_bank/formal_bank_cover] engine_0: ##   0:00:00  Writing trace to VCD file: engine_0/trace1.vcd
SBY 13:08:08 [/Users/Dilan/Projects/fabric-under-pressure/results/raw/write_state_bank/formal_bank_cover] engine_0: ##   0:00:00  Writing trace to Verilog testbench: engine_0/trace1_tb.v
SBY 13:08:08 [/Users/Dilan/Projects/fabric-under-pressure/results/raw/write_state_bank/formal_bank_cover] engine_0: ##   0:00:00  Writing trace to constraints file: engine_0/trace1.smtc
SBY 13:08:08 [/Users/Dilan/Projects/fabric-under-pressure/results/raw/write_state_bank/formal_bank_cover] engine_0: ##   0:00:00  Writing trace to Yosys witness file: engine_0/trace1.yw
SBY 13:08:08 [/Users/Dilan/Projects/fabric-under-pressure/results/raw/write_state_bank/formal_bank_cover] engine_0: ##   0:00:00  Checking cover reachability in step 3..
SBY 13:08:08 [/Users/Dilan/Projects/fabric-under-pressure/results/raw/write_state_bank/formal_bank_cover] engine_0: ##   0:00:00  Reached cover statement in step 3 at axi_write_state_bank_formal: axi_write_state_bank_formal.sv:75.5-76.40 (_witness_.check_cover_axi_write_state_bank_formal_sv_75_132)
SBY 13:08:08 [/Users/Dilan/Projects/fabric-under-pressure/results/raw/write_state_bank/formal_bank_cover] engine_0: ##   0:00:00  Writing trace to VCD file: engine_0/trace2.vcd
SBY 13:08:08 [/Users/Dilan/Projects/fabric-under-pressure/results/raw/write_state_bank/formal_bank_cover] engine_0: ##   0:00:00  Writing trace to Verilog testbench: engine_0/trace2_tb.v
SBY 13:08:08 [/Users/Dilan/Projects/fabric-under-pressure/results/raw/write_state_bank/formal_bank_cover] engine_0: ##   0:00:00  Writing trace to constraints file: engine_0/trace2.smtc
SBY 13:08:08 [/Users/Dilan/Projects/fabric-under-pressure/results/raw/write_state_bank/formal_bank_cover] engine_0: ##   0:00:00  Writing trace to Yosys witness file: engine_0/trace2.yw
SBY 13:08:08 [/Users/Dilan/Projects/fabric-under-pressure/results/raw/write_state_bank/formal_bank_cover] engine_0: ##   0:00:00  Checking cover reachability in step 3..
SBY 13:08:08 [/Users/Dilan/Projects/fabric-under-pressure/results/raw/write_state_bank/formal_bank_cover] engine_0: ##   0:00:00  Checking cover reachability in step 4..
SBY 13:08:08 [/Users/Dilan/Projects/fabric-under-pressure/results/raw/write_state_bank/formal_bank_cover] engine_0: ##   0:00:00  Reached cover statement in step 4 at axi_write_state_bank_formal: axi_write_state_bank_formal.sv:65.5-65.52 (_witness_.check_cover_axi_write_state_bank_formal_sv_65_100)
SBY 13:08:08 [/Users/Dilan/Projects/fabric-under-pressure/results/raw/write_state_bank/formal_bank_cover] engine_0: ##   0:00:00  Reached cover statement in step 4 at axi_write_state_bank_formal: axi_write_state_bank_formal.sv:70.5-70.63 (_witness_.check_cover_axi_write_state_bank_formal_sv_70_114)
SBY 13:08:08 [/Users/Dilan/Projects/fabric-under-pressure/results/raw/write_state_bank/formal_bank_cover] engine_0: ##   0:00:00  Writing trace to VCD file: engine_0/trace3.vcd
SBY 13:08:08 [/Users/Dilan/Projects/fabric-under-pressure/results/raw/write_state_bank/formal_bank_cover] engine_0: ##   0:00:00  Writing trace to Verilog testbench: engine_0/trace3_tb.v
SBY 13:08:08 [/Users/Dilan/Projects/fabric-under-pressure/results/raw/write_state_bank/formal_bank_cover] engine_0: ##   0:00:00  Writing trace to constraints file: engine_0/trace3.smtc
SBY 13:08:08 [/Users/Dilan/Projects/fabric-under-pressure/results/raw/write_state_bank/formal_bank_cover] engine_0: ##   0:00:00  Writing trace to Yosys witness file: engine_0/trace3.yw
SBY 13:08:08 [/Users/Dilan/Projects/fabric-under-pressure/results/raw/write_state_bank/formal_bank_cover] engine_0: ##   0:00:00  Checking cover reachability in step 4..
SBY 13:08:08 [/Users/Dilan/Projects/fabric-under-pressure/results/raw/write_state_bank/formal_bank_cover] engine_0: ##   0:00:00  Reached cover statement in step 4 at axi_write_state_bank_formal: axi_write_state_bank_formal.sv:72.5-72.63 (_witness_.check_cover_axi_write_state_bank_formal_sv_72_123)
SBY 13:08:08 [/Users/Dilan/Projects/fabric-under-pressure/results/raw/write_state_bank/formal_bank_cover] engine_0: ##   0:00:00  Writing trace to VCD file: engine_0/trace4.vcd
SBY 13:08:08 [/Users/Dilan/Projects/fabric-under-pressure/results/raw/write_state_bank/formal_bank_cover] engine_0: ##   0:00:00  Writing trace to Verilog testbench: engine_0/trace4_tb.v
SBY 13:08:08 [/Users/Dilan/Projects/fabric-under-pressure/results/raw/write_state_bank/formal_bank_cover] engine_0: ##   0:00:00  Writing trace to constraints file: engine_0/trace4.smtc
SBY 13:08:08 [/Users/Dilan/Projects/fabric-under-pressure/results/raw/write_state_bank/formal_bank_cover] engine_0: ##   0:00:00  Writing trace to Yosys witness file: engine_0/trace4.yw
SBY 13:08:08 [/Users/Dilan/Projects/fabric-under-pressure/results/raw/write_state_bank/formal_bank_cover] engine_0: ##   0:00:00  Checking cover reachability in step 4..
SBY 13:08:08 [/Users/Dilan/Projects/fabric-under-pressure/results/raw/write_state_bank/formal_bank_cover] engine_0: ##   0:00:00  Checking cover reachability in step 5..
SBY 13:08:08 [/Users/Dilan/Projects/fabric-under-pressure/results/raw/write_state_bank/formal_bank_cover] engine_0: ##   0:00:00  Checking cover reachability in step 6..
SBY 13:08:08 [/Users/Dilan/Projects/fabric-under-pressure/results/raw/write_state_bank/formal_bank_cover] engine_0: ##   0:00:00  Reached cover statement in step 6 at axi_write_state_bank_formal: axi_write_state_bank_formal.sv:73.5-74.41 (_witness_.check_cover_axi_write_state_bank_formal_sv_73_126)
SBY 13:08:08 [/Users/Dilan/Projects/fabric-under-pressure/results/raw/write_state_bank/formal_bank_cover] engine_0: ##   0:00:00  Writing trace to VCD file: engine_0/trace5.vcd
SBY 13:08:09 [/Users/Dilan/Projects/fabric-under-pressure/results/raw/write_state_bank/formal_bank_cover] engine_0: ##   0:00:00  Writing trace to Verilog testbench: engine_0/trace5_tb.v
SBY 13:08:09 [/Users/Dilan/Projects/fabric-under-pressure/results/raw/write_state_bank/formal_bank_cover] engine_0: ##   0:00:00  Writing trace to constraints file: engine_0/trace5.smtc
SBY 13:08:09 [/Users/Dilan/Projects/fabric-under-pressure/results/raw/write_state_bank/formal_bank_cover] engine_0: ##   0:00:00  Writing trace to Yosys witness file: engine_0/trace5.yw
SBY 13:08:09 [/Users/Dilan/Projects/fabric-under-pressure/results/raw/write_state_bank/formal_bank_cover] engine_0: ##   0:00:00  Checking cover reachability in step 6..
SBY 13:08:09 [/Users/Dilan/Projects/fabric-under-pressure/results/raw/write_state_bank/formal_bank_cover] engine_0: ##   0:00:00  Checking cover reachability in step 7..
SBY 13:08:09 [/Users/Dilan/Projects/fabric-under-pressure/results/raw/write_state_bank/formal_bank_cover] engine_0: ##   0:00:00  Reached cover statement in step 7 at axi_write_state_bank_formal: axi_write_state_bank_formal.sv:66.5-66.52 (_witness_.check_cover_axi_write_state_bank_formal_sv_66_103)
SBY 13:08:09 [/Users/Dilan/Projects/fabric-under-pressure/results/raw/write_state_bank/formal_bank_cover] engine_0: ##   0:00:00  Writing trace to VCD file: engine_0/trace6.vcd
SBY 13:08:09 [/Users/Dilan/Projects/fabric-under-pressure/results/raw/write_state_bank/formal_bank_cover] engine_0: ##   0:00:01  Writing trace to Verilog testbench: engine_0/trace6_tb.v
SBY 13:08:09 [/Users/Dilan/Projects/fabric-under-pressure/results/raw/write_state_bank/formal_bank_cover] engine_0: ##   0:00:01  Writing trace to constraints file: engine_0/trace6.smtc
SBY 13:08:09 [/Users/Dilan/Projects/fabric-under-pressure/results/raw/write_state_bank/formal_bank_cover] engine_0: ##   0:00:01  Writing trace to Yosys witness file: engine_0/trace6.yw
SBY 13:08:09 [/Users/Dilan/Projects/fabric-under-pressure/results/raw/write_state_bank/formal_bank_cover] engine_0: ##   0:00:01  Checking cover reachability in step 7..
SBY 13:08:09 [/Users/Dilan/Projects/fabric-under-pressure/results/raw/write_state_bank/formal_bank_cover] engine_0: ##   0:00:01  Checking cover reachability in step 8..
SBY 13:08:09 [/Users/Dilan/Projects/fabric-under-pressure/results/raw/write_state_bank/formal_bank_cover] engine_0: ##   0:00:01  Checking cover reachability in step 9..
SBY 13:08:09 [/Users/Dilan/Projects/fabric-under-pressure/results/raw/write_state_bank/formal_bank_cover] engine_0: ##   0:00:01  Checking cover reachability in step 10..
SBY 13:08:09 [/Users/Dilan/Projects/fabric-under-pressure/results/raw/write_state_bank/formal_bank_cover] engine_0: ##   0:00:01  Reached cover statement in step 10 at axi_write_state_bank_formal: axi_write_state_bank_formal.sv:67.5-67.52 (_witness_.check_cover_axi_write_state_bank_formal_sv_67_106)
SBY 13:08:09 [/Users/Dilan/Projects/fabric-under-pressure/results/raw/write_state_bank/formal_bank_cover] engine_0: ##   0:00:01  Writing trace to VCD file: engine_0/trace7.vcd
SBY 13:08:09 [/Users/Dilan/Projects/fabric-under-pressure/results/raw/write_state_bank/formal_bank_cover] engine_0: ##   0:00:01  Writing trace to Verilog testbench: engine_0/trace7_tb.v
SBY 13:08:09 [/Users/Dilan/Projects/fabric-under-pressure/results/raw/write_state_bank/formal_bank_cover] engine_0: ##   0:00:01  Writing trace to constraints file: engine_0/trace7.smtc
SBY 13:08:09 [/Users/Dilan/Projects/fabric-under-pressure/results/raw/write_state_bank/formal_bank_cover] engine_0: ##   0:00:01  Writing trace to Yosys witness file: engine_0/trace7.yw
SBY 13:08:09 [/Users/Dilan/Projects/fabric-under-pressure/results/raw/write_state_bank/formal_bank_cover] engine_0: ##   0:00:01  Checking cover reachability in step 10..
SBY 13:08:09 [/Users/Dilan/Projects/fabric-under-pressure/results/raw/write_state_bank/formal_bank_cover] engine_0: ##   0:00:01  Checking cover reachability in step 11..
SBY 13:08:09 [/Users/Dilan/Projects/fabric-under-pressure/results/raw/write_state_bank/formal_bank_cover] engine_0: ##   0:00:01  Checking cover reachability in step 12..
SBY 13:08:09 [/Users/Dilan/Projects/fabric-under-pressure/results/raw/write_state_bank/formal_bank_cover] engine_0: ##   0:00:01  Checking cover reachability in step 13..
SBY 13:08:09 [/Users/Dilan/Projects/fabric-under-pressure/results/raw/write_state_bank/formal_bank_cover] engine_0: ##   0:00:01  Reached cover statement in step 13 at axi_write_state_bank_formal: axi_write_state_bank_formal.sv:68.5-68.52 (_witness_.check_cover_axi_write_state_bank_formal_sv_68_109)
SBY 13:08:09 [/Users/Dilan/Projects/fabric-under-pressure/results/raw/write_state_bank/formal_bank_cover] engine_0: ##   0:00:01  Writing trace to VCD file: engine_0/trace8.vcd
SBY 13:08:10 [/Users/Dilan/Projects/fabric-under-pressure/results/raw/write_state_bank/formal_bank_cover] engine_0: ##   0:00:01  Writing trace to Verilog testbench: engine_0/trace8_tb.v
SBY 13:08:10 [/Users/Dilan/Projects/fabric-under-pressure/results/raw/write_state_bank/formal_bank_cover] engine_0: ##   0:00:01  Writing trace to constraints file: engine_0/trace8.smtc
SBY 13:08:10 [/Users/Dilan/Projects/fabric-under-pressure/results/raw/write_state_bank/formal_bank_cover] engine_0: ##   0:00:01  Writing trace to Yosys witness file: engine_0/trace8.yw
SBY 13:08:10 [/Users/Dilan/Projects/fabric-under-pressure/results/raw/write_state_bank/formal_bank_cover] engine_0: ##   0:00:01  Checking cover reachability in step 13..
SBY 13:08:10 [/Users/Dilan/Projects/fabric-under-pressure/results/raw/write_state_bank/formal_bank_cover] engine_0: ##   0:00:01  Checking cover reachability in step 14..
SBY 13:08:10 [/Users/Dilan/Projects/fabric-under-pressure/results/raw/write_state_bank/formal_bank_cover] engine_0: ##   0:00:02  Checking cover reachability in step 15..
SBY 13:08:10 [/Users/Dilan/Projects/fabric-under-pressure/results/raw/write_state_bank/formal_bank_cover] engine_0: ##   0:00:02  Reached cover statement in step 15 at axi_write_state_bank_formal: axi_write_state_bank_formal.sv:71.5-71.72 (_witness_.check_cover_axi_write_state_bank_formal_sv_71_118)
SBY 13:08:10 [/Users/Dilan/Projects/fabric-under-pressure/results/raw/write_state_bank/formal_bank_cover] engine_0: ##   0:00:02  Writing trace to VCD file: engine_0/trace9.vcd
SBY 13:08:10 [/Users/Dilan/Projects/fabric-under-pressure/results/raw/write_state_bank/formal_bank_cover] engine_0: ##   0:00:02  Writing trace to Verilog testbench: engine_0/trace9_tb.v
SBY 13:08:10 [/Users/Dilan/Projects/fabric-under-pressure/results/raw/write_state_bank/formal_bank_cover] engine_0: ##   0:00:02  Writing trace to constraints file: engine_0/trace9.smtc
SBY 13:08:10 [/Users/Dilan/Projects/fabric-under-pressure/results/raw/write_state_bank/formal_bank_cover] engine_0: ##   0:00:02  Writing trace to Yosys witness file: engine_0/trace9.yw
SBY 13:08:10 [/Users/Dilan/Projects/fabric-under-pressure/results/raw/write_state_bank/formal_bank_cover] engine_0: ##   0:00:02  Status: passed
SBY 13:08:10 [/Users/Dilan/Projects/fabric-under-pressure/results/raw/write_state_bank/formal_bank_cover] engine_0: finished (returncode=0)
SBY 13:08:10 [/Users/Dilan/Projects/fabric-under-pressure/results/raw/write_state_bank/formal_bank_cover] engine_0: Status returned by engine: pass
SBY 13:08:10 [/Users/Dilan/Projects/fabric-under-pressure/results/raw/write_state_bank/formal_bank_cover] summary: Elapsed clock time [H:MM:SS (secs)]: 0:00:02 (2)
SBY 13:08:10 [/Users/Dilan/Projects/fabric-under-pressure/results/raw/write_state_bank/formal_bank_cover] summary: Elapsed process time [H:MM:SS (secs)]: 0:00:03 (3)
SBY 13:08:10 [/Users/Dilan/Projects/fabric-under-pressure/results/raw/write_state_bank/formal_bank_cover] summary: engine_0 (smtbmc) returned pass
SBY 13:08:10 [/Users/Dilan/Projects/fabric-under-pressure/results/raw/write_state_bank/formal_bank_cover] summary: cover trace: /Users/Dilan/Projects/fabric-under-pressure/results/raw/write_state_bank/formal_bank_cover/engine_0/trace0.vcd
SBY 13:08:10 [/Users/Dilan/Projects/fabric-under-pressure/results/raw/write_state_bank/formal_bank_cover] summary:   reached cover statement axi_write_state_bank_formal._witness_.check_cover_axi_write_state_bank_formal_sv_64_96 at axi_write_state_bank_formal.sv:64.5-64.42 step 1
SBY 13:08:10 [/Users/Dilan/Projects/fabric-under-pressure/results/raw/write_state_bank/formal_bank_cover] summary: cover trace: /Users/Dilan/Projects/fabric-under-pressure/results/raw/write_state_bank/formal_bank_cover/engine_0/trace1.vcd
SBY 13:08:10 [/Users/Dilan/Projects/fabric-under-pressure/results/raw/write_state_bank/formal_bank_cover] summary:   reached cover statement axi_write_state_bank_formal._witness_.check_cover_axi_write_state_bank_formal_sv_69_112 at axi_write_state_bank_formal.sv:69.5-69.52 step 3
SBY 13:08:10 [/Users/Dilan/Projects/fabric-under-pressure/results/raw/write_state_bank/formal_bank_cover] summary: cover trace: /Users/Dilan/Projects/fabric-under-pressure/results/raw/write_state_bank/formal_bank_cover/engine_0/trace2.vcd
SBY 13:08:10 [/Users/Dilan/Projects/fabric-under-pressure/results/raw/write_state_bank/formal_bank_cover] summary:   reached cover statement axi_write_state_bank_formal._witness_.check_cover_axi_write_state_bank_formal_sv_75_132 at axi_write_state_bank_formal.sv:75.5-76.40 step 3
SBY 13:08:10 [/Users/Dilan/Projects/fabric-under-pressure/results/raw/write_state_bank/formal_bank_cover] summary: cover trace: /Users/Dilan/Projects/fabric-under-pressure/results/raw/write_state_bank/formal_bank_cover/engine_0/trace3.vcd
SBY 13:08:10 [/Users/Dilan/Projects/fabric-under-pressure/results/raw/write_state_bank/formal_bank_cover] summary:   reached cover statement axi_write_state_bank_formal._witness_.check_cover_axi_write_state_bank_formal_sv_65_100 at axi_write_state_bank_formal.sv:65.5-65.52 step 4
SBY 13:08:10 [/Users/Dilan/Projects/fabric-under-pressure/results/raw/write_state_bank/formal_bank_cover] summary:   reached cover statement axi_write_state_bank_formal._witness_.check_cover_axi_write_state_bank_formal_sv_70_114 at axi_write_state_bank_formal.sv:70.5-70.63 step 4
SBY 13:08:10 [/Users/Dilan/Projects/fabric-under-pressure/results/raw/write_state_bank/formal_bank_cover] summary: cover trace: /Users/Dilan/Projects/fabric-under-pressure/results/raw/write_state_bank/formal_bank_cover/engine_0/trace4.vcd
SBY 13:08:10 [/Users/Dilan/Projects/fabric-under-pressure/results/raw/write_state_bank/formal_bank_cover] summary:   reached cover statement axi_write_state_bank_formal._witness_.check_cover_axi_write_state_bank_formal_sv_72_123 at axi_write_state_bank_formal.sv:72.5-72.63 step 4
SBY 13:08:10 [/Users/Dilan/Projects/fabric-under-pressure/results/raw/write_state_bank/formal_bank_cover] summary: and 5 further traces
SBY 13:08:10 [/Users/Dilan/Projects/fabric-under-pressure/results/raw/write_state_bank/formal_bank_cover] summary: see /Users/Dilan/Projects/fabric-under-pressure/results/raw/write_state_bank/formal_bank_cover/PASS for a complete summary
SBY 13:08:10 [/Users/Dilan/Projects/fabric-under-pressure/results/raw/write_state_bank/formal_bank_cover] DONE (PASS, rc=0)
SBY 13:08:10 [/Users/Dilan/Projects/fabric-under-pressure/results/raw/write_state_bank/formal_comp_prove] Removing directory '/Users/Dilan/Projects/fabric-under-pressure/results/raw/write_state_bank/formal_comp_prove'.
SBY 13:08:10 [/Users/Dilan/Projects/fabric-under-pressure/results/raw/write_state_bank/formal_comp_prove] Copy '/Users/Dilan/Projects/fabric-under-pressure/formal/../rtl/axi_rr_arbiter_3.sv' to '/Users/Dilan/Projects/fabric-under-pressure/results/raw/write_state_bank/formal_comp_prove/src/axi_rr_arbiter_3.sv'.
SBY 13:08:10 [/Users/Dilan/Projects/fabric-under-pressure/results/raw/write_state_bank/formal_comp_prove] Copy '/Users/Dilan/Projects/fabric-under-pressure/formal/../rtl/axi_aw_target_scheduler_a.sv' to '/Users/Dilan/Projects/fabric-under-pressure/results/raw/write_state_bank/formal_comp_prove/src/axi_aw_target_scheduler_a.sv'.
SBY 13:08:10 [/Users/Dilan/Projects/fabric-under-pressure/results/raw/write_state_bank/formal_comp_prove] Copy '/Users/Dilan/Projects/fabric-under-pressure/formal/../rtl/axi_aw_target_path_a.sv' to '/Users/Dilan/Projects/fabric-under-pressure/results/raw/write_state_bank/formal_comp_prove/src/axi_aw_target_path_a.sv'.
SBY 13:08:10 [/Users/Dilan/Projects/fabric-under-pressure/results/raw/write_state_bank/formal_comp_prove] Copy '/Users/Dilan/Projects/fabric-under-pressure/formal/../rtl/axi_outstanding_tracker.sv' to '/Users/Dilan/Projects/fabric-under-pressure/results/raw/write_state_bank/formal_comp_prove/src/axi_outstanding_tracker.sv'.
SBY 13:08:10 [/Users/Dilan/Projects/fabric-under-pressure/results/raw/write_state_bank/formal_comp_prove] Copy '/Users/Dilan/Projects/fabric-under-pressure/formal/../rtl/axi_write_owner.sv' to '/Users/Dilan/Projects/fabric-under-pressure/results/raw/write_state_bank/formal_comp_prove/src/axi_write_owner.sv'.
SBY 13:08:10 [/Users/Dilan/Projects/fabric-under-pressure/results/raw/write_state_bank/formal_comp_prove] Copy '/Users/Dilan/Projects/fabric-under-pressure/formal/../rtl/axi_write_state_bank.sv' to '/Users/Dilan/Projects/fabric-under-pressure/results/raw/write_state_bank/formal_comp_prove/src/axi_write_state_bank.sv'.
SBY 13:08:10 [/Users/Dilan/Projects/fabric-under-pressure/results/raw/write_state_bank/formal_comp_prove] Copy '/Users/Dilan/Projects/fabric-under-pressure/formal/axi_aw_write_state_composition_formal.sv' to '/Users/Dilan/Projects/fabric-under-pressure/results/raw/write_state_bank/formal_comp_prove/src/axi_aw_write_state_composition_formal.sv'.
SBY 13:08:10 [/Users/Dilan/Projects/fabric-under-pressure/results/raw/write_state_bank/formal_comp_prove] engine_0: smtbmc
SBY 13:08:10 [/Users/Dilan/Projects/fabric-under-pressure/results/raw/write_state_bank/formal_comp_prove] base: starting process "cd /Users/Dilan/Projects/fabric-under-pressure/results/raw/write_state_bank/formal_comp_prove/src; yosys -ql ../model/design.log ../model/design.ys"
SBY 13:08:10 [/Users/Dilan/Projects/fabric-under-pressure/results/raw/write_state_bank/formal_comp_prove] base: Warning: Replacing memory \len_table with list of registers. See axi_outstanding_tracker.sv:66
SBY 13:08:10 [/Users/Dilan/Projects/fabric-under-pressure/results/raw/write_state_bank/formal_comp_prove] base: Warning: Replacing memory \target_table with list of registers. See axi_outstanding_tracker.sv:65
SBY 13:08:11 [/Users/Dilan/Projects/fabric-under-pressure/results/raw/write_state_bank/formal_comp_prove] base: finished (returncode=0)
SBY 13:08:11 [/Users/Dilan/Projects/fabric-under-pressure/results/raw/write_state_bank/formal_comp_prove] prep: starting process "cd /Users/Dilan/Projects/fabric-under-pressure/results/raw/write_state_bank/formal_comp_prove/model; yosys -ql design_prep.log design_prep.ys"
SBY 13:08:11 [/Users/Dilan/Projects/fabric-under-pressure/results/raw/write_state_bank/formal_comp_prove] prep: finished (returncode=0)
SBY 13:08:11 [/Users/Dilan/Projects/fabric-under-pressure/results/raw/write_state_bank/formal_comp_prove] smt2: starting process "cd /Users/Dilan/Projects/fabric-under-pressure/results/raw/write_state_bank/formal_comp_prove/model; yosys -ql design_smt2.log design_smt2.ys"
SBY 13:08:11 [/Users/Dilan/Projects/fabric-under-pressure/results/raw/write_state_bank/formal_comp_prove] smt2: finished (returncode=0)
SBY 13:08:11 [/Users/Dilan/Projects/fabric-under-pressure/results/raw/write_state_bank/formal_comp_prove] engine_0: starting process "cd /Users/Dilan/Projects/fabric-under-pressure/results/raw/write_state_bank/formal_comp_prove; yosys-smtbmc --presat --unroll --noprogress -t 24  --append 0 --dump-vcd engine_0/trace.vcd --dump-yw engine_0/trace.yw --dump-vlogtb engine_0/trace_tb.v --dump-smtc engine_0/trace.smtc model/design_smt2.smt2"
SBY 13:08:11 [/Users/Dilan/Projects/fabric-under-pressure/results/raw/write_state_bank/formal_comp_prove] engine_0: ##   0:00:00  Solver: yices
SBY 13:08:11 [/Users/Dilan/Projects/fabric-under-pressure/results/raw/write_state_bank/formal_comp_prove] engine_0: ##   0:00:00  Checking assumptions in step 0..
SBY 13:08:11 [/Users/Dilan/Projects/fabric-under-pressure/results/raw/write_state_bank/formal_comp_prove] engine_0: ##   0:00:00  Checking assertions in step 0..
SBY 13:08:11 [/Users/Dilan/Projects/fabric-under-pressure/results/raw/write_state_bank/formal_comp_prove] engine_0: ##   0:00:00  Checking assumptions in step 1..
SBY 13:08:11 [/Users/Dilan/Projects/fabric-under-pressure/results/raw/write_state_bank/formal_comp_prove] engine_0: ##   0:00:00  Checking assertions in step 1..
SBY 13:08:11 [/Users/Dilan/Projects/fabric-under-pressure/results/raw/write_state_bank/formal_comp_prove] engine_0: ##   0:00:00  Checking assumptions in step 2..
SBY 13:08:11 [/Users/Dilan/Projects/fabric-under-pressure/results/raw/write_state_bank/formal_comp_prove] engine_0: ##   0:00:00  Checking assertions in step 2..
SBY 13:08:11 [/Users/Dilan/Projects/fabric-under-pressure/results/raw/write_state_bank/formal_comp_prove] engine_0: ##   0:00:00  Checking assumptions in step 3..
SBY 13:08:11 [/Users/Dilan/Projects/fabric-under-pressure/results/raw/write_state_bank/formal_comp_prove] engine_0: ##   0:00:00  Checking assertions in step 3..
SBY 13:08:11 [/Users/Dilan/Projects/fabric-under-pressure/results/raw/write_state_bank/formal_comp_prove] engine_0: ##   0:00:00  Checking assumptions in step 4..
SBY 13:08:11 [/Users/Dilan/Projects/fabric-under-pressure/results/raw/write_state_bank/formal_comp_prove] engine_0: ##   0:00:00  Checking assertions in step 4..
SBY 13:08:11 [/Users/Dilan/Projects/fabric-under-pressure/results/raw/write_state_bank/formal_comp_prove] engine_0: ##   0:00:00  Checking assumptions in step 5..
SBY 13:08:11 [/Users/Dilan/Projects/fabric-under-pressure/results/raw/write_state_bank/formal_comp_prove] engine_0: ##   0:00:00  Checking assertions in step 5..
SBY 13:08:11 [/Users/Dilan/Projects/fabric-under-pressure/results/raw/write_state_bank/formal_comp_prove] engine_0: ##   0:00:00  Checking assumptions in step 6..
SBY 13:08:11 [/Users/Dilan/Projects/fabric-under-pressure/results/raw/write_state_bank/formal_comp_prove] engine_0: ##   0:00:00  Checking assertions in step 6..
SBY 13:08:11 [/Users/Dilan/Projects/fabric-under-pressure/results/raw/write_state_bank/formal_comp_prove] engine_0: ##   0:00:00  Checking assumptions in step 7..
SBY 13:08:11 [/Users/Dilan/Projects/fabric-under-pressure/results/raw/write_state_bank/formal_comp_prove] engine_0: ##   0:00:00  Checking assertions in step 7..
SBY 13:08:11 [/Users/Dilan/Projects/fabric-under-pressure/results/raw/write_state_bank/formal_comp_prove] engine_0: ##   0:00:00  Checking assumptions in step 8..
SBY 13:08:11 [/Users/Dilan/Projects/fabric-under-pressure/results/raw/write_state_bank/formal_comp_prove] engine_0: ##   0:00:00  Checking assertions in step 8..
SBY 13:08:11 [/Users/Dilan/Projects/fabric-under-pressure/results/raw/write_state_bank/formal_comp_prove] engine_0: ##   0:00:00  Checking assumptions in step 9..
SBY 13:08:11 [/Users/Dilan/Projects/fabric-under-pressure/results/raw/write_state_bank/formal_comp_prove] engine_0: ##   0:00:00  Checking assertions in step 9..
SBY 13:08:11 [/Users/Dilan/Projects/fabric-under-pressure/results/raw/write_state_bank/formal_comp_prove] engine_0: ##   0:00:00  Checking assumptions in step 10..
SBY 13:08:11 [/Users/Dilan/Projects/fabric-under-pressure/results/raw/write_state_bank/formal_comp_prove] engine_0: ##   0:00:00  Checking assertions in step 10..
SBY 13:08:11 [/Users/Dilan/Projects/fabric-under-pressure/results/raw/write_state_bank/formal_comp_prove] engine_0: ##   0:00:00  Checking assumptions in step 11..
SBY 13:08:11 [/Users/Dilan/Projects/fabric-under-pressure/results/raw/write_state_bank/formal_comp_prove] engine_0: ##   0:00:00  Checking assertions in step 11..
SBY 13:08:11 [/Users/Dilan/Projects/fabric-under-pressure/results/raw/write_state_bank/formal_comp_prove] engine_0: ##   0:00:00  Checking assumptions in step 12..
SBY 13:08:11 [/Users/Dilan/Projects/fabric-under-pressure/results/raw/write_state_bank/formal_comp_prove] engine_0: ##   0:00:00  Checking assertions in step 12..
SBY 13:08:11 [/Users/Dilan/Projects/fabric-under-pressure/results/raw/write_state_bank/formal_comp_prove] engine_0: ##   0:00:00  Checking assumptions in step 13..
SBY 13:08:11 [/Users/Dilan/Projects/fabric-under-pressure/results/raw/write_state_bank/formal_comp_prove] engine_0: ##   0:00:00  Checking assertions in step 13..
SBY 13:08:11 [/Users/Dilan/Projects/fabric-under-pressure/results/raw/write_state_bank/formal_comp_prove] engine_0: ##   0:00:00  Checking assumptions in step 14..
SBY 13:08:12 [/Users/Dilan/Projects/fabric-under-pressure/results/raw/write_state_bank/formal_comp_prove] engine_0: ##   0:00:00  Checking assertions in step 14..
SBY 13:08:12 [/Users/Dilan/Projects/fabric-under-pressure/results/raw/write_state_bank/formal_comp_prove] engine_0: ##   0:00:00  Checking assumptions in step 15..
SBY 13:08:12 [/Users/Dilan/Projects/fabric-under-pressure/results/raw/write_state_bank/formal_comp_prove] engine_0: ##   0:00:00  Checking assertions in step 15..
SBY 13:08:12 [/Users/Dilan/Projects/fabric-under-pressure/results/raw/write_state_bank/formal_comp_prove] engine_0: ##   0:00:00  Checking assumptions in step 16..
SBY 13:08:12 [/Users/Dilan/Projects/fabric-under-pressure/results/raw/write_state_bank/formal_comp_prove] engine_0: ##   0:00:00  Checking assertions in step 16..
SBY 13:08:12 [/Users/Dilan/Projects/fabric-under-pressure/results/raw/write_state_bank/formal_comp_prove] engine_0: ##   0:00:00  Checking assumptions in step 17..
SBY 13:08:12 [/Users/Dilan/Projects/fabric-under-pressure/results/raw/write_state_bank/formal_comp_prove] engine_0: ##   0:00:00  Checking assertions in step 17..
SBY 13:08:12 [/Users/Dilan/Projects/fabric-under-pressure/results/raw/write_state_bank/formal_comp_prove] engine_0: ##   0:00:01  Checking assumptions in step 18..
SBY 13:08:12 [/Users/Dilan/Projects/fabric-under-pressure/results/raw/write_state_bank/formal_comp_prove] engine_0: ##   0:00:01  Checking assertions in step 18..
SBY 13:08:12 [/Users/Dilan/Projects/fabric-under-pressure/results/raw/write_state_bank/formal_comp_prove] engine_0: ##   0:00:01  Checking assumptions in step 19..
SBY 13:08:12 [/Users/Dilan/Projects/fabric-under-pressure/results/raw/write_state_bank/formal_comp_prove] engine_0: ##   0:00:01  Checking assertions in step 19..
SBY 13:08:12 [/Users/Dilan/Projects/fabric-under-pressure/results/raw/write_state_bank/formal_comp_prove] engine_0: ##   0:00:01  Checking assumptions in step 20..
SBY 13:08:12 [/Users/Dilan/Projects/fabric-under-pressure/results/raw/write_state_bank/formal_comp_prove] engine_0: ##   0:00:01  Checking assertions in step 20..
SBY 13:08:12 [/Users/Dilan/Projects/fabric-under-pressure/results/raw/write_state_bank/formal_comp_prove] engine_0: ##   0:00:01  Checking assumptions in step 21..
SBY 13:08:12 [/Users/Dilan/Projects/fabric-under-pressure/results/raw/write_state_bank/formal_comp_prove] engine_0: ##   0:00:01  Checking assertions in step 21..
SBY 13:08:12 [/Users/Dilan/Projects/fabric-under-pressure/results/raw/write_state_bank/formal_comp_prove] engine_0: ##   0:00:01  Checking assumptions in step 22..
SBY 13:08:12 [/Users/Dilan/Projects/fabric-under-pressure/results/raw/write_state_bank/formal_comp_prove] engine_0: ##   0:00:01  Checking assertions in step 22..
SBY 13:08:12 [/Users/Dilan/Projects/fabric-under-pressure/results/raw/write_state_bank/formal_comp_prove] engine_0: ##   0:00:01  Checking assumptions in step 23..
SBY 13:08:13 [/Users/Dilan/Projects/fabric-under-pressure/results/raw/write_state_bank/formal_comp_prove] engine_0: ##   0:00:01  Checking assertions in step 23..
SBY 13:08:13 [/Users/Dilan/Projects/fabric-under-pressure/results/raw/write_state_bank/formal_comp_prove] engine_0: ##   0:00:01  Status: passed
SBY 13:08:13 [/Users/Dilan/Projects/fabric-under-pressure/results/raw/write_state_bank/formal_comp_prove] engine_0: finished (returncode=0)
SBY 13:08:13 [/Users/Dilan/Projects/fabric-under-pressure/results/raw/write_state_bank/formal_comp_prove] engine_0: Status returned by engine: pass
SBY 13:08:13 [/Users/Dilan/Projects/fabric-under-pressure/results/raw/write_state_bank/formal_comp_prove] summary: Elapsed clock time [H:MM:SS (secs)]: 0:00:02 (2)
SBY 13:08:13 [/Users/Dilan/Projects/fabric-under-pressure/results/raw/write_state_bank/formal_comp_prove] summary: Elapsed process time [H:MM:SS (secs)]: 0:00:02 (2)
SBY 13:08:13 [/Users/Dilan/Projects/fabric-under-pressure/results/raw/write_state_bank/formal_comp_prove] summary: engine_0 (smtbmc) returned pass
SBY 13:08:13 [/Users/Dilan/Projects/fabric-under-pressure/results/raw/write_state_bank/formal_comp_prove] summary: engine_0 did not produce any traces
SBY 13:08:13 [/Users/Dilan/Projects/fabric-under-pressure/results/raw/write_state_bank/formal_comp_prove] DONE (PASS, rc=0)
SBY 13:08:13 [/Users/Dilan/Projects/fabric-under-pressure/results/raw/write_state_bank/formal_comp_cover] Removing directory '/Users/Dilan/Projects/fabric-under-pressure/results/raw/write_state_bank/formal_comp_cover'.
SBY 13:08:13 [/Users/Dilan/Projects/fabric-under-pressure/results/raw/write_state_bank/formal_comp_cover] Copy '/Users/Dilan/Projects/fabric-under-pressure/formal/../rtl/axi_rr_arbiter_3.sv' to '/Users/Dilan/Projects/fabric-under-pressure/results/raw/write_state_bank/formal_comp_cover/src/axi_rr_arbiter_3.sv'.
SBY 13:08:13 [/Users/Dilan/Projects/fabric-under-pressure/results/raw/write_state_bank/formal_comp_cover] Copy '/Users/Dilan/Projects/fabric-under-pressure/formal/../rtl/axi_aw_target_scheduler_a.sv' to '/Users/Dilan/Projects/fabric-under-pressure/results/raw/write_state_bank/formal_comp_cover/src/axi_aw_target_scheduler_a.sv'.
SBY 13:08:13 [/Users/Dilan/Projects/fabric-under-pressure/results/raw/write_state_bank/formal_comp_cover] Copy '/Users/Dilan/Projects/fabric-under-pressure/formal/../rtl/axi_aw_target_path_a.sv' to '/Users/Dilan/Projects/fabric-under-pressure/results/raw/write_state_bank/formal_comp_cover/src/axi_aw_target_path_a.sv'.
SBY 13:08:13 [/Users/Dilan/Projects/fabric-under-pressure/results/raw/write_state_bank/formal_comp_cover] Copy '/Users/Dilan/Projects/fabric-under-pressure/formal/../rtl/axi_outstanding_tracker.sv' to '/Users/Dilan/Projects/fabric-under-pressure/results/raw/write_state_bank/formal_comp_cover/src/axi_outstanding_tracker.sv'.
SBY 13:08:13 [/Users/Dilan/Projects/fabric-under-pressure/results/raw/write_state_bank/formal_comp_cover] Copy '/Users/Dilan/Projects/fabric-under-pressure/formal/../rtl/axi_write_owner.sv' to '/Users/Dilan/Projects/fabric-under-pressure/results/raw/write_state_bank/formal_comp_cover/src/axi_write_owner.sv'.
SBY 13:08:13 [/Users/Dilan/Projects/fabric-under-pressure/results/raw/write_state_bank/formal_comp_cover] Copy '/Users/Dilan/Projects/fabric-under-pressure/formal/../rtl/axi_write_state_bank.sv' to '/Users/Dilan/Projects/fabric-under-pressure/results/raw/write_state_bank/formal_comp_cover/src/axi_write_state_bank.sv'.
SBY 13:08:13 [/Users/Dilan/Projects/fabric-under-pressure/results/raw/write_state_bank/formal_comp_cover] Copy '/Users/Dilan/Projects/fabric-under-pressure/formal/axi_aw_write_state_composition_formal.sv' to '/Users/Dilan/Projects/fabric-under-pressure/results/raw/write_state_bank/formal_comp_cover/src/axi_aw_write_state_composition_formal.sv'.
SBY 13:08:13 [/Users/Dilan/Projects/fabric-under-pressure/results/raw/write_state_bank/formal_comp_cover] engine_0: smtbmc
SBY 13:08:13 [/Users/Dilan/Projects/fabric-under-pressure/results/raw/write_state_bank/formal_comp_cover] base: starting process "cd /Users/Dilan/Projects/fabric-under-pressure/results/raw/write_state_bank/formal_comp_cover/src; yosys -ql ../model/design.log ../model/design.ys"
SBY 13:08:13 [/Users/Dilan/Projects/fabric-under-pressure/results/raw/write_state_bank/formal_comp_cover] base: Warning: Replacing memory \len_table with list of registers. See axi_outstanding_tracker.sv:66
SBY 13:08:13 [/Users/Dilan/Projects/fabric-under-pressure/results/raw/write_state_bank/formal_comp_cover] base: Warning: Replacing memory \target_table with list of registers. See axi_outstanding_tracker.sv:65
SBY 13:08:13 [/Users/Dilan/Projects/fabric-under-pressure/results/raw/write_state_bank/formal_comp_cover] base: finished (returncode=0)
SBY 13:08:13 [/Users/Dilan/Projects/fabric-under-pressure/results/raw/write_state_bank/formal_comp_cover] prep: starting process "cd /Users/Dilan/Projects/fabric-under-pressure/results/raw/write_state_bank/formal_comp_cover/model; yosys -ql design_prep.log design_prep.ys"
SBY 13:08:13 [/Users/Dilan/Projects/fabric-under-pressure/results/raw/write_state_bank/formal_comp_cover] prep: finished (returncode=0)
SBY 13:08:13 [/Users/Dilan/Projects/fabric-under-pressure/results/raw/write_state_bank/formal_comp_cover] smt2: starting process "cd /Users/Dilan/Projects/fabric-under-pressure/results/raw/write_state_bank/formal_comp_cover/model; yosys -ql design_smt2.log design_smt2.ys"
SBY 13:08:13 [/Users/Dilan/Projects/fabric-under-pressure/results/raw/write_state_bank/formal_comp_cover] smt2: finished (returncode=0)
SBY 13:08:13 [/Users/Dilan/Projects/fabric-under-pressure/results/raw/write_state_bank/formal_comp_cover] engine_0: starting process "cd /Users/Dilan/Projects/fabric-under-pressure/results/raw/write_state_bank/formal_comp_cover; yosys-smtbmc --presat --unroll -c --noprogress -t 32  --append 0 --dump-vcd engine_0/trace%.vcd --dump-yw engine_0/trace%.yw --dump-vlogtb engine_0/trace%_tb.v --dump-smtc engine_0/trace%.smtc model/design_smt2.smt2"
SBY 13:08:13 [/Users/Dilan/Projects/fabric-under-pressure/results/raw/write_state_bank/formal_comp_cover] engine_0: ##   0:00:00  Solver: yices
SBY 13:08:13 [/Users/Dilan/Projects/fabric-under-pressure/results/raw/write_state_bank/formal_comp_cover] engine_0: ##   0:00:00  Checking cover reachability in step 0..
SBY 13:08:13 [/Users/Dilan/Projects/fabric-under-pressure/results/raw/write_state_bank/formal_comp_cover] engine_0: ##   0:00:00  Checking cover reachability in step 1..
SBY 13:08:13 [/Users/Dilan/Projects/fabric-under-pressure/results/raw/write_state_bank/formal_comp_cover] engine_0: ##   0:00:00  Checking cover reachability in step 2..
SBY 13:08:13 [/Users/Dilan/Projects/fabric-under-pressure/results/raw/write_state_bank/formal_comp_cover] engine_0: ##   0:00:00  Checking cover reachability in step 3..
SBY 13:08:13 [/Users/Dilan/Projects/fabric-under-pressure/results/raw/write_state_bank/formal_comp_cover] engine_0: ##   0:00:00  Checking cover reachability in step 4..
SBY 13:08:13 [/Users/Dilan/Projects/fabric-under-pressure/results/raw/write_state_bank/formal_comp_cover] engine_0: ##   0:00:00  Reached cover statement in step 4 at axi_aw_write_state_composition_formal: axi_aw_write_state_composition_formal.sv:150.5-150.66 (_witness_.check_cover_axi_aw_write_state_composition_formal_sv_150_299)
SBY 13:08:13 [/Users/Dilan/Projects/fabric-under-pressure/results/raw/write_state_bank/formal_comp_cover] engine_0: ##   0:00:00  Writing trace to VCD file: engine_0/trace0.vcd
SBY 13:08:14 [/Users/Dilan/Projects/fabric-under-pressure/results/raw/write_state_bank/formal_comp_cover] engine_0: ##   0:00:00  Writing trace to Verilog testbench: engine_0/trace0_tb.v
SBY 13:08:14 [/Users/Dilan/Projects/fabric-under-pressure/results/raw/write_state_bank/formal_comp_cover] engine_0: ##   0:00:00  Writing trace to constraints file: engine_0/trace0.smtc
SBY 13:08:14 [/Users/Dilan/Projects/fabric-under-pressure/results/raw/write_state_bank/formal_comp_cover] engine_0: ##   0:00:00  Writing trace to Yosys witness file: engine_0/trace0.yw
SBY 13:08:14 [/Users/Dilan/Projects/fabric-under-pressure/results/raw/write_state_bank/formal_comp_cover] engine_0: ##   0:00:00  Checking cover reachability in step 4..
SBY 13:08:14 [/Users/Dilan/Projects/fabric-under-pressure/results/raw/write_state_bank/formal_comp_cover] engine_0: ##   0:00:00  Reached cover statement in step 4 at axi_aw_write_state_composition_formal: axi_aw_write_state_composition_formal.sv:149.5-149.66 (_witness_.check_cover_axi_aw_write_state_composition_formal_sv_149_295)
SBY 13:08:14 [/Users/Dilan/Projects/fabric-under-pressure/results/raw/write_state_bank/formal_comp_cover] engine_0: ##   0:00:00  Writing trace to VCD file: engine_0/trace1.vcd
SBY 13:08:14 [/Users/Dilan/Projects/fabric-under-pressure/results/raw/write_state_bank/formal_comp_cover] engine_0: ##   0:00:00  Writing trace to Verilog testbench: engine_0/trace1_tb.v
SBY 13:08:14 [/Users/Dilan/Projects/fabric-under-pressure/results/raw/write_state_bank/formal_comp_cover] engine_0: ##   0:00:00  Writing trace to constraints file: engine_0/trace1.smtc
SBY 13:08:14 [/Users/Dilan/Projects/fabric-under-pressure/results/raw/write_state_bank/formal_comp_cover] engine_0: ##   0:00:00  Writing trace to Yosys witness file: engine_0/trace1.yw
SBY 13:08:14 [/Users/Dilan/Projects/fabric-under-pressure/results/raw/write_state_bank/formal_comp_cover] engine_0: ##   0:00:00  Checking cover reachability in step 4..
SBY 13:08:14 [/Users/Dilan/Projects/fabric-under-pressure/results/raw/write_state_bank/formal_comp_cover] engine_0: ##   0:00:00  Reached cover statement in step 4 at axi_aw_write_state_composition_formal: axi_aw_write_state_composition_formal.sv:148.5-148.66 (_witness_.check_cover_axi_aw_write_state_composition_formal_sv_148_291)
SBY 13:08:14 [/Users/Dilan/Projects/fabric-under-pressure/results/raw/write_state_bank/formal_comp_cover] engine_0: ##   0:00:00  Writing trace to VCD file: engine_0/trace2.vcd
SBY 13:08:14 [/Users/Dilan/Projects/fabric-under-pressure/results/raw/write_state_bank/formal_comp_cover] engine_0: ##   0:00:00  Writing trace to Verilog testbench: engine_0/trace2_tb.v
SBY 13:08:14 [/Users/Dilan/Projects/fabric-under-pressure/results/raw/write_state_bank/formal_comp_cover] engine_0: ##   0:00:00  Writing trace to constraints file: engine_0/trace2.smtc
SBY 13:08:14 [/Users/Dilan/Projects/fabric-under-pressure/results/raw/write_state_bank/formal_comp_cover] engine_0: ##   0:00:00  Writing trace to Yosys witness file: engine_0/trace2.yw
SBY 13:08:14 [/Users/Dilan/Projects/fabric-under-pressure/results/raw/write_state_bank/formal_comp_cover] engine_0: ##   0:00:00  Checking cover reachability in step 4..
SBY 13:08:14 [/Users/Dilan/Projects/fabric-under-pressure/results/raw/write_state_bank/formal_comp_cover] engine_0: ##   0:00:00  Checking cover reachability in step 5..
SBY 13:08:14 [/Users/Dilan/Projects/fabric-under-pressure/results/raw/write_state_bank/formal_comp_cover] engine_0: ##   0:00:00  Reached cover statement in step 5 at axi_aw_write_state_composition_formal: axi_aw_write_state_composition_formal.sv:151.5-151.81 (_witness_.check_cover_axi_aw_write_state_composition_formal_sv_151_303)
SBY 13:08:14 [/Users/Dilan/Projects/fabric-under-pressure/results/raw/write_state_bank/formal_comp_cover] engine_0: ##   0:00:00  Reached cover statement in step 5 at axi_aw_write_state_composition_formal: axi_aw_write_state_composition_formal.sv:154.5-155.68 (_witness_.check_cover_axi_aw_write_state_composition_formal_sv_154_314)
SBY 13:08:14 [/Users/Dilan/Projects/fabric-under-pressure/results/raw/write_state_bank/formal_comp_cover] engine_0: ##   0:00:00  Writing trace to VCD file: engine_0/trace3.vcd
SBY 13:08:14 [/Users/Dilan/Projects/fabric-under-pressure/results/raw/write_state_bank/formal_comp_cover] engine_0: ##   0:00:00  Writing trace to Verilog testbench: engine_0/trace3_tb.v
SBY 13:08:14 [/Users/Dilan/Projects/fabric-under-pressure/results/raw/write_state_bank/formal_comp_cover] engine_0: ##   0:00:00  Writing trace to constraints file: engine_0/trace3.smtc
SBY 13:08:14 [/Users/Dilan/Projects/fabric-under-pressure/results/raw/write_state_bank/formal_comp_cover] engine_0: ##   0:00:00  Writing trace to Yosys witness file: engine_0/trace3.yw
SBY 13:08:14 [/Users/Dilan/Projects/fabric-under-pressure/results/raw/write_state_bank/formal_comp_cover] engine_0: ##   0:00:00  Checking cover reachability in step 5..
SBY 13:08:14 [/Users/Dilan/Projects/fabric-under-pressure/results/raw/write_state_bank/formal_comp_cover] engine_0: ##   0:00:00  Reached cover statement in step 5 at axi_aw_write_state_composition_formal: axi_aw_write_state_composition_formal.sv:152.5-152.56 (_witness_.check_cover_axi_aw_write_state_composition_formal_sv_152_308)
SBY 13:08:14 [/Users/Dilan/Projects/fabric-under-pressure/results/raw/write_state_bank/formal_comp_cover] engine_0: ##   0:00:00  Writing trace to VCD file: engine_0/trace4.vcd
SBY 13:08:14 [/Users/Dilan/Projects/fabric-under-pressure/results/raw/write_state_bank/formal_comp_cover] engine_0: ##   0:00:01  Writing trace to Verilog testbench: engine_0/trace4_tb.v
SBY 13:08:14 [/Users/Dilan/Projects/fabric-under-pressure/results/raw/write_state_bank/formal_comp_cover] engine_0: ##   0:00:01  Writing trace to constraints file: engine_0/trace4.smtc
SBY 13:08:14 [/Users/Dilan/Projects/fabric-under-pressure/results/raw/write_state_bank/formal_comp_cover] engine_0: ##   0:00:01  Writing trace to Yosys witness file: engine_0/trace4.yw
SBY 13:08:14 [/Users/Dilan/Projects/fabric-under-pressure/results/raw/write_state_bank/formal_comp_cover] engine_0: ##   0:00:01  Checking cover reachability in step 5..
SBY 13:08:14 [/Users/Dilan/Projects/fabric-under-pressure/results/raw/write_state_bank/formal_comp_cover] engine_0: ##   0:00:01  Checking cover reachability in step 6..
SBY 13:08:14 [/Users/Dilan/Projects/fabric-under-pressure/results/raw/write_state_bank/formal_comp_cover] engine_0: ##   0:00:01  Reached cover statement in step 6 at axi_aw_write_state_composition_formal: axi_aw_write_state_composition_formal.sv:156.5-157.41 (_witness_.check_cover_axi_aw_write_state_composition_formal_sv_156_319)
SBY 13:08:14 [/Users/Dilan/Projects/fabric-under-pressure/results/raw/write_state_bank/formal_comp_cover] engine_0: ##   0:00:01  Writing trace to VCD file: engine_0/trace5.vcd
SBY 13:08:15 [/Users/Dilan/Projects/fabric-under-pressure/results/raw/write_state_bank/formal_comp_cover] engine_0: ##   0:00:01  Writing trace to Verilog testbench: engine_0/trace5_tb.v
SBY 13:08:15 [/Users/Dilan/Projects/fabric-under-pressure/results/raw/write_state_bank/formal_comp_cover] engine_0: ##   0:00:01  Writing trace to constraints file: engine_0/trace5.smtc
SBY 13:08:15 [/Users/Dilan/Projects/fabric-under-pressure/results/raw/write_state_bank/formal_comp_cover] engine_0: ##   0:00:01  Writing trace to Yosys witness file: engine_0/trace5.yw
SBY 13:08:15 [/Users/Dilan/Projects/fabric-under-pressure/results/raw/write_state_bank/formal_comp_cover] engine_0: ##   0:00:01  Checking cover reachability in step 6..
SBY 13:08:15 [/Users/Dilan/Projects/fabric-under-pressure/results/raw/write_state_bank/formal_comp_cover] engine_0: ##   0:00:01  Checking cover reachability in step 7..
SBY 13:08:15 [/Users/Dilan/Projects/fabric-under-pressure/results/raw/write_state_bank/formal_comp_cover] engine_0: ##   0:00:01  Reached cover statement in step 7 at axi_aw_write_state_composition_formal: axi_aw_write_state_composition_formal.sv:153.5-153.61 (_witness_.check_cover_axi_aw_write_state_composition_formal_sv_153_311)
SBY 13:08:15 [/Users/Dilan/Projects/fabric-under-pressure/results/raw/write_state_bank/formal_comp_cover] engine_0: ##   0:00:01  Writing trace to VCD file: engine_0/trace6.vcd
SBY 13:08:15 [/Users/Dilan/Projects/fabric-under-pressure/results/raw/write_state_bank/formal_comp_cover] engine_0: ##   0:00:01  Writing trace to Verilog testbench: engine_0/trace6_tb.v
SBY 13:08:15 [/Users/Dilan/Projects/fabric-under-pressure/results/raw/write_state_bank/formal_comp_cover] engine_0: ##   0:00:01  Writing trace to constraints file: engine_0/trace6.smtc
SBY 13:08:15 [/Users/Dilan/Projects/fabric-under-pressure/results/raw/write_state_bank/formal_comp_cover] engine_0: ##   0:00:01  Writing trace to Yosys witness file: engine_0/trace6.yw
SBY 13:08:15 [/Users/Dilan/Projects/fabric-under-pressure/results/raw/write_state_bank/formal_comp_cover] engine_0: ##   0:00:01  Status: passed
SBY 13:08:15 [/Users/Dilan/Projects/fabric-under-pressure/results/raw/write_state_bank/formal_comp_cover] engine_0: finished (returncode=0)
SBY 13:08:15 [/Users/Dilan/Projects/fabric-under-pressure/results/raw/write_state_bank/formal_comp_cover] engine_0: Status returned by engine: pass
SBY 13:08:15 [/Users/Dilan/Projects/fabric-under-pressure/results/raw/write_state_bank/formal_comp_cover] summary: Elapsed clock time [H:MM:SS (secs)]: 0:00:02 (2)
SBY 13:08:15 [/Users/Dilan/Projects/fabric-under-pressure/results/raw/write_state_bank/formal_comp_cover] summary: Elapsed process time [H:MM:SS (secs)]: 0:00:02 (2)
SBY 13:08:15 [/Users/Dilan/Projects/fabric-under-pressure/results/raw/write_state_bank/formal_comp_cover] summary: engine_0 (smtbmc) returned pass
SBY 13:08:15 [/Users/Dilan/Projects/fabric-under-pressure/results/raw/write_state_bank/formal_comp_cover] summary: cover trace: /Users/Dilan/Projects/fabric-under-pressure/results/raw/write_state_bank/formal_comp_cover/engine_0/trace0.vcd
SBY 13:08:15 [/Users/Dilan/Projects/fabric-under-pressure/results/raw/write_state_bank/formal_comp_cover] summary:   reached cover statement axi_aw_write_state_composition_formal._witness_.check_cover_axi_aw_write_state_composition_formal_sv_150_299 at axi_aw_write_state_composition_formal.sv:150.5-150.66 step 4
SBY 13:08:15 [/Users/Dilan/Projects/fabric-under-pressure/results/raw/write_state_bank/formal_comp_cover] summary: cover trace: /Users/Dilan/Projects/fabric-under-pressure/results/raw/write_state_bank/formal_comp_cover/engine_0/trace1.vcd
SBY 13:08:15 [/Users/Dilan/Projects/fabric-under-pressure/results/raw/write_state_bank/formal_comp_cover] summary:   reached cover statement axi_aw_write_state_composition_formal._witness_.check_cover_axi_aw_write_state_composition_formal_sv_149_295 at axi_aw_write_state_composition_formal.sv:149.5-149.66 step 4
SBY 13:08:15 [/Users/Dilan/Projects/fabric-under-pressure/results/raw/write_state_bank/formal_comp_cover] summary: cover trace: /Users/Dilan/Projects/fabric-under-pressure/results/raw/write_state_bank/formal_comp_cover/engine_0/trace2.vcd
SBY 13:08:15 [/Users/Dilan/Projects/fabric-under-pressure/results/raw/write_state_bank/formal_comp_cover] summary:   reached cover statement axi_aw_write_state_composition_formal._witness_.check_cover_axi_aw_write_state_composition_formal_sv_148_291 at axi_aw_write_state_composition_formal.sv:148.5-148.66 step 4
SBY 13:08:15 [/Users/Dilan/Projects/fabric-under-pressure/results/raw/write_state_bank/formal_comp_cover] summary: cover trace: /Users/Dilan/Projects/fabric-under-pressure/results/raw/write_state_bank/formal_comp_cover/engine_0/trace3.vcd
SBY 13:08:15 [/Users/Dilan/Projects/fabric-under-pressure/results/raw/write_state_bank/formal_comp_cover] summary:   reached cover statement axi_aw_write_state_composition_formal._witness_.check_cover_axi_aw_write_state_composition_formal_sv_151_303 at axi_aw_write_state_composition_formal.sv:151.5-151.81 step 5
SBY 13:08:15 [/Users/Dilan/Projects/fabric-under-pressure/results/raw/write_state_bank/formal_comp_cover] summary:   reached cover statement axi_aw_write_state_composition_formal._witness_.check_cover_axi_aw_write_state_composition_formal_sv_154_314 at axi_aw_write_state_composition_formal.sv:154.5-155.68 step 5
SBY 13:08:15 [/Users/Dilan/Projects/fabric-under-pressure/results/raw/write_state_bank/formal_comp_cover] summary: cover trace: /Users/Dilan/Projects/fabric-under-pressure/results/raw/write_state_bank/formal_comp_cover/engine_0/trace4.vcd
SBY 13:08:15 [/Users/Dilan/Projects/fabric-under-pressure/results/raw/write_state_bank/formal_comp_cover] summary:   reached cover statement axi_aw_write_state_composition_formal._witness_.check_cover_axi_aw_write_state_composition_formal_sv_152_308 at axi_aw_write_state_composition_formal.sv:152.5-152.56 step 5
SBY 13:08:15 [/Users/Dilan/Projects/fabric-under-pressure/results/raw/write_state_bank/formal_comp_cover] summary: and 2 further traces
SBY 13:08:15 [/Users/Dilan/Projects/fabric-under-pressure/results/raw/write_state_bank/formal_comp_cover] summary: see /Users/Dilan/Projects/fabric-under-pressure/results/raw/write_state_bank/formal_comp_cover/PASS for a complete summary
SBY 13:08:15 [/Users/Dilan/Projects/fabric-under-pressure/results/raw/write_state_bank/formal_comp_cover] DONE (PASS, rc=0)
