SBY 12:55:04 [/Users/Dilan/Projects/fabric-under-pressure/results/raw/write_state_bank/formal_comp_prove] Removing directory '/Users/Dilan/Projects/fabric-under-pressure/results/raw/write_state_bank/formal_comp_prove'.
SBY 12:55:04 [/Users/Dilan/Projects/fabric-under-pressure/results/raw/write_state_bank/formal_comp_prove] Copy '/Users/Dilan/Projects/fabric-under-pressure/formal/../rtl/axi_rr_arbiter_3.sv' to '/Users/Dilan/Projects/fabric-under-pressure/results/raw/write_state_bank/formal_comp_prove/src/axi_rr_arbiter_3.sv'.
SBY 12:55:04 [/Users/Dilan/Projects/fabric-under-pressure/results/raw/write_state_bank/formal_comp_prove] Copy '/Users/Dilan/Projects/fabric-under-pressure/formal/../rtl/axi_aw_target_scheduler_a.sv' to '/Users/Dilan/Projects/fabric-under-pressure/results/raw/write_state_bank/formal_comp_prove/src/axi_aw_target_scheduler_a.sv'.
SBY 12:55:04 [/Users/Dilan/Projects/fabric-under-pressure/results/raw/write_state_bank/formal_comp_prove] Copy '/Users/Dilan/Projects/fabric-under-pressure/formal/../rtl/axi_aw_target_path_a.sv' to '/Users/Dilan/Projects/fabric-under-pressure/results/raw/write_state_bank/formal_comp_prove/src/axi_aw_target_path_a.sv'.
SBY 12:55:04 [/Users/Dilan/Projects/fabric-under-pressure/results/raw/write_state_bank/formal_comp_prove] Copy '/Users/Dilan/Projects/fabric-under-pressure/formal/../rtl/axi_outstanding_tracker.sv' to '/Users/Dilan/Projects/fabric-under-pressure/results/raw/write_state_bank/formal_comp_prove/src/axi_outstanding_tracker.sv'.
SBY 12:55:04 [/Users/Dilan/Projects/fabric-under-pressure/results/raw/write_state_bank/formal_comp_prove] Copy '/Users/Dilan/Projects/fabric-under-pressure/formal/../rtl/axi_write_owner.sv' to '/Users/Dilan/Projects/fabric-under-pressure/results/raw/write_state_bank/formal_comp_prove/src/axi_write_owner.sv'.
SBY 12:55:04 [/Users/Dilan/Projects/fabric-under-pressure/results/raw/write_state_bank/formal_comp_prove] Copy '/Users/Dilan/Projects/fabric-under-pressure/formal/../rtl/axi_write_state_bank.sv' to '/Users/Dilan/Projects/fabric-under-pressure/results/raw/write_state_bank/formal_comp_prove/src/axi_write_state_bank.sv'.
SBY 12:55:04 [/Users/Dilan/Projects/fabric-under-pressure/results/raw/write_state_bank/formal_comp_prove] Copy '/Users/Dilan/Projects/fabric-under-pressure/formal/axi_aw_write_state_composition_formal.sv' to '/Users/Dilan/Projects/fabric-under-pressure/results/raw/write_state_bank/formal_comp_prove/src/axi_aw_write_state_composition_formal.sv'.
SBY 12:55:04 [/Users/Dilan/Projects/fabric-under-pressure/results/raw/write_state_bank/formal_comp_prove] engine_0: smtbmc
SBY 12:55:04 [/Users/Dilan/Projects/fabric-under-pressure/results/raw/write_state_bank/formal_comp_prove] base: starting process "cd /Users/Dilan/Projects/fabric-under-pressure/results/raw/write_state_bank/formal_comp_prove/src; yosys -ql ../model/design.log ../model/design.ys"
SBY 12:55:04 [/Users/Dilan/Projects/fabric-under-pressure/results/raw/write_state_bank/formal_comp_prove] base: Warning: Replacing memory \len_table with list of registers. See axi_outstanding_tracker.sv:66
SBY 12:55:04 [/Users/Dilan/Projects/fabric-under-pressure/results/raw/write_state_bank/formal_comp_prove] base: Warning: Replacing memory \target_table with list of registers. See axi_outstanding_tracker.sv:65
SBY 12:55:05 [/Users/Dilan/Projects/fabric-under-pressure/results/raw/write_state_bank/formal_comp_prove] base: finished (returncode=0)
SBY 12:55:05 [/Users/Dilan/Projects/fabric-under-pressure/results/raw/write_state_bank/formal_comp_prove] prep: starting process "cd /Users/Dilan/Projects/fabric-under-pressure/results/raw/write_state_bank/formal_comp_prove/model; yosys -ql design_prep.log design_prep.ys"
SBY 12:55:05 [/Users/Dilan/Projects/fabric-under-pressure/results/raw/write_state_bank/formal_comp_prove] prep: finished (returncode=0)
SBY 12:55:05 [/Users/Dilan/Projects/fabric-under-pressure/results/raw/write_state_bank/formal_comp_prove] smt2: starting process "cd /Users/Dilan/Projects/fabric-under-pressure/results/raw/write_state_bank/formal_comp_prove/model; yosys -ql design_smt2.log design_smt2.ys"
SBY 12:55:05 [/Users/Dilan/Projects/fabric-under-pressure/results/raw/write_state_bank/formal_comp_prove] smt2: finished (returncode=0)
SBY 12:55:05 [/Users/Dilan/Projects/fabric-under-pressure/results/raw/write_state_bank/formal_comp_prove] engine_0: starting process "cd /Users/Dilan/Projects/fabric-under-pressure/results/raw/write_state_bank/formal_comp_prove; yosys-smtbmc --presat --unroll --noprogress -t 24  --append 0 --dump-vcd engine_0/trace.vcd --dump-yw engine_0/trace.yw --dump-vlogtb engine_0/trace_tb.v --dump-smtc engine_0/trace.smtc model/design_smt2.smt2"
SBY 12:55:05 [/Users/Dilan/Projects/fabric-under-pressure/results/raw/write_state_bank/formal_comp_prove] engine_0: ##   0:00:00  Solver: yices
SBY 12:55:05 [/Users/Dilan/Projects/fabric-under-pressure/results/raw/write_state_bank/formal_comp_prove] engine_0: ##   0:00:00  Checking assumptions in step 0..
SBY 12:55:05 [/Users/Dilan/Projects/fabric-under-pressure/results/raw/write_state_bank/formal_comp_prove] engine_0: ##   0:00:00  Checking assertions in step 0..
SBY 12:55:05 [/Users/Dilan/Projects/fabric-under-pressure/results/raw/write_state_bank/formal_comp_prove] engine_0: ##   0:00:00  Checking assumptions in step 1..
SBY 12:55:05 [/Users/Dilan/Projects/fabric-under-pressure/results/raw/write_state_bank/formal_comp_prove] engine_0: ##   0:00:00  Checking assertions in step 1..
SBY 12:55:05 [/Users/Dilan/Projects/fabric-under-pressure/results/raw/write_state_bank/formal_comp_prove] engine_0: ##   0:00:00  Checking assumptions in step 2..
SBY 12:55:05 [/Users/Dilan/Projects/fabric-under-pressure/results/raw/write_state_bank/formal_comp_prove] engine_0: ##   0:00:00  Checking assertions in step 2..
SBY 12:55:05 [/Users/Dilan/Projects/fabric-under-pressure/results/raw/write_state_bank/formal_comp_prove] engine_0: ##   0:00:00  Checking assumptions in step 3..
SBY 12:55:05 [/Users/Dilan/Projects/fabric-under-pressure/results/raw/write_state_bank/formal_comp_prove] engine_0: ##   0:00:00  Checking assertions in step 3..
SBY 12:55:05 [/Users/Dilan/Projects/fabric-under-pressure/results/raw/write_state_bank/formal_comp_prove] engine_0: ##   0:00:00  Checking assumptions in step 4..
SBY 12:55:05 [/Users/Dilan/Projects/fabric-under-pressure/results/raw/write_state_bank/formal_comp_prove] engine_0: ##   0:00:00  Checking assertions in step 4..
SBY 12:55:05 [/Users/Dilan/Projects/fabric-under-pressure/results/raw/write_state_bank/formal_comp_prove] engine_0: ##   0:00:00  BMC failed!
SBY 12:55:05 [/Users/Dilan/Projects/fabric-under-pressure/results/raw/write_state_bank/formal_comp_prove] engine_0: ##   0:00:00  Assert failed in axi_aw_write_state_composition_formal: axi_aw_write_state_composition_formal.sv:107.11-107.58 (_witness_.check_assert_axi_aw_write_state_composition_formal_sv_107_195)
SBY 12:55:05 [/Users/Dilan/Projects/fabric-under-pressure/results/raw/write_state_bank/formal_comp_prove] engine_0: ##   0:00:00  Assert failed in axi_aw_write_state_composition_formal: axi_aw_write_state_composition_formal.sv:110.11-110.61 (_witness_.check_assert_axi_aw_write_state_composition_formal_sv_110_201)
SBY 12:55:05 [/Users/Dilan/Projects/fabric-under-pressure/results/raw/write_state_bank/formal_comp_prove] engine_0: ##   0:00:00  Writing trace to VCD file: engine_0/trace.vcd
SBY 12:55:05 [/Users/Dilan/Projects/fabric-under-pressure/results/raw/write_state_bank/formal_comp_prove] engine_0: ##   0:00:00  Writing trace to Verilog testbench: engine_0/trace_tb.v
SBY 12:55:05 [/Users/Dilan/Projects/fabric-under-pressure/results/raw/write_state_bank/formal_comp_prove] engine_0: ##   0:00:00  Writing trace to constraints file: engine_0/trace.smtc
SBY 12:55:05 [/Users/Dilan/Projects/fabric-under-pressure/results/raw/write_state_bank/formal_comp_prove] engine_0: ##   0:00:00  Writing trace to Yosys witness file: engine_0/trace.yw
SBY 12:55:05 [/Users/Dilan/Projects/fabric-under-pressure/results/raw/write_state_bank/formal_comp_prove] engine_0: ##   0:00:00  Status: failed
SBY 12:55:05 [/Users/Dilan/Projects/fabric-under-pressure/results/raw/write_state_bank/formal_comp_prove] engine_0: finished (returncode=1)
SBY 12:55:05 [/Users/Dilan/Projects/fabric-under-pressure/results/raw/write_state_bank/formal_comp_prove] engine_0: Status returned by engine: FAIL
SBY 12:55:05 [/Users/Dilan/Projects/fabric-under-pressure/results/raw/write_state_bank/formal_comp_prove] summary: Elapsed clock time [H:MM:SS (secs)]: 0:00:00 (0)
SBY 12:55:05 [/Users/Dilan/Projects/fabric-under-pressure/results/raw/write_state_bank/formal_comp_prove] summary: Elapsed process time [H:MM:SS (secs)]: 0:00:00 (0)
SBY 12:55:05 [/Users/Dilan/Projects/fabric-under-pressure/results/raw/write_state_bank/formal_comp_prove] summary: engine_0 (smtbmc) returned FAIL
SBY 12:55:05 [/Users/Dilan/Projects/fabric-under-pressure/results/raw/write_state_bank/formal_comp_prove] summary: counterexample trace: /Users/Dilan/Projects/fabric-under-pressure/results/raw/write_state_bank/formal_comp_prove/engine_0/trace.vcd
SBY 12:55:05 [/Users/Dilan/Projects/fabric-under-pressure/results/raw/write_state_bank/formal_comp_prove] summary:   failed assertion axi_aw_write_state_composition_formal._witness_.check_assert_axi_aw_write_state_composition_formal_sv_107_195 at axi_aw_write_state_composition_formal.sv:107.11-107.58 step 4
SBY 12:55:05 [/Users/Dilan/Projects/fabric-under-pressure/results/raw/write_state_bank/formal_comp_prove] summary:   failed assertion axi_aw_write_state_composition_formal._witness_.check_assert_axi_aw_write_state_composition_formal_sv_110_201 at axi_aw_write_state_composition_formal.sv:110.11-110.61 step 4
SBY 12:55:05 [/Users/Dilan/Projects/fabric-under-pressure/results/raw/write_state_bank/formal_comp_prove] DONE (FAIL, rc=2)
SBY 12:55:05 The following tasks failed: ['prove']
