SBY 12:54:48 [/Users/Dilan/Projects/fabric-under-pressure/results/raw/write_state_bank/formal_bank_cover] Removing directory '/Users/Dilan/Projects/fabric-under-pressure/results/raw/write_state_bank/formal_bank_cover'.
SBY 12:54:48 [/Users/Dilan/Projects/fabric-under-pressure/results/raw/write_state_bank/formal_bank_cover] Copy '/Users/Dilan/Projects/fabric-under-pressure/formal/../rtl/axi_outstanding_tracker.sv' to '/Users/Dilan/Projects/fabric-under-pressure/results/raw/write_state_bank/formal_bank_cover/src/axi_outstanding_tracker.sv'.
SBY 12:54:48 [/Users/Dilan/Projects/fabric-under-pressure/results/raw/write_state_bank/formal_bank_cover] Copy '/Users/Dilan/Projects/fabric-under-pressure/formal/../rtl/axi_write_owner.sv' to '/Users/Dilan/Projects/fabric-under-pressure/results/raw/write_state_bank/formal_bank_cover/src/axi_write_owner.sv'.
SBY 12:54:48 [/Users/Dilan/Projects/fabric-under-pressure/results/raw/write_state_bank/formal_bank_cover] Copy '/Users/Dilan/Projects/fabric-under-pressure/formal/../rtl/axi_write_state_bank.sv' to '/Users/Dilan/Projects/fabric-under-pressure/results/raw/write_state_bank/formal_bank_cover/src/axi_write_state_bank.sv'.
SBY 12:54:48 [/Users/Dilan/Projects/fabric-under-pressure/results/raw/write_state_bank/formal_bank_cover] Copy '/Users/Dilan/Projects/fabric-under-pressure/formal/axi_write_state_bank_formal.sv' to '/Users/Dilan/Projects/fabric-under-pressure/results/raw/write_state_bank/formal_bank_cover/src/axi_write_state_bank_formal.sv'.
SBY 12:54:48 [/Users/Dilan/Projects/fabric-under-pressure/results/raw/write_state_bank/formal_bank_cover] engine_0: smtbmc
SBY 12:54:48 [/Users/Dilan/Projects/fabric-under-pressure/results/raw/write_state_bank/formal_bank_cover] base: starting process "cd /Users/Dilan/Projects/fabric-under-pressure/results/raw/write_state_bank/formal_bank_cover/src; yosys -ql ../model/design.log ../model/design.ys"
SBY 12:54:48 [/Users/Dilan/Projects/fabric-under-pressure/results/raw/write_state_bank/formal_bank_cover] base: Warning: Replacing memory \len_table with list of registers. See axi_outstanding_tracker.sv:66
SBY 12:54:48 [/Users/Dilan/Projects/fabric-under-pressure/results/raw/write_state_bank/formal_bank_cover] base: Warning: Replacing memory \target_table with list of registers. See axi_outstanding_tracker.sv:65
SBY 12:54:49 [/Users/Dilan/Projects/fabric-under-pressure/results/raw/write_state_bank/formal_bank_cover] base: finished (returncode=0)
SBY 12:54:49 [/Users/Dilan/Projects/fabric-under-pressure/results/raw/write_state_bank/formal_bank_cover] prep: starting process "cd /Users/Dilan/Projects/fabric-under-pressure/results/raw/write_state_bank/formal_bank_cover/model; yosys -ql design_prep.log design_prep.ys"
SBY 12:54:49 [/Users/Dilan/Projects/fabric-under-pressure/results/raw/write_state_bank/formal_bank_cover] prep: finished (returncode=0)
SBY 12:54:49 [/Users/Dilan/Projects/fabric-under-pressure/results/raw/write_state_bank/formal_bank_cover] smt2: starting process "cd /Users/Dilan/Projects/fabric-under-pressure/results/raw/write_state_bank/formal_bank_cover/model; yosys -ql design_smt2.log design_smt2.ys"
SBY 12:54:49 [/Users/Dilan/Projects/fabric-under-pressure/results/raw/write_state_bank/formal_bank_cover] smt2: finished (returncode=0)
SBY 12:54:49 [/Users/Dilan/Projects/fabric-under-pressure/results/raw/write_state_bank/formal_bank_cover] engine_0: starting process "cd /Users/Dilan/Projects/fabric-under-pressure/results/raw/write_state_bank/formal_bank_cover; yosys-smtbmc --presat --unroll -c --noprogress -t 24  --append 0 --dump-vcd engine_0/trace%.vcd --dump-yw engine_0/trace%.yw --dump-vlogtb engine_0/trace%_tb.v --dump-smtc engine_0/trace%.smtc model/design_smt2.smt2"
SBY 12:54:49 [/Users/Dilan/Projects/fabric-under-pressure/results/raw/write_state_bank/formal_bank_cover] engine_0: ##   0:00:00  Solver: yices
SBY 12:54:49 [/Users/Dilan/Projects/fabric-under-pressure/results/raw/write_state_bank/formal_bank_cover] engine_0: ##   0:00:00  Checking cover reachability in step 0..
SBY 12:54:49 [/Users/Dilan/Projects/fabric-under-pressure/results/raw/write_state_bank/formal_bank_cover] engine_0: ##   0:00:00  Checking cover reachability in step 1..
SBY 12:54:49 [/Users/Dilan/Projects/fabric-under-pressure/results/raw/write_state_bank/formal_bank_cover] engine_0: ##   0:00:00  Reached cover statement in step 1 at axi_write_state_bank_formal: axi_write_state_bank_formal.sv:51.5-51.42 (_witness_.check_cover_axi_write_state_bank_formal_sv_51_39)
SBY 12:54:49 [/Users/Dilan/Projects/fabric-under-pressure/results/raw/write_state_bank/formal_bank_cover] engine_0: ##   0:00:00  Writing trace to VCD file: engine_0/trace0.vcd
SBY 12:54:49 [/Users/Dilan/Projects/fabric-under-pressure/results/raw/write_state_bank/formal_bank_cover] engine_0: ##   0:00:00  Writing trace to Verilog testbench: engine_0/trace0_tb.v
SBY 12:54:49 [/Users/Dilan/Projects/fabric-under-pressure/results/raw/write_state_bank/formal_bank_cover] engine_0: ##   0:00:00  Writing trace to constraints file: engine_0/trace0.smtc
SBY 12:54:49 [/Users/Dilan/Projects/fabric-under-pressure/results/raw/write_state_bank/formal_bank_cover] engine_0: ##   0:00:00  Writing trace to Yosys witness file: engine_0/trace0.yw
SBY 12:54:49 [/Users/Dilan/Projects/fabric-under-pressure/results/raw/write_state_bank/formal_bank_cover] engine_0: ##   0:00:00  Checking cover reachability in step 1..
SBY 12:54:49 [/Users/Dilan/Projects/fabric-under-pressure/results/raw/write_state_bank/formal_bank_cover] engine_0: ##   0:00:00  Checking cover reachability in step 2..
SBY 12:54:49 [/Users/Dilan/Projects/fabric-under-pressure/results/raw/write_state_bank/formal_bank_cover] engine_0: ##   0:00:00  Checking cover reachability in step 3..
SBY 12:54:49 [/Users/Dilan/Projects/fabric-under-pressure/results/raw/write_state_bank/formal_bank_cover] engine_0: ##   0:00:00  Reached cover statement in step 3 at axi_write_state_bank_formal: axi_write_state_bank_formal.sv:56.5-56.52 (_witness_.check_cover_axi_write_state_bank_formal_sv_56_55)
SBY 12:54:49 [/Users/Dilan/Projects/fabric-under-pressure/results/raw/write_state_bank/formal_bank_cover] engine_0: ##   0:00:00  Writing trace to VCD file: engine_0/trace1.vcd
SBY 12:54:49 [/Users/Dilan/Projects/fabric-under-pressure/results/raw/write_state_bank/formal_bank_cover] engine_0: ##   0:00:00  Writing trace to Verilog testbench: engine_0/trace1_tb.v
SBY 12:54:49 [/Users/Dilan/Projects/fabric-under-pressure/results/raw/write_state_bank/formal_bank_cover] engine_0: ##   0:00:00  Writing trace to constraints file: engine_0/trace1.smtc
SBY 12:54:49 [/Users/Dilan/Projects/fabric-under-pressure/results/raw/write_state_bank/formal_bank_cover] engine_0: ##   0:00:00  Writing trace to Yosys witness file: engine_0/trace1.yw
SBY 12:54:49 [/Users/Dilan/Projects/fabric-under-pressure/results/raw/write_state_bank/formal_bank_cover] engine_0: ##   0:00:00  Checking cover reachability in step 3..
SBY 12:54:49 [/Users/Dilan/Projects/fabric-under-pressure/results/raw/write_state_bank/formal_bank_cover] engine_0: ##   0:00:00  Reached cover statement in step 3 at axi_write_state_bank_formal: axi_write_state_bank_formal.sv:62.5-63.40 (_witness_.check_cover_axi_write_state_bank_formal_sv_62_75)
SBY 12:54:49 [/Users/Dilan/Projects/fabric-under-pressure/results/raw/write_state_bank/formal_bank_cover] engine_0: ##   0:00:00  Writing trace to VCD file: engine_0/trace2.vcd
SBY 12:54:49 [/Users/Dilan/Projects/fabric-under-pressure/results/raw/write_state_bank/formal_bank_cover] engine_0: ##   0:00:00  Writing trace to Verilog testbench: engine_0/trace2_tb.v
SBY 12:54:49 [/Users/Dilan/Projects/fabric-under-pressure/results/raw/write_state_bank/formal_bank_cover] engine_0: ##   0:00:00  Writing trace to constraints file: engine_0/trace2.smtc
SBY 12:54:49 [/Users/Dilan/Projects/fabric-under-pressure/results/raw/write_state_bank/formal_bank_cover] engine_0: ##   0:00:00  Writing trace to Yosys witness file: engine_0/trace2.yw
SBY 12:54:49 [/Users/Dilan/Projects/fabric-under-pressure/results/raw/write_state_bank/formal_bank_cover] engine_0: ##   0:00:00  Checking cover reachability in step 3..
SBY 12:54:49 [/Users/Dilan/Projects/fabric-under-pressure/results/raw/write_state_bank/formal_bank_cover] engine_0: ##   0:00:00  Checking cover reachability in step 4..
SBY 12:54:49 [/Users/Dilan/Projects/fabric-under-pressure/results/raw/write_state_bank/formal_bank_cover] engine_0: ##   0:00:00  Reached cover statement in step 4 at axi_write_state_bank_formal: axi_write_state_bank_formal.sv:52.5-52.52 (_witness_.check_cover_axi_write_state_bank_formal_sv_52_43)
SBY 12:54:49 [/Users/Dilan/Projects/fabric-under-pressure/results/raw/write_state_bank/formal_bank_cover] engine_0: ##   0:00:00  Reached cover statement in step 4 at axi_write_state_bank_formal: axi_write_state_bank_formal.sv:57.5-57.63 (_witness_.check_cover_axi_write_state_bank_formal_sv_57_57)
SBY 12:54:49 [/Users/Dilan/Projects/fabric-under-pressure/results/raw/write_state_bank/formal_bank_cover] engine_0: ##   0:00:00  Writing trace to VCD file: engine_0/trace3.vcd
SBY 12:54:49 [/Users/Dilan/Projects/fabric-under-pressure/results/raw/write_state_bank/formal_bank_cover] engine_0: ##   0:00:00  Writing trace to Verilog testbench: engine_0/trace3_tb.v
SBY 12:54:49 [/Users/Dilan/Projects/fabric-under-pressure/results/raw/write_state_bank/formal_bank_cover] engine_0: ##   0:00:00  Writing trace to constraints file: engine_0/trace3.smtc
SBY 12:54:49 [/Users/Dilan/Projects/fabric-under-pressure/results/raw/write_state_bank/formal_bank_cover] engine_0: ##   0:00:00  Writing trace to Yosys witness file: engine_0/trace3.yw
SBY 12:54:49 [/Users/Dilan/Projects/fabric-under-pressure/results/raw/write_state_bank/formal_bank_cover] engine_0: ##   0:00:00  Checking cover reachability in step 4..
SBY 12:54:49 [/Users/Dilan/Projects/fabric-under-pressure/results/raw/write_state_bank/formal_bank_cover] engine_0: ##   0:00:00  Reached cover statement in step 4 at axi_write_state_bank_formal: axi_write_state_bank_formal.sv:59.5-59.63 (_witness_.check_cover_axi_write_state_bank_formal_sv_59_66)
SBY 12:54:49 [/Users/Dilan/Projects/fabric-under-pressure/results/raw/write_state_bank/formal_bank_cover] engine_0: ##   0:00:00  Writing trace to VCD file: engine_0/trace4.vcd
SBY 12:54:49 [/Users/Dilan/Projects/fabric-under-pressure/results/raw/write_state_bank/formal_bank_cover] engine_0: ##   0:00:00  Writing trace to Verilog testbench: engine_0/trace4_tb.v
SBY 12:54:49 [/Users/Dilan/Projects/fabric-under-pressure/results/raw/write_state_bank/formal_bank_cover] engine_0: ##   0:00:00  Writing trace to constraints file: engine_0/trace4.smtc
SBY 12:54:49 [/Users/Dilan/Projects/fabric-under-pressure/results/raw/write_state_bank/formal_bank_cover] engine_0: ##   0:00:00  Writing trace to Yosys witness file: engine_0/trace4.yw
SBY 12:54:49 [/Users/Dilan/Projects/fabric-under-pressure/results/raw/write_state_bank/formal_bank_cover] engine_0: ##   0:00:00  Checking cover reachability in step 4..
SBY 12:54:49 [/Users/Dilan/Projects/fabric-under-pressure/results/raw/write_state_bank/formal_bank_cover] engine_0: ##   0:00:00  Checking cover reachability in step 5..
SBY 12:54:49 [/Users/Dilan/Projects/fabric-under-pressure/results/raw/write_state_bank/formal_bank_cover] engine_0: ##   0:00:00  Reached cover statement in step 5 at axi_write_state_bank_formal: axi_write_state_bank_formal.sv:60.5-61.41 (_witness_.check_cover_axi_write_state_bank_formal_sv_60_69)
SBY 12:54:49 [/Users/Dilan/Projects/fabric-under-pressure/results/raw/write_state_bank/formal_bank_cover] engine_0: ##   0:00:00  Writing trace to VCD file: engine_0/trace5.vcd
SBY 12:54:50 [/Users/Dilan/Projects/fabric-under-pressure/results/raw/write_state_bank/formal_bank_cover] engine_0: ##   0:00:00  Writing trace to Verilog testbench: engine_0/trace5_tb.v
SBY 12:54:50 [/Users/Dilan/Projects/fabric-under-pressure/results/raw/write_state_bank/formal_bank_cover] engine_0: ##   0:00:00  Writing trace to constraints file: engine_0/trace5.smtc
SBY 12:54:50 [/Users/Dilan/Projects/fabric-under-pressure/results/raw/write_state_bank/formal_bank_cover] engine_0: ##   0:00:00  Writing trace to Yosys witness file: engine_0/trace5.yw
SBY 12:54:50 [/Users/Dilan/Projects/fabric-under-pressure/results/raw/write_state_bank/formal_bank_cover] engine_0: ##   0:00:00  Checking cover reachability in step 5..
SBY 12:54:50 [/Users/Dilan/Projects/fabric-under-pressure/results/raw/write_state_bank/formal_bank_cover] engine_0: ##   0:00:00  Checking cover reachability in step 6..
SBY 12:54:50 [/Users/Dilan/Projects/fabric-under-pressure/results/raw/write_state_bank/formal_bank_cover] engine_0: ##   0:00:00  Reached cover statement in step 6 at axi_write_state_bank_formal: axi_write_state_bank_formal.sv:53.5-53.52 (_witness_.check_cover_axi_write_state_bank_formal_sv_53_46)
SBY 12:54:50 [/Users/Dilan/Projects/fabric-under-pressure/results/raw/write_state_bank/formal_bank_cover] engine_0: ##   0:00:00  Writing trace to VCD file: engine_0/trace6.vcd
SBY 12:54:50 [/Users/Dilan/Projects/fabric-under-pressure/results/raw/write_state_bank/formal_bank_cover] engine_0: ##   0:00:01  Writing trace to Verilog testbench: engine_0/trace6_tb.v
SBY 12:54:50 [/Users/Dilan/Projects/fabric-under-pressure/results/raw/write_state_bank/formal_bank_cover] engine_0: ##   0:00:01  Writing trace to constraints file: engine_0/trace6.smtc
SBY 12:54:50 [/Users/Dilan/Projects/fabric-under-pressure/results/raw/write_state_bank/formal_bank_cover] engine_0: ##   0:00:01  Writing trace to Yosys witness file: engine_0/trace6.yw
SBY 12:54:50 [/Users/Dilan/Projects/fabric-under-pressure/results/raw/write_state_bank/formal_bank_cover] engine_0: ##   0:00:01  Checking cover reachability in step 6..
SBY 12:54:50 [/Users/Dilan/Projects/fabric-under-pressure/results/raw/write_state_bank/formal_bank_cover] engine_0: ##   0:00:01  Checking cover reachability in step 7..
SBY 12:54:50 [/Users/Dilan/Projects/fabric-under-pressure/results/raw/write_state_bank/formal_bank_cover] engine_0: ##   0:00:01  Checking cover reachability in step 8..
SBY 12:54:50 [/Users/Dilan/Projects/fabric-under-pressure/results/raw/write_state_bank/formal_bank_cover] engine_0: ##   0:00:01  Reached cover statement in step 8 at axi_write_state_bank_formal: axi_write_state_bank_formal.sv:54.5-54.52 (_witness_.check_cover_axi_write_state_bank_formal_sv_54_49)
SBY 12:54:50 [/Users/Dilan/Projects/fabric-under-pressure/results/raw/write_state_bank/formal_bank_cover] engine_0: ##   0:00:01  Writing trace to VCD file: engine_0/trace7.vcd
SBY 12:54:50 [/Users/Dilan/Projects/fabric-under-pressure/results/raw/write_state_bank/formal_bank_cover] engine_0: ##   0:00:01  Writing trace to Verilog testbench: engine_0/trace7_tb.v
SBY 12:54:50 [/Users/Dilan/Projects/fabric-under-pressure/results/raw/write_state_bank/formal_bank_cover] engine_0: ##   0:00:01  Writing trace to constraints file: engine_0/trace7.smtc
SBY 12:54:50 [/Users/Dilan/Projects/fabric-under-pressure/results/raw/write_state_bank/formal_bank_cover] engine_0: ##   0:00:01  Writing trace to Yosys witness file: engine_0/trace7.yw
SBY 12:54:50 [/Users/Dilan/Projects/fabric-under-pressure/results/raw/write_state_bank/formal_bank_cover] engine_0: ##   0:00:01  Checking cover reachability in step 8..
SBY 12:54:50 [/Users/Dilan/Projects/fabric-under-pressure/results/raw/write_state_bank/formal_bank_cover] engine_0: ##   0:00:01  Checking cover reachability in step 9..
SBY 12:54:50 [/Users/Dilan/Projects/fabric-under-pressure/results/raw/write_state_bank/formal_bank_cover] engine_0: ##   0:00:01  Checking cover reachability in step 10..
SBY 12:54:50 [/Users/Dilan/Projects/fabric-under-pressure/results/raw/write_state_bank/formal_bank_cover] engine_0: ##   0:00:01  Reached cover statement in step 10 at axi_write_state_bank_formal: axi_write_state_bank_formal.sv:55.5-55.52 (_witness_.check_cover_axi_write_state_bank_formal_sv_55_52)
SBY 12:54:50 [/Users/Dilan/Projects/fabric-under-pressure/results/raw/write_state_bank/formal_bank_cover] engine_0: ##   0:00:01  Writing trace to VCD file: engine_0/trace8.vcd
SBY 12:54:50 [/Users/Dilan/Projects/fabric-under-pressure/results/raw/write_state_bank/formal_bank_cover] engine_0: ##   0:00:01  Writing trace to Verilog testbench: engine_0/trace8_tb.v
SBY 12:54:50 [/Users/Dilan/Projects/fabric-under-pressure/results/raw/write_state_bank/formal_bank_cover] engine_0: ##   0:00:01  Writing trace to constraints file: engine_0/trace8.smtc
SBY 12:54:50 [/Users/Dilan/Projects/fabric-under-pressure/results/raw/write_state_bank/formal_bank_cover] engine_0: ##   0:00:01  Writing trace to Yosys witness file: engine_0/trace8.yw
SBY 12:54:50 [/Users/Dilan/Projects/fabric-under-pressure/results/raw/write_state_bank/formal_bank_cover] engine_0: ##   0:00:01  Checking cover reachability in step 10..
SBY 12:54:50 [/Users/Dilan/Projects/fabric-under-pressure/results/raw/write_state_bank/formal_bank_cover] engine_0: ##   0:00:01  Checking cover reachability in step 11..
SBY 12:54:50 [/Users/Dilan/Projects/fabric-under-pressure/results/raw/write_state_bank/formal_bank_cover] engine_0: ##   0:00:01  Reached cover statement in step 11 at axi_write_state_bank_formal: axi_write_state_bank_formal.sv:58.5-58.72 (_witness_.check_cover_axi_write_state_bank_formal_sv_58_61)
SBY 12:54:50 [/Users/Dilan/Projects/fabric-under-pressure/results/raw/write_state_bank/formal_bank_cover] engine_0: ##   0:00:01  Writing trace to VCD file: engine_0/trace9.vcd
SBY 12:54:51 [/Users/Dilan/Projects/fabric-under-pressure/results/raw/write_state_bank/formal_bank_cover] engine_0: ##   0:00:01  Writing trace to Verilog testbench: engine_0/trace9_tb.v
SBY 12:54:51 [/Users/Dilan/Projects/fabric-under-pressure/results/raw/write_state_bank/formal_bank_cover] engine_0: ##   0:00:01  Writing trace to constraints file: engine_0/trace9.smtc
SBY 12:54:51 [/Users/Dilan/Projects/fabric-under-pressure/results/raw/write_state_bank/formal_bank_cover] engine_0: ##   0:00:01  Writing trace to Yosys witness file: engine_0/trace9.yw
SBY 12:54:51 [/Users/Dilan/Projects/fabric-under-pressure/results/raw/write_state_bank/formal_bank_cover] engine_0: ##   0:00:01  Status: passed
SBY 12:54:51 [/Users/Dilan/Projects/fabric-under-pressure/results/raw/write_state_bank/formal_bank_cover] engine_0: finished (returncode=0)
SBY 12:54:51 [/Users/Dilan/Projects/fabric-under-pressure/results/raw/write_state_bank/formal_bank_cover] engine_0: Status returned by engine: pass
SBY 12:54:51 [/Users/Dilan/Projects/fabric-under-pressure/results/raw/write_state_bank/formal_bank_cover] summary: Elapsed clock time [H:MM:SS (secs)]: 0:00:02 (2)
SBY 12:54:51 [/Users/Dilan/Projects/fabric-under-pressure/results/raw/write_state_bank/formal_bank_cover] summary: Elapsed process time [H:MM:SS (secs)]: 0:00:02 (2)
SBY 12:54:51 [/Users/Dilan/Projects/fabric-under-pressure/results/raw/write_state_bank/formal_bank_cover] summary: engine_0 (smtbmc) returned pass
SBY 12:54:51 [/Users/Dilan/Projects/fabric-under-pressure/results/raw/write_state_bank/formal_bank_cover] summary: cover trace: /Users/Dilan/Projects/fabric-under-pressure/results/raw/write_state_bank/formal_bank_cover/engine_0/trace0.vcd
SBY 12:54:51 [/Users/Dilan/Projects/fabric-under-pressure/results/raw/write_state_bank/formal_bank_cover] summary:   reached cover statement axi_write_state_bank_formal._witness_.check_cover_axi_write_state_bank_formal_sv_51_39 at axi_write_state_bank_formal.sv:51.5-51.42 step 1
SBY 12:54:51 [/Users/Dilan/Projects/fabric-under-pressure/results/raw/write_state_bank/formal_bank_cover] summary: cover trace: /Users/Dilan/Projects/fabric-under-pressure/results/raw/write_state_bank/formal_bank_cover/engine_0/trace1.vcd
SBY 12:54:51 [/Users/Dilan/Projects/fabric-under-pressure/results/raw/write_state_bank/formal_bank_cover] summary:   reached cover statement axi_write_state_bank_formal._witness_.check_cover_axi_write_state_bank_formal_sv_56_55 at axi_write_state_bank_formal.sv:56.5-56.52 step 3
SBY 12:54:51 [/Users/Dilan/Projects/fabric-under-pressure/results/raw/write_state_bank/formal_bank_cover] summary: cover trace: /Users/Dilan/Projects/fabric-under-pressure/results/raw/write_state_bank/formal_bank_cover/engine_0/trace2.vcd
SBY 12:54:51 [/Users/Dilan/Projects/fabric-under-pressure/results/raw/write_state_bank/formal_bank_cover] summary:   reached cover statement axi_write_state_bank_formal._witness_.check_cover_axi_write_state_bank_formal_sv_62_75 at axi_write_state_bank_formal.sv:62.5-63.40 step 3
SBY 12:54:51 [/Users/Dilan/Projects/fabric-under-pressure/results/raw/write_state_bank/formal_bank_cover] summary: cover trace: /Users/Dilan/Projects/fabric-under-pressure/results/raw/write_state_bank/formal_bank_cover/engine_0/trace3.vcd
SBY 12:54:51 [/Users/Dilan/Projects/fabric-under-pressure/results/raw/write_state_bank/formal_bank_cover] summary:   reached cover statement axi_write_state_bank_formal._witness_.check_cover_axi_write_state_bank_formal_sv_52_43 at axi_write_state_bank_formal.sv:52.5-52.52 step 4
SBY 12:54:51 [/Users/Dilan/Projects/fabric-under-pressure/results/raw/write_state_bank/formal_bank_cover] summary:   reached cover statement axi_write_state_bank_formal._witness_.check_cover_axi_write_state_bank_formal_sv_57_57 at axi_write_state_bank_formal.sv:57.5-57.63 step 4
SBY 12:54:51 [/Users/Dilan/Projects/fabric-under-pressure/results/raw/write_state_bank/formal_bank_cover] summary: cover trace: /Users/Dilan/Projects/fabric-under-pressure/results/raw/write_state_bank/formal_bank_cover/engine_0/trace4.vcd
SBY 12:54:51 [/Users/Dilan/Projects/fabric-under-pressure/results/raw/write_state_bank/formal_bank_cover] summary:   reached cover statement axi_write_state_bank_formal._witness_.check_cover_axi_write_state_bank_formal_sv_59_66 at axi_write_state_bank_formal.sv:59.5-59.63 step 4
SBY 12:54:51 [/Users/Dilan/Projects/fabric-under-pressure/results/raw/write_state_bank/formal_bank_cover] summary: and 5 further traces
SBY 12:54:51 [/Users/Dilan/Projects/fabric-under-pressure/results/raw/write_state_bank/formal_bank_cover] summary: see /Users/Dilan/Projects/fabric-under-pressure/results/raw/write_state_bank/formal_bank_cover/PASS for a complete summary
SBY 12:54:51 [/Users/Dilan/Projects/fabric-under-pressure/results/raw/write_state_bank/formal_bank_cover] DONE (PASS, rc=0)
