
-- Running command `read_verilog -sv /Users/Dilan/Projects/fabric-under-pressure/rtl/fabric_addr_map_pkg.sv /Users/Dilan/Projects/fabric-under-pressure/rtl/axi_address_decoder.sv; hierarchy -top axi_address_decoder; proc; check; stat' --

1. Executing Verilog-2005 frontend: /Users/Dilan/Projects/fabric-under-pressure/rtl/fabric_addr_map_pkg.sv
Parsing SystemVerilog input from `/Users/Dilan/Projects/fabric-under-pressure/rtl/fabric_addr_map_pkg.sv' to AST representation.
Successfully finished Verilog frontend.

2. Executing Verilog-2005 frontend: /Users/Dilan/Projects/fabric-under-pressure/rtl/axi_address_decoder.sv
Parsing SystemVerilog input from `/Users/Dilan/Projects/fabric-under-pressure/rtl/axi_address_decoder.sv' to AST representation.
Generating RTLIL representation for module `\axi_address_decoder'.
Successfully finished Verilog frontend.

3. Executing HIERARCHY pass (managing design hierarchy).

3.1. Analyzing design hierarchy..
Top module:  \axi_address_decoder

3.2. Analyzing design hierarchy..
Top module:  \axi_address_decoder
Removed 0 unused modules.

4. Executing PROC pass (convert processes to netlists).

4.1. Executing PROC_CLEAN pass (remove empty switches from decision trees).
Cleaned up 0 empty switches.

4.2. Executing PROC_RMDEAD pass (remove dead branches from decision trees).
Marked 3 switch rules as full_case in process $proc$/Users/Dilan/Projects/fabric-under-pressure/rtl/axi_address_decoder.sv:7$1 in module axi_address_decoder.
Removed a total of 0 dead cases.

4.3. Executing PROC_PRUNE pass (remove redundant assignments in processes).
Removed 0 redundant assignments.
Promoted 1 assignment to connection.

4.4. Executing PROC_INIT pass (extract init attributes).

4.5. Executing PROC_ARST pass (detect async resets in processes).

4.6. Executing PROC_ROM pass (convert switches to ROMs).
Converted 0 switches.
<suppressed ~3 debug messages>

4.7. Executing PROC_MUX pass (convert decision trees to multiplexers).
Creating decoders for process `\axi_address_decoder.$proc$/Users/Dilan/Projects/fabric-under-pressure/rtl/axi_address_decoder.sv:7$1'.
     1/3: $3\target_select[3:0]
     2/3: $2\target_select[3:0]
     3/3: $1\target_select[3:0]

4.8. Executing PROC_DLATCH pass (convert process syncs to latches).
No latch inferred for signal `\axi_address_decoder.\target_select' from process `\axi_address_decoder.$proc$/Users/Dilan/Projects/fabric-under-pressure/rtl/axi_address_decoder.sv:7$1'.

4.9. Executing PROC_DFF pass (convert process syncs to FFs).

4.10. Executing PROC_MEMWR pass (convert process memory writes to cells).

4.11. Executing PROC_CLEAN pass (remove empty switches from decision trees).
Found and cleaned up 3 empty switches in `\axi_address_decoder.$proc$/Users/Dilan/Projects/fabric-under-pressure/rtl/axi_address_decoder.sv:7$1'.
Removing empty process `axi_address_decoder.$proc$/Users/Dilan/Projects/fabric-under-pressure/rtl/axi_address_decoder.sv:7$1'.
Cleaned up 3 empty switches.

4.12. Executing OPT_EXPR pass (perform const folding).
Optimizing module axi_address_decoder.

5. Executing CHECK pass (checking for obvious problems).
Checking module axi_address_decoder...
Found and reported 0 problems.

6. Printing statistics.

=== axi_address_decoder ===

        +----------Local Count, excluding submodules.
        |
       27 wires
       91 wire bits
        2 public wires
       36 public wire bits
        2 ports
       36 port bits
       15 cells
        3   $ge
        3   $le
        3   $logic_and
        6   $mux

End of script. Logfile hash: 9d71e29c3b, time: 0.02s, user: 0.01s, system: 0.02s, MEM: 12.89 MB peak
Yosys 0.69+75 (git sha1 f0b945f63-dirty, Release, Clang /usr/local/osxcross/target/bin/aarch64-apple-darwin25.5-clang++ 21.1.8)
Time spent: 51% 3x read_verilog (0 sec), 9% 1x opt_expr (0 sec), ...
