G2 W-before-AW
G2 write capacity
G2 read capacity
G2 unsupported
G2 AW backpressure
G2 AR backpressure
G2 same-cycle AW/W
G2 B/R backpressure
G2 contention and parallel targets
contend awr=001 legal=111 match=111 allowed=111 own=000
parallel awr=111
G2 same visible ID across managers
G2 distinct-ID out-of-order completion
G2 target W stalls
G2 R locked-source gap
G2 reset partial traffic
PASS axi_fabric_a_tb checks=348
- tb/directed/axi_fabric_a_tb.sv:358: Verilog $finish
- S i m u l a t i o n   R e p o r t: Verilator 5.053 devel
- Verilator: $finish at 6ns; walltime 0.001 s; speed 6.790 us/s
- Verilator: cpu 0.001 s on 1 threads; allocated 2 MB
